test.py
[2022-02-05 17:58:10] - [index:      1] label: (139, 192) pred: (138, 194) delta(pixel): 2
[2022-02-05 17:58:10] - [index:      2] label: (127, 155) pred: (127, 157) delta(pixel): 2
[2022-02-05 17:58:10] - [index:      3] label: (139, 189) pred: (138, 191) delta(pixel): 3
[2022-02-05 17:58:10] - [index:      4] label: (65, 109) pred: (63, 110) delta(pixel): 2
[2022-02-05 17:58:10] - [index:      5] label: (116, 144) pred: (117, 146) delta(pixel): 2
[2022-02-05 17:58:10] - [index:      6] label: (134, 172) pred: (133, 173) delta(pixel): 1
[2022-02-05 17:58:10] - [index:      7] label: (129, 170) pred: (128, 171) delta(pixel): 2
[2022-02-05 17:58:10] - [index:      8] label: (97, 139) pred: (97, 140) delta(pixel): 2
[2022-02-05 17:58:10] - [index:      9] label: (108, 176) pred: (108, 178) delta(pixel): 2
[2022-02-05 17:58:10] - [index:     10] label: (127, 154) pred: (127, 156) delta(pixel): 2
[2022-02-05 17:58:10] - [index:     11] label: (126, 159) pred: (127, 160) delta(pixel): 1
[2022-02-05 17:58:10] - [index:     12] label: (95, 133) pred: (95, 135) delta(pixel): 2
[2022-02-05 17:58:10] - [index:     13] label: (143, 174) pred: (143, 176) delta(pixel): 2
[2022-02-05 17:58:10] - [index:     14] label: (169, 208) pred: (169, 208) delta(pixel): 0
[2022-02-05 17:58:10] - [index:     15] label: (103, 162) pred: (102, 164) delta(pixel): 2
[2022-02-05 17:58:10] - [index:     16] label: (117, 147) pred: (117, 148) delta(pixel): 1
[2022-02-05 17:58:10] - [index:     17] label: (112, 165) pred: (112, 168) delta(pixel): 2
[2022-02-05 17:58:10] - [index:     18] label: (90, 131) pred: (90, 132) delta(pixel): 1
[2022-02-05 17:58:10] - [index:     19] label: (123, 172) pred: (122, 174) delta(pixel): 2
[2022-02-05 17:58:10] - [index:     20] label: (89, 137) pred: (89, 139) delta(pixel): 2
[2022-02-05 17:58:10] - [index:     21] label: (119, 174) pred: (118, 177) delta(pixel): 3
[2022-02-05 17:58:10] - [index:     22] label: (119, 148) pred: (119, 149) delta(pixel): 0
[2022-02-05 17:58:10] - [index:     23] label: (136, 175) pred: (135, 175) delta(pixel): 1
[2022-02-05 17:58:10] - [index:     24] label: (158, 190) pred: (160, 193) delta(pixel): 4
[2022-02-05 17:58:10] - [index:     25] label: (111, 145) pred: (112, 148) delta(pixel): 2
[2022-02-05 17:58:10] - [index:     26] label: (150, 187) pred: (150, 189) delta(pixel): 2
[2022-02-05 17:58:10] - [index:     27] label: (144, 183) pred: (143, 185) delta(pixel): 2
[2022-02-05 17:58:10] - [index:     28] label: (87, 121) pred: (87, 124) delta(pixel): 2
[2022-02-05 17:58:10] - [index:     29] label: (85, 148) pred: (84, 149) delta(pixel): 2
[2022-02-05 17:58:10] - [index:     30] label: (124, 156) pred: (124, 157) delta(pixel): 1
[2022-02-05 17:58:10] - [index:     31] label: (91, 152) pred: (90, 155) delta(pixel): 4
[2022-02-05 17:58:10] - [index:     32] label: (71, 114) pred: (69, 115) delta(pixel): 2
[2022-02-05 17:58:10] - [index:     33] label: (132, 162) pred: (132, 163) delta(pixel): 1
[2022-02-05 17:58:10] - [index:     34] label: (133, 186) pred: (132, 188) delta(pixel): 2
[2022-02-05 17:58:10] - [index:     35] label: (133, 186) pred: (132, 188) delta(pixel): 2
[2022-02-05 17:58:10] - [index:     36] label: (108, 140) pred: (108, 142) delta(pixel): 1
[2022-02-05 17:58:10] - [index:     37] label: (123, 151) pred: (123, 152) delta(pixel): 1
[2022-02-05 17:58:10] - [index:     38] label: (143, 171) pred: (143, 173) delta(pixel): 2
[2022-02-05 17:58:10] - [index:     39] label: (142, 173) pred: (142, 174) delta(pixel): 2
[2022-02-05 17:58:10] - [index:     40] label: (121, 150) pred: (121, 151) delta(pixel): 1
[2022-02-05 17:58:10] - [index:     41] label: (169, 204) pred: (169, 205) delta(pixel): 1
[2022-02-05 17:58:10] - [index:     42] label: (54, 95) pred: (58, 100) delta(pixel): 8
[2022-02-05 17:58:10] - [index:     43] label: (101, 137) pred: (100, 139) delta(pixel): 2
[2022-02-05 17:58:10] - [index:     44] label: (116, 155) pred: (116, 156) delta(pixel): 1
[2022-02-05 17:58:10] - [index:     45] label: (140, 171) pred: (140, 173) delta(pixel): 1
[2022-02-05 17:58:10] - [index:     46] label: (77, 116) pred: (75, 117) delta(pixel): 3
[2022-02-05 17:58:10] - [index:     47] label: (135, 163) pred: (136, 164) delta(pixel): 1
[2022-02-05 17:58:10] - [index:     48] label: (128, 159) pred: (129, 160) delta(pixel): 1
[2022-02-05 17:58:10] - [index:     49] label: (79, 115) pred: (80, 117) delta(pixel): 2
[2022-02-05 17:58:10] - [index:     50] label: (105, 143) pred: (104, 145) delta(pixel): 2
[2022-02-05 17:58:10] - [index:     51] label: (135, 179) pred: (134, 181) delta(pixel): 2
[2022-02-05 17:58:10] - [index:     52] label: (134, 175) pred: (133, 177) delta(pixel): 2
[2022-02-05 17:58:10] - [index:     53] label: (145, 175) pred: (146, 177) delta(pixel): 1
[2022-02-05 17:58:10] - [index:     54] label: (161, 194) pred: (162, 197) delta(pixel): 4
[2022-02-05 17:58:10] - [index:     55] label: (134, 165) pred: (135, 167) delta(pixel): 2
[2022-02-05 17:58:10] - [index:     56] label: (118, 161) pred: (117, 161) delta(pixel): 1
[2022-02-05 17:58:10] - [index:     57] label: (158, 196) pred: (159, 196) delta(pixel): 1
[2022-02-05 17:58:10] - [index:     58] label: (137, 170) pred: (136, 170) delta(pixel): 1
[2022-02-05 17:58:10] - [index:     59] label: (67, 106) pred: (65, 107) delta(pixel): 3
[2022-02-05 17:58:10] - [index:     60] label: (144, 175) pred: (145, 177) delta(pixel): 1
[2022-02-05 17:58:10] - [index:     61] label: (169, 206) pred: (169, 207) delta(pixel): 0
[2022-02-05 17:58:10] - [index:     62] label: (128, 154) pred: (128, 155) delta(pixel): 1
[2022-02-05 17:58:10] - [index:     63] label: (137, 170) pred: (136, 170) delta(pixel): 1
[2022-02-05 17:58:10] - [index:     64] label: (139, 189) pred: (138, 191) delta(pixel): 3
[2022-02-05 17:58:10] - [index:     65] label: (153, 188) pred: (153, 190) delta(pixel): 2
[2022-02-05 17:58:10] - [index:     66] label: (152, 183) pred: (153, 185) delta(pixel): 3
[2022-02-05 17:58:10] - [index:     67] label: (127, 158) pred: (127, 159) delta(pixel): 1
[2022-02-05 17:58:10] - [index:     68] label: (163, 205) pred: (163, 206) delta(pixel): 0
[2022-02-05 17:58:10] - [index:     69] label: (158, 196) pred: (158, 198) delta(pixel): 2
[2022-02-05 17:58:10] - [index:     70] label: (132, 162) pred: (132, 163) delta(pixel): 1
[2022-02-05 17:58:10] - [index:     71] label: (128, 155) pred: (129, 156) delta(pixel): 1
[2022-02-05 17:58:10] - [index:     72] label: (145, 178) pred: (145, 180) delta(pixel): 1
[2022-02-05 17:58:10] - [index:     73] label: (126, 170) pred: (126, 171) delta(pixel): 1
[2022-02-05 17:58:10] - [index:     74] label: (147, 194) pred: (146, 195) delta(pixel): 2
[2022-02-05 17:58:10] - [index:     75] label: (130, 156) pred: (130, 157) delta(pixel): 1
[2022-02-05 17:58:10] - [index:     76] label: (108, 163) pred: (107, 164) delta(pixel): 2
[2022-02-05 17:58:10] - [index:     77] label: (75, 122) pred: (74, 124) delta(pixel): 3
[2022-02-05 17:58:10] - [index:     78] label: (149, 179) pred: (149, 181) delta(pixel): 2
[2022-02-05 17:58:10] - [index:     79] label: (149, 182) pred: (149, 185) delta(pixel): 2
[2022-02-05 17:58:10] - [index:     80] label: (126, 176) pred: (125, 178) delta(pixel): 2
[2022-02-05 17:58:10] - [index:     81] label: (91, 134) pred: (90, 135) delta(pixel): 2
[2022-02-05 17:58:10] - [index:     82] label: (65, 109) pred: (63, 110) delta(pixel): 2
[2022-02-05 17:58:10] - [index:     83] label: (114, 153) pred: (114, 155) delta(pixel): 1
[2022-02-05 17:58:10] - [index:     84] label: (120, 166) pred: (121, 168) delta(pixel): 2
[2022-02-05 17:58:10] - [index:     85] label: (135, 170) pred: (135, 171) delta(pixel): 1
[2022-02-05 17:58:10] - [index:     86] label: (117, 153) pred: (117, 154) delta(pixel): 1
[2022-02-05 17:58:10] - [index:     87] label: (152, 186) pred: (153, 188) delta(pixel): 2
[2022-02-05 17:58:10] - [index:     88] label: (124, 163) pred: (123, 164) delta(pixel): 1
[2022-02-05 17:58:10] - [index:     89] label: (166, 199) pred: (166, 202) delta(pixel): 3
[2022-02-05 17:58:10] - [index:     90] label: (140, 178) pred: (140, 179) delta(pixel): 1
[2022-02-05 17:58:10] - [index:     91] label: (135, 170) pred: (135, 172) delta(pixel): 1
[2022-02-05 17:58:10] - [index:     92] label: (148, 192) pred: (148, 193) delta(pixel): 1
[2022-02-05 17:58:10] - [index:     93] label: (164, 201) pred: (165, 203) delta(pixel): 2
[2022-02-05 17:58:10] - [index:     94] label: (117, 147) pred: (117, 149) delta(pixel): 1
[2022-02-05 17:58:10] - [index:     95] label: (126, 160) pred: (127, 161) delta(pixel): 1
[2022-02-05 17:58:10] - [index:     96] label: (101, 141) pred: (100, 143) delta(pixel): 2
[2022-02-05 17:58:10] - [index:     97] label: (79, 128) pred: (78, 129) delta(pixel): 2
[2022-02-05 17:58:10] - [index:     98] label: (133, 186) pred: (132, 188) delta(pixel): 2
[2022-02-05 17:58:10] - [index:     99] label: (157, 192) pred: (158, 195) delta(pixel): 3
[2022-02-05 17:58:10] - [index:    100] label: (143, 179) pred: (143, 181) delta(pixel): 3
[2022-02-05 17:58:10] - [index:    101] label: (109, 143) pred: (109, 144) delta(pixel): 1
[2022-02-05 17:58:10] - [index:    102] label: (102, 137) pred: (100, 138) delta(pixel): 2
[2022-02-05 17:58:10] - [index:    103] label: (127, 153) pred: (127, 155) delta(pixel): 2
[2022-02-05 17:58:10] - [index:    104] label: (170, 203) pred: (170, 206) delta(pixel): 2
[2022-02-05 17:58:10] - [index:    105] label: (91, 134) pred: (90, 135) delta(pixel): 1
[2022-02-05 17:58:10] - [index:    106] label: (122, 177) pred: (123, 179) delta(pixel): 2
[2022-02-05 17:58:10] - [index:    107] label: (87, 128) pred: (86, 130) delta(pixel): 2
[2022-02-05 17:58:10] - [index:    108] label: (85, 123) pred: (84, 125) delta(pixel): 2
[2022-02-05 17:58:10] - [index:    109] label: (138, 183) pred: (137, 185) delta(pixel): 2
[2022-02-05 17:58:10] - [index:    110] label: (93, 126) pred: (93, 128) delta(pixel): 2
[2022-02-05 17:58:10] - [index:    111] label: (137, 181) pred: (137, 183) delta(pixel): 2
[2022-02-05 17:58:10] - [index:    112] label: (109, 147) pred: (109, 149) delta(pixel): 2
[2022-02-05 17:58:10] - [index:    113] label: (129, 184) pred: (129, 186) delta(pixel): 2
[2022-02-05 17:58:10] - [index:    114] label: (92, 141) pred: (91, 142) delta(pixel): 2
[2022-02-05 17:58:10] - [index:    115] label: (169, 204) pred: (169, 206) delta(pixel): 1
[2022-02-05 17:58:10] - [index:    116] label: (116, 156) pred: (115, 157) delta(pixel): 1
[2022-02-05 17:58:10] - [index:    117] label: (133, 168) pred: (133, 170) delta(pixel): 1
[2022-02-05 17:58:10] - [index:    118] label: (81, 132) pred: (80, 134) delta(pixel): 3
[2022-02-05 17:58:10] - [index:    119] label: (156, 187) pred: (156, 190) delta(pixel): 3
[2022-02-05 17:58:10] - [index:    120] label: (102, 145) pred: (100, 146) delta(pixel): 2
[2022-02-05 17:58:10] - [index:    121] label: (95, 143) pred: (95, 145) delta(pixel): 2
[2022-02-05 17:58:10] - [index:    122] label: (169, 203) pred: (169, 205) delta(pixel): 2
[2022-02-05 17:58:10] - [index:    123] label: (145, 174) pred: (145, 175) delta(pixel): 1
[2022-02-05 17:58:10] - [index:    124] label: (124, 163) pred: (124, 165) delta(pixel): 2
[2022-02-05 17:58:10] - [index:    125] label: (119, 148) pred: (120, 149) delta(pixel): 1
[2022-02-05 17:58:10] - [index:    126] label: (94, 128) pred: (93, 130) delta(pixel): 2
[2022-02-05 17:58:10] - [index:    127] label: (145, 188) pred: (145, 190) delta(pixel): 1
[2022-02-05 17:58:10] - [index:    128] label: (121, 150) pred: (122, 151) delta(pixel): 2
[2022-02-05 17:58:10] - [index:    129] label: (103, 155) pred: (103, 156) delta(pixel): 2
[2022-02-05 17:58:10] - [index:    130] label: (117, 162) pred: (117, 163) delta(pixel): 1
[2022-02-05 17:58:10] - [index:    131] label: (91, 128) pred: (91, 129) delta(pixel): 2
[2022-02-05 17:58:10] - [index:    132] label: (149, 179) pred: (149, 181) delta(pixel): 2
[2022-02-05 17:58:10] - [index:    133] label: (63, 110) pred: (62, 112) delta(pixel): 2
[2022-02-05 17:58:10] - [index:    134] label: (156, 190) pred: (157, 192) delta(pixel): 2
[2022-02-05 17:58:10] - [index:    135] label: (146, 175) pred: (147, 176) delta(pixel): 2
[2022-02-05 17:58:10] - [index:    136] label: (96, 155) pred: (95, 156) delta(pixel): 2
[2022-02-05 17:58:10] - [index:    137] label: (113, 154) pred: (114, 156) delta(pixel): 2
[2022-02-05 17:58:10] - [index:    138] label: (67, 106) pred: (66, 107) delta(pixel): 2
[2022-02-05 17:58:10] - [index:    139] label: (124, 156) pred: (124, 157) delta(pixel): 1
[2022-02-05 17:58:10] - [index:    140] label: (120, 168) pred: (120, 170) delta(pixel): 2
[2022-02-05 17:58:10] - [index:    141] label: (130, 156) pred: (130, 157) delta(pixel): 1
[2022-02-05 17:58:10] - [index:    142] label: (175, 210) pred: (174, 209) delta(pixel): 2
[2022-02-05 17:58:10] - [index:    143] label: (149, 181) pred: (149, 183) delta(pixel): 2
[2022-02-05 17:58:10] - [index:    144] label: (117, 153) pred: (117, 154) delta(pixel): 1
[2022-02-05 17:58:10] - [index:    145] label: (98, 142) pred: (98, 143) delta(pixel): 1
[2022-02-05 17:58:10] - [index:    146] label: (138, 175) pred: (138, 174) delta(pixel): 0
[2022-02-05 17:58:10] - [index:    147] label: (135, 162) pred: (136, 163) delta(pixel): 1
[2022-02-05 17:58:10] - [index:    148] label: (126, 170) pred: (125, 171) delta(pixel): 1
[2022-02-05 17:58:10] - [index:    149] label: (137, 181) pred: (137, 183) delta(pixel): 2
[2022-02-05 17:58:10] - [index:    150] label: (112, 145) pred: (111, 145) delta(pixel): 1
[2022-02-05 17:58:10] - [index:    151] label: (114, 146) pred: (115, 147) delta(pixel): 1
[2022-02-05 17:58:10] - [index:    152] label: (58, 101) pred: (58, 102) delta(pixel): 1
[2022-02-05 17:58:10] - [index:    153] label: (131, 172) pred: (131, 173) delta(pixel): 2
[2022-02-05 17:58:10] - [index:    154] label: (96, 139) pred: (96, 141) delta(pixel): 2
[2022-02-05 17:58:10] - [index:    155] label: (112, 149) pred: (112, 152) delta(pixel): 2
[2022-02-05 17:58:10] - [index:    156] label: (119, 149) pred: (119, 150) delta(pixel): 0
[2022-02-05 17:58:10] - [index:    157] label: (155, 196) pred: (155, 198) delta(pixel): 2
[2022-02-05 17:58:10] - [index:    158] label: (69, 108) pred: (67, 109) delta(pixel): 2
[2022-02-05 17:58:10] - [index:    159] label: (129, 184) pred: (129, 186) delta(pixel): 2
[2022-02-05 17:58:10] - [index:    160] label: (116, 155) pred: (116, 157) delta(pixel): 1
[2022-02-05 17:58:10] - [index:    161] label: (112, 141) pred: (112, 143) delta(pixel): 2
[2022-02-05 17:58:10] - [index:    162] label: (148, 179) pred: (148, 181) delta(pixel): 2
[2022-02-05 17:58:10] - [index:    163] label: (97, 130) pred: (97, 132) delta(pixel): 2
[2022-02-05 17:58:10] - [index:    164] label: (133, 160) pred: (134, 161) delta(pixel): 2
[2022-02-05 17:58:10] - [index:    165] label: (111, 146) pred: (110, 148) delta(pixel): 2
[2022-02-05 17:58:10] - [index:    166] label: (131, 166) pred: (130, 166) delta(pixel): 1
[2022-02-05 17:58:10] - [index:    167] label: (149, 182) pred: (150, 185) delta(pixel): 2
[2022-02-05 17:58:10] - [index:    168] label: (107, 150) pred: (106, 152) delta(pixel): 2
[2022-02-05 17:58:10] - [index:    169] label: (133, 167) pred: (132, 168) delta(pixel): 1
[2022-02-05 17:58:10] - [index:    170] label: (102, 150) pred: (101, 151) delta(pixel): 2
[2022-02-05 17:58:10] - [index:    171] label: (57, 99) pred: (57, 100) delta(pixel): 1
[2022-02-05 17:58:10] - [index:    172] label: (145, 186) pred: (144, 187) delta(pixel): 2
[2022-02-05 17:58:10] - [index:    173] label: (140, 174) pred: (139, 175) delta(pixel): 1
[2022-02-05 17:58:10] - [index:    174] label: (83, 135) pred: (82, 137) delta(pixel): 2
[2022-02-05 17:58:10] - [index:    175] label: (93, 128) pred: (92, 130) delta(pixel): 2
[2022-02-05 17:58:10] - [index:    176] label: (96, 148) pred: (96, 150) delta(pixel): 2
[2022-02-05 17:58:10] - [index:    177] label: (69, 107) pred: (69, 109) delta(pixel): 2
[2022-02-05 17:58:10] - [index:    178] label: (140, 183) pred: (140, 185) delta(pixel): 2
[2022-02-05 17:58:10] - [index:    179] label: (141, 174) pred: (141, 176) delta(pixel): 1
[2022-02-05 17:58:10] - [index:    180] label: (142, 182) pred: (142, 184) delta(pixel): 2
[2022-02-05 17:58:10] - [index:    181] label: (104, 136) pred: (104, 138) delta(pixel): 2
[2022-02-05 17:58:10] - [index:    182] label: (107, 150) pred: (107, 152) delta(pixel): 2
[2022-02-05 17:58:10] - [index:    183] label: (90, 146) pred: (89, 148) delta(pixel): 2
[2022-02-05 17:58:10] - [index:    184] label: (60, 100) pred: (59, 102) delta(pixel): 2
[2022-02-05 17:58:10] - [index:    185] label: (73, 122) pred: (72, 124) delta(pixel): 2
[2022-02-05 17:58:10] - [index:    186] label: (117, 153) pred: (117, 154) delta(pixel): 1
[2022-02-05 17:58:10] - [index:    187] label: (121, 149) pred: (122, 151) delta(pixel): 2
[2022-02-05 17:58:10] - [index:    188] label: (154, 193) pred: (154, 195) delta(pixel): 1
[2022-02-05 17:58:10] - [index:    189] label: (82, 117) pred: (82, 118) delta(pixel): 1
[2022-02-05 17:58:10] - [index:    190] label: (117, 166) pred: (116, 167) delta(pixel): 1
[2022-02-05 17:58:10] - [index:    191] label: (165, 198) pred: (165, 201) delta(pixel): 3
[2022-02-05 17:58:10] - [index:    192] label: (128, 155) pred: (129, 157) delta(pixel): 2
[2022-02-05 17:58:10] - [index:    193] label: (134, 165) pred: (134, 166) delta(pixel): 1
[2022-02-05 17:58:10] - [index:    194] label: (148, 197) pred: (147, 197) delta(pixel): 0
[2022-02-05 17:58:10] - [index:    195] label: (65, 113) pred: (64, 114) delta(pixel): 2
[2022-02-05 17:58:10] - [index:    196] label: (115, 150) pred: (115, 152) delta(pixel): 2
[2022-02-05 17:58:10] - [index:    197] label: (172, 210) pred: (172, 210) delta(pixel): 1
[2022-02-05 17:58:10] - [index:    198] label: (127, 152) pred: (128, 154) delta(pixel): 2
[2022-02-05 17:58:10] - [index:    199] label: (139, 173) pred: (139, 174) delta(pixel): 1
[2022-02-05 17:58:10] - [index:    200] label: (79, 125) pred: (79, 127) delta(pixel): 2
[2022-02-05 17:58:10] - [index:    201] label: (92, 126) pred: (92, 128) delta(pixel): 2
[2022-02-05 17:58:10] - [index:    202] label: (130, 157) pred: (130, 158) delta(pixel): 1
[2022-02-05 17:58:11] - [index:    203] label: (148, 179) pred: (148, 181) delta(pixel): 1
[2022-02-05 17:58:11] - [index:    204] label: (103, 149) pred: (102, 150) delta(pixel): 1
[2022-02-05 17:58:11] - [index:    205] label: (132, 162) pred: (133, 164) delta(pixel): 1
[2022-02-05 17:58:11] - [index:    206] label: (87, 134) pred: (87, 135) delta(pixel): 1
[2022-02-05 17:58:11] - [index:    207] label: (129, 172) pred: (129, 173) delta(pixel): 1
[2022-02-05 17:58:11] - [index:    208] label: (107, 150) pred: (106, 151) delta(pixel): 1
[2022-02-05 17:58:11] - [index:    209] label: (161, 193) pred: (162, 195) delta(pixel): 2
[2022-02-05 17:58:11] - [index:    210] label: (153, 195) pred: (152, 196) delta(pixel): 1
[2022-02-05 17:58:11] - [index:    211] label: (138, 186) pred: (137, 188) delta(pixel): 2
[2022-02-05 17:58:11] - [index:    212] label: (106, 159) pred: (105, 160) delta(pixel): 1
[2022-02-05 17:58:11] - [index:    213] label: (125, 151) pred: (125, 152) delta(pixel): 1
[2022-02-05 17:58:11] - [index:    214] label: (130, 157) pred: (130, 158) delta(pixel): 1
[2022-02-05 17:58:11] - [index:    215] label: (110, 173) pred: (109, 175) delta(pixel): 3
[2022-02-05 17:58:11] - [index:    216] label: (126, 161) pred: (126, 162) delta(pixel): 1
[2022-02-05 17:58:11] - [index:    217] label: (169, 208) pred: (169, 208) delta(pixel): 0
[2022-02-05 17:58:11] - [index:    218] label: (160, 203) pred: (160, 204) delta(pixel): 0
[2022-02-05 17:58:11] - [index:    219] label: (126, 174) pred: (125, 176) delta(pixel): 2
[2022-02-05 17:58:11] - [index:    220] label: (155, 196) pred: (155, 198) delta(pixel): 1
[2022-02-05 17:58:11] - [index:    221] label: (118, 151) pred: (118, 152) delta(pixel): 1
[2022-02-05 17:58:11] - [index:    222] label: (131, 168) pred: (131, 170) delta(pixel): 1
[2022-02-05 17:58:11] - [index:    223] label: (78, 120) pred: (77, 122) delta(pixel): 2
[2022-02-05 17:58:11] - [index:    224] label: (139, 171) pred: (138, 173) delta(pixel): 2
[2022-02-05 17:58:11] - [index:    225] label: (137, 169) pred: (136, 169) delta(pixel): 0
[2022-02-05 17:58:11] - [index:    226] label: (110, 142) pred: (110, 144) delta(pixel): 2
[2022-02-05 17:58:11] - [index:    227] label: (125, 151) pred: (125, 152) delta(pixel): 1
[2022-02-05 17:58:11] - [index:    228] label: (54, 95) pred: (57, 99) delta(pixel): 6
[2022-02-05 17:58:11] - [index:    229] label: (145, 188) pred: (145, 190) delta(pixel): 2
[2022-02-05 17:58:11] - [index:    230] label: (67, 116) pred: (65, 117) delta(pixel): 2
[2022-02-05 17:58:11] - [index:    231] label: (143, 172) pred: (143, 174) delta(pixel): 1
[2022-02-05 17:58:11] - [index:    232] label: (129, 184) pred: (129, 185) delta(pixel): 1
[2022-02-05 17:58:11] - [index:    233] label: (92, 126) pred: (92, 127) delta(pixel): 1
[2022-02-05 17:58:11] - [index:    234] label: (110, 152) pred: (109, 154) delta(pixel): 2
[2022-02-05 17:58:11] - [index:    235] label: (160, 192) pred: (161, 195) delta(pixel): 4
[2022-02-05 17:58:11] - [index:    236] label: (136, 173) pred: (135, 173) delta(pixel): 1
[2022-02-05 17:58:11] - [index:    237] label: (166, 199) pred: (166, 201) delta(pixel): 2
[2022-02-05 17:58:11] - [index:    238] label: (144, 179) pred: (144, 181) delta(pixel): 1
[2022-02-05 17:58:11] - [index:    239] label: (163, 199) pred: (164, 201) delta(pixel): 3
[2022-02-05 17:58:11] - [index:    240] label: (106, 138) pred: (106, 140) delta(pixel): 2
[2022-02-05 17:58:11] - [index:    241] label: (106, 151) pred: (107, 153) delta(pixel): 2
[2022-02-05 17:58:11] - [index:    242] label: (108, 137) pred: (108, 139) delta(pixel): 1
[2022-02-05 17:58:11] - [index:    243] label: (161, 199) pred: (161, 201) delta(pixel): 2
[2022-02-05 17:58:11] - [index:    244] label: (78, 114) pred: (76, 117) delta(pixel): 3
[2022-02-05 17:58:11] - [index:    245] label: (145, 188) pred: (145, 189) delta(pixel): 1
[2022-02-05 17:58:11] - [index:    246] label: (132, 163) pred: (132, 165) delta(pixel): 1
[2022-02-05 17:58:11] - [index:    247] label: (74, 128) pred: (73, 131) delta(pixel): 3
[2022-02-05 17:58:11] - [index:    248] label: (136, 173) pred: (135, 174) delta(pixel): 1
[2022-02-05 17:58:11] - [index:    249] label: (154, 186) pred: (155, 188) delta(pixel): 1
[2022-02-05 17:58:11] - [index:    250] label: (126, 182) pred: (125, 184) delta(pixel): 2
[2022-02-05 17:58:11] - [index:    251] label: (92, 141) pred: (90, 142) delta(pixel): 2
[2022-02-05 17:58:11] - [index:    252] label: (122, 155) pred: (122, 156) delta(pixel): 1
[2022-02-05 17:58:11] - [index:    253] label: (135, 161) pred: (135, 163) delta(pixel): 1
[2022-02-05 17:58:11] - [index:    254] label: (108, 156) pred: (107, 157) delta(pixel): 1
[2022-02-05 17:58:11] - [index:    255] label: (82, 121) pred: (82, 122) delta(pixel): 1
[2022-02-05 17:58:11] - [index:    256] label: (154, 184) pred: (155, 187) delta(pixel): 3
[2022-02-05 17:58:11] - [index:    257] label: (103, 140) pred: (102, 142) delta(pixel): 2
[2022-02-05 17:58:11] - [index:    258] label: (128, 157) pred: (129, 158) delta(pixel): 1
[2022-02-05 17:58:11] - [index:    259] label: (114, 160) pred: (113, 161) delta(pixel): 1
[2022-02-05 17:58:11] - [index:    260] label: (155, 189) pred: (155, 191) delta(pixel): 3
[2022-02-05 17:58:11] - [index:    261] label: (106, 136) pred: (106, 137) delta(pixel): 1
[2022-02-05 17:58:11] - [index:    262] label: (134, 162) pred: (134, 163) delta(pixel): 2
[2022-02-05 17:58:11] - [index:    263] label: (108, 156) pred: (107, 157) delta(pixel): 2
[2022-02-05 17:58:11] - [index:    264] label: (144, 172) pred: (145, 173) delta(pixel): 1
[2022-02-05 17:58:11] - [index:    265] label: (121, 160) pred: (121, 162) delta(pixel): 1
[2022-02-05 17:58:11] - [index:    266] label: (138, 186) pred: (137, 187) delta(pixel): 2
[2022-02-05 17:58:11] - [index:    267] label: (138, 186) pred: (137, 187) delta(pixel): 2
[2022-02-05 17:58:11] - [index:    268] label: (83, 144) pred: (81, 147) delta(pixel): 4
[2022-02-05 17:58:11] - [index:    269] label: (125, 152) pred: (125, 154) delta(pixel): 1
[2022-02-05 17:58:11] - [index:    270] label: (91, 126) pred: (91, 127) delta(pixel): 1
[2022-02-05 17:58:11] - [index:    271] label: (103, 162) pred: (103, 164) delta(pixel): 2
[2022-02-05 17:58:11] - [index:    272] label: (95, 133) pred: (95, 135) delta(pixel): 2
[2022-02-05 17:58:11] - [index:    273] label: (131, 164) pred: (130, 165) delta(pixel): 1
[2022-02-05 17:58:11] - [index:    274] label: (130, 157) pred: (131, 158) delta(pixel): 2
[2022-02-05 17:58:11] - [index:    275] label: (124, 156) pred: (124, 157) delta(pixel): 0
[2022-02-05 17:58:11] - [index:    276] label: (151, 193) pred: (150, 195) delta(pixel): 2
[2022-02-05 17:58:11] - [index:    277] label: (149, 188) pred: (149, 190) delta(pixel): 2
[2022-02-05 17:58:11] - [index:    278] label: (167, 208) pred: (167, 207) delta(pixel): 0
[2022-02-05 17:58:11] - [index:    279] label: (147, 187) pred: (147, 189) delta(pixel): 1
[2022-02-05 17:58:11] - [index:    280] label: (114, 146) pred: (114, 148) delta(pixel): 2
[2022-02-05 17:58:11] - [index:    281] label: (100, 132) pred: (100, 133) delta(pixel): 1
[2022-02-05 17:58:11] - [index:    282] label: (91, 134) pred: (90, 135) delta(pixel): 1
[2022-02-05 17:58:11] - [index:    283] label: (147, 187) pred: (146, 189) delta(pixel): 1
[2022-02-05 17:58:11] - [index:    284] label: (114, 175) pred: (114, 177) delta(pixel): 2
[2022-02-05 17:58:11] - [index:    285] label: (179, 214) pred: (175, 209) delta(pixel): 8
[2022-02-05 17:58:11] - [index:    286] label: (70, 110) pred: (69, 112) delta(pixel): 2
[2022-02-05 17:58:11] - [index:    287] label: (113, 154) pred: (113, 156) delta(pixel): 1
[2022-02-05 17:58:11] - [index:    288] label: (93, 128) pred: (93, 130) delta(pixel): 2
[2022-02-05 17:58:11] - [index:    289] label: (112, 141) pred: (113, 142) delta(pixel): 2
[2022-02-05 17:58:11] - [index:    290] label: (93, 128) pred: (92, 129) delta(pixel): 2
[2022-02-05 17:58:11] - [index:    291] label: (80, 118) pred: (80, 120) delta(pixel): 1
[2022-02-05 17:58:11] - [index:    292] label: (119, 172) pred: (119, 174) delta(pixel): 2
[2022-02-05 17:58:11] - [index:    293] label: (132, 163) pred: (132, 165) delta(pixel): 1
[2022-02-05 17:58:11] - [index:    294] label: (157, 189) pred: (157, 192) delta(pixel): 3
[2022-02-05 17:58:11] - [index:    295] label: (104, 148) pred: (104, 150) delta(pixel): 2
[2022-02-05 17:58:11] - [index:    296] label: (126, 159) pred: (127, 160) delta(pixel): 1
[2022-02-05 17:58:11] - [index:    297] label: (121, 163) pred: (121, 164) delta(pixel): 1
[2022-02-05 17:58:11] - [index:    298] label: (131, 166) pred: (130, 166) delta(pixel): 1
[2022-02-05 17:58:11] - [index:    299] label: (126, 179) pred: (125, 181) delta(pixel): 2
[2022-02-05 17:58:11] - [index:    300] label: (141, 169) pred: (140, 170) delta(pixel): 1
[2022-02-05 17:58:11] - [index:    301] label: (135, 161) pred: (136, 163) delta(pixel): 2
[2022-02-05 17:58:11] - [index:    302] label: (134, 166) pred: (135, 167) delta(pixel): 1
[2022-02-05 17:58:11] - [index:    303] label: (143, 171) pred: (143, 173) delta(pixel): 1
[2022-02-05 17:58:11] - [index:    304] label: (68, 119) pred: (66, 120) delta(pixel): 3
[2022-02-05 17:58:11] - [index:    305] label: (116, 149) pred: (116, 150) delta(pixel): 1
[2022-02-05 17:58:11] - [index:    306] label: (109, 143) pred: (109, 144) delta(pixel): 1
[2022-02-05 17:58:11] - [index:    307] label: (111, 142) pred: (111, 143) delta(pixel): 1
[2022-02-05 17:58:11] - [index:    308] label: (98, 130) pred: (99, 132) delta(pixel): 2
[2022-02-05 17:58:11] - [index:    309] label: (119, 157) pred: (119, 159) delta(pixel): 2
[2022-02-05 17:58:11] - [index:    310] label: (76, 118) pred: (75, 119) delta(pixel): 2
[2022-02-05 17:58:11] - [index:    311] label: (136, 175) pred: (135, 176) delta(pixel): 2
[2022-02-05 17:58:11] - [index:    312] label: (120, 147) pred: (120, 148) delta(pixel): 2
[2022-02-05 17:58:11] - [index:    313] label: (112, 141) pred: (112, 142) delta(pixel): 1
[2022-02-05 17:58:11] - [index:    314] label: (98, 130) pred: (99, 132) delta(pixel): 2
[2022-02-05 17:58:11] - [index:    315] label: (131, 162) pred: (130, 163) delta(pixel): 1
[2022-02-05 17:58:11] - [index:    316] label: (114, 175) pred: (114, 177) delta(pixel): 2
[2022-02-05 17:58:11] - [index:    317] label: (99, 135) pred: (99, 137) delta(pixel): 1
[2022-02-05 17:58:11] - [index:    318] label: (113, 154) pred: (113, 156) delta(pixel): 1
[2022-02-05 17:58:11] - [index:    319] label: (149, 179) pred: (149, 181) delta(pixel): 2
[2022-02-05 17:58:11] - [index:    320] label: (98, 132) pred: (98, 134) delta(pixel): 2
[2022-02-05 17:58:11] - [index:    321] label: (156, 191) pred: (157, 193) delta(pixel): 3
[2022-02-05 17:58:11] - [index:    322] label: (83, 125) pred: (83, 127) delta(pixel): 2
[2022-02-05 17:58:11] - [index:    323] label: (65, 109) pred: (64, 109) delta(pixel): 2
[2022-02-05 17:58:11] - [index:    324] label: (111, 145) pred: (111, 148) delta(pixel): 2
[2022-02-05 17:58:11] - [index:    325] label: (109, 147) pred: (108, 149) delta(pixel): 2
[2022-02-05 17:58:11] - [index:    326] label: (116, 157) pred: (116, 159) delta(pixel): 1
[2022-02-05 17:58:11] - [index:    327] label: (78, 118) pred: (78, 119) delta(pixel): 2
[2022-02-05 17:58:11] - [index:    328] label: (68, 114) pred: (66, 115) delta(pixel): 3
[2022-02-05 17:58:11] - [index:    329] label: (129, 168) pred: (128, 169) delta(pixel): 1
[2022-02-05 17:58:11] - [index:    330] label: (78, 136) pred: (78, 138) delta(pixel): 3
[2022-02-05 17:58:11] - [index:    331] label: (126, 174) pred: (125, 176) delta(pixel): 2
[2022-02-05 17:58:11] - [index:    332] label: (168, 202) pred: (168, 204) delta(pixel): 2
[2022-02-05 17:58:11] - [index:    333] label: (163, 197) pred: (164, 200) delta(pixel): 3
[2022-02-05 17:58:11] - [index:    334] label: (98, 142) pred: (98, 143) delta(pixel): 1
[2022-02-05 17:58:11] - [index:    335] label: (172, 206) pred: (171, 208) delta(pixel): 2
[2022-02-05 17:58:11] - [index:    336] label: (60, 100) pred: (59, 101) delta(pixel): 2
[2022-02-05 17:58:11] - [index:    337] label: (163, 199) pred: (164, 201) delta(pixel): 3
[2022-02-05 17:58:11] - [index:    338] label: (121, 151) pred: (120, 152) delta(pixel): 1
[2022-02-05 17:58:11] - [index:    339] label: (144, 192) pred: (144, 194) delta(pixel): 1
[2022-02-05 17:58:11] - [index:    340] label: (155, 188) pred: (155, 190) delta(pixel): 2
[2022-02-05 17:58:11] - [index:    341] label: (118, 177) pred: (118, 180) delta(pixel): 2
[2022-02-05 17:58:11] - [index:    342] label: (90, 128) pred: (90, 130) delta(pixel): 1
[2022-02-05 17:58:11] - [index:    343] label: (88, 122) pred: (89, 124) delta(pixel): 3
[2022-02-05 17:58:11] - [index:    344] label: (113, 154) pred: (113, 156) delta(pixel): 1
[2022-02-05 17:58:11] - [index:    345] label: (130, 159) pred: (130, 160) delta(pixel): 1
[2022-02-05 17:58:11] - [index:    346] label: (96, 136) pred: (95, 137) delta(pixel): 2
[2022-02-05 17:58:11] - [index:    347] label: (133, 167) pred: (133, 168) delta(pixel): 1
[2022-02-05 17:58:11] - [index:    348] label: (117, 164) pred: (117, 165) delta(pixel): 1
[2022-02-05 17:58:11] - [index:    349] label: (146, 175) pred: (146, 176) delta(pixel): 1
[2022-02-05 17:58:11] - [index:    350] label: (64, 103) pred: (63, 104) delta(pixel): 1
[2022-02-05 17:58:11] - [index:    351] label: (82, 121) pred: (82, 122) delta(pixel): 1
[2022-02-05 17:58:11] - [index:    352] label: (67, 106) pred: (65, 107) delta(pixel): 2
[2022-02-05 17:58:11] - [index:    353] label: (114, 162) pred: (114, 163) delta(pixel): 1
[2022-02-05 17:58:11] - [index:    354] label: (122, 154) pred: (122, 155) delta(pixel): 1
[2022-02-05 17:58:11] - [index:    355] label: (90, 124) pred: (90, 126) delta(pixel): 2
[2022-02-05 17:58:11] - [index:    356] label: (126, 168) pred: (125, 169) delta(pixel): 1
[2022-02-05 17:58:11] - [index:    357] label: (153, 200) pred: (152, 200) delta(pixel): 1
[2022-02-05 17:58:11] - [index:    358] label: (72, 117) pred: (71, 118) delta(pixel): 2
[2022-02-05 17:58:11] - [index:    359] label: (113, 154) pred: (113, 155) delta(pixel): 1
[2022-02-05 17:58:11] - [index:    360] label: (126, 172) pred: (125, 173) delta(pixel): 1
[2022-02-05 17:58:11] - [index:    361] label: (88, 122) pred: (88, 123) delta(pixel): 2
[2022-02-05 17:58:11] - [index:    362] label: (107, 157) pred: (106, 159) delta(pixel): 2
[2022-02-05 17:58:11] - [index:    363] label: (154, 187) pred: (154, 189) delta(pixel): 2
[2022-02-05 17:58:11] - [index:    364] label: (110, 142) pred: (109, 143) delta(pixel): 1
[2022-02-05 17:58:11] - [index:    365] label: (109, 153) pred: (109, 155) delta(pixel): 2
[2022-02-05 17:58:11] - [index:    366] label: (91, 124) pred: (91, 125) delta(pixel): 1
[2022-02-05 17:58:11] - [index:    367] label: (69, 108) pred: (67, 109) delta(pixel): 2
[2022-02-05 17:58:11] - [index:    368] label: (149, 188) pred: (149, 191) delta(pixel): 2
[2022-02-05 17:58:11] - [index:    369] label: (129, 178) pred: (128, 180) delta(pixel): 2
[2022-02-05 17:58:11] - [index:    370] label: (97, 139) pred: (97, 140) delta(pixel): 1
[2022-02-05 17:58:11] - [index:    371] label: (148, 178) pred: (147, 180) delta(pixel): 2
[2022-02-05 17:58:11] - [index:    372] label: (65, 105) pred: (63, 106) delta(pixel): 2
[2022-02-05 17:58:11] - [index:    373] label: (174, 209) pred: (172, 209) delta(pixel): 1
[2022-02-05 17:58:11] - [index:    374] label: (118, 146) pred: (118, 148) delta(pixel): 1
[2022-02-05 17:58:11] - [index:    375] label: (113, 164) pred: (113, 166) delta(pixel): 2
[2022-02-05 17:58:11] - [index:    376] label: (155, 201) pred: (155, 202) delta(pixel): 1
[2022-02-05 17:58:11] - [index:    377] label: (80, 118) pred: (80, 120) delta(pixel): 1
[2022-02-05 17:58:11] - [index:    378] label: (99, 135) pred: (99, 137) delta(pixel): 1
[2022-02-05 17:58:11] - [index:    379] label: (124, 159) pred: (124, 161) delta(pixel): 1
[2022-02-05 17:58:11] - [index:    380] label: (93, 130) pred: (92, 132) delta(pixel): 2
[2022-02-05 17:58:11] - [index:    381] label: (124, 156) pred: (124, 157) delta(pixel): 1
[2022-02-05 17:58:11] - [index:    382] label: (108, 176) pred: (108, 178) delta(pixel): 2
[2022-02-05 17:58:11] - [index:    383] label: (112, 145) pred: (113, 147) delta(pixel): 3
[2022-02-05 17:58:11] - [index:    384] label: (146, 175) pred: (147, 176) delta(pixel): 1
[2022-02-05 17:58:11] - [index:    385] label: (137, 179) pred: (136, 180) delta(pixel): 1
[2022-02-05 17:58:11] - [index:    386] label: (126, 165) pred: (125, 165) delta(pixel): 1
[2022-02-05 17:58:11] - [index:    387] label: (106, 159) pred: (105, 160) delta(pixel): 2
[2022-02-05 17:58:11] - [index:    388] label: (114, 153) pred: (114, 155) delta(pixel): 2
[2022-02-05 17:58:11] - [index:    389] label: (125, 151) pred: (125, 152) delta(pixel): 0
[2022-02-05 17:58:11] - [index:    390] label: (82, 121) pred: (81, 122) delta(pixel): 1
[2022-02-05 17:58:11] - [index:    391] label: (155, 185) pred: (155, 187) delta(pixel): 1
[2022-02-05 17:58:11] - [index:    392] label: (147, 180) pred: (147, 181) delta(pixel): 2
[2022-02-05 17:58:11] - [index:    393] label: (82, 123) pred: (81, 125) delta(pixel): 2
[2022-02-05 17:58:11] - [index:    394] label: (145, 183) pred: (145, 184) delta(pixel): 1
[2022-02-05 17:58:11] - [index:    395] label: (127, 156) pred: (127, 157) delta(pixel): 1
[2022-02-05 17:58:11] - [index:    396] label: (126, 172) pred: (125, 173) delta(pixel): 1
[2022-02-05 17:58:11] - [index:    397] label: (139, 189) pred: (138, 191) delta(pixel): 3
[2022-02-05 17:58:11] - [index:    398] label: (112, 145) pred: (113, 147) delta(pixel): 2
[2022-02-05 17:58:11] - [index:    399] label: (142, 170) pred: (142, 172) delta(pixel): 2
[2022-02-05 17:58:11] - [index:    400] label: (92, 145) pred: (91, 147) delta(pixel): 2
[2022-02-05 17:58:11] - [index:    401] label: (65, 105) pred: (63, 105) delta(pixel): 1
[2022-02-05 17:58:11] - [index:    402] label: (152, 189) pred: (152, 190) delta(pixel): 1
[2022-02-05 17:58:11] - [index:    403] label: (109, 148) pred: (108, 150) delta(pixel): 1
[2022-02-05 17:58:11] - [index:    404] label: (176, 210) pred: (175, 209) delta(pixel): 2
[2022-02-05 17:58:11] - [index:    405] label: (134, 172) pred: (133, 173) delta(pixel): 1
[2022-02-05 17:58:11] - [index:    406] label: (137, 179) pred: (136, 180) delta(pixel): 1
[2022-02-05 17:58:11] - [index:    407] label: (87, 131) pred: (86, 132) delta(pixel): 1
[2022-02-05 17:58:11] - [index:    408] label: (103, 137) pred: (102, 139) delta(pixel): 2
[2022-02-05 17:58:11] - [index:    409] label: (121, 150) pred: (121, 150) delta(pixel): 0
[2022-02-05 17:58:11] - [index:    410] label: (164, 201) pred: (165, 204) delta(pixel): 2
[2022-02-05 17:58:11] - [index:    411] label: (131, 168) pred: (131, 169) delta(pixel): 0
[2022-02-05 17:58:11] - [index:    412] label: (139, 189) pred: (138, 191) delta(pixel): 3
[2022-02-05 17:58:11] - [index:    413] label: (67, 106) pred: (66, 107) delta(pixel): 2
[2022-02-05 17:58:11] - [index:    414] label: (129, 164) pred: (128, 165) delta(pixel): 1
[2022-02-05 17:58:11] - [index:    415] label: (136, 165) pred: (136, 167) delta(pixel): 1
[2022-02-05 17:58:11] - [index:    416] label: (111, 150) pred: (111, 152) delta(pixel): 2
[2022-02-05 17:58:11] - [index:    417] label: (82, 119) pred: (82, 120) delta(pixel): 1
[2022-02-05 17:58:11] - [index:    418] label: (103, 155) pred: (102, 156) delta(pixel): 2
[2022-02-05 17:58:11] - [index:    419] label: (175, 210) pred: (174, 208) delta(pixel): 2
[2022-02-05 17:58:11] - [index:    420] label: (65, 109) pred: (63, 110) delta(pixel): 2
[2022-02-05 17:58:11] - [index:    421] label: (111, 151) pred: (110, 153) delta(pixel): 2
[2022-02-05 17:58:11] - [index:    422] label: (131, 170) pred: (131, 171) delta(pixel): 2
[2022-02-05 17:58:11] - [index:    423] label: (100, 151) pred: (99, 152) delta(pixel): 2
[2022-02-05 17:58:11] - [index:    424] label: (103, 140) pred: (102, 142) delta(pixel): 2
[2022-02-05 17:58:11] - [index:    425] label: (78, 120) pred: (77, 122) delta(pixel): 2
[2022-02-05 17:58:11] - [index:    426] label: (162, 195) pred: (163, 198) delta(pixel): 3
[2022-02-05 17:58:11] - [index:    427] label: (114, 175) pred: (114, 177) delta(pixel): 2
[2022-02-05 17:58:11] - [index:    428] label: (115, 145) pred: (115, 146) delta(pixel): 1
[2022-02-05 17:58:11] - [index:    429] label: (79, 115) pred: (80, 117) delta(pixel): 2
[2022-02-05 17:58:11] - [index:    430] label: (84, 121) pred: (83, 123) delta(pixel): 1
[2022-02-05 17:58:11] - [index:    431] label: (128, 157) pred: (129, 158) delta(pixel): 1
[2022-02-05 17:58:11] - [index:    432] label: (160, 192) pred: (161, 195) delta(pixel): 4
[2022-02-05 17:58:11] - [index:    433] label: (126, 174) pred: (125, 176) delta(pixel): 2
[2022-02-05 17:58:11] - [index:    434] label: (167, 205) pred: (167, 206) delta(pixel): 0
[2022-02-05 17:58:12] - [index:    435] label: (126, 176) pred: (125, 177) delta(pixel): 2
[2022-02-05 17:58:12] - [index:    436] label: (102, 156) pred: (100, 158) delta(pixel): 3
[2022-02-05 17:58:12] - [index:    437] label: (166, 204) pred: (165, 206) delta(pixel): 1
[2022-02-05 17:58:12] - [index:    438] label: (108, 144) pred: (108, 145) delta(pixel): 1
[2022-02-05 17:58:12] - [index:    439] label: (88, 124) pred: (89, 127) delta(pixel): 3
[2022-02-05 17:58:12] - [index:    440] label: (133, 165) pred: (132, 166) delta(pixel): 1
[2022-02-05 17:58:12] - [index:    441] label: (101, 141) pred: (100, 143) delta(pixel): 2
[2022-02-05 17:58:12] - [index:    442] label: (116, 150) pred: (115, 151) delta(pixel): 1
[2022-02-05 17:58:12] - [index:    443] label: (114, 147) pred: (112, 148) delta(pixel): 2
[2022-02-05 17:58:12] - [index:    444] label: (108, 144) pred: (107, 145) delta(pixel): 1
[2022-02-05 17:58:12] - [index:    445] label: (128, 154) pred: (129, 155) delta(pixel): 2
[2022-02-05 17:58:12] - [index:    446] label: (141, 174) pred: (141, 175) delta(pixel): 1
[2022-02-05 17:58:12] - [index:    447] label: (162, 196) pred: (163, 199) delta(pixel): 3
[2022-02-05 17:58:12] - [index:    448] label: (155, 196) pred: (156, 198) delta(pixel): 2
[2022-02-05 17:58:12] - [index:    449] label: (128, 159) pred: (129, 159) delta(pixel): 0
[2022-02-05 17:58:12] - [index:    450] label: (92, 126) pred: (92, 127) delta(pixel): 2
[2022-02-05 17:58:12] - [index:    451] label: (87, 128) pred: (87, 130) delta(pixel): 2
[2022-02-05 17:58:12] - [index:    452] label: (134, 175) pred: (134, 176) delta(pixel): 1
[2022-02-05 17:58:12] - [index:    453] label: (71, 109) pred: (71, 112) delta(pixel): 3
[2022-02-05 17:58:12] - [index:    454] label: (137, 179) pred: (136, 180) delta(pixel): 1
[2022-02-05 17:58:12] - [index:    455] label: (84, 121) pred: (83, 122) delta(pixel): 2
[2022-02-05 17:58:12] - [index:    456] label: (105, 142) pred: (105, 144) delta(pixel): 2
[2022-02-05 17:58:12] - [index:    457] label: (108, 176) pred: (108, 177) delta(pixel): 2
[2022-02-05 17:58:12] - [index:    458] label: (134, 177) pred: (134, 178) delta(pixel): 1
[2022-02-05 17:58:12] - [index:    459] label: (155, 185) pred: (155, 187) delta(pixel): 2
[2022-02-05 17:58:12] - [index:    460] label: (162, 200) pred: (163, 202) delta(pixel): 2
[2022-02-05 17:58:12] - [index:    461] label: (65, 109) pred: (63, 110) delta(pixel): 2
[2022-02-05 17:58:12] - [index:    462] label: (147, 189) pred: (147, 191) delta(pixel): 2
[2022-02-05 17:58:12] - [index:    463] label: (110, 147) pred: (109, 148) delta(pixel): 2
[2022-02-05 17:58:12] - [index:    464] label: (163, 205) pred: (164, 206) delta(pixel): 0
[2022-02-05 17:58:12] - [index:    465] label: (109, 154) pred: (108, 156) delta(pixel): 2
[2022-02-05 17:58:12] - [index:    466] label: (127, 155) pred: (127, 156) delta(pixel): 2
[2022-02-05 17:58:12] - [index:    467] label: (134, 177) pred: (134, 178) delta(pixel): 1
[2022-02-05 17:58:12] - [index:    468] label: (112, 149) pred: (111, 150) delta(pixel): 1
[2022-02-05 17:58:12] - [index:    469] label: (158, 196) pred: (158, 199) delta(pixel): 3
[2022-02-05 17:58:12] - [index:    470] label: (102, 134) pred: (101, 136) delta(pixel): 2
[2022-02-05 17:58:12] - [index:    471] label: (122, 154) pred: (121, 154) delta(pixel): 1
[2022-02-05 17:58:12] - [index:    472] label: (94, 136) pred: (93, 138) delta(pixel): 2
[2022-02-05 17:58:12] - [index:    473] label: (151, 182) pred: (151, 184) delta(pixel): 2
[2022-02-05 17:58:12] - [index:    474] label: (127, 155) pred: (127, 156) delta(pixel): 1
[2022-02-05 17:58:12] - [index:    475] label: (126, 165) pred: (125, 165) delta(pixel): 1
[2022-02-05 17:58:12] - [index:    476] label: (133, 159) pred: (133, 160) delta(pixel): 1
[2022-02-05 17:58:12] - [index:    477] label: (163, 194) pred: (163, 196) delta(pixel): 2
[2022-02-05 17:58:12] - [index:    478] label: (117, 164) pred: (117, 165) delta(pixel): 1
[2022-02-05 17:58:12] - [index:    479] label: (135, 169) pred: (135, 170) delta(pixel): 2
[2022-02-05 17:58:12] - [index:    480] label: (69, 108) pred: (67, 109) delta(pixel): 3
[2022-02-05 17:58:12] - [index:    481] label: (108, 140) pred: (108, 142) delta(pixel): 1
[2022-02-05 17:58:12] - [index:    482] label: (104, 140) pred: (104, 142) delta(pixel): 2
[2022-02-05 17:58:12] - [index:    483] label: (113, 154) pred: (112, 156) delta(pixel): 2
[2022-02-05 17:58:12] - [index:    484] label: (110, 142) pred: (110, 144) delta(pixel): 1
[2022-02-05 17:58:12] - [index:    485] label: (99, 132) pred: (98, 133) delta(pixel): 1
[2022-02-05 17:58:12] - [index:    486] label: (125, 152) pred: (125, 154) delta(pixel): 1
[2022-02-05 17:58:12] - [index:    487] label: (154, 187) pred: (154, 189) delta(pixel): 2
[2022-02-05 17:58:12] - [index:    488] label: (106, 151) pred: (106, 152) delta(pixel): 1
[2022-02-05 17:58:12] - [index:    489] label: (157, 202) pred: (157, 203) delta(pixel): 1
[2022-02-05 17:58:12] - [index:    490] label: (123, 174) pred: (123, 176) delta(pixel): 2
[2022-02-05 17:58:12] - [index:    491] label: (128, 154) pred: (129, 155) delta(pixel): 1
[2022-02-05 17:58:12] - [index:    492] label: (119, 157) pred: (119, 159) delta(pixel): 1
[2022-02-05 17:58:12] - [index:    493] label: (100, 138) pred: (99, 139) delta(pixel): 1
[2022-02-05 17:58:12] - [index:    494] label: (116, 156) pred: (116, 158) delta(pixel): 1
[2022-02-05 17:58:12] - [index:    495] label: (99, 152) pred: (98, 154) delta(pixel): 2
[2022-02-05 17:58:12] - [index:    496] label: (62, 101) pred: (62, 103) delta(pixel): 2
[2022-02-05 17:58:12] - [index:    497] label: (107, 141) pred: (106, 143) delta(pixel): 2
[2022-02-05 17:58:12] - [index:    498] label: (117, 154) pred: (116, 155) delta(pixel): 1
[2022-02-05 17:58:12] - [index:    499] label: (119, 158) pred: (118, 158) delta(pixel): 1
[2022-02-05 17:58:12] - [index:    500] label: (138, 166) pred: (138, 167) delta(pixel): 1
[2022-02-05 17:58:12] - [index:    501] label: (126, 170) pred: (126, 171) delta(pixel): 1
[2022-02-05 17:58:12] - [index:    502] label: (117, 148) pred: (116, 148) delta(pixel): 1
[2022-02-05 17:58:12] - [index:    503] label: (136, 164) pred: (136, 165) delta(pixel): 1
[2022-02-05 17:58:12] - [index:    504] label: (176, 210) pred: (175, 209) delta(pixel): 3
[2022-02-05 17:58:12] - [index:    505] label: (115, 172) pred: (113, 174) delta(pixel): 3
[2022-02-05 17:58:12] - [index:    506] label: (121, 161) pred: (121, 163) delta(pixel): 1
[2022-02-05 17:58:12] - [index:    507] label: (142, 182) pred: (142, 184) delta(pixel): 2
[2022-02-05 17:58:12] - [index:    508] label: (131, 163) pred: (130, 165) delta(pixel): 1
[2022-02-05 17:58:12] - [index:    509] label: (170, 205) pred: (170, 207) delta(pixel): 2
[2022-02-05 17:58:12] - [index:    510] label: (174, 211) pred: (172, 209) delta(pixel): 3
[2022-02-05 17:58:12] - [index:    511] label: (156, 191) pred: (156, 193) delta(pixel): 2
[2022-02-05 17:58:12] - [index:    512] label: (135, 182) pred: (135, 183) delta(pixel): 2
[2022-02-05 17:58:12] - [index:    513] label: (60, 100) pred: (59, 102) delta(pixel): 2
[2022-02-05 17:58:12] - [index:    514] label: (72, 125) pred: (71, 128) delta(pixel): 3
[2022-02-05 17:58:12] - [index:    515] label: (143, 189) pred: (143, 191) delta(pixel): 2
[2022-02-05 17:58:12] - [index:    516] label: (98, 130) pred: (98, 131) delta(pixel): 1
[2022-02-05 17:58:12] - [index:    517] label: (105, 147) pred: (105, 149) delta(pixel): 2
[2022-02-05 17:58:12] - [index:    518] label: (118, 177) pred: (118, 180) delta(pixel): 3
[2022-02-05 17:58:12] - [index:    519] label: (108, 163) pred: (108, 165) delta(pixel): 2
[2022-02-05 17:58:12] - [index:    520] label: (146, 176) pred: (146, 177) delta(pixel): 1
[2022-02-05 17:58:12] - [index:    521] label: (121, 160) pred: (121, 162) delta(pixel): 1
[2022-02-05 17:58:12] - [index:    522] label: (132, 163) pred: (132, 164) delta(pixel): 1
[2022-02-05 17:58:12] - [index:    523] label: (105, 147) pred: (104, 148) delta(pixel): 2
[2022-02-05 17:58:12] - [index:    524] label: (153, 191) pred: (153, 192) delta(pixel): 1
[2022-02-05 17:58:12] - [index:    525] label: (129, 178) pred: (129, 181) delta(pixel): 2
[2022-02-05 17:58:12] - [index:    526] label: (138, 166) pred: (138, 168) delta(pixel): 1
[2022-02-05 17:58:12] - [index:    527] label: (163, 197) pred: (164, 200) delta(pixel): 3
[2022-02-05 17:58:12] - [index:    528] label: (115, 150) pred: (114, 152) delta(pixel): 2
[2022-02-05 17:58:12] - [index:    529] label: (169, 208) pred: (169, 208) delta(pixel): 0
[2022-02-05 17:58:12] - [index:    530] label: (126, 182) pred: (125, 184) delta(pixel): 3
[2022-02-05 17:58:12] - [index:    531] label: (123, 153) pred: (122, 154) delta(pixel): 1
[2022-02-05 17:58:12] - [index:    532] label: (133, 186) pred: (133, 188) delta(pixel): 2
[2022-02-05 17:58:12] - [index:    533] label: (152, 197) pred: (152, 198) delta(pixel): 1
[2022-02-05 17:58:12] - [index:    534] label: (176, 210) pred: (174, 208) delta(pixel): 4
[2022-02-05 17:58:12] - [index:    535] label: (121, 149) pred: (122, 151) delta(pixel): 2
[2022-02-05 17:58:12] - [index:    536] label: (154, 193) pred: (154, 195) delta(pixel): 1
[2022-02-05 17:58:12] - [index:    537] label: (103, 162) pred: (102, 164) delta(pixel): 2
[2022-02-05 17:58:12] - [index:    538] label: (136, 173) pred: (135, 173) delta(pixel): 1
[2022-02-05 17:58:12] - [index:    539] label: (117, 164) pred: (117, 165) delta(pixel): 1
[2022-02-05 17:58:12] - [index:    540] label: (155, 196) pred: (155, 198) delta(pixel): 1
[2022-02-05 17:58:12] - [index:    541] label: (122, 183) pred: (122, 184) delta(pixel): 1
[2022-02-05 17:58:12] - [index:    542] label: (112, 144) pred: (113, 146) delta(pixel): 2
[2022-02-05 17:58:12] - [index:    543] label: (80, 120) pred: (80, 121) delta(pixel): 1
[2022-02-05 17:58:12] - [index:    544] label: (155, 188) pred: (156, 191) delta(pixel): 3
[2022-02-05 17:58:12] - [index:    545] label: (106, 146) pred: (106, 148) delta(pixel): 1
[2022-02-05 17:58:12] - [index:    546] label: (157, 189) pred: (157, 192) delta(pixel): 3
[2022-02-05 17:58:12] - [index:    547] label: (121, 150) pred: (121, 152) delta(pixel): 1
[2022-02-05 17:58:12] - [index:    548] label: (142, 184) pred: (141, 185) delta(pixel): 2
[2022-02-05 17:58:12] - [index:    549] label: (125, 151) pred: (125, 153) delta(pixel): 1
[2022-02-05 17:58:12] - [index:    550] label: (133, 170) pred: (133, 171) delta(pixel): 1
[2022-02-05 17:58:12] - [index:    551] label: (141, 188) pred: (140, 190) delta(pixel): 3
[2022-02-05 17:58:12] - [index:    552] label: (148, 179) pred: (148, 181) delta(pixel): 2
[2022-02-05 17:58:12] - [index:    553] label: (76, 120) pred: (74, 122) delta(pixel): 3
[2022-02-05 17:58:12] - [index:    554] label: (155, 196) pred: (155, 198) delta(pixel): 1
[2022-02-05 17:58:12] - [index:    555] label: (100, 151) pred: (99, 152) delta(pixel): 2
[2022-02-05 17:58:12] - [index:    556] label: (88, 124) pred: (89, 127) delta(pixel): 3
[2022-02-05 17:58:12] - [index:    557] label: (71, 114) pred: (69, 115) delta(pixel): 2
[2022-02-05 17:58:12] - [index:    558] label: (118, 177) pred: (117, 179) delta(pixel): 2
[2022-02-05 17:58:12] - [index:    559] label: (69, 107) pred: (69, 109) delta(pixel): 3
[2022-02-05 17:58:12] - [index:    560] label: (97, 153) pred: (96, 155) delta(pixel): 2
[2022-02-05 17:58:12] - [index:    561] label: (78, 114) pred: (77, 117) delta(pixel): 2
[2022-02-05 17:58:12] - [index:    562] label: (171, 209) pred: (171, 209) delta(pixel): 0
[2022-02-05 17:58:12] - [index:    563] label: (147, 178) pred: (146, 179) delta(pixel): 1
[2022-02-05 17:58:12] - [index:    564] label: (150, 184) pred: (152, 186) delta(pixel): 3
[2022-02-05 17:58:12] - [index:    565] label: (67, 116) pred: (65, 117) delta(pixel): 2
[2022-02-05 17:58:12] - [index:    566] label: (128, 154) pred: (128, 155) delta(pixel): 1
[2022-02-05 17:58:12] - [index:    567] label: (123, 151) pred: (123, 152) delta(pixel): 1
[2022-02-05 17:58:12] - [index:    568] label: (166, 201) pred: (166, 203) delta(pixel): 2
[2022-02-05 17:58:12] - [index:    569] label: (118, 177) pred: (118, 180) delta(pixel): 2
[2022-02-05 17:58:12] - [index:    570] label: (133, 167) pred: (133, 168) delta(pixel): 0
[2022-02-05 17:58:12] - [index:    571] label: (130, 159) pred: (131, 160) delta(pixel): 1
[2022-02-05 17:58:12] - [index:    572] label: (115, 145) pred: (115, 147) delta(pixel): 1
[2022-02-05 17:58:12] - [index:    573] label: (143, 181) pred: (143, 183) delta(pixel): 2
[2022-02-05 17:58:12] - [index:    574] label: (121, 164) pred: (121, 166) delta(pixel): 1
[2022-02-05 17:58:12] - [index:    575] label: (124, 162) pred: (123, 163) delta(pixel): 1
[2022-02-05 17:58:12] - [index:    576] label: (69, 107) pred: (68, 108) delta(pixel): 2
[2022-02-05 17:58:12] - [index:    577] label: (133, 170) pred: (134, 171) delta(pixel): 1
[2022-02-05 17:58:12] - [index:    578] label: (121, 150) pred: (121, 151) delta(pixel): 1
[2022-02-05 17:58:12] - [index:    579] label: (157, 189) pred: (157, 191) delta(pixel): 2
[2022-02-05 17:58:12] - [index:    580] label: (138, 175) pred: (137, 176) delta(pixel): 1
[2022-02-05 17:58:12] - [index:    581] label: (83, 128) pred: (82, 130) delta(pixel): 2
[2022-02-05 17:58:12] - [index:    582] label: (140, 176) pred: (140, 177) delta(pixel): 0
[2022-02-05 17:58:12] - [index:    583] label: (167, 203) pred: (168, 205) delta(pixel): 2
[2022-02-05 17:58:12] - [index:    584] label: (146, 180) pred: (146, 182) delta(pixel): 1
[2022-02-05 17:58:12] - [index:    585] label: (104, 143) pred: (104, 145) delta(pixel): 2
[2022-02-05 17:58:12] - [index:    586] label: (96, 133) pred: (96, 135) delta(pixel): 2
[2022-02-05 17:58:12] - [index:    587] label: (127, 152) pred: (127, 154) delta(pixel): 2
[2022-02-05 17:58:12] - [index:    588] label: (118, 151) pred: (118, 152) delta(pixel): 1
[2022-02-05 17:58:12] - [index:    589] label: (132, 161) pred: (132, 162) delta(pixel): 1
[2022-02-05 17:58:12] - [index:    590] label: (161, 198) pred: (162, 200) delta(pixel): 3
[2022-02-05 17:58:12] - [index:    591] label: (105, 142) pred: (104, 143) delta(pixel): 2
[2022-02-05 17:58:12] - [index:    592] label: (97, 153) pred: (97, 155) delta(pixel): 2
[2022-02-05 17:58:12] - [index:    593] label: (106, 159) pred: (105, 161) delta(pixel): 2
[2022-02-05 17:58:12] - [index:    594] label: (129, 170) pred: (128, 171) delta(pixel): 1
[2022-02-05 17:58:12] - [index:    595] label: (126, 172) pred: (126, 173) delta(pixel): 2
[2022-02-05 17:58:12] - [index:    596] label: (154, 184) pred: (155, 187) delta(pixel): 3
[2022-02-05 17:58:12] - [index:    597] label: (160, 191) pred: (161, 194) delta(pixel): 4
[2022-02-05 17:58:12] - [index:    598] label: (157, 202) pred: (157, 203) delta(pixel): 1
[2022-02-05 17:58:12] - [index:    599] label: (147, 187) pred: (147, 189) delta(pixel): 1
[2022-02-05 17:58:12] - [index:    600] label: (128, 159) pred: (129, 160) delta(pixel): 1
[2022-02-05 17:58:12] - [index:    601] label: (121, 148) pred: (122, 150) delta(pixel): 2
[2022-02-05 17:58:12] - [index:    602] label: (114, 142) pred: (115, 144) delta(pixel): 2
[2022-02-05 17:58:12] - [index:    603] label: (111, 167) pred: (111, 170) delta(pixel): 2
[2022-02-05 17:58:12] - [index:    604] label: (152, 192) pred: (151, 194) delta(pixel): 1
[2022-02-05 17:58:12] - [index:    605] label: (99, 138) pred: (98, 140) delta(pixel): 2
[2022-02-05 17:58:12] - [index:    606] label: (103, 136) pred: (104, 138) delta(pixel): 1
[2022-02-05 17:58:12] - [index:    607] label: (100, 132) pred: (100, 133) delta(pixel): 1
[2022-02-05 17:58:12] - [index:    608] label: (103, 155) pred: (102, 156) delta(pixel): 1
[2022-02-05 17:58:12] - [index:    609] label: (123, 166) pred: (123, 168) delta(pixel): 1
[2022-02-05 17:58:12] - [index:    610] label: (56, 97) pred: (57, 99) delta(pixel): 3
[2022-02-05 17:58:12] - [index:    611] label: (88, 142) pred: (86, 144) delta(pixel): 2
[2022-02-05 17:58:12] - [index:    612] label: (85, 126) pred: (84, 127) delta(pixel): 2
[2022-02-05 17:58:12] - [index:    613] label: (117, 148) pred: (116, 149) delta(pixel): 1
[2022-02-05 17:58:12] - [index:    614] label: (105, 139) pred: (104, 140) delta(pixel): 1
[2022-02-05 17:58:12] - [index:    615] label: (78, 122) pred: (77, 124) delta(pixel): 2
[2022-02-05 17:58:12] - [index:    616] label: (176, 210) pred: (175, 209) delta(pixel): 3
[2022-02-05 17:58:12] - [index:    617] label: (99, 138) pred: (98, 139) delta(pixel): 1
[2022-02-05 17:58:12] - [index:    618] label: (100, 158) pred: (99, 160) delta(pixel): 3
[2022-02-05 17:58:12] - [index:    619] label: (175, 212) pred: (174, 209) delta(pixel): 4
[2022-02-05 17:58:12] - [index:    620] label: (117, 162) pred: (117, 163) delta(pixel): 2
[2022-02-05 17:58:12] - [index:    621] label: (122, 156) pred: (122, 157) delta(pixel): 1
[2022-02-05 17:58:12] - [index:    622] label: (139, 168) pred: (139, 169) delta(pixel): 1
[2022-02-05 17:58:12] - [index:    623] label: (156, 190) pred: (157, 192) delta(pixel): 2
[2022-02-05 17:58:12] - [index:    624] label: (143, 179) pred: (143, 181) delta(pixel): 2
[2022-02-05 17:58:12] - [index:    625] label: (107, 145) pred: (106, 146) delta(pixel): 1
[2022-02-05 17:58:12] - [index:    626] label: (135, 162) pred: (136, 163) delta(pixel): 1
[2022-02-05 17:58:12] - [index:    627] label: (143, 172) pred: (144, 174) delta(pixel): 1
[2022-02-05 17:58:12] - [index:    628] label: (151, 190) pred: (151, 191) delta(pixel): 1
[2022-02-05 17:58:12] - [index:    629] label: (96, 130) pred: (95, 132) delta(pixel): 2
[2022-02-05 17:58:12] - [index:    630] label: (136, 164) pred: (136, 165) delta(pixel): 1
[2022-02-05 17:58:12] - [index:    631] label: (174, 209) pred: (172, 209) delta(pixel): 1
[2022-02-05 17:58:12] - [index:    632] label: (133, 166) pred: (132, 167) delta(pixel): 1
[2022-02-05 17:58:12] - [index:    633] label: (166, 199) pred: (167, 202) delta(pixel): 2
[2022-02-05 17:58:12] - [index:    634] label: (90, 128) pred: (90, 130) delta(pixel): 1
[2022-02-05 17:58:12] - [index:    635] label: (99, 141) pred: (98, 143) delta(pixel): 2
[2022-02-05 17:58:12] - [index:    636] label: (152, 186) pred: (153, 188) delta(pixel): 3
[2022-02-05 17:58:12] - [index:    637] label: (100, 151) pred: (99, 152) delta(pixel): 2
[2022-02-05 17:58:12] - [index:    638] label: (102, 150) pred: (101, 151) delta(pixel): 1
[2022-02-05 17:58:12] - [index:    639] label: (125, 152) pred: (125, 154) delta(pixel): 1
[2022-02-05 17:58:12] - [index:    640] label: (106, 146) pred: (105, 147) delta(pixel): 1
[2022-02-05 17:58:12] - [index:    641] label: (78, 120) pred: (77, 122) delta(pixel): 2
[2022-02-05 17:58:12] - [index:    642] label: (78, 122) pred: (77, 125) delta(pixel): 3
[2022-02-05 17:58:12] - [index:    643] label: (61, 102) pred: (60, 103) delta(pixel): 2
[2022-02-05 17:58:12] - [index:    644] label: (96, 128) pred: (96, 130) delta(pixel): 1
[2022-02-05 17:58:12] - [index:    645] label: (146, 180) pred: (146, 182) delta(pixel): 2
[2022-02-05 17:58:12] - [index:    646] label: (87, 123) pred: (87, 126) delta(pixel): 2
[2022-02-05 17:58:12] - [index:    647] label: (128, 159) pred: (129, 160) delta(pixel): 1
[2022-02-05 17:58:12] - [index:    648] label: (118, 145) pred: (119, 147) delta(pixel): 2
[2022-02-05 17:58:12] - [index:    649] label: (126, 166) pred: (126, 168) delta(pixel): 2
[2022-02-05 17:58:12] - [index:    650] label: (103, 137) pred: (102, 139) delta(pixel): 2
[2022-02-05 17:58:12] - [index:    651] label: (149, 195) pred: (148, 197) delta(pixel): 3
[2022-02-05 17:58:12] - [index:    652] label: (123, 172) pred: (122, 174) delta(pixel): 2
[2022-02-05 17:58:12] - [index:    653] label: (96, 130) pred: (96, 133) delta(pixel): 3
[2022-02-05 17:58:12] - [index:    654] label: (102, 150) pred: (101, 152) delta(pixel): 2
[2022-02-05 17:58:12] - [index:    655] label: (122, 180) pred: (122, 182) delta(pixel): 2
[2022-02-05 17:58:12] - [index:    656] label: (80, 140) pred: (79, 141) delta(pixel): 2
[2022-02-05 17:58:12] - [index:    657] label: (71, 109) pred: (70, 111) delta(pixel): 2
[2022-02-05 17:58:12] - [index:    658] label: (125, 154) pred: (125, 154) delta(pixel): 0
[2022-02-05 17:58:12] - [index:    659] label: (135, 162) pred: (136, 162) delta(pixel): 1
[2022-02-05 17:58:12] - [index:    660] label: (106, 138) pred: (105, 140) delta(pixel): 2
[2022-02-05 17:58:12] - [index:    661] label: (98, 130) pred: (98, 133) delta(pixel): 2
[2022-02-05 17:58:12] - [index:    662] label: (85, 121) pred: (84, 123) delta(pixel): 2
[2022-02-05 17:58:12] - [index:    663] label: (82, 125) pred: (81, 128) delta(pixel): 3
[2022-02-05 17:58:12] - [index:    664] label: (162, 195) pred: (163, 198) delta(pixel): 3
[2022-02-05 17:58:12] - [index:    665] label: (158, 188) pred: (157, 191) delta(pixel): 3
[2022-02-05 17:58:12] - [index:    666] label: (80, 140) pred: (80, 141) delta(pixel): 2
[2022-02-05 17:58:12] - [index:    667] label: (87, 123) pred: (86, 126) delta(pixel): 2
[2022-02-05 17:58:12] - [index:    668] label: (151, 180) pred: (151, 182) delta(pixel): 2
[2022-02-05 17:58:12] - [index:    669] label: (179, 214) pred: (176, 210) delta(pixel): 8
[2022-02-05 17:58:12] - [index:    670] label: (118, 152) pred: (118, 153) delta(pixel): 1
[2022-02-05 17:58:12] - [index:    671] label: (157, 189) pred: (157, 191) delta(pixel): 3
[2022-02-05 17:58:12] - [index:    672] label: (66, 111) pred: (64, 113) delta(pixel): 3
[2022-02-05 17:58:12] - [index:    673] label: (68, 114) pred: (66, 115) delta(pixel): 2
[2022-02-05 17:58:12] - [index:    674] label: (148, 197) pred: (147, 198) delta(pixel): 1
[2022-02-05 17:58:12] - [index:    675] label: (130, 156) pred: (131, 158) delta(pixel): 2
[2022-02-05 17:58:12] - [index:    676] label: (95, 149) pred: (94, 152) delta(pixel): 3
[2022-02-05 17:58:12] - [index:    677] label: (129, 164) pred: (128, 165) delta(pixel): 1
[2022-02-05 17:58:12] - [index:    678] label: (138, 173) pred: (137, 174) delta(pixel): 2
[2022-02-05 17:58:12] - [index:    679] label: (148, 177) pred: (149, 179) delta(pixel): 1
[2022-02-05 17:58:13] - [index:    680] label: (156, 191) pred: (156, 193) delta(pixel): 2
[2022-02-05 17:58:13] - [index:    681] label: (141, 174) pred: (141, 175) delta(pixel): 1
[2022-02-05 17:58:13] - [index:    682] label: (127, 152) pred: (128, 154) delta(pixel): 2
[2022-02-05 17:58:13] - [index:    683] label: (79, 125) pred: (79, 126) delta(pixel): 1
[2022-02-05 17:58:13] - [index:    684] label: (124, 162) pred: (124, 163) delta(pixel): 1
[2022-02-05 17:58:13] - [index:    685] label: (111, 145) pred: (111, 148) delta(pixel): 2
[2022-02-05 17:58:13] - [index:    686] label: (130, 157) pred: (130, 158) delta(pixel): 1
[2022-02-05 17:58:13] - [index:    687] label: (126, 164) pred: (126, 165) delta(pixel): 1
[2022-02-05 17:58:13] - [index:    688] label: (144, 183) pred: (143, 185) delta(pixel): 2
[2022-02-05 17:58:13] - [index:    689] label: (144, 172) pred: (145, 173) delta(pixel): 1
[2022-02-05 17:58:13] - [index:    690] label: (85, 138) pred: (84, 139) delta(pixel): 2
[2022-02-05 17:58:13] - [index:    691] label: (126, 179) pred: (125, 181) delta(pixel): 3
[2022-02-05 17:58:13] - [index:    692] label: (134, 161) pred: (134, 162) delta(pixel): 1
[2022-02-05 17:58:13] - [index:    693] label: (143, 186) pred: (142, 188) delta(pixel): 2
[2022-02-05 17:58:13] - [index:    694] label: (95, 128) pred: (96, 131) delta(pixel): 3
[2022-02-05 17:58:13] - [index:    695] label: (103, 140) pred: (102, 141) delta(pixel): 2
[2022-02-05 17:58:13] - [index:    696] label: (165, 207) pred: (165, 207) delta(pixel): 0
[2022-02-05 17:58:13] - [index:    697] label: (145, 175) pred: (146, 177) delta(pixel): 2
[2022-02-05 17:58:13] - [index:    698] label: (104, 148) pred: (104, 150) delta(pixel): 2
[2022-02-05 17:58:13] - [index:    699] label: (143, 181) pred: (143, 183) delta(pixel): 2
[2022-02-05 17:58:13] - [index:    700] label: (129, 168) pred: (128, 169) delta(pixel): 1
[2022-02-05 17:58:13] - [index:    701] label: (103, 162) pred: (102, 165) delta(pixel): 2
[2022-02-05 17:58:13] - [index:    702] label: (110, 173) pred: (108, 174) delta(pixel): 3
[2022-02-05 17:58:13] - [index:    703] label: (112, 144) pred: (112, 146) delta(pixel): 2
[2022-02-05 17:58:13] - [index:    704] label: (121, 152) pred: (120, 153) delta(pixel): 1
[2022-02-05 17:58:13] - [index:    705] label: (112, 165) pred: (112, 168) delta(pixel): 2
[2022-02-05 17:58:13] - [index:    706] label: (170, 203) pred: (170, 206) delta(pixel): 2
[2022-02-05 17:58:13] - [index:    707] label: (150, 198) pred: (150, 199) delta(pixel): 0
[2022-02-05 17:58:13] - [index:    708] label: (135, 184) pred: (135, 186) delta(pixel): 2
[2022-02-05 17:58:13] - [index:    709] label: (88, 142) pred: (86, 144) delta(pixel): 3
[2022-02-05 17:58:13] - [index:    710] label: (126, 172) pred: (126, 173) delta(pixel): 1
[2022-02-05 17:58:13] - [index:    711] label: (72, 125) pred: (71, 127) delta(pixel): 2
[2022-02-05 17:58:13] - [index:    712] label: (132, 162) pred: (132, 164) delta(pixel): 1
[2022-02-05 17:58:13] - [index:    713] label: (123, 166) pred: (123, 166) delta(pixel): 0
[2022-02-05 17:58:13] - [index:    714] label: (143, 181) pred: (144, 184) delta(pixel): 2
[2022-02-05 17:58:13] - [index:    715] label: (137, 171) pred: (137, 173) delta(pixel): 2
[2022-02-05 17:58:13] - [index:    716] label: (168, 200) pred: (168, 202) delta(pixel): 2
[2022-02-05 17:58:13] - [index:    717] label: (99, 146) pred: (98, 147) delta(pixel): 2
[2022-02-05 17:58:13] - [index:    718] label: (136, 165) pred: (136, 167) delta(pixel): 2
[2022-02-05 17:58:13] - [index:    719] label: (70, 110) pred: (69, 113) delta(pixel): 2
[2022-02-05 17:58:13] - [index:    720] label: (138, 176) pred: (138, 176) delta(pixel): 0
[2022-02-05 17:58:13] - [index:    721] label: (85, 121) pred: (85, 124) delta(pixel): 2
[2022-02-05 17:58:13] - [index:    722] label: (92, 131) pred: (91, 132) delta(pixel): 2
[2022-02-05 17:58:13] - [index:    723] label: (145, 175) pred: (146, 177) delta(pixel): 2
[2022-02-05 17:58:13] - [index:    724] label: (140, 185) pred: (139, 186) delta(pixel): 1
[2022-02-05 17:58:13] - [index:    725] label: (149, 185) pred: (150, 187) delta(pixel): 1
[2022-02-05 17:58:13] - [index:    726] label: (132, 183) pred: (132, 184) delta(pixel): 2
[2022-02-05 17:58:13] - [index:    727] label: (127, 153) pred: (127, 154) delta(pixel): 1
[2022-02-05 17:58:13] - [index:    728] label: (114, 146) pred: (114, 147) delta(pixel): 1
[2022-02-05 17:58:13] - [index:    729] label: (142, 173) pred: (142, 175) delta(pixel): 2
[2022-02-05 17:58:13] - [index:    730] label: (85, 148) pred: (84, 149) delta(pixel): 2
[2022-02-05 17:58:13] - [index:    731] label: (151, 190) pred: (151, 191) delta(pixel): 1
[2022-02-05 17:58:13] - [index:    732] label: (138, 170) pred: (138, 171) delta(pixel): 1
[2022-02-05 17:58:13] - [index:    733] label: (101, 164) pred: (100, 167) delta(pixel): 3
[2022-02-05 17:58:13] - [index:    734] label: (126, 168) pred: (125, 169) delta(pixel): 2
[2022-02-05 17:58:13] - [index:    735] label: (122, 180) pred: (122, 182) delta(pixel): 2
[2022-02-05 17:58:13] - [index:    736] label: (86, 143) pred: (84, 145) delta(pixel): 3
[2022-02-05 17:58:13] - [index:    737] label: (135, 163) pred: (136, 164) delta(pixel): 1
[2022-02-05 17:58:13] - [index:    738] label: (93, 136) pred: (92, 138) delta(pixel): 2
[2022-02-05 17:58:13] - [index:    739] label: (123, 174) pred: (122, 176) delta(pixel): 2
[2022-02-05 17:58:13] - [index:    740] label: (167, 205) pred: (168, 206) delta(pixel): 0
[2022-02-05 17:58:13] - [index:    741] label: (107, 157) pred: (107, 159) delta(pixel): 1
[2022-02-05 17:58:13] - [index:    742] label: (132, 158) pred: (132, 159) delta(pixel): 1
[2022-02-05 17:58:13] - [index:    743] label: (111, 142) pred: (110, 144) delta(pixel): 1
[2022-02-05 17:58:13] - [index:    744] label: (134, 165) pred: (134, 166) delta(pixel): 1
[2022-02-05 17:58:13] - [index:    745] label: (132, 159) pred: (132, 160) delta(pixel): 0
[2022-02-05 17:58:13] - [index:    746] label: (120, 154) pred: (120, 156) delta(pixel): 2
[2022-02-05 17:58:13] - [index:    747] label: (132, 183) pred: (132, 185) delta(pixel): 2
[2022-02-05 17:58:13] - [index:    748] label: (138, 167) pred: (138, 170) delta(pixel): 2
[2022-02-05 17:58:13] - [index:    749] label: (130, 157) pred: (131, 159) delta(pixel): 2
[2022-02-05 17:58:13] - [index:    750] label: (135, 169) pred: (135, 170) delta(pixel): 1
[2022-02-05 17:58:13] - [index:    751] label: (125, 152) pred: (125, 153) delta(pixel): 1
[2022-02-05 17:58:13] - [index:    752] label: (143, 171) pred: (144, 172) delta(pixel): 1
[2022-02-05 17:58:13] - [index:    753] label: (98, 147) pred: (97, 148) delta(pixel): 1
[2022-02-05 17:58:13] - [index:    754] label: (132, 180) pred: (132, 182) delta(pixel): 2
[2022-02-05 17:58:13] - [index:    755] label: (148, 179) pred: (148, 181) delta(pixel): 2
[2022-02-05 17:58:13] - [index:    756] label: (81, 135) pred: (80, 138) delta(pixel): 3
[2022-02-05 17:58:13] - [index:    757] label: (77, 128) pred: (75, 130) delta(pixel): 3
[2022-02-05 17:58:13] - [index:    758] label: (147, 189) pred: (148, 192) delta(pixel): 2
[2022-02-05 17:58:13] - [index:    759] label: (103, 137) pred: (102, 139) delta(pixel): 2
[2022-02-05 17:58:13] - [index:    760] label: (154, 190) pred: (154, 192) delta(pixel): 2
[2022-02-05 17:58:13] - [index:    761] label: (141, 174) pred: (141, 176) delta(pixel): 1
[2022-02-05 17:58:13] - [index:    762] label: (147, 180) pred: (147, 181) delta(pixel): 2
[2022-02-05 17:58:13] - [index:    763] label: (66, 111) pred: (65, 112) delta(pixel): 2
[2022-02-05 17:58:13] - [index:    764] label: (142, 191) pred: (142, 193) delta(pixel): 1
[2022-02-05 17:58:13] - [index:    765] label: (118, 145) pred: (119, 147) delta(pixel): 2
[2022-02-05 17:58:13] - [index:    766] label: (161, 199) pred: (161, 201) delta(pixel): 2
[2022-02-05 17:58:13] - [index:    767] label: (96, 139) pred: (96, 141) delta(pixel): 1
[2022-02-05 17:58:13] - [index:    768] label: (138, 169) pred: (138, 170) delta(pixel): 2
[2022-02-05 17:58:13] - [index:    769] label: (114, 147) pred: (113, 149) delta(pixel): 2
[2022-02-05 17:58:13] - [index:    770] label: (162, 200) pred: (163, 202) delta(pixel): 2
[2022-02-05 17:58:13] - [index:    771] label: (117, 147) pred: (117, 148) delta(pixel): 1
[2022-02-05 17:58:13] - [index:    772] label: (154, 186) pred: (155, 188) delta(pixel): 2
[2022-02-05 17:58:13] - [index:    773] label: (136, 165) pred: (136, 167) delta(pixel): 1
[2022-02-05 17:58:13] - [index:    774] label: (114, 143) pred: (114, 145) delta(pixel): 2
[2022-02-05 17:58:13] - [index:    775] label: (81, 128) pred: (80, 129) delta(pixel): 2
[2022-02-05 17:58:13] - [index:    776] label: (113, 144) pred: (113, 146) delta(pixel): 2
[2022-02-05 17:58:13] - [index:    777] label: (131, 162) pred: (130, 163) delta(pixel): 1
[2022-02-05 17:58:13] - [index:    778] label: (168, 202) pred: (168, 203) delta(pixel): 1
[2022-02-05 17:58:13] - [index:    779] label: (94, 130) pred: (94, 132) delta(pixel): 1
[2022-02-05 17:58:13] - [index:    780] label: (95, 140) pred: (94, 141) delta(pixel): 1
[2022-02-05 17:58:13] - [index:    781] label: (142, 170) pred: (143, 172) delta(pixel): 2
[2022-02-05 17:58:13] - [index:    782] label: (101, 132) pred: (101, 133) delta(pixel): 1
[2022-02-05 17:58:13] - [index:    783] label: (122, 158) pred: (121, 158) delta(pixel): 1
[2022-02-05 17:58:13] - [index:    784] label: (100, 151) pred: (99, 152) delta(pixel): 2
[2022-02-05 17:58:13] - [index:    785] label: (132, 157) pred: (132, 158) delta(pixel): 1
[2022-02-05 17:58:13] - [index:    786] label: (127, 154) pred: (127, 154) delta(pixel): 0
[2022-02-05 17:58:13] - [index:    787] label: (96, 155) pred: (95, 156) delta(pixel): 2
[2022-02-05 17:58:13] - [index:    788] label: (104, 153) pred: (104, 155) delta(pixel): 1
[2022-02-05 17:58:13] - [index:    789] label: (140, 170) pred: (140, 171) delta(pixel): 1
[2022-02-05 17:58:13] - [index:    790] label: (87, 121) pred: (87, 124) delta(pixel): 2
[2022-02-05 17:58:13] - [index:    791] label: (114, 147) pred: (113, 149) delta(pixel): 2
[2022-02-05 17:58:13] - [index:    792] label: (145, 188) pred: (145, 190) delta(pixel): 2
[2022-02-05 17:58:13] - [index:    793] label: (134, 166) pred: (135, 167) delta(pixel): 1
[2022-02-05 17:58:13] - [index:    794] label: (79, 132) pred: (78, 135) delta(pixel): 3
[2022-02-05 17:58:13] - [index:    795] label: (132, 163) pred: (132, 164) delta(pixel): 1
[2022-02-05 17:58:13] - [index:    796] label: (129, 170) pred: (128, 171) delta(pixel): 1
[2022-02-05 17:58:13] - [index:    797] label: (107, 150) pred: (107, 152) delta(pixel): 1
[2022-02-05 17:58:13] - [index:    798] label: (162, 195) pred: (163, 198) delta(pixel): 3
[2022-02-05 17:58:13] - [index:    799] label: (97, 161) pred: (96, 165) delta(pixel): 3
[2022-02-05 17:58:13] - [index:    800] label: (88, 153) pred: (87, 157) delta(pixel): 4
[2022-02-05 17:58:13] - [index:    801] label: (139, 189) pred: (138, 191) delta(pixel): 3
[2022-02-05 17:58:13] - [index:    802] label: (59, 103) pred: (58, 105) delta(pixel): 3
[2022-02-05 17:58:13] - [index:    803] label: (167, 208) pred: (168, 207) delta(pixel): 0
[2022-02-05 17:58:13] - [index:    804] label: (113, 149) pred: (112, 150) delta(pixel): 2
[2022-02-05 17:58:13] - [index:    805] label: (100, 135) pred: (100, 136) delta(pixel): 1
[2022-02-05 17:58:13] - [index:    806] label: (129, 176) pred: (129, 178) delta(pixel): 2
[2022-02-05 17:58:13] - [index:    807] label: (142, 173) pred: (142, 175) delta(pixel): 2
[2022-02-05 17:58:13] - [index:    808] label: (139, 180) pred: (139, 182) delta(pixel): 2
[2022-02-05 17:58:13] - [index:    809] label: (107, 157) pred: (107, 159) delta(pixel): 2
[2022-02-05 17:58:13] - [index:    810] label: (85, 121) pred: (85, 123) delta(pixel): 2
[2022-02-05 17:58:13] - [index:    811] label: (131, 167) pred: (131, 168) delta(pixel): 1
[2022-02-05 17:58:13] - [index:    812] label: (138, 183) pred: (137, 185) delta(pixel): 2
[2022-02-05 17:58:13] - [index:    813] label: (109, 154) pred: (108, 156) delta(pixel): 2
[2022-02-05 17:58:13] - [index:    814] label: (137, 181) pred: (137, 183) delta(pixel): 2
[2022-02-05 17:58:13] - [index:    815] label: (72, 125) pred: (71, 127) delta(pixel): 3
[2022-02-05 17:58:13] - [index:    816] label: (91, 128) pred: (90, 129) delta(pixel): 2
[2022-02-05 17:58:13] - [index:    817] label: (124, 161) pred: (124, 162) delta(pixel): 1
[2022-02-05 17:58:13] - [index:    818] label: (105, 143) pred: (104, 144) delta(pixel): 2
[2022-02-05 17:58:13] - [index:    819] label: (111, 158) pred: (111, 160) delta(pixel): 2
[2022-02-05 17:58:13] - [index:    820] label: (95, 140) pred: (94, 141) delta(pixel): 1
[2022-02-05 17:58:13] - [index:    821] label: (118, 150) pred: (118, 151) delta(pixel): 1
[2022-02-05 17:58:13] - [index:    822] label: (119, 156) pred: (119, 158) delta(pixel): 2
[2022-02-05 17:58:13] - [index:    823] label: (119, 158) pred: (118, 158) delta(pixel): 0
[2022-02-05 17:58:13] - [index:    824] label: (116, 144) pred: (115, 145) delta(pixel): 1
[2022-02-05 17:58:13] - [index:    825] label: (119, 156) pred: (119, 158) delta(pixel): 2
[2022-02-05 17:58:13] - [index:    826] label: (76, 120) pred: (75, 121) delta(pixel): 2
[2022-02-05 17:58:13] - [index:    827] label: (130, 159) pred: (130, 159) delta(pixel): 0
[2022-02-05 17:58:13] - [index:    828] label: (119, 158) pred: (118, 160) delta(pixel): 2
[2022-02-05 17:58:13] - [index:    829] label: (108, 140) pred: (107, 141) delta(pixel): 1
[2022-02-05 17:58:13] - [index:    830] label: (169, 204) pred: (169, 206) delta(pixel): 1
[2022-02-05 17:58:13] - [index:    831] label: (121, 151) pred: (121, 153) delta(pixel): 2
[2022-02-05 17:58:13] - [index:    832] label: (132, 157) pred: (132, 159) delta(pixel): 3
[2022-02-05 17:58:13] - [index:    833] label: (113, 148) pred: (112, 149) delta(pixel): 2
[2022-02-05 17:58:13] - [index:    834] label: (102, 134) pred: (101, 136) delta(pixel): 2
[2022-02-05 17:58:13] - [index:    835] label: (151, 181) pred: (152, 184) delta(pixel): 2
[2022-02-05 17:58:13] - [index:    836] label: (123, 153) pred: (123, 155) delta(pixel): 1
[2022-02-05 17:58:13] - [index:    837] label: (73, 122) pred: (72, 124) delta(pixel): 3
[2022-02-05 17:58:13] - [index:    838] label: (96, 155) pred: (95, 157) delta(pixel): 2
[2022-02-05 17:58:13] - [index:    839] label: (156, 199) pred: (157, 201) delta(pixel): 2
[2022-02-05 17:58:13] - [index:    840] label: (144, 172) pred: (144, 173) delta(pixel): 1
[2022-02-05 17:58:13] - [index:    841] label: (96, 155) pred: (95, 157) delta(pixel): 2
[2022-02-05 17:58:13] - [index:    842] label: (83, 144) pred: (81, 147) delta(pixel): 4
[2022-02-05 17:58:13] - [index:    843] label: (158, 200) pred: (159, 202) delta(pixel): 2
[2022-02-05 17:58:13] - [index:    844] label: (100, 167) pred: (99, 169) delta(pixel): 3
[2022-02-05 17:58:13] - [index:    845] label: (154, 187) pred: (154, 189) delta(pixel): 2
[2022-02-05 17:58:13] - [index:    846] label: (102, 156) pred: (101, 157) delta(pixel): 2
[2022-02-05 17:58:13] - [index:    847] label: (68, 114) pred: (66, 114) delta(pixel): 2
[2022-02-05 17:58:13] - [index:    848] label: (119, 158) pred: (118, 160) delta(pixel): 2
[2022-02-05 17:58:13] - [index:    849] label: (129, 160) pred: (129, 161) delta(pixel): 2
[2022-02-05 17:58:13] - [index:    850] label: (111, 158) pred: (111, 160) delta(pixel): 2
[2022-02-05 17:58:13] - [index:    851] label: (119, 156) pred: (118, 157) delta(pixel): 1
[2022-02-05 17:58:13] - [index:    852] label: (126, 165) pred: (126, 166) delta(pixel): 1
[2022-02-05 17:58:13] - [index:    853] label: (118, 150) pred: (118, 151) delta(pixel): 1
[2022-02-05 17:58:13] - [index:    854] label: (114, 143) pred: (114, 144) delta(pixel): 2
[2022-02-05 17:58:13] - [index:    855] label: (82, 125) pred: (81, 126) delta(pixel): 1
[2022-02-05 17:58:13] - [index:    856] label: (126, 172) pred: (125, 173) delta(pixel): 2
[2022-02-05 17:58:13] - [index:    857] label: (90, 126) pred: (90, 127) delta(pixel): 1
[2022-02-05 17:58:13] - [index:    858] label: (125, 153) pred: (124, 154) delta(pixel): 1
[2022-02-05 17:58:13] - [index:    859] label: (129, 168) pred: (128, 168) delta(pixel): 0
[2022-02-05 17:58:13] - [index:    860] label: (122, 177) pred: (122, 179) delta(pixel): 2
[2022-02-05 17:58:13] - [index:    861] label: (154, 198) pred: (154, 199) delta(pixel): 1
[2022-02-05 17:58:13] - [index:    862] label: (78, 114) pred: (77, 116) delta(pixel): 2
[2022-02-05 17:58:13] - [index:    863] label: (145, 177) pred: (145, 179) delta(pixel): 2
[2022-02-05 17:58:13] - [index:    864] label: (124, 156) pred: (124, 156) delta(pixel): 0
[2022-02-05 17:58:13] - [index:    865] label: (92, 126) pred: (91, 127) delta(pixel): 2
[2022-02-05 17:58:13] - [index:    866] label: (106, 142) pred: (106, 143) delta(pixel): 2
[2022-02-05 17:58:13] - [index:    867] label: (108, 140) pred: (108, 142) delta(pixel): 1
[2022-02-05 17:58:13] - [index:    868] label: (171, 207) pred: (170, 208) delta(pixel): 1
[2022-02-05 17:58:13] - [index:    869] label: (172, 210) pred: (171, 209) delta(pixel): 1
[2022-02-05 17:58:13] - [index:    870] label: (126, 174) pred: (125, 176) delta(pixel): 3
[2022-02-05 17:58:13] - [index:    871] label: (97, 143) pred: (97, 145) delta(pixel): 2
[2022-02-05 17:58:13] - [index:    872] label: (131, 164) pred: (130, 165) delta(pixel): 2
[2022-02-05 17:58:13] - [index:    873] label: (83, 125) pred: (82, 127) delta(pixel): 2
[2022-02-05 17:58:13] - [index:    874] label: (136, 167) pred: (137, 169) delta(pixel): 1
[2022-02-05 17:58:13] - [index:    875] label: (116, 168) pred: (116, 170) delta(pixel): 1
[2022-02-05 17:58:13] - [index:    876] label: (155, 185) pred: (155, 188) delta(pixel): 2
[2022-02-05 17:58:13] - [index:    877] label: (126, 179) pred: (125, 181) delta(pixel): 2
[2022-02-05 17:58:13] - [index:    878] label: (98, 147) pred: (97, 149) delta(pixel): 2
[2022-02-05 17:58:13] - [index:    879] label: (109, 154) pred: (108, 156) delta(pixel): 2
[2022-02-05 17:58:13] - [index:    880] label: (120, 153) pred: (121, 155) delta(pixel): 2
[2022-02-05 17:58:13] - [index:    881] label: (137, 170) pred: (137, 172) delta(pixel): 1
[2022-02-05 17:58:13] - [index:    882] label: (118, 161) pred: (117, 161) delta(pixel): 1
[2022-02-05 17:58:13] - [index:    883] label: (155, 189) pred: (155, 191) delta(pixel): 3
[2022-02-05 17:58:13] - [index:    884] label: (129, 187) pred: (130, 189) delta(pixel): 2
[2022-02-05 17:58:13] - [index:    885] label: (96, 155) pred: (95, 156) delta(pixel): 2
[2022-02-05 17:58:13] - [index:    886] label: (107, 145) pred: (107, 146) delta(pixel): 1
[2022-02-05 17:58:13] - [index:    887] label: (140, 169) pred: (139, 170) delta(pixel): 1
[2022-02-05 17:58:13] - [index:    888] label: (67, 106) pred: (66, 107) delta(pixel): 2
[2022-02-05 17:58:13] - [index:    889] label: (120, 147) pred: (121, 149) delta(pixel): 3
[2022-02-05 17:58:13] - [index:    890] label: (135, 163) pred: (135, 164) delta(pixel): 0
[2022-02-05 17:58:13] - [index:    891] label: (144, 183) pred: (143, 185) delta(pixel): 2
[2022-02-05 17:58:13] - [index:    892] label: (107, 145) pred: (107, 146) delta(pixel): 1
[2022-02-05 17:58:13] - [index:    893] label: (91, 152) pred: (90, 154) delta(pixel): 3
[2022-02-05 17:58:13] - [index:    894] label: (79, 128) pred: (78, 130) delta(pixel): 2
[2022-02-05 17:58:13] - [index:    895] label: (104, 148) pred: (104, 150) delta(pixel): 2
[2022-02-05 17:58:13] - [index:    896] label: (80, 118) pred: (80, 120) delta(pixel): 2
[2022-02-05 17:58:13] - [index:    897] label: (117, 166) pred: (117, 168) delta(pixel): 2
[2022-02-05 17:58:13] - [index:    898] label: (124, 163) pred: (123, 165) delta(pixel): 1
[2022-02-05 17:58:13] - [index:    899] label: (131, 167) pred: (130, 168) delta(pixel): 1
[2022-02-05 17:58:13] - [index:    900] label: (169, 208) pred: (169, 208) delta(pixel): 1
[2022-02-05 17:58:13] - [index:    901] label: (81, 117) pred: (80, 119) delta(pixel): 2
[2022-02-05 17:58:13] - [index:    902] label: (144, 179) pred: (143, 180) delta(pixel): 1
[2022-02-05 17:58:13] - [index:    903] label: (76, 120) pred: (75, 121) delta(pixel): 2
[2022-02-05 17:58:13] - [index:    904] label: (128, 157) pred: (129, 159) delta(pixel): 2
[2022-02-05 17:58:13] - [index:    905] label: (122, 157) pred: (121, 158) delta(pixel): 2
[2022-02-05 17:58:13] - [index:    906] label: (101, 132) pred: (101, 134) delta(pixel): 2
[2022-02-05 17:58:13] - [index:    907] label: (120, 148) pred: (120, 149) delta(pixel): 2
[2022-02-05 17:58:13] - [index:    908] label: (114, 146) pred: (114, 147) delta(pixel): 1
[2022-02-05 17:58:13] - [index:    909] label: (92, 145) pred: (91, 146) delta(pixel): 2
[2022-02-05 17:58:13] - [index:    910] label: (106, 159) pred: (106, 161) delta(pixel): 2
[2022-02-05 17:58:13] - [index:    911] label: (114, 147) pred: (114, 148) delta(pixel): 2
[2022-02-05 17:58:13] - [index:    912] label: (143, 174) pred: (143, 176) delta(pixel): 2
[2022-02-05 17:58:13] - [index:    913] label: (89, 131) pred: (89, 132) delta(pixel): 1
[2022-02-05 17:58:13] - [index:    914] label: (155, 201) pred: (155, 202) delta(pixel): 1
[2022-02-05 17:58:13] - [index:    915] label: (137, 171) pred: (136, 172) delta(pixel): 1
[2022-02-05 17:58:13] - [index:    916] label: (129, 165) pred: (128, 166) delta(pixel): 1
[2022-02-05 17:58:14] - [index:    917] label: (147, 189) pred: (147, 191) delta(pixel): 1
[2022-02-05 17:58:14] - [index:    918] label: (99, 146) pred: (99, 147) delta(pixel): 1
[2022-02-05 17:58:14] - [index:    919] label: (111, 142) pred: (111, 143) delta(pixel): 1
[2022-02-05 17:58:14] - [index:    920] label: (80, 120) pred: (79, 121) delta(pixel): 1
[2022-02-05 17:58:14] - [index:    921] label: (116, 149) pred: (116, 150) delta(pixel): 1
[2022-02-05 17:58:14] - [index:    922] label: (90, 146) pred: (89, 148) delta(pixel): 2
[2022-02-05 17:58:14] - [index:    923] label: (112, 149) pred: (112, 152) delta(pixel): 2
[2022-02-05 17:58:14] - [index:    924] label: (81, 128) pred: (80, 129) delta(pixel): 2
[2022-02-05 17:58:14] - [index:    925] label: (119, 149) pred: (119, 151) delta(pixel): 2
[2022-02-05 17:58:14] - [index:    926] label: (148, 192) pred: (148, 194) delta(pixel): 2
[2022-02-05 17:58:14] - [index:    927] label: (128, 157) pred: (129, 158) delta(pixel): 1
[2022-02-05 17:58:14] - [index:    928] label: (97, 153) pred: (97, 155) delta(pixel): 1
[2022-02-05 17:58:14] - [index:    929] label: (99, 138) pred: (98, 139) delta(pixel): 1
[2022-02-05 17:58:14] - [index:    930] label: (99, 135) pred: (98, 136) delta(pixel): 2
[2022-02-05 17:58:14] - [index:    931] label: (94, 156) pred: (92, 159) delta(pixel): 4
[2022-02-05 17:58:14] - [index:    932] label: (118, 151) pred: (118, 152) delta(pixel): 1
[2022-02-05 17:58:14] - [index:    933] label: (139, 189) pred: (138, 191) delta(pixel): 2
[2022-02-05 17:58:14] - [index:    934] label: (115, 172) pred: (115, 175) delta(pixel): 2
[2022-02-05 17:58:14] - [index:    935] label: (148, 197) pred: (147, 199) delta(pixel): 2
[2022-02-05 17:58:14] - [index:    936] label: (138, 170) pred: (139, 172) delta(pixel): 2
[2022-02-05 17:58:14] - [index:    937] label: (97, 135) pred: (96, 137) delta(pixel): 2
[2022-02-05 17:58:14] - [index:    938] label: (140, 183) pred: (139, 184) delta(pixel): 2
[2022-02-05 17:58:14] - [index:    939] label: (136, 175) pred: (135, 175) delta(pixel): 1
[2022-02-05 17:58:14] - [index:    940] label: (145, 175) pred: (146, 176) delta(pixel): 1
[2022-02-05 17:58:14] - [index:    941] label: (149, 195) pred: (149, 196) delta(pixel): 1
[2022-02-05 17:58:14] - [index:    942] label: (149, 185) pred: (150, 188) delta(pixel): 2
[2022-02-05 17:58:14] - [index:    943] label: (147, 194) pred: (146, 195) delta(pixel): 2
[2022-02-05 17:58:14] - [index:    944] label: (80, 123) pred: (79, 123) delta(pixel): 1
[2022-02-05 17:58:14] - [index:    945] label: (134, 164) pred: (134, 166) delta(pixel): 2
[2022-02-05 17:58:14] - [index:    946] label: (143, 179) pred: (143, 181) delta(pixel): 2
[2022-02-05 17:58:14] - [index:    947] label: (117, 180) pred: (117, 182) delta(pixel): 2
[2022-02-05 17:58:14] - [index:    948] label: (112, 155) pred: (113, 157) delta(pixel): 2
[2022-02-05 17:58:14] - [index:    949] label: (133, 189) pred: (132, 191) delta(pixel): 2
[2022-02-05 17:58:14] - [index:    950] label: (126, 161) pred: (126, 162) delta(pixel): 1
[2022-02-05 17:58:14] - [index:    951] label: (123, 152) pred: (122, 152) delta(pixel): 0
[2022-02-05 17:58:14] - [index:    952] label: (93, 136) pred: (92, 138) delta(pixel): 2
[2022-02-05 17:58:14] - [index:    953] label: (107, 138) pred: (106, 139) delta(pixel): 2
[2022-02-05 17:58:14] - [index:    954] label: (92, 141) pred: (91, 143) delta(pixel): 2
[2022-02-05 17:58:14] - [index:    955] label: (108, 137) pred: (108, 138) delta(pixel): 1
[2022-02-05 17:58:14] - [index:    956] label: (100, 132) pred: (100, 133) delta(pixel): 1
[2022-02-05 17:58:14] - [index:    957] label: (134, 162) pred: (134, 163) delta(pixel): 1
[2022-02-05 17:58:14] - [index:    958] label: (85, 138) pred: (84, 140) delta(pixel): 3
[2022-02-05 17:58:14] - [index:    959] label: (121, 163) pred: (121, 164) delta(pixel): 1
[2022-02-05 17:58:14] - [index:    960] label: (132, 175) pred: (131, 177) delta(pixel): 2
[2022-02-05 17:58:14] - [index:    961] label: (121, 149) pred: (122, 151) delta(pixel): 2
[2022-02-05 17:58:14] - [index:    962] label: (74, 113) pred: (72, 114) delta(pixel): 1
[2022-02-05 17:58:14] - [index:    963] label: (138, 173) pred: (137, 174) delta(pixel): 1
[2022-02-05 17:58:14] - [index:    964] label: (150, 180) pred: (150, 182) delta(pixel): 2
[2022-02-05 17:58:14] - [index:    965] label: (177, 213) pred: (175, 209) delta(pixel): 5
[2022-02-05 17:58:14] - [index:    966] label: (135, 182) pred: (135, 184) delta(pixel): 2
[2022-02-05 17:58:14] - [index:    967] label: (112, 141) pred: (112, 142) delta(pixel): 1
[2022-02-05 17:58:14] - [index:    968] label: (77, 125) pred: (76, 127) delta(pixel): 3
[2022-02-05 17:58:14] - [index:    969] label: (163, 199) pred: (164, 201) delta(pixel): 3
[2022-02-05 17:58:14] - [index:    970] label: (166, 204) pred: (165, 206) delta(pixel): 1
[2022-02-05 17:58:14] - [index:    971] label: (76, 118) pred: (75, 119) delta(pixel): 3
[2022-02-05 17:58:14] - [index:    972] label: (141, 170) pred: (141, 171) delta(pixel): 2
[2022-02-05 17:58:14] - [index:    973] label: (175, 210) pred: (174, 208) delta(pixel): 3
[2022-02-05 17:58:14] - [index:    974] label: (130, 157) pred: (130, 158) delta(pixel): 1
[2022-02-05 17:58:14] - [index:    975] label: (106, 159) pred: (105, 161) delta(pixel): 2
[2022-02-05 17:58:14] - [index:    976] label: (115, 159) pred: (114, 160) delta(pixel): 1
[2022-02-05 17:58:14] - [index:    977] label: (109, 139) pred: (110, 141) delta(pixel): 1
[2022-02-05 17:58:14] - [index:    978] label: (80, 123) pred: (79, 124) delta(pixel): 2
[2022-02-05 17:58:14] - [index:    979] label: (120, 168) pred: (120, 170) delta(pixel): 2
[2022-02-05 17:58:14] - [index:    980] label: (98, 159) pred: (98, 162) delta(pixel): 3
[2022-02-05 17:58:14] - [index:    981] label: (91, 134) pred: (90, 135) delta(pixel): 1
[2022-02-05 17:58:14] - [index:    982] label: (140, 185) pred: (140, 187) delta(pixel): 2
[2022-02-05 17:58:14] - [index:    983] label: (113, 149) pred: (112, 151) delta(pixel): 2
[2022-02-05 17:58:14] - [index:    984] label: (103, 155) pred: (102, 156) delta(pixel): 2
[2022-02-05 17:58:14] - [index:    985] label: (88, 147) pred: (87, 150) delta(pixel): 3
[2022-02-05 17:58:14] - [index:    986] label: (121, 163) pred: (121, 165) delta(pixel): 2
[2022-02-05 17:58:14] - [index:    987] label: (62, 108) pred: (61, 108) delta(pixel): 1
[2022-02-05 17:58:14] - [index:    988] label: (154, 186) pred: (155, 188) delta(pixel): 3
[2022-02-05 17:58:14] - [index:    989] label: (72, 125) pred: (71, 127) delta(pixel): 3
[2022-02-05 17:58:14] - [index:    990] label: (74, 113) pred: (72, 114) delta(pixel): 2
[2022-02-05 17:58:14] - [index:    991] label: (105, 143) pred: (104, 145) delta(pixel): 2
[2022-02-05 17:58:14] - [index:    992] label: (106, 138) pred: (106, 140) delta(pixel): 2
[2022-02-05 17:58:14] - [index:    993] label: (119, 172) pred: (119, 174) delta(pixel): 2
[2022-02-05 17:58:14] - [index:    994] label: (87, 123) pred: (86, 126) delta(pixel): 2
[2022-02-05 17:58:14] - [index:    995] label: (131, 172) pred: (131, 173) delta(pixel): 2
[2022-02-05 17:58:14] - [index:    996] label: (133, 165) pred: (132, 166) delta(pixel): 1
[2022-02-05 17:58:14] - [index:    997] label: (130, 157) pred: (130, 158) delta(pixel): 0
[2022-02-05 17:58:14] - [index:    998] label: (142, 176) pred: (142, 177) delta(pixel): 1
[2022-02-05 17:58:14] - [index:    999] label: (120, 166) pred: (121, 168) delta(pixel): 2
[2022-02-05 17:58:14] - [index:   1000] label: (83, 128) pred: (82, 129) delta(pixel): 2
[2022-02-05 17:58:14] - [index:   1001] label: (142, 191) pred: (142, 193) delta(pixel): 1
[2022-02-05 17:58:14] - [index:   1002] label: (114, 142) pred: (114, 144) delta(pixel): 1
[2022-02-05 17:58:14] - [index:   1003] label: (118, 161) pred: (118, 162) delta(pixel): 1
[2022-02-05 17:58:14] - [index:   1004] label: (154, 198) pred: (154, 199) delta(pixel): 1
[2022-02-05 17:58:14] - [index:   1005] label: (106, 167) pred: (106, 169) delta(pixel): 2
[2022-02-05 17:58:14] - [index:   1006] label: (142, 177) pred: (142, 179) delta(pixel): 1
[2022-02-05 17:58:14] - [index:   1007] label: (88, 122) pred: (88, 123) delta(pixel): 1
[2022-02-05 17:58:14] - [index:   1008] label: (143, 186) pred: (143, 188) delta(pixel): 1
[2022-02-05 17:58:14] - [index:   1009] label: (103, 149) pred: (102, 150) delta(pixel): 1
[2022-02-05 17:58:14] - [index:   1010] label: (114, 160) pred: (115, 162) delta(pixel): 1
[2022-02-05 17:58:14] - [index:   1011] label: (103, 149) pred: (102, 150) delta(pixel): 1
[2022-02-05 17:58:14] - [index:   1012] label: (133, 159) pred: (133, 160) delta(pixel): 1
[2022-02-05 17:58:14] - [index:   1013] label: (101, 145) pred: (99, 147) delta(pixel): 2
[2022-02-05 17:58:14] - [index:   1014] label: (76, 120) pred: (75, 122) delta(pixel): 3
[2022-02-05 17:58:14] - [index:   1015] label: (85, 126) pred: (85, 127) delta(pixel): 2
[2022-02-05 17:58:14] - [index:   1016] label: (168, 202) pred: (168, 204) delta(pixel): 2
[2022-02-05 17:58:14] - [index:   1017] label: (123, 174) pred: (123, 176) delta(pixel): 2
[2022-02-05 17:58:14] - [index:   1018] label: (103, 134) pred: (104, 135) delta(pixel): 1
[2022-02-05 17:58:14] - [index:   1019] label: (126, 174) pred: (125, 176) delta(pixel): 2
[2022-02-05 17:58:14] - [index:   1020] label: (112, 155) pred: (113, 158) delta(pixel): 2
[2022-02-05 17:58:14] - [index:   1021] label: (171, 207) pred: (170, 208) delta(pixel): 1
[2022-02-05 17:58:14] - [index:   1022] label: (129, 170) pred: (129, 171) delta(pixel): 1
[2022-02-05 17:58:14] - [index:   1023] label: (144, 175) pred: (145, 177) delta(pixel): 2
[2022-02-05 17:58:14] - [index:   1024] label: (163, 199) pred: (164, 201) delta(pixel): 3
[2022-02-05 17:58:14] - [index:   1025] label: (66, 104) pred: (65, 105) delta(pixel): 2
[2022-02-05 17:58:14] - [index:   1026] label: (134, 166) pred: (135, 168) delta(pixel): 2
[2022-02-05 17:58:14] - [index:   1027] label: (115, 150) pred: (115, 152) delta(pixel): 2
[2022-02-05 17:58:14] - [index:   1028] label: (111, 142) pred: (110, 143) delta(pixel): 1
[2022-02-05 17:58:14] - [index:   1029] label: (138, 186) pred: (137, 188) delta(pixel): 3
[2022-02-05 17:58:14] - [index:   1030] label: (76, 118) pred: (75, 119) delta(pixel): 2
[2022-02-05 17:58:14] - [index:   1031] label: (81, 117) pred: (81, 119) delta(pixel): 2
[2022-02-05 17:58:14] - [index:   1032] label: (139, 189) pred: (138, 192) delta(pixel): 2
[2022-02-05 17:58:14] - [index:   1033] label: (54, 95) pred: (58, 98) delta(pixel): 7
[2022-02-05 17:58:14] - [index:   1034] label: (114, 147) pred: (114, 148) delta(pixel): 1
[2022-02-05 17:58:14] - [index:   1035] label: (120, 168) pred: (120, 170) delta(pixel): 2
[2022-02-05 17:58:14] - [index:   1036] label: (164, 201) pred: (165, 204) delta(pixel): 2
[2022-02-05 17:58:14] - [index:   1037] label: (88, 138) pred: (87, 138) delta(pixel): 1
[2022-02-05 17:58:14] - [index:   1038] label: (80, 120) pred: (80, 121) delta(pixel): 1
[2022-02-05 17:58:14] - [index:   1039] label: (124, 159) pred: (124, 160) delta(pixel): 0
[2022-02-05 17:58:14] - [index:   1040] label: (115, 159) pred: (115, 160) delta(pixel): 1
[2022-02-05 17:58:14] - [index:   1041] label: (90, 126) pred: (89, 128) delta(pixel): 2
[2022-02-05 17:58:14] - [index:   1042] label: (117, 154) pred: (116, 155) delta(pixel): 1
[2022-02-05 17:58:14] - [index:   1043] label: (105, 139) pred: (104, 140) delta(pixel): 2
[2022-02-05 17:58:14] - [index:   1044] label: (138, 173) pred: (137, 175) delta(pixel): 2
[2022-02-05 17:58:14] - [index:   1045] label: (131, 170) pred: (131, 171) delta(pixel): 1
[2022-02-05 17:58:14] - [index:   1046] label: (149, 182) pred: (149, 185) delta(pixel): 2
[2022-02-05 17:58:14] - [index:   1047] label: (87, 126) pred: (87, 127) delta(pixel): 1
[2022-02-05 17:58:14] - [index:   1048] label: (81, 117) pred: (81, 119) delta(pixel): 2
[2022-02-05 17:58:14] - [index:   1049] label: (78, 136) pred: (76, 137) delta(pixel): 3
[2022-02-05 17:58:14] - [index:   1050] label: (147, 180) pred: (146, 181) delta(pixel): 2
[2022-02-05 17:58:14] - [index:   1051] label: (166, 204) pred: (165, 205) delta(pixel): 1
[2022-02-05 17:58:14] - [index:   1052] label: (144, 175) pred: (145, 176) delta(pixel): 1
[2022-02-05 17:58:14] - [index:   1053] label: (59, 98) pred: (59, 100) delta(pixel): 2
[2022-02-05 17:58:14] - [index:   1054] label: (66, 107) pred: (65, 108) delta(pixel): 2
[2022-02-05 17:58:14] - [index:   1055] label: (148, 183) pred: (148, 185) delta(pixel): 1
[2022-02-05 17:58:14] - [index:   1056] label: (111, 151) pred: (110, 152) delta(pixel): 2
[2022-02-05 17:58:14] - [index:   1057] label: (123, 153) pred: (122, 154) delta(pixel): 1
[2022-02-05 17:58:14] - [index:   1058] label: (160, 192) pred: (161, 194) delta(pixel): 3
[2022-02-05 17:58:14] - [index:   1059] label: (91, 128) pred: (91, 130) delta(pixel): 2
[2022-02-05 17:58:14] - [index:   1060] label: (90, 128) pred: (90, 129) delta(pixel): 1
[2022-02-05 17:58:14] - [index:   1061] label: (126, 172) pred: (125, 174) delta(pixel): 2
[2022-02-05 17:58:14] - [index:   1062] label: (119, 149) pred: (119, 149) delta(pixel): 0
[2022-02-05 17:58:14] - [index:   1063] label: (136, 165) pred: (137, 166) delta(pixel): 1
[2022-02-05 17:58:14] - [index:   1064] label: (91, 134) pred: (90, 135) delta(pixel): 1
[2022-02-05 17:58:14] - [index:   1065] label: (114, 175) pred: (114, 177) delta(pixel): 2
[2022-02-05 17:58:14] - [index:   1066] label: (102, 134) pred: (101, 136) delta(pixel): 2
[2022-02-05 17:58:14] - [index:   1067] label: (142, 170) pred: (142, 172) delta(pixel): 2
[2022-02-05 17:58:14] - [index:   1068] label: (69, 107) pred: (69, 109) delta(pixel): 3
[2022-02-05 17:58:14] - [index:   1069] label: (140, 183) pred: (139, 185) delta(pixel): 2
[2022-02-05 17:58:14] - [index:   1070] label: (145, 196) pred: (144, 197) delta(pixel): 2
[2022-02-05 17:58:14] - [index:   1071] label: (141, 173) pred: (141, 174) delta(pixel): 0
[2022-02-05 17:58:14] - [index:   1072] label: (147, 189) pred: (148, 192) delta(pixel): 2
[2022-02-05 17:58:14] - [index:   1073] label: (140, 176) pred: (140, 177) delta(pixel): 1
[2022-02-05 17:58:14] - [index:   1074] label: (105, 170) pred: (105, 172) delta(pixel): 2
[2022-02-05 17:58:14] - [index:   1075] label: (103, 149) pred: (102, 150) delta(pixel): 1
[2022-02-05 17:58:14] - [index:   1076] label: (73, 109) pred: (72, 111) delta(pixel): 2
[2022-02-05 17:58:14] - [index:   1077] label: (142, 177) pred: (143, 179) delta(pixel): 2
[2022-02-05 17:58:14] - [index:   1078] label: (54, 95) pred: (58, 100) delta(pixel): 9
[2022-02-05 17:58:14] - [index:   1079] label: (116, 150) pred: (115, 151) delta(pixel): 1
[2022-02-05 17:58:14] - [index:   1080] label: (109, 154) pred: (107, 155) delta(pixel): 1
[2022-02-05 17:58:14] - [index:   1081] label: (135, 170) pred: (135, 170) delta(pixel): 0
[2022-02-05 17:58:14] - [index:   1082] label: (133, 165) pred: (132, 165) delta(pixel): 1
[2022-02-05 17:58:14] - [index:   1083] label: (140, 183) pred: (139, 185) delta(pixel): 2
[2022-02-05 17:58:14] - [index:   1084] label: (126, 161) pred: (127, 163) delta(pixel): 1
[2022-02-05 17:58:14] - [index:   1085] label: (79, 128) pred: (79, 131) delta(pixel): 2
[2022-02-05 17:58:14] - [index:   1086] label: (145, 178) pred: (145, 179) delta(pixel): 1
[2022-02-05 17:58:14] - [index:   1087] label: (102, 134) pred: (102, 136) delta(pixel): 2
[2022-02-05 17:58:14] - [index:   1088] label: (59, 98) pred: (60, 101) delta(pixel): 3
[2022-02-05 17:58:14] - [index:   1089] label: (128, 159) pred: (129, 160) delta(pixel): 1
[2022-02-05 17:58:14] - [index:   1090] label: (78, 122) pred: (77, 124) delta(pixel): 2
[2022-02-05 17:58:14] - [index:   1091] label: (127, 156) pred: (127, 157) delta(pixel): 0
[2022-02-05 17:58:14] - [index:   1092] label: (81, 135) pred: (79, 137) delta(pixel): 3
[2022-02-05 17:58:14] - [index:   1093] label: (151, 190) pred: (151, 191) delta(pixel): 1
[2022-02-05 17:58:14] - [index:   1094] label: (164, 196) pred: (164, 199) delta(pixel): 3
[2022-02-05 17:58:14] - [index:   1095] label: (117, 148) pred: (117, 149) delta(pixel): 1
[2022-02-05 17:58:14] - [index:   1096] label: (119, 156) pred: (119, 158) delta(pixel): 2
[2022-02-05 17:58:14] - [index:   1097] label: (96, 136) pred: (95, 138) delta(pixel): 2
[2022-02-05 17:58:14] - [index:   1098] label: (178, 213) pred: (175, 209) delta(pixel): 7
[2022-02-05 17:58:14] - [index:   1099] label: (129, 170) pred: (128, 171) delta(pixel): 1
[2022-02-05 17:58:14] - [index:   1100] label: (140, 176) pred: (139, 177) delta(pixel): 1
[2022-02-05 17:58:14] - [index:   1101] label: (140, 174) pred: (139, 175) delta(pixel): 0
[2022-02-05 17:58:14] - [index:   1102] label: (162, 202) pred: (162, 204) delta(pixel): 1
[2022-02-05 17:58:14] - [index:   1103] label: (64, 103) pred: (63, 104) delta(pixel): 2
[2022-02-05 17:58:14] - [index:   1104] label: (133, 166) pred: (133, 167) delta(pixel): 1
[2022-02-05 17:58:14] - [index:   1105] label: (139, 168) pred: (139, 168) delta(pixel): 0
[2022-02-05 17:58:14] - [index:   1106] label: (113, 178) pred: (113, 181) delta(pixel): 2
[2022-02-05 17:58:14] - [index:   1107] label: (107, 145) pred: (107, 146) delta(pixel): 1
[2022-02-05 17:58:14] - [index:   1108] label: (105, 136) pred: (106, 138) delta(pixel): 2
[2022-02-05 17:58:14] - [index:   1109] label: (100, 138) pred: (99, 139) delta(pixel): 2
[2022-02-05 17:58:14] - [index:   1110] label: (88, 122) pred: (88, 123) delta(pixel): 2
[2022-02-05 17:58:14] - [index:   1111] label: (138, 167) pred: (138, 169) delta(pixel): 1
[2022-02-05 17:58:14] - [index:   1112] label: (93, 136) pred: (92, 138) delta(pixel): 2
[2022-02-05 17:58:14] - [index:   1113] label: (141, 174) pred: (141, 176) delta(pixel): 1
[2022-02-05 17:58:14] - [index:   1114] label: (93, 136) pred: (92, 138) delta(pixel): 2
[2022-02-05 17:58:14] - [index:   1115] label: (166, 201) pred: (165, 203) delta(pixel): 2
[2022-02-05 17:58:14] - [index:   1116] label: (122, 157) pred: (121, 157) delta(pixel): 1
[2022-02-05 17:58:14] - [index:   1117] label: (132, 175) pred: (131, 177) delta(pixel): 2
[2022-02-05 17:58:14] - [index:   1118] label: (143, 174) pred: (143, 176) delta(pixel): 2
[2022-02-05 17:58:14] - [index:   1119] label: (161, 193) pred: (162, 196) delta(pixel): 3
[2022-02-05 17:58:14] - [index:   1120] label: (151, 182) pred: (151, 184) delta(pixel): 2
[2022-02-05 17:58:14] - [index:   1121] label: (147, 176) pred: (147, 178) delta(pixel): 2
[2022-02-05 17:58:14] - [index:   1122] label: (130, 157) pred: (130, 158) delta(pixel): 1
[2022-02-05 17:58:14] - [index:   1123] label: (74, 119) pred: (72, 121) delta(pixel): 3
[2022-02-05 17:58:14] - [index:   1124] label: (72, 111) pred: (71, 112) delta(pixel): 2
[2022-02-05 17:58:14] - [index:   1125] label: (153, 200) pred: (152, 200) delta(pixel): 1
[2022-02-05 17:58:14] - [index:   1126] label: (131, 163) pred: (130, 163) delta(pixel): 0
[2022-02-05 17:58:14] - [index:   1127] label: (126, 160) pred: (126, 161) delta(pixel): 1
[2022-02-05 17:58:14] - [index:   1128] label: (143, 174) pred: (143, 176) delta(pixel): 2
[2022-02-05 17:58:14] - [index:   1129] label: (111, 142) pred: (110, 143) delta(pixel): 1
[2022-02-05 17:58:14] - [index:   1130] label: (130, 156) pred: (130, 158) delta(pixel): 1
[2022-02-05 17:58:14] - [index:   1131] label: (71, 119) pred: (70, 120) delta(pixel): 2
[2022-02-05 17:58:14] - [index:   1132] label: (96, 130) pred: (96, 133) delta(pixel): 3
[2022-02-05 17:58:14] - [index:   1133] label: (126, 159) pred: (127, 159) delta(pixel): 0
[2022-02-05 17:58:14] - [index:   1134] label: (175, 210) pred: (174, 209) delta(pixel): 2
[2022-02-05 17:58:14] - [index:   1135] label: (85, 138) pred: (84, 140) delta(pixel): 3
[2022-02-05 17:58:14] - [index:   1136] label: (94, 128) pred: (93, 130) delta(pixel): 2
[2022-02-05 17:58:14] - [index:   1137] label: (78, 114) pred: (77, 117) delta(pixel): 2
[2022-02-05 17:58:14] - [index:   1138] label: (112, 141) pred: (112, 142) delta(pixel): 1
[2022-02-05 17:58:14] - [index:   1139] label: (75, 125) pred: (73, 128) delta(pixel): 3
[2022-02-05 17:58:14] - [index:   1140] label: (82, 121) pred: (81, 122) delta(pixel): 1
[2022-02-05 17:58:14] - [index:   1141] label: (116, 156) pred: (115, 158) delta(pixel): 1
[2022-02-05 17:58:14] - [index:   1142] label: (154, 198) pred: (154, 199) delta(pixel): 1
[2022-02-05 17:58:14] - [index:   1143] label: (131, 168) pred: (131, 170) delta(pixel): 1
[2022-02-05 17:58:14] - [index:   1144] label: (107, 138) pred: (107, 139) delta(pixel): 1
[2022-02-05 17:58:14] - [index:   1145] label: (92, 131) pred: (91, 132) delta(pixel): 2
[2022-02-05 17:58:14] - [index:   1146] label: (114, 147) pred: (114, 149) delta(pixel): 2
[2022-02-05 17:58:14] - [index:   1147] label: (124, 162) pred: (124, 163) delta(pixel): 1
[2022-02-05 17:58:14] - [index:   1148] label: (114, 146) pred: (113, 146) delta(pixel): 1
[2022-02-05 17:58:14] - [index:   1149] label: (144, 174) pred: (144, 175) delta(pixel): 2
[2022-02-05 17:58:14] - [index:   1150] label: (142, 194) pred: (141, 195) delta(pixel): 1
[2022-02-05 17:58:14] - [index:   1151] label: (107, 138) pred: (106, 139) delta(pixel): 2
[2022-02-05 17:58:14] - [index:   1152] label: (123, 168) pred: (122, 169) delta(pixel): 1
[2022-02-05 17:58:14] - [index:   1153] label: (138, 169) pred: (138, 169) delta(pixel): 0
[2022-02-05 17:58:15] - [index:   1154] label: (84, 123) pred: (82, 125) delta(pixel): 2
[2022-02-05 17:58:15] - [index:   1155] label: (124, 158) pred: (124, 159) delta(pixel): 1
[2022-02-05 17:58:15] - [index:   1156] label: (111, 158) pred: (111, 160) delta(pixel): 2
[2022-02-05 17:58:15] - [index:   1157] label: (146, 176) pred: (146, 178) delta(pixel): 2
[2022-02-05 17:58:15] - [index:   1158] label: (139, 171) pred: (138, 173) delta(pixel): 1
[2022-02-05 17:58:15] - [index:   1159] label: (177, 213) pred: (175, 209) delta(pixel): 5
[2022-02-05 17:58:15] - [index:   1160] label: (115, 170) pred: (116, 172) delta(pixel): 2
[2022-02-05 17:58:15] - [index:   1161] label: (66, 111) pred: (64, 112) delta(pixel): 3
[2022-02-05 17:58:15] - [index:   1162] label: (172, 208) pred: (171, 209) delta(pixel): 1
[2022-02-05 17:58:15] - [index:   1163] label: (174, 209) pred: (172, 209) delta(pixel): 1
[2022-02-05 17:58:15] - [index:   1164] label: (119, 172) pred: (119, 174) delta(pixel): 2
[2022-02-05 17:58:15] - [index:   1165] label: (120, 168) pred: (119, 169) delta(pixel): 1
[2022-02-05 17:58:15] - [index:   1166] label: (161, 194) pred: (162, 197) delta(pixel): 3
[2022-02-05 17:58:15] - [index:   1167] label: (123, 151) pred: (124, 153) delta(pixel): 2
[2022-02-05 17:58:15] - [index:   1168] label: (125, 154) pred: (124, 154) delta(pixel): 0
[2022-02-05 17:58:15] - [index:   1169] label: (117, 164) pred: (117, 166) delta(pixel): 1
[2022-02-05 17:58:15] - [index:   1170] label: (114, 142) pred: (114, 144) delta(pixel): 1
[2022-02-05 17:58:15] - [index:   1171] label: (133, 189) pred: (132, 191) delta(pixel): 2
[2022-02-05 17:58:15] - [index:   1172] label: (175, 210) pred: (174, 208) delta(pixel): 3
[2022-02-05 17:58:15] - [index:   1173] label: (127, 155) pred: (127, 156) delta(pixel): 1
[2022-02-05 17:58:15] - [index:   1174] label: (173, 207) pred: (171, 208) delta(pixel): 3
[2022-02-05 17:58:15] - [index:   1175] label: (103, 173) pred: (103, 174) delta(pixel): 1
[2022-02-05 17:58:15] - [index:   1176] label: (65, 109) pred: (63, 110) delta(pixel): 2
[2022-02-05 17:58:15] - [index:   1177] label: (159, 197) pred: (160, 198) delta(pixel): 1
[2022-02-05 17:58:15] - [index:   1178] label: (174, 209) pred: (172, 209) delta(pixel): 2
[2022-02-05 17:58:15] - [index:   1179] label: (148, 179) pred: (148, 181) delta(pixel): 2
[2022-02-05 17:58:15] - [index:   1180] label: (148, 183) pred: (148, 185) delta(pixel): 1
[2022-02-05 17:58:15] - [index:   1181] label: (133, 160) pred: (133, 161) delta(pixel): 0
[2022-02-05 17:58:15] - [index:   1182] label: (159, 193) pred: (160, 196) delta(pixel): 3
[2022-02-05 17:58:15] - [index:   1183] label: (147, 184) pred: (148, 185) delta(pixel): 1
[2022-02-05 17:58:15] - [index:   1184] label: (138, 186) pred: (137, 188) delta(pixel): 2
[2022-02-05 17:58:15] - [index:   1185] label: (88, 147) pred: (87, 149) delta(pixel): 2
[2022-02-05 17:58:15] - [index:   1186] label: (129, 160) pred: (128, 160) delta(pixel): 0
[2022-02-05 17:58:15] - [index:   1187] label: (113, 154) pred: (113, 156) delta(pixel): 1
[2022-02-05 17:58:15] - [index:   1188] label: (155, 189) pred: (155, 191) delta(pixel): 2
[2022-02-05 17:58:15] - [index:   1189] label: (116, 144) pred: (115, 145) delta(pixel): 1
[2022-02-05 17:58:15] - [index:   1190] label: (80, 140) pred: (79, 141) delta(pixel): 2
[2022-02-05 17:58:15] - [index:   1191] label: (160, 195) pred: (161, 198) delta(pixel): 3
[2022-02-05 17:58:15] - [index:   1192] label: (160, 192) pred: (161, 195) delta(pixel): 4
[2022-02-05 17:58:15] - [index:   1193] label: (121, 149) pred: (121, 151) delta(pixel): 2
[2022-02-05 17:58:15] - [index:   1194] label: (89, 137) pred: (89, 138) delta(pixel): 1
[2022-02-05 17:58:15] - [index:   1195] label: (114, 160) pred: (114, 162) delta(pixel): 1
[2022-02-05 17:58:15] - [index:   1196] label: (124, 162) pred: (123, 163) delta(pixel): 1
[2022-02-05 17:58:15] - [index:   1197] label: (80, 120) pred: (79, 122) delta(pixel): 2
[2022-02-05 17:58:15] - [index:   1198] label: (90, 131) pred: (90, 132) delta(pixel): 1
[2022-02-05 17:58:15] - [index:   1199] label: (157, 202) pred: (157, 203) delta(pixel): 1
[2022-02-05 17:58:15] - [index:   1200] label: (112, 155) pred: (113, 157) delta(pixel): 2
[2022-02-05 17:58:15] - [index:   1201] label: (133, 167) pred: (133, 169) delta(pixel): 1
[2022-02-05 17:58:15] - [index:   1202] label: (98, 147) pred: (97, 148) delta(pixel): 1
[2022-02-05 17:58:15] - [index:   1203] label: (171, 207) pred: (170, 208) delta(pixel): 1
[2022-02-05 17:58:15] - [index:   1204] label: (136, 166) pred: (137, 167) delta(pixel): 1
[2022-02-05 17:58:15] - [index:   1205] label: (147, 178) pred: (147, 180) delta(pixel): 1
[2022-02-05 17:58:15] - [index:   1206] label: (154, 184) pred: (154, 186) delta(pixel): 2
[2022-02-05 17:58:15] - [index:   1207] label: (97, 133) pred: (97, 134) delta(pixel): 2
[2022-02-05 17:58:15] - [index:   1208] label: (102, 145) pred: (101, 146) delta(pixel): 2
[2022-02-05 17:58:15] - [index:   1209] label: (144, 177) pred: (144, 179) delta(pixel): 2
[2022-02-05 17:58:15] - [index:   1210] label: (112, 144) pred: (113, 146) delta(pixel): 2
[2022-02-05 17:58:15] - [index:   1211] label: (137, 170) pred: (136, 171) delta(pixel): 1
[2022-02-05 17:58:15] - [index:   1212] label: (134, 177) pred: (134, 178) delta(pixel): 1
[2022-02-05 17:58:15] - [index:   1213] label: (83, 128) pred: (82, 129) delta(pixel): 1
[2022-02-05 17:58:15] - [index:   1214] label: (132, 158) pred: (132, 159) delta(pixel): 0
[2022-02-05 17:58:15] - [index:   1215] label: (162, 200) pred: (163, 202) delta(pixel): 2
[2022-02-05 17:58:15] - [index:   1216] label: (172, 210) pred: (171, 209) delta(pixel): 2
[2022-02-05 17:58:15] - [index:   1217] label: (137, 171) pred: (137, 173) delta(pixel): 2
[2022-02-05 17:58:15] - [index:   1218] label: (82, 117) pred: (82, 118) delta(pixel): 1
[2022-02-05 17:58:15] - [index:   1219] label: (169, 203) pred: (169, 205) delta(pixel): 2
[2022-02-05 17:58:15] - [index:   1220] label: (127, 155) pred: (127, 156) delta(pixel): 1
[2022-02-05 17:58:15] - [index:   1221] label: (95, 140) pred: (95, 141) delta(pixel): 2
[2022-02-05 17:58:15] - [index:   1222] label: (131, 167) pred: (131, 168) delta(pixel): 1
[2022-02-05 17:58:15] - [index:   1223] label: (90, 131) pred: (90, 132) delta(pixel): 1
[2022-02-05 17:58:15] - [index:   1224] label: (117, 166) pred: (116, 168) delta(pixel): 2
[2022-02-05 17:58:15] - [index:   1225] label: (153, 183) pred: (154, 185) delta(pixel): 4
[2022-02-05 17:58:15] - [index:   1226] label: (132, 174) pred: (131, 175) delta(pixel): 1
[2022-02-05 17:58:15] - [index:   1227] label: (109, 153) pred: (109, 154) delta(pixel): 2
[2022-02-05 17:58:15] - [index:   1228] label: (128, 154) pred: (128, 155) delta(pixel): 1
[2022-02-05 17:58:15] - [index:   1229] label: (75, 125) pred: (74, 127) delta(pixel): 3
[2022-02-05 17:58:15] - [index:   1230] label: (120, 166) pred: (120, 168) delta(pixel): 2
[2022-02-05 17:58:15] - [index:   1231] label: (93, 140) pred: (92, 141) delta(pixel): 1
[2022-02-05 17:58:15] - [index:   1232] label: (156, 199) pred: (157, 200) delta(pixel): 1
[2022-02-05 17:58:15] - [index:   1233] label: (117, 153) pred: (117, 155) delta(pixel): 2
[2022-02-05 17:58:15] - [index:   1234] label: (88, 126) pred: (88, 128) delta(pixel): 2
[2022-02-05 17:58:15] - [index:   1235] label: (129, 172) pred: (129, 174) delta(pixel): 1
[2022-02-05 17:58:15] - [index:   1236] label: (98, 135) pred: (97, 137) delta(pixel): 2
[2022-02-05 17:58:15] - [index:   1237] label: (126, 170) pred: (125, 172) delta(pixel): 2
[2022-02-05 17:58:15] - [index:   1238] label: (85, 148) pred: (84, 150) delta(pixel): 3
[2022-02-05 17:58:15] - [index:   1239] label: (123, 174) pred: (122, 176) delta(pixel): 2
[2022-02-05 17:58:15] - [index:   1240] label: (98, 170) pred: (98, 172) delta(pixel): 2
[2022-02-05 17:58:15] - [index:   1241] label: (111, 151) pred: (110, 153) delta(pixel): 2
[2022-02-05 17:58:15] - [index:   1242] label: (121, 161) pred: (121, 163) delta(pixel): 1
[2022-02-05 17:58:15] - [index:   1243] label: (129, 176) pred: (129, 178) delta(pixel): 2
[2022-02-05 17:58:15] - [index:   1244] label: (110, 152) pred: (109, 154) delta(pixel): 2
[2022-02-05 17:58:15] - [index:   1245] label: (116, 150) pred: (115, 151) delta(pixel): 1
[2022-02-05 17:58:15] - [index:   1246] label: (139, 180) pred: (139, 182) delta(pixel): 2
[2022-02-05 17:58:15] - [index:   1247] label: (120, 170) pred: (120, 172) delta(pixel): 2
[2022-02-05 17:58:15] - [index:   1248] label: (75, 122) pred: (74, 124) delta(pixel): 3
[2022-02-05 17:58:15] - [index:   1249] label: (84, 121) pred: (83, 123) delta(pixel): 2
[2022-02-05 17:58:15] - [index:   1250] label: (112, 141) pred: (113, 143) delta(pixel): 2
[2022-02-05 17:58:15] - [index:   1251] label: (166, 199) pred: (166, 201) delta(pixel): 2
[2022-02-05 17:58:15] - [index:   1252] label: (154, 198) pred: (154, 199) delta(pixel): 1
[2022-02-05 17:58:15] - [index:   1253] label: (65, 105) pred: (63, 105) delta(pixel): 2
[2022-02-05 17:58:15] - [index:   1254] label: (56, 97) pred: (57, 99) delta(pixel): 3
[2022-02-05 17:58:15] - [index:   1255] label: (95, 128) pred: (96, 131) delta(pixel): 3
[2022-02-05 17:58:15] - [index:   1256] label: (153, 183) pred: (154, 185) delta(pixel): 3
[2022-02-05 17:58:15] - [index:   1257] label: (87, 123) pred: (87, 125) delta(pixel): 2
[2022-02-05 17:58:15] - [index:   1258] label: (154, 187) pred: (154, 189) delta(pixel): 2
[2022-02-05 17:58:15] - [index:   1259] label: (140, 174) pred: (139, 176) delta(pixel): 2
[2022-02-05 17:58:15] - [index:   1260] label: (154, 184) pred: (154, 187) delta(pixel): 3
[2022-02-05 17:58:15] - [index:   1261] label: (165, 207) pred: (165, 207) delta(pixel): 0
[2022-02-05 17:58:15] - [index:   1262] label: (116, 168) pred: (116, 169) delta(pixel): 1
[2022-02-05 17:58:15] - [index:   1263] label: (63, 110) pred: (62, 111) delta(pixel): 2
[2022-02-05 17:58:15] - [index:   1264] label: (87, 121) pred: (87, 124) delta(pixel): 2
[2022-02-05 17:58:15] - [index:   1265] label: (166, 199) pred: (165, 202) delta(pixel): 3
[2022-02-05 17:58:15] - [index:   1266] label: (114, 147) pred: (113, 149) delta(pixel): 2
[2022-02-05 17:58:15] - [index:   1267] label: (145, 183) pred: (145, 184) delta(pixel): 2
[2022-02-05 17:58:15] - [index:   1268] label: (162, 204) pred: (161, 205) delta(pixel): 0
[2022-02-05 17:58:15] - [index:   1269] label: (88, 153) pred: (87, 156) delta(pixel): 3
[2022-02-05 17:58:15] - [index:   1270] label: (69, 108) pred: (67, 109) delta(pixel): 3
[2022-02-05 17:58:15] - [index:   1271] label: (158, 188) pred: (157, 190) delta(pixel): 2
[2022-02-05 17:58:15] - [index:   1272] label: (98, 170) pred: (98, 171) delta(pixel): 1
[2022-02-05 17:58:15] - [index:   1273] label: (138, 170) pred: (138, 171) delta(pixel): 1
[2022-02-05 17:58:15] - [index:   1274] label: (163, 205) pred: (164, 206) delta(pixel): 0
[2022-02-05 17:58:15] - [index:   1275] label: (146, 176) pred: (146, 178) delta(pixel): 1
[2022-02-05 17:58:15] - [index:   1276] label: (81, 132) pred: (80, 133) delta(pixel): 2
[2022-02-05 17:58:15] - [index:   1277] label: (156, 190) pred: (157, 192) delta(pixel): 3
[2022-02-05 17:58:15] - [index:   1278] label: (157, 193) pred: (158, 195) delta(pixel): 2
[2022-02-05 17:58:15] - [index:   1279] label: (142, 191) pred: (141, 193) delta(pixel): 3
[2022-02-05 17:58:15] - [index:   1280] label: (80, 118) pred: (80, 120) delta(pixel): 2
[2022-02-05 17:58:15] - [index:   1281] label: (90, 131) pred: (90, 133) delta(pixel): 2
[2022-02-05 17:58:15] - [index:   1282] label: (105, 170) pred: (105, 172) delta(pixel): 2
[2022-02-05 17:58:15] - [index:   1283] label: (84, 121) pred: (83, 122) delta(pixel): 2
[2022-02-05 17:58:15] - [index:   1284] label: (78, 118) pred: (78, 120) delta(pixel): 2
[2022-02-05 17:58:15] - [index:   1285] label: (140, 176) pred: (140, 177) delta(pixel): 1
[2022-02-05 17:58:15] - [index:   1286] label: (100, 151) pred: (99, 152) delta(pixel): 2
[2022-02-05 17:58:15] - [index:   1287] label: (126, 162) pred: (126, 163) delta(pixel): 1
[2022-02-05 17:58:15] - [index:   1288] label: (132, 174) pred: (131, 175) delta(pixel): 1
[2022-02-05 17:58:15] - [index:   1289] label: (119, 174) pred: (118, 177) delta(pixel): 3
[2022-02-05 17:58:15] - [index:   1290] label: (62, 104) pred: (61, 105) delta(pixel): 2
[2022-02-05 17:58:15] - [index:   1291] label: (104, 140) pred: (104, 142) delta(pixel): 2
[2022-02-05 17:58:15] - [index:   1292] label: (96, 136) pred: (96, 138) delta(pixel): 2
[2022-02-05 17:58:15] - [index:   1293] label: (127, 157) pred: (127, 158) delta(pixel): 1
[2022-02-05 17:58:15] - [index:   1294] label: (147, 182) pred: (146, 183) delta(pixel): 1
[2022-02-05 17:58:15] - [index:   1295] label: (132, 157) pred: (132, 158) delta(pixel): 1
[2022-02-05 17:58:15] - [index:   1296] label: (119, 174) pred: (118, 177) delta(pixel): 3
[2022-02-05 17:58:15] - [index:   1297] label: (117, 166) pred: (117, 167) delta(pixel): 1
[2022-02-05 17:58:15] - [index:   1298] label: (169, 208) pred: (168, 208) delta(pixel): 1
[2022-02-05 17:58:15] - [index:   1299] label: (125, 154) pred: (125, 154) delta(pixel): 0
[2022-02-05 17:58:15] - [index:   1300] label: (143, 179) pred: (142, 181) delta(pixel): 2
[2022-02-05 17:58:15] - [index:   1301] label: (155, 189) pred: (155, 191) delta(pixel): 2
[2022-02-05 17:58:15] - [index:   1302] label: (130, 159) pred: (131, 161) delta(pixel): 2
[2022-02-05 17:58:15] - [index:   1303] label: (94, 156) pred: (92, 159) delta(pixel): 4
[2022-02-05 17:58:15] - [index:   1304] label: (95, 143) pred: (95, 145) delta(pixel): 1
[2022-02-05 17:58:15] - [index:   1305] label: (155, 188) pred: (156, 190) delta(pixel): 2
[2022-02-05 17:58:15] - [index:   1306] label: (93, 140) pred: (93, 142) delta(pixel): 2
[2022-02-05 17:58:15] - [index:   1307] label: (116, 144) pred: (115, 145) delta(pixel): 1
[2022-02-05 17:58:15] - [index:   1308] label: (103, 173) pred: (103, 174) delta(pixel): 1
[2022-02-05 17:58:15] - [index:   1309] label: (97, 161) pred: (96, 164) delta(pixel): 3
[2022-02-05 17:58:15] - [index:   1310] label: (74, 117) pred: (73, 119) delta(pixel): 2
[2022-02-05 17:58:15] - [index:   1311] label: (128, 155) pred: (129, 157) delta(pixel): 1
[2022-02-05 17:58:15] - [index:   1312] label: (142, 173) pred: (142, 174) delta(pixel): 1
[2022-02-05 17:58:15] - [index:   1313] label: (76, 120) pred: (75, 122) delta(pixel): 3
[2022-02-05 17:58:15] - [index:   1314] label: (146, 176) pred: (146, 178) delta(pixel): 1
[2022-02-05 17:58:15] - [index:   1315] label: (163, 199) pred: (164, 201) delta(pixel): 2
[2022-02-05 17:58:15] - [index:   1316] label: (144, 183) pred: (143, 185) delta(pixel): 1
[2022-02-05 17:58:15] - [index:   1317] label: (138, 170) pred: (138, 170) delta(pixel): 1
[2022-02-05 17:58:15] - [index:   1318] label: (110, 152) pred: (110, 154) delta(pixel): 2
[2022-02-05 17:58:15] - [index:   1319] label: (161, 199) pred: (161, 201) delta(pixel): 1
[2022-02-05 17:58:15] - [index:   1320] label: (150, 191) pred: (150, 193) delta(pixel): 2
[2022-02-05 17:58:15] - [index:   1321] label: (91, 152) pred: (90, 154) delta(pixel): 3
[2022-02-05 17:58:15] - [index:   1322] label: (89, 134) pred: (88, 135) delta(pixel): 1
[2022-02-05 17:58:15] - [index:   1323] label: (161, 193) pred: (162, 195) delta(pixel): 3
[2022-02-05 17:58:15] - [index:   1324] label: (129, 178) pred: (129, 180) delta(pixel): 2
[2022-02-05 17:58:15] - [index:   1325] label: (130, 157) pred: (131, 159) delta(pixel): 2
[2022-02-05 17:58:15] - [index:   1326] label: (147, 176) pred: (147, 177) delta(pixel): 1
[2022-02-05 17:58:15] - [index:   1327] label: (122, 154) pred: (122, 154) delta(pixel): 1
[2022-02-05 17:58:15] - [index:   1328] label: (172, 210) pred: (171, 209) delta(pixel): 2
[2022-02-05 17:58:15] - [index:   1329] label: (171, 209) pred: (170, 209) delta(pixel): 1
[2022-02-05 17:58:15] - [index:   1330] label: (154, 193) pred: (153, 195) delta(pixel): 1
[2022-02-05 17:58:15] - [index:   1331] label: (111, 158) pred: (111, 160) delta(pixel): 2
[2022-02-05 17:58:15] - [index:   1332] label: (115, 145) pred: (114, 146) delta(pixel): 1
[2022-02-05 17:58:15] - [index:   1333] label: (149, 195) pred: (148, 197) delta(pixel): 2
[2022-02-05 17:58:15] - [index:   1334] label: (73, 122) pred: (72, 124) delta(pixel): 2
[2022-02-05 17:58:15] - [index:   1335] label: (88, 138) pred: (87, 140) delta(pixel): 2
[2022-02-05 17:58:15] - [index:   1336] label: (123, 170) pred: (123, 172) delta(pixel): 1
[2022-02-05 17:58:15] - [index:   1337] label: (114, 175) pred: (114, 177) delta(pixel): 2
[2022-02-05 17:58:15] - [index:   1338] label: (101, 134) pred: (100, 136) delta(pixel): 2
[2022-02-05 17:58:15] - [index:   1339] label: (113, 164) pred: (113, 165) delta(pixel): 2
[2022-02-05 17:58:15] - [index:   1340] label: (158, 188) pred: (157, 191) delta(pixel): 3
[2022-02-05 17:58:15] - [index:   1341] label: (154, 198) pred: (154, 199) delta(pixel): 1
[2022-02-05 17:58:15] - [index:   1342] label: (171, 207) pred: (170, 208) delta(pixel): 1
[2022-02-05 17:58:15] - [index:   1343] label: (168, 202) pred: (168, 204) delta(pixel): 2
[2022-02-05 17:58:15] - [index:   1344] label: (123, 170) pred: (122, 171) delta(pixel): 1
[2022-02-05 17:58:15] - [index:   1345] label: (113, 178) pred: (113, 180) delta(pixel): 1
[2022-02-05 17:58:15] - [index:   1346] label: (120, 153) pred: (121, 155) delta(pixel): 2
[2022-02-05 17:58:15] - [index:   1347] label: (113, 143) pred: (114, 145) delta(pixel): 2
[2022-02-05 17:58:15] - [index:   1348] label: (78, 122) pred: (77, 124) delta(pixel): 2
[2022-02-05 17:58:15] - [index:   1349] label: (91, 152) pred: (89, 154) delta(pixel): 4
[2022-02-05 17:58:15] - [index:   1350] label: (135, 167) pred: (135, 168) delta(pixel): 1
[2022-02-05 17:58:15] - [index:   1351] label: (154, 187) pred: (154, 189) delta(pixel): 2
[2022-02-05 17:58:15] - [index:   1352] label: (157, 189) pred: (157, 191) delta(pixel): 2
[2022-02-05 17:58:15] - [index:   1353] label: (146, 180) pred: (146, 182) delta(pixel): 1
[2022-02-05 17:58:15] - [index:   1354] label: (113, 144) pred: (113, 145) delta(pixel): 1
[2022-02-05 17:58:15] - [index:   1355] label: (109, 140) pred: (108, 141) delta(pixel): 1
[2022-02-05 17:58:15] - [index:   1356] label: (93, 130) pred: (92, 132) delta(pixel): 2
[2022-02-05 17:58:15] - [index:   1357] label: (96, 133) pred: (96, 135) delta(pixel): 2
[2022-02-05 17:58:15] - [index:   1358] label: (66, 111) pred: (65, 112) delta(pixel): 2
[2022-02-05 17:58:15] - [index:   1359] label: (86, 143) pred: (84, 144) delta(pixel): 2
[2022-02-05 17:58:15] - [index:   1360] label: (128, 154) pred: (128, 155) delta(pixel): 1
[2022-02-05 17:58:15] - [index:   1361] label: (116, 144) pred: (117, 146) delta(pixel): 2
[2022-02-05 17:58:15] - [index:   1362] label: (142, 177) pred: (142, 178) delta(pixel): 1
[2022-02-05 17:58:15] - [index:   1363] label: (137, 170) pred: (137, 171) delta(pixel): 1
[2022-02-05 17:58:15] - [index:   1364] label: (91, 137) pred: (90, 139) delta(pixel): 2
[2022-02-05 17:58:15] - [index:   1365] label: (121, 163) pred: (120, 164) delta(pixel): 1
[2022-02-05 17:58:15] - [index:   1366] label: (90, 124) pred: (90, 126) delta(pixel): 2
[2022-02-05 17:58:15] - [index:   1367] label: (70, 122) pred: (69, 124) delta(pixel): 3
[2022-02-05 17:58:15] - [index:   1368] label: (88, 122) pred: (88, 123) delta(pixel): 1
[2022-02-05 17:58:15] - [index:   1369] label: (113, 178) pred: (113, 180) delta(pixel): 1
[2022-02-05 17:58:15] - [index:   1370] label: (61, 105) pred: (59, 105) delta(pixel): 1
[2022-02-05 17:58:15] - [index:   1371] label: (68, 119) pred: (66, 120) delta(pixel): 3
[2022-02-05 17:58:15] - [index:   1372] label: (88, 138) pred: (86, 139) delta(pixel): 2
[2022-02-05 17:58:15] - [index:   1373] label: (167, 208) pred: (167, 207) delta(pixel): 0
[2022-02-05 17:58:15] - [index:   1374] label: (92, 131) pred: (91, 132) delta(pixel): 2
[2022-02-05 17:58:15] - [index:   1375] label: (113, 148) pred: (113, 150) delta(pixel): 2
[2022-02-05 17:58:15] - [index:   1376] label: (132, 174) pred: (131, 174) delta(pixel): 1
[2022-02-05 17:58:15] - [index:   1377] label: (131, 172) pred: (131, 173) delta(pixel): 1
[2022-02-05 17:58:15] - [index:   1378] label: (91, 152) pred: (89, 154) delta(pixel): 3
[2022-02-05 17:58:15] - [index:   1379] label: (92, 126) pred: (92, 127) delta(pixel): 1
[2022-02-05 17:58:15] - [index:   1380] label: (94, 133) pred: (93, 135) delta(pixel): 2
[2022-02-05 17:58:15] - [index:   1381] label: (102, 150) pred: (101, 151) delta(pixel): 1
[2022-02-05 17:58:15] - [index:   1382] label: (92, 131) pred: (91, 132) delta(pixel): 2
[2022-02-05 17:58:15] - [index:   1383] label: (169, 203) pred: (169, 204) delta(pixel): 1
[2022-02-05 17:58:15] - [index:   1384] label: (107, 145) pred: (107, 146) delta(pixel): 1
[2022-02-05 17:58:15] - [index:   1385] label: (138, 173) pred: (137, 174) delta(pixel): 2
[2022-02-05 17:58:15] - [index:   1386] label: (138, 169) pred: (138, 170) delta(pixel): 2
[2022-02-05 17:58:16] - [index:   1387] label: (128, 158) pred: (129, 159) delta(pixel): 1
[2022-02-05 17:58:16] - [index:   1388] label: (167, 208) pred: (167, 207) delta(pixel): 1
[2022-02-05 17:58:16] - [index:   1389] label: (104, 160) pred: (104, 162) delta(pixel): 2
[2022-02-05 17:58:16] - [index:   1390] label: (121, 151) pred: (121, 153) delta(pixel): 2
[2022-02-05 17:58:16] - [index:   1391] label: (123, 151) pred: (123, 153) delta(pixel): 1
[2022-02-05 17:58:16] - [index:   1392] label: (84, 123) pred: (82, 125) delta(pixel): 3
[2022-02-05 17:58:16] - [index:   1393] label: (139, 171) pred: (138, 172) delta(pixel): 1
[2022-02-05 17:58:16] - [index:   1394] label: (131, 162) pred: (130, 163) delta(pixel): 1
[2022-02-05 17:58:16] - [index:   1395] label: (122, 156) pred: (122, 157) delta(pixel): 1
[2022-02-05 17:58:16] - [index:   1396] label: (118, 161) pred: (117, 162) delta(pixel): 1
[2022-02-05 17:58:16] - [index:   1397] label: (117, 180) pred: (117, 182) delta(pixel): 2
[2022-02-05 17:58:16] - [index:   1398] label: (161, 199) pred: (161, 201) delta(pixel): 2
[2022-02-05 17:58:16] - [index:   1399] label: (117, 154) pred: (117, 156) delta(pixel): 2
[2022-02-05 17:58:16] - [index:   1400] label: (82, 125) pred: (81, 126) delta(pixel): 1
[2022-02-05 17:58:16] - [index:   1401] label: (83, 128) pred: (83, 130) delta(pixel): 2
[2022-02-05 17:58:16] - [index:   1402] label: (153, 191) pred: (153, 192) delta(pixel): 1
[2022-02-05 17:58:16] - [index:   1403] label: (125, 152) pred: (125, 153) delta(pixel): 1
[2022-02-05 17:58:16] - [index:   1404] label: (126, 159) pred: (127, 161) delta(pixel): 1
[2022-02-05 17:58:16] - [index:   1405] label: (160, 192) pred: (161, 194) delta(pixel): 3
[2022-02-05 17:58:16] - [index:   1406] label: (131, 166) pred: (130, 166) delta(pixel): 1
[2022-02-05 17:58:16] - [index:   1407] label: (120, 153) pred: (121, 155) delta(pixel): 2
[2022-02-05 17:58:16] - [index:   1408] label: (88, 122) pred: (89, 124) delta(pixel): 4
[2022-02-05 17:58:16] - [index:   1409] label: (54, 95) pred: (57, 98) delta(pixel): 5
[2022-02-05 17:58:16] - [index:   1410] label: (136, 166) pred: (137, 167) delta(pixel): 1
[2022-02-05 17:58:16] - [index:   1411] label: (110, 161) pred: (109, 163) delta(pixel): 1
[2022-02-05 17:58:16] - [index:   1412] label: (152, 186) pred: (153, 188) delta(pixel): 3
[2022-02-05 17:58:16] - [index:   1413] label: (109, 140) pred: (108, 141) delta(pixel): 1
[2022-02-05 17:58:16] - [index:   1414] label: (152, 197) pred: (151, 198) delta(pixel): 1
[2022-02-05 17:58:16] - [index:   1415] label: (90, 126) pred: (89, 127) delta(pixel): 2
[2022-02-05 17:58:16] - [index:   1416] label: (126, 165) pred: (126, 166) delta(pixel): 1
[2022-02-05 17:58:16] - [index:   1417] label: (141, 180) pred: (141, 182) delta(pixel): 2
[2022-02-05 17:58:16] - [index:   1418] label: (133, 168) pred: (133, 170) delta(pixel): 1
[2022-02-05 17:58:16] - [index:   1419] label: (128, 154) pred: (128, 155) delta(pixel): 1
[2022-02-05 17:58:16] - [index:   1420] label: (120, 152) pred: (120, 153) delta(pixel): 1
[2022-02-05 17:58:16] - [index:   1421] label: (111, 146) pred: (110, 148) delta(pixel): 2
[2022-02-05 17:58:16] - [index:   1422] label: (142, 170) pred: (142, 172) delta(pixel): 1
[2022-02-05 17:58:16] - [index:   1423] label: (155, 192) pred: (155, 194) delta(pixel): 2
[2022-02-05 17:58:16] - [index:   1424] label: (160, 191) pred: (161, 193) delta(pixel): 3
[2022-02-05 17:58:16] - [index:   1425] label: (71, 109) pred: (70, 110) delta(pixel): 2
[2022-02-05 17:58:16] - [index:   1426] label: (131, 164) pred: (130, 164) delta(pixel): 0
[2022-02-05 17:58:16] - [index:   1427] label: (114, 147) pred: (113, 149) delta(pixel): 2
[2022-02-05 17:58:16] - [index:   1428] label: (76, 114) pred: (75, 115) delta(pixel): 2
[2022-02-05 17:58:16] - [index:   1429] label: (133, 189) pred: (132, 191) delta(pixel): 2
[2022-02-05 17:58:16] - [index:   1430] label: (126, 166) pred: (126, 168) delta(pixel): 1
[2022-02-05 17:58:16] - [index:   1431] label: (103, 140) pred: (102, 142) delta(pixel): 2
[2022-02-05 17:58:16] - [index:   1432] label: (142, 191) pred: (141, 193) delta(pixel): 2
[2022-02-05 17:58:16] - [index:   1433] label: (147, 180) pred: (147, 181) delta(pixel): 2
[2022-02-05 17:58:16] - [index:   1434] label: (126, 182) pred: (125, 184) delta(pixel): 2
[2022-02-05 17:58:16] - [index:   1435] label: (115, 151) pred: (114, 152) delta(pixel): 1
[2022-02-05 17:58:16] - [index:   1436] label: (109, 147) pred: (108, 149) delta(pixel): 2
[2022-02-05 17:58:16] - [index:   1437] label: (135, 162) pred: (135, 163) delta(pixel): 0
[2022-02-05 17:58:16] - [index:   1438] label: (117, 147) pred: (117, 148) delta(pixel): 1
[2022-02-05 17:58:16] - [index:   1439] label: (132, 159) pred: (132, 160) delta(pixel): 0
[2022-02-05 17:58:16] - [index:   1440] label: (85, 131) pred: (84, 132) delta(pixel): 2
[2022-02-05 17:58:16] - [index:   1441] label: (64, 103) pred: (63, 104) delta(pixel): 1
[2022-02-05 17:58:16] - [index:   1442] label: (149, 182) pred: (150, 185) delta(pixel): 2
[2022-02-05 17:58:16] - [index:   1443] label: (98, 132) pred: (98, 134) delta(pixel): 1
[2022-02-05 17:58:16] - [index:   1444] label: (106, 142) pred: (105, 143) delta(pixel): 2
[2022-02-05 17:58:16] - [index:   1445] label: (162, 202) pred: (162, 204) delta(pixel): 1
[2022-02-05 17:58:16] - [index:   1446] label: (100, 138) pred: (99, 139) delta(pixel): 1
[2022-02-05 17:58:16] - [index:   1447] label: (144, 172) pred: (145, 174) delta(pixel): 2
[2022-02-05 17:58:16] - [index:   1448] label: (127, 152) pred: (128, 154) delta(pixel): 2
[2022-02-05 17:58:16] - [index:   1449] label: (100, 158) pred: (99, 160) delta(pixel): 3
[2022-02-05 17:58:16] - [index:   1450] label: (116, 144) pred: (115, 145) delta(pixel): 1
[2022-02-05 17:58:16] - [index:   1451] label: (133, 167) pred: (133, 168) delta(pixel): 1
[2022-02-05 17:58:16] - [index:   1452] label: (134, 177) pred: (134, 179) delta(pixel): 2
[2022-02-05 17:58:16] - [index:   1453] label: (129, 163) pred: (128, 163) delta(pixel): 1
[2022-02-05 17:58:16] - [index:   1454] label: (81, 132) pred: (80, 134) delta(pixel): 3
[2022-02-05 17:58:16] - [index:   1455] label: (86, 143) pred: (84, 145) delta(pixel): 3
[2022-02-05 17:58:16] - [index:   1456] label: (126, 174) pred: (126, 176) delta(pixel): 2
[2022-02-05 17:58:16] - [index:   1457] label: (82, 119) pred: (82, 121) delta(pixel): 2
[2022-02-05 17:58:16] - [index:   1458] label: (148, 186) pred: (148, 188) delta(pixel): 2
[2022-02-05 17:58:16] - [index:   1459] label: (114, 162) pred: (113, 162) delta(pixel): 1
[2022-02-05 17:58:16] - [index:   1460] label: (56, 97) pred: (57, 98) delta(pixel): 2
[2022-02-05 17:58:16] - [index:   1461] label: (113, 164) pred: (113, 165) delta(pixel): 1
[2022-02-05 17:58:16] - [index:   1462] label: (94, 133) pred: (93, 135) delta(pixel): 3
[2022-02-05 17:58:16] - [index:   1463] label: (56, 97) pred: (58, 99) delta(pixel): 4
[2022-02-05 17:58:16] - [index:   1464] label: (104, 139) pred: (103, 141) delta(pixel): 2
[2022-02-05 17:58:16] - [index:   1465] label: (62, 108) pred: (60, 109) delta(pixel): 2
[2022-02-05 17:58:16] - [index:   1466] label: (129, 172) pred: (129, 173) delta(pixel): 1
[2022-02-05 17:58:16] - [index:   1467] label: (141, 188) pred: (140, 190) delta(pixel): 3
[2022-02-05 17:58:16] - [index:   1468] label: (62, 101) pred: (62, 103) delta(pixel): 2
[2022-02-05 17:58:16] - [index:   1469] label: (172, 210) pred: (171, 210) delta(pixel): 1
[2022-02-05 17:58:16] - [index:   1470] label: (134, 175) pred: (134, 176) delta(pixel): 1
[2022-02-05 17:58:16] - [index:   1471] label: (138, 173) pred: (137, 173) delta(pixel): 1
[2022-02-05 17:58:16] - [index:   1472] label: (97, 130) pred: (97, 132) delta(pixel): 2
[2022-02-05 17:58:16] - [index:   1473] label: (135, 163) pred: (136, 164) delta(pixel): 1
[2022-02-05 17:58:16] - [index:   1474] label: (129, 184) pred: (129, 187) delta(pixel): 2
[2022-02-05 17:58:16] - [index:   1475] label: (99, 146) pred: (98, 147) delta(pixel): 2
[2022-02-05 17:58:16] - [index:   1476] label: (161, 193) pred: (162, 195) delta(pixel): 3
[2022-02-05 17:58:16] - [index:   1477] label: (112, 157) pred: (112, 159) delta(pixel): 2
[2022-02-05 17:58:16] - [index:   1478] label: (117, 162) pred: (117, 163) delta(pixel): 1
[2022-02-05 17:58:16] - [index:   1479] label: (154, 187) pred: (154, 189) delta(pixel): 3
[2022-02-05 17:58:16] - [index:   1480] label: (140, 170) pred: (140, 171) delta(pixel): 1
[2022-02-05 17:58:16] - [index:   1481] label: (97, 143) pred: (97, 144) delta(pixel): 1
[2022-02-05 17:58:16] - [index:   1482] label: (119, 174) pred: (118, 177) delta(pixel): 3
[2022-02-05 17:58:16] - [index:   1483] label: (128, 155) pred: (129, 157) delta(pixel): 1
[2022-02-05 17:58:16] - [index:   1484] label: (98, 132) pred: (98, 134) delta(pixel): 2
[2022-02-05 17:58:16] - [index:   1485] label: (101, 164) pred: (100, 167) delta(pixel): 3
[2022-02-05 17:58:16] - [index:   1486] label: (145, 178) pred: (146, 180) delta(pixel): 2
[2022-02-05 17:58:16] - [index:   1487] label: (127, 157) pred: (127, 158) delta(pixel): 1
[2022-02-05 17:58:16] - [index:   1488] label: (162, 196) pred: (163, 199) delta(pixel): 3
[2022-02-05 17:58:16] - [index:   1489] label: (93, 150) pred: (91, 152) delta(pixel): 3
[2022-02-05 17:58:16] - [index:   1490] label: (149, 195) pred: (148, 197) delta(pixel): 3
[2022-02-05 17:58:16] - [index:   1491] label: (129, 174) pred: (129, 176) delta(pixel): 1
[2022-02-05 17:58:16] - [index:   1492] label: (162, 196) pred: (163, 199) delta(pixel): 3
[2022-02-05 17:58:16] - [index:   1493] label: (128, 157) pred: (129, 157) delta(pixel): 1
[2022-02-05 17:58:16] - [index:   1494] label: (103, 140) pred: (102, 141) delta(pixel): 2
[2022-02-05 17:58:16] - [index:   1495] label: (92, 133) pred: (91, 135) delta(pixel): 2
[2022-02-05 17:58:16] - [index:   1496] label: (98, 170) pred: (97, 171) delta(pixel): 1
[2022-02-05 17:58:16] - [index:   1497] label: (104, 148) pred: (104, 150) delta(pixel): 2
[2022-02-05 17:58:16] - [index:   1498] label: (113, 149) pred: (112, 150) delta(pixel): 2
[2022-02-05 17:58:16] - [index:   1499] label: (98, 147) pred: (97, 148) delta(pixel): 1
[2022-02-05 17:58:16] - [index:   1500] label: (104, 160) pred: (104, 163) delta(pixel): 2
[2022-02-05 17:58:16] - [index:   1501] label: (134, 177) pred: (134, 178) delta(pixel): 1
[2022-02-05 17:58:16] - [index:   1502] label: (145, 188) pred: (145, 190) delta(pixel): 1
[2022-02-05 17:58:16] - [index:   1503] label: (97, 133) pred: (97, 135) delta(pixel): 2
[2022-02-05 17:58:16] - [index:   1504] label: (118, 177) pred: (118, 180) delta(pixel): 3
[2022-02-05 17:58:16] - [index:   1505] label: (149, 182) pred: (149, 185) delta(pixel): 2
[2022-02-05 17:58:16] - [index:   1506] label: (162, 195) pred: (163, 197) delta(pixel): 3
[2022-02-05 17:58:16] - [index:   1507] label: (129, 172) pred: (129, 173) delta(pixel): 1
[2022-02-05 17:58:16] - [index:   1508] label: (93, 126) pred: (93, 128) delta(pixel): 2
[2022-02-05 17:58:16] - [index:   1509] label: (109, 153) pred: (109, 154) delta(pixel): 1
[2022-02-05 17:58:16] - [index:   1510] label: (96, 130) pred: (95, 132) delta(pixel): 2
[2022-02-05 17:58:16] - [index:   1511] label: (94, 136) pred: (93, 138) delta(pixel): 2
[2022-02-05 17:58:16] - [index:   1512] label: (152, 197) pred: (151, 198) delta(pixel): 1
[2022-02-05 17:58:16] - [index:   1513] label: (132, 180) pred: (131, 182) delta(pixel): 2
[2022-02-05 17:58:16] - [index:   1514] label: (141, 173) pred: (140, 174) delta(pixel): 1
[2022-02-05 17:58:16] - [index:   1515] label: (111, 158) pred: (111, 160) delta(pixel): 2
[2022-02-05 17:58:16] - [index:   1516] label: (87, 123) pred: (87, 126) delta(pixel): 2
[2022-02-05 17:58:16] - [index:   1517] label: (174, 211) pred: (172, 209) delta(pixel): 3
[2022-02-05 17:58:16] - [index:   1518] label: (91, 137) pred: (90, 138) delta(pixel): 2
[2022-02-05 17:58:16] - [index:   1519] label: (90, 131) pred: (90, 132) delta(pixel): 1
[2022-02-05 17:58:16] - [index:   1520] label: (112, 157) pred: (112, 159) delta(pixel): 2
[2022-02-05 17:58:16] - [index:   1521] label: (127, 153) pred: (127, 154) delta(pixel): 1
[2022-02-05 17:58:16] - [index:   1522] label: (158, 194) pred: (159, 197) delta(pixel): 3
[2022-02-05 17:58:16] - [index:   1523] label: (144, 175) pred: (145, 177) delta(pixel): 2
[2022-02-05 17:58:16] - [index:   1524] label: (104, 160) pred: (104, 163) delta(pixel): 2
[2022-02-05 17:58:16] - [index:   1525] label: (155, 188) pred: (156, 191) delta(pixel): 3
[2022-02-05 17:58:16] - [index:   1526] label: (117, 154) pred: (116, 155) delta(pixel): 1
[2022-02-05 17:58:16] - [index:   1527] label: (158, 191) pred: (158, 194) delta(pixel): 3
[2022-02-05 17:58:16] - [index:   1528] label: (96, 155) pred: (95, 156) delta(pixel): 2
[2022-02-05 17:58:16] - [index:   1529] label: (125, 152) pred: (125, 153) delta(pixel): 1
[2022-02-05 17:58:16] - [index:   1530] label: (135, 184) pred: (135, 186) delta(pixel): 2
[2022-02-05 17:58:16] - [index:   1531] label: (160, 203) pred: (160, 203) delta(pixel): 0
[2022-02-05 17:58:16] - [index:   1532] label: (128, 155) pred: (129, 156) delta(pixel): 1
[2022-02-05 17:58:16] - [index:   1533] label: (121, 148) pred: (122, 150) delta(pixel): 2
[2022-02-05 17:58:16] - [index:   1534] label: (134, 161) pred: (134, 162) delta(pixel): 1
[2022-02-05 17:58:16] - [index:   1535] label: (125, 154) pred: (124, 154) delta(pixel): 0
[2022-02-05 17:58:16] - [index:   1536] label: (73, 115) pred: (72, 116) delta(pixel): 2
[2022-02-05 17:58:16] - [index:   1537] label: (131, 164) pred: (130, 164) delta(pixel): 0
[2022-02-05 17:58:16] - [index:   1538] label: (119, 149) pred: (119, 150) delta(pixel): 1
[2022-02-05 17:58:16] - [index:   1539] label: (140, 183) pred: (139, 184) delta(pixel): 2
[2022-02-05 17:58:16] - [index:   1540] label: (101, 141) pred: (100, 143) delta(pixel): 2
[2022-02-05 17:58:16] - [index:   1541] label: (72, 111) pred: (71, 112) delta(pixel): 1
[2022-02-05 17:58:16] - [index:   1542] label: (152, 192) pred: (152, 193) delta(pixel): 1
[2022-02-05 17:58:16] - [index:   1543] label: (155, 185) pred: (155, 187) delta(pixel): 1
[2022-02-05 17:58:16] - [index:   1544] label: (139, 167) pred: (140, 169) delta(pixel): 2
[2022-02-05 17:58:16] - [index:   1545] label: (61, 102) pred: (60, 103) delta(pixel): 2
[2022-02-05 17:58:16] - [index:   1546] label: (114, 153) pred: (114, 155) delta(pixel): 1
[2022-02-05 17:58:16] - [index:   1547] label: (123, 150) pred: (123, 152) delta(pixel): 1
[2022-02-05 17:58:16] - [index:   1548] label: (146, 175) pred: (147, 176) delta(pixel): 1
[2022-02-05 17:58:16] - [index:   1549] label: (132, 161) pred: (132, 162) delta(pixel): 0
[2022-02-05 17:58:16] - [index:   1550] label: (145, 177) pred: (145, 178) delta(pixel): 1
[2022-02-05 17:58:16] - [index:   1551] label: (156, 199) pred: (156, 200) delta(pixel): 1
[2022-02-05 17:58:16] - [index:   1552] label: (163, 194) pred: (163, 197) delta(pixel): 3
[2022-02-05 17:58:16] - [index:   1553] label: (117, 148) pred: (116, 148) delta(pixel): 0
[2022-02-05 17:58:16] - [index:   1554] label: (104, 136) pred: (105, 138) delta(pixel): 3
[2022-02-05 17:58:16] - [index:   1555] label: (123, 150) pred: (124, 152) delta(pixel): 2
[2022-02-05 17:58:16] - [index:   1556] label: (105, 142) pred: (105, 144) delta(pixel): 2
[2022-02-05 17:58:16] - [index:   1557] label: (116, 144) pred: (115, 145) delta(pixel): 1
[2022-02-05 17:58:16] - [index:   1558] label: (80, 120) pred: (79, 121) delta(pixel): 1
[2022-02-05 17:58:16] - [index:   1559] label: (106, 146) pred: (105, 148) delta(pixel): 2
[2022-02-05 17:58:16] - [index:   1560] label: (169, 204) pred: (169, 206) delta(pixel): 1
[2022-02-05 17:58:16] - [index:   1561] label: (140, 185) pred: (139, 187) delta(pixel): 2
[2022-02-05 17:58:16] - [index:   1562] label: (145, 178) pred: (145, 180) delta(pixel): 1
[2022-02-05 17:58:16] - [index:   1563] label: (143, 175) pred: (144, 177) delta(pixel): 2
[2022-02-05 17:58:16] - [index:   1564] label: (138, 186) pred: (137, 188) delta(pixel): 2
[2022-02-05 17:58:16] - [index:   1565] label: (85, 128) pred: (84, 130) delta(pixel): 2
[2022-02-05 17:58:16] - [index:   1566] label: (133, 168) pred: (133, 169) delta(pixel): 1
[2022-02-05 17:58:16] - [index:   1567] label: (97, 130) pred: (96, 132) delta(pixel): 2
[2022-02-05 17:58:16] - [index:   1568] label: (102, 137) pred: (101, 139) delta(pixel): 3
[2022-02-05 17:58:16] - [index:   1569] label: (154, 193) pred: (153, 195) delta(pixel): 1
[2022-02-05 17:58:16] - [index:   1570] label: (155, 196) pred: (156, 197) delta(pixel): 1
[2022-02-05 17:58:16] - [index:   1571] label: (116, 157) pred: (115, 159) delta(pixel): 1
[2022-02-05 17:58:16] - [index:   1572] label: (126, 168) pred: (125, 170) delta(pixel): 2
[2022-02-05 17:58:16] - [index:   1573] label: (102, 137) pred: (101, 139) delta(pixel): 2
[2022-02-05 17:58:16] - [index:   1574] label: (88, 124) pred: (88, 125) delta(pixel): 1
[2022-02-05 17:58:16] - [index:   1575] label: (165, 207) pred: (165, 206) delta(pixel): 0
[2022-02-05 17:58:16] - [index:   1576] label: (68, 109) pred: (65, 110) delta(pixel): 3
[2022-02-05 17:58:16] - [index:   1577] label: (115, 170) pred: (115, 172) delta(pixel): 2
[2022-02-05 17:58:16] - [index:   1578] label: (136, 191) pred: (135, 192) delta(pixel): 2
[2022-02-05 17:58:16] - [index:   1579] label: (121, 161) pred: (121, 163) delta(pixel): 1
[2022-02-05 17:58:16] - [index:   1580] label: (155, 185) pred: (156, 187) delta(pixel): 2
[2022-02-05 17:58:16] - [index:   1581] label: (147, 194) pred: (146, 196) delta(pixel): 2
[2022-02-05 17:58:16] - [index:   1582] label: (135, 169) pred: (135, 169) delta(pixel): 0
[2022-02-05 17:58:16] - [index:   1583] label: (112, 141) pred: (112, 143) delta(pixel): 2
[2022-02-05 17:58:16] - [index:   1584] label: (120, 170) pred: (120, 172) delta(pixel): 2
[2022-02-05 17:58:16] - [index:   1585] label: (142, 194) pred: (141, 195) delta(pixel): 2
[2022-02-05 17:58:16] - [index:   1586] label: (128, 154) pred: (129, 155) delta(pixel): 2
[2022-02-05 17:58:16] - [index:   1587] label: (75, 125) pred: (73, 127) delta(pixel): 3
[2022-02-05 17:58:16] - [index:   1588] label: (144, 183) pred: (143, 185) delta(pixel): 2
[2022-02-05 17:58:16] - [index:   1589] label: (117, 147) pred: (117, 148) delta(pixel): 1
[2022-02-05 17:58:16] - [index:   1590] label: (109, 153) pred: (109, 155) delta(pixel): 1
[2022-02-05 17:58:16] - [index:   1591] label: (118, 145) pred: (119, 147) delta(pixel): 2
[2022-02-05 17:58:16] - [index:   1592] label: (111, 167) pred: (111, 170) delta(pixel): 2
[2022-02-05 17:58:16] - [index:   1593] label: (130, 157) pred: (130, 158) delta(pixel): 1
[2022-02-05 17:58:16] - [index:   1594] label: (132, 162) pred: (132, 163) delta(pixel): 1
[2022-02-05 17:58:16] - [index:   1595] label: (158, 196) pred: (158, 198) delta(pixel): 3
[2022-02-05 17:58:16] - [index:   1596] label: (101, 164) pred: (100, 166) delta(pixel): 3
[2022-02-05 17:58:16] - [index:   1597] label: (122, 159) pred: (121, 160) delta(pixel): 2
[2022-02-05 17:58:16] - [index:   1598] label: (126, 182) pred: (125, 184) delta(pixel): 2
[2022-02-05 17:58:16] - [index:   1599] label: (113, 178) pred: (114, 180) delta(pixel): 2
[2022-02-05 17:58:16] - [index:   1600] label: (157, 197) pred: (158, 199) delta(pixel): 3
[2022-02-05 17:58:16] - [index:   1601] label: (135, 182) pred: (135, 183) delta(pixel): 2
[2022-02-05 17:58:16] - [index:   1602] label: (112, 141) pred: (112, 143) delta(pixel): 2
[2022-02-05 17:58:16] - [index:   1603] label: (129, 176) pred: (129, 178) delta(pixel): 2
[2022-02-05 17:58:16] - [index:   1604] label: (145, 177) pred: (145, 178) delta(pixel): 1
[2022-02-05 17:58:16] - [index:   1605] label: (81, 117) pred: (81, 118) delta(pixel): 1
[2022-02-05 17:58:16] - [index:   1606] label: (121, 150) pred: (122, 152) delta(pixel): 3
[2022-02-05 17:58:16] - [index:   1607] label: (113, 164) pred: (113, 165) delta(pixel): 1
[2022-02-05 17:58:16] - [index:   1608] label: (74, 128) pred: (73, 131) delta(pixel): 3
[2022-02-05 17:58:16] - [index:   1609] label: (84, 121) pred: (83, 122) delta(pixel): 2
[2022-02-05 17:58:16] - [index:   1610] label: (146, 176) pred: (146, 178) delta(pixel): 2
[2022-02-05 17:58:16] - [index:   1611] label: (66, 111) pred: (65, 112) delta(pixel): 3
[2022-02-05 17:58:16] - [index:   1612] label: (118, 177) pred: (118, 180) delta(pixel): 2
[2022-02-05 17:58:16] - [index:   1613] label: (79, 116) pred: (79, 118) delta(pixel): 2
[2022-02-05 17:58:16] - [index:   1614] label: (95, 149) pred: (93, 151) delta(pixel): 3
[2022-02-05 17:58:16] - [index:   1615] label: (129, 161) pred: (129, 162) delta(pixel): 1
[2022-02-05 17:58:16] - [index:   1616] label: (110, 139) pred: (110, 141) delta(pixel): 1
[2022-02-05 17:58:16] - [index:   1617] label: (114, 146) pred: (113, 147) delta(pixel): 1
[2022-02-05 17:58:16] - [index:   1618] label: (128, 161) pred: (128, 163) delta(pixel): 1
[2022-02-05 17:58:16] - [index:   1619] label: (134, 172) pred: (133, 173) delta(pixel): 1
[2022-02-05 17:58:16] - [index:   1620] label: (125, 152) pred: (125, 153) delta(pixel): 1
[2022-02-05 17:58:16] - [index:   1621] label: (103, 173) pred: (103, 174) delta(pixel): 1
[2022-02-05 17:58:16] - [index:   1622] label: (132, 175) pred: (131, 175) delta(pixel): 1
[2022-02-05 17:58:16] - [index:   1623] label: (157, 193) pred: (157, 195) delta(pixel): 3
[2022-02-05 17:58:16] - [index:   1624] label: (176, 210) pred: (175, 209) delta(pixel): 3
[2022-02-05 17:58:16] - [index:   1625] label: (112, 149) pred: (111, 151) delta(pixel): 2
[2022-02-05 17:58:16] - [index:   1626] label: (104, 139) pred: (104, 141) delta(pixel): 2
[2022-02-05 17:58:16] - [index:   1627] label: (145, 181) pred: (144, 182) delta(pixel): 1
[2022-02-05 17:58:16] - [index:   1628] label: (120, 147) pred: (121, 149) delta(pixel): 3
[2022-02-05 17:58:17] - [index:   1629] label: (95, 133) pred: (94, 135) delta(pixel): 2
[2022-02-05 17:58:17] - [index:   1630] label: (62, 108) pred: (60, 108) delta(pixel): 1
[2022-02-05 17:58:17] - [index:   1631] label: (115, 172) pred: (115, 174) delta(pixel): 2
[2022-02-05 17:58:17] - [index:   1632] label: (68, 119) pred: (66, 120) delta(pixel): 3
[2022-02-05 17:58:17] - [index:   1633] label: (104, 139) pred: (104, 141) delta(pixel): 2
[2022-02-05 17:58:17] - [index:   1634] label: (145, 177) pred: (145, 178) delta(pixel): 1
[2022-02-05 17:58:17] - [index:   1635] label: (120, 152) pred: (120, 154) delta(pixel): 1
[2022-02-05 17:58:17] - [index:   1636] label: (145, 181) pred: (145, 183) delta(pixel): 2
[2022-02-05 17:58:17] - [index:   1637] label: (90, 146) pred: (90, 148) delta(pixel): 2
[2022-02-05 17:58:17] - [index:   1638] label: (155, 185) pred: (155, 186) delta(pixel): 1
[2022-02-05 17:58:17] - [index:   1639] label: (117, 180) pred: (117, 182) delta(pixel): 1
[2022-02-05 17:58:17] - [index:   1640] label: (122, 154) pred: (122, 155) delta(pixel): 1
[2022-02-05 17:58:17] - [index:   1641] label: (143, 175) pred: (143, 177) delta(pixel): 2
[2022-02-05 17:58:17] - [index:   1642] label: (112, 144) pred: (112, 146) delta(pixel): 2
[2022-02-05 17:58:17] - [index:   1643] label: (109, 147) pred: (109, 149) delta(pixel): 2
[2022-02-05 17:58:17] - [index:   1644] label: (138, 166) pred: (138, 167) delta(pixel): 0
[2022-02-05 17:58:17] - [index:   1645] label: (120, 155) pred: (120, 157) delta(pixel): 2
[2022-02-05 17:58:17] - [index:   1646] label: (111, 158) pred: (112, 161) delta(pixel): 3
[2022-02-05 17:58:17] - [index:   1647] label: (144, 179) pred: (144, 180) delta(pixel): 1
[2022-02-05 17:58:17] - [index:   1648] label: (142, 184) pred: (142, 186) delta(pixel): 2
[2022-02-05 17:58:17] - [index:   1649] label: (151, 181) pred: (152, 183) delta(pixel): 2
[2022-02-05 17:58:17] - [index:   1650] label: (93, 136) pred: (92, 138) delta(pixel): 2
[2022-02-05 17:58:17] - [index:   1651] label: (141, 170) pred: (141, 172) delta(pixel): 2
[2022-02-05 17:58:17] - [index:   1652] label: (136, 167) pred: (137, 169) delta(pixel): 1
[2022-02-05 17:58:17] - [index:   1653] label: (137, 165) pred: (138, 167) delta(pixel): 1
[2022-02-05 17:58:17] - [index:   1654] label: (171, 209) pred: (170, 208) delta(pixel): 1
[2022-02-05 17:58:17] - [index:   1655] label: (121, 150) pred: (122, 152) delta(pixel): 2
[2022-02-05 17:58:17] - [index:   1656] label: (91, 137) pred: (90, 138) delta(pixel): 1
[2022-02-05 17:58:17] - [index:   1657] label: (119, 157) pred: (119, 159) delta(pixel): 2
[2022-02-05 17:58:17] - [index:   1658] label: (126, 161) pred: (127, 163) delta(pixel): 2
[2022-02-05 17:58:17] - [index:   1659] label: (88, 138) pred: (87, 140) delta(pixel): 2
[2022-02-05 17:58:17] - [index:   1660] label: (93, 136) pred: (92, 139) delta(pixel): 3
[2022-02-05 17:58:17] - [index:   1661] label: (137, 179) pred: (136, 180) delta(pixel): 1
[2022-02-05 17:58:17] - [index:   1662] label: (81, 128) pred: (80, 130) delta(pixel): 2
[2022-02-05 17:58:17] - [index:   1663] label: (119, 172) pred: (119, 174) delta(pixel): 2
[2022-02-05 17:58:17] - [index:   1664] label: (124, 157) pred: (124, 158) delta(pixel): 1
[2022-02-05 17:58:17] - [index:   1665] label: (138, 173) pred: (137, 174) delta(pixel): 2
[2022-02-05 17:58:17] - [index:   1666] label: (138, 173) pred: (137, 174) delta(pixel): 1
[2022-02-05 17:58:17] - [index:   1667] label: (114, 143) pred: (114, 145) delta(pixel): 2
[2022-02-05 17:58:17] - [index:   1668] label: (148, 181) pred: (147, 183) delta(pixel): 2
[2022-02-05 17:58:17] - [index:   1669] label: (65, 109) pred: (63, 109) delta(pixel): 2
[2022-02-05 17:58:17] - [index:   1670] label: (88, 124) pred: (89, 126) delta(pixel): 2
[2022-02-05 17:58:17] - [index:   1671] label: (130, 155) pred: (130, 157) delta(pixel): 1
[2022-02-05 17:58:17] - [index:   1672] label: (111, 142) pred: (111, 143) delta(pixel): 1
[2022-02-05 17:58:17] - [index:   1673] label: (97, 130) pred: (96, 132) delta(pixel): 2
[2022-02-05 17:58:17] - [index:   1674] label: (129, 170) pred: (129, 171) delta(pixel): 0
[2022-02-05 17:58:17] - [index:   1675] label: (98, 142) pred: (98, 143) delta(pixel): 1
[2022-02-05 17:58:17] - [index:   1676] label: (160, 201) pred: (161, 203) delta(pixel): 1
[2022-02-05 17:58:17] - [index:   1677] label: (144, 183) pred: (143, 184) delta(pixel): 2
[2022-02-05 17:58:17] - [index:   1678] label: (118, 151) pred: (118, 152) delta(pixel): 1
[2022-02-05 17:58:17] - [index:   1679] label: (129, 163) pred: (128, 163) delta(pixel): 1
[2022-02-05 17:58:17] - [index:   1680] label: (65, 109) pred: (63, 110) delta(pixel): 2
[2022-02-05 17:58:17] - [index:   1681] label: (139, 168) pred: (140, 169) delta(pixel): 1
[2022-02-05 17:58:17] - [index:   1682] label: (156, 190) pred: (157, 192) delta(pixel): 2
[2022-02-05 17:58:17] - [index:   1683] label: (110, 160) pred: (111, 162) delta(pixel): 2
[2022-02-05 17:58:17] - [index:   1684] label: (95, 140) pred: (95, 142) delta(pixel): 2
[2022-02-05 17:58:17] - [index:   1685] label: (128, 156) pred: (129, 157) delta(pixel): 1
[2022-02-05 17:58:17] - [index:   1686] label: (79, 128) pred: (78, 130) delta(pixel): 3
[2022-02-05 17:58:17] - [index:   1687] label: (87, 134) pred: (87, 135) delta(pixel): 1
[2022-02-05 17:58:17] - [index:   1688] label: (126, 159) pred: (127, 160) delta(pixel): 1
[2022-02-05 17:58:17] - [index:   1689] label: (126, 168) pred: (126, 169) delta(pixel): 1
[2022-02-05 17:58:17] - [index:   1690] label: (79, 116) pred: (79, 118) delta(pixel): 2
[2022-02-05 17:58:17] - [index:   1691] label: (123, 150) pred: (123, 151) delta(pixel): 1
[2022-02-05 17:58:17] - [index:   1692] label: (168, 202) pred: (168, 203) delta(pixel): 1
[2022-02-05 17:58:17] - [index:   1693] label: (110, 139) pred: (110, 141) delta(pixel): 2
[2022-02-05 17:58:17] - [index:   1694] label: (141, 170) pred: (141, 171) delta(pixel): 1
[2022-02-05 17:58:17] - [index:   1695] label: (134, 165) pred: (135, 167) delta(pixel): 2
[2022-02-05 17:58:17] - [index:   1696] label: (134, 173) pred: (133, 174) delta(pixel): 1
[2022-02-05 17:58:17] - [index:   1697] label: (117, 164) pred: (117, 165) delta(pixel): 1
[2022-02-05 17:58:17] - [index:   1698] label: (123, 152) pred: (123, 153) delta(pixel): 1
[2022-02-05 17:58:17] - [index:   1699] label: (158, 194) pred: (160, 196) delta(pixel): 3
[2022-02-05 17:58:17] - [index:   1700] label: (96, 133) pred: (95, 134) delta(pixel): 2
[2022-02-05 17:58:17] - [index:   1701] label: (87, 121) pred: (87, 123) delta(pixel): 2
[2022-02-05 17:58:17] - [index:   1702] label: (146, 175) pred: (147, 177) delta(pixel): 1
[2022-02-05 17:58:17] - [index:   1703] label: (78, 122) pred: (77, 125) delta(pixel): 2
[2022-02-05 17:58:17] - [index:   1704] label: (89, 134) pred: (88, 135) delta(pixel): 1
[2022-02-05 17:58:17] - [index:   1705] label: (116, 157) pred: (115, 159) delta(pixel): 1
[2022-02-05 17:58:17] - [index:   1706] label: (139, 167) pred: (139, 168) delta(pixel): 1
[2022-02-05 17:58:17] - [index:   1707] label: (117, 162) pred: (117, 163) delta(pixel): 1
[2022-02-05 17:58:17] - [index:   1708] label: (110, 161) pred: (110, 163) delta(pixel): 1
[2022-02-05 17:58:17] - [index:   1709] label: (146, 180) pred: (145, 181) delta(pixel): 1
[2022-02-05 17:58:17] - [index:   1710] label: (134, 163) pred: (134, 164) delta(pixel): 1
[2022-02-05 17:58:17] - [index:   1711] label: (72, 117) pred: (71, 117) delta(pixel): 1
[2022-02-05 17:58:17] - [index:   1712] label: (89, 128) pred: (88, 129) delta(pixel): 1
[2022-02-05 17:58:17] - [index:   1713] label: (162, 202) pred: (162, 204) delta(pixel): 1
[2022-02-05 17:58:17] - [index:   1714] label: (135, 167) pred: (135, 169) delta(pixel): 1
[2022-02-05 17:58:17] - [index:   1715] label: (131, 164) pred: (130, 166) delta(pixel): 2
[2022-02-05 17:58:17] - [index:   1716] label: (98, 135) pred: (97, 136) delta(pixel): 2
[2022-02-05 17:58:17] - [index:   1717] label: (112, 141) pred: (113, 143) delta(pixel): 3
[2022-02-05 17:58:17] - [index:   1718] label: (96, 136) pred: (95, 138) delta(pixel): 2
[2022-02-05 17:58:17] - [index:   1719] label: (126, 182) pred: (125, 184) delta(pixel): 3
[2022-02-05 17:58:17] - [index:   1720] label: (54, 95) pred: (58, 98) delta(pixel): 6
[2022-02-05 17:58:17] - [index:   1721] label: (122, 183) pred: (122, 185) delta(pixel): 2
[2022-02-05 17:58:17] - [index:   1722] label: (115, 159) pred: (114, 159) delta(pixel): 1
[2022-02-05 17:58:17] - [index:   1723] label: (147, 194) pred: (146, 196) delta(pixel): 2
[2022-02-05 17:58:17] - [index:   1724] label: (105, 147) pred: (105, 149) delta(pixel): 2
[2022-02-05 17:58:17] - [index:   1725] label: (87, 121) pred: (87, 124) delta(pixel): 2
[2022-02-05 17:58:17] - [index:   1726] label: (148, 192) pred: (148, 194) delta(pixel): 2
[2022-02-05 17:58:17] - [index:   1727] label: (156, 195) pred: (157, 196) delta(pixel): 2
[2022-02-05 17:58:17] - [index:   1728] label: (95, 128) pred: (95, 130) delta(pixel): 2
[2022-02-05 17:58:17] - [index:   1729] label: (117, 154) pred: (117, 155) delta(pixel): 1
[2022-02-05 17:58:17] - [index:   1730] label: (113, 149) pred: (112, 151) delta(pixel): 2
[2022-02-05 17:58:17] - [index:   1731] label: (76, 118) pred: (75, 119) delta(pixel): 2
[2022-02-05 17:58:17] - [index:   1732] label: (91, 158) pred: (90, 162) delta(pixel): 5
[2022-02-05 17:58:17] - [index:   1733] label: (94, 133) pred: (93, 135) delta(pixel): 3
[2022-02-05 17:58:17] - [index:   1734] label: (104, 139) pred: (105, 142) delta(pixel): 2
[2022-02-05 17:58:17] - [index:   1735] label: (84, 121) pred: (83, 123) delta(pixel): 2
[2022-02-05 17:58:17] - [index:   1736] label: (103, 136) pred: (103, 138) delta(pixel): 2
[2022-02-05 17:58:17] - [index:   1737] label: (75, 122) pred: (74, 123) delta(pixel): 2
[2022-02-05 17:58:17] - [index:   1738] label: (117, 164) pred: (117, 166) delta(pixel): 1
[2022-02-05 17:58:17] - [index:   1739] label: (112, 141) pred: (114, 143) delta(pixel): 3
[2022-02-05 17:58:17] - [index:   1740] label: (171, 207) pred: (170, 208) delta(pixel): 1
[2022-02-05 17:58:17] - [index:   1741] label: (125, 154) pred: (124, 154) delta(pixel): 0
[2022-02-05 17:58:17] - [index:   1742] label: (96, 128) pred: (97, 131) delta(pixel): 3
[2022-02-05 17:58:17] - [index:   1743] label: (116, 157) pred: (115, 159) delta(pixel): 1
[2022-02-05 17:58:17] - [index:   1744] label: (137, 163) pred: (137, 164) delta(pixel): 0
[2022-02-05 17:58:17] - [index:   1745] label: (144, 175) pred: (145, 177) delta(pixel): 2
[2022-02-05 17:58:17] - [index:   1746] label: (175, 210) pred: (174, 208) delta(pixel): 3
[2022-02-05 17:58:17] - [index:   1747] label: (119, 148) pred: (120, 149) delta(pixel): 1
[2022-02-05 17:58:17] - [index:   1748] label: (140, 170) pred: (139, 171) delta(pixel): 1
[2022-02-05 17:58:17] - [index:   1749] label: (128, 154) pred: (128, 155) delta(pixel): 1
[2022-02-05 17:58:17] - [index:   1750] label: (132, 159) pred: (132, 160) delta(pixel): 0
[2022-02-05 17:58:17] - [index:   1751] label: (154, 184) pred: (154, 186) delta(pixel): 2
[2022-02-05 17:58:17] - [index:   1752] label: (99, 135) pred: (99, 136) delta(pixel): 1
[2022-02-05 17:58:17] - [index:   1753] label: (112, 141) pred: (112, 142) delta(pixel): 1
[2022-02-05 17:58:17] - [index:   1754] label: (74, 128) pred: (73, 131) delta(pixel): 3
[2022-02-05 17:58:17] - [index:   1755] label: (143, 175) pred: (143, 177) delta(pixel): 1
[2022-02-05 17:58:17] - [index:   1756] label: (112, 157) pred: (112, 159) delta(pixel): 2
[2022-02-05 17:58:17] - [index:   1757] label: (111, 158) pred: (111, 159) delta(pixel): 1
[2022-02-05 17:58:17] - [index:   1758] label: (159, 193) pred: (160, 195) delta(pixel): 3
[2022-02-05 17:58:17] - [index:   1759] label: (102, 150) pred: (101, 151) delta(pixel): 2
[2022-02-05 17:58:17] - [index:   1760] label: (98, 170) pred: (98, 172) delta(pixel): 2
[2022-02-05 17:58:17] - [index:   1761] label: (163, 199) pred: (164, 201) delta(pixel): 2
[2022-02-05 17:58:17] - [index:   1762] label: (113, 149) pred: (112, 150) delta(pixel): 2
[2022-02-05 17:58:17] - [index:   1763] label: (87, 123) pred: (87, 126) delta(pixel): 2
[2022-02-05 17:58:17] - [index:   1764] label: (140, 185) pred: (139, 187) delta(pixel): 2
[2022-02-05 17:58:17] - [index:   1765] label: (175, 212) pred: (174, 209) delta(pixel): 4
[2022-02-05 17:58:17] - [index:   1766] label: (122, 159) pred: (121, 161) delta(pixel): 2
[2022-02-05 17:58:17] - [index:   1767] label: (127, 156) pred: (127, 157) delta(pixel): 1
[2022-02-05 17:58:17] - [index:   1768] label: (85, 131) pred: (84, 133) delta(pixel): 3
[2022-02-05 17:58:17] - [index:   1769] label: (103, 144) pred: (102, 145) delta(pixel): 2
[2022-02-05 17:58:17] - [index:   1770] label: (62, 108) pred: (60, 108) delta(pixel): 2
[2022-02-05 17:58:17] - [index:   1771] label: (125, 154) pred: (124, 154) delta(pixel): 0
[2022-02-05 17:58:17] - [index:   1772] label: (154, 190) pred: (154, 192) delta(pixel): 2
[2022-02-05 17:58:17] - [index:   1773] label: (117, 147) pred: (117, 148) delta(pixel): 1
[2022-02-05 17:58:17] - [index:   1774] label: (129, 165) pred: (128, 167) delta(pixel): 2
[2022-02-05 17:58:17] - [index:   1775] label: (62, 104) pred: (61, 105) delta(pixel): 2
[2022-02-05 17:58:17] - [index:   1776] label: (171, 209) pred: (170, 209) delta(pixel): 0
[2022-02-05 17:58:17] - [index:   1777] label: (121, 149) pred: (122, 151) delta(pixel): 2
[2022-02-05 17:58:17] - [index:   1778] label: (69, 112) pred: (67, 113) delta(pixel): 2
[2022-02-05 17:58:17] - [index:   1779] label: (73, 115) pred: (71, 116) delta(pixel): 2
[2022-02-05 17:58:17] - [index:   1780] label: (179, 214) pred: (176, 210) delta(pixel): 7
[2022-02-05 17:58:17] - [index:   1781] label: (116, 157) pred: (115, 159) delta(pixel): 1
[2022-02-05 17:58:17] - [index:   1782] label: (94, 133) pred: (92, 135) delta(pixel): 3
[2022-02-05 17:58:17] - [index:   1783] label: (126, 162) pred: (126, 164) delta(pixel): 2
[2022-02-05 17:58:17] - [index:   1784] label: (133, 167) pred: (133, 168) delta(pixel): 1
[2022-02-05 17:58:17] - [index:   1785] label: (98, 135) pred: (97, 137) delta(pixel): 2
[2022-02-05 17:58:17] - [index:   1786] label: (108, 137) pred: (107, 138) delta(pixel): 1
[2022-02-05 17:58:17] - [index:   1787] label: (132, 157) pred: (132, 159) delta(pixel): 2
[2022-02-05 17:58:17] - [index:   1788] label: (112, 144) pred: (113, 146) delta(pixel): 2
[2022-02-05 17:58:17] - [index:   1789] label: (171, 209) pred: (170, 209) delta(pixel): 1
[2022-02-05 17:58:17] - [index:   1790] label: (147, 187) pred: (147, 188) delta(pixel): 1
[2022-02-05 17:58:17] - [index:   1791] label: (131, 167) pred: (130, 168) delta(pixel): 1
[2022-02-05 17:58:17] - [index:   1792] label: (172, 208) pred: (171, 209) delta(pixel): 1
[2022-02-05 17:58:17] - [index:   1793] label: (107, 138) pred: (106, 139) delta(pixel): 1
[2022-02-05 17:58:17] - [index:   1794] label: (127, 155) pred: (127, 156) delta(pixel): 1
[2022-02-05 17:58:17] - [index:   1795] label: (147, 194) pred: (146, 195) delta(pixel): 2
[2022-02-05 17:58:17] - [index:   1796] label: (176, 210) pred: (175, 208) delta(pixel): 3
[2022-02-05 17:58:17] - [index:   1797] label: (152, 183) pred: (153, 185) delta(pixel): 2
[2022-02-05 17:58:17] - [index:   1798] label: (120, 155) pred: (119, 156) delta(pixel): 1
[2022-02-05 17:58:17] - [index:   1799] label: (129, 187) pred: (130, 189) delta(pixel): 2
[2022-02-05 17:58:17] - [index:   1800] label: (159, 197) pred: (160, 199) delta(pixel): 3
[2022-02-05 17:58:17] - [index:   1801] label: (134, 177) pred: (134, 179) delta(pixel): 2
[2022-02-05 17:58:17] - [index:   1802] label: (102, 150) pred: (101, 151) delta(pixel): 2
[2022-02-05 17:58:17] - [index:   1803] label: (121, 151) pred: (120, 151) delta(pixel): 0
[2022-02-05 17:58:17] - [index:   1804] label: (155, 185) pred: (155, 188) delta(pixel): 2
[2022-02-05 17:58:17] - [index:   1805] label: (74, 128) pred: (73, 131) delta(pixel): 3
[2022-02-05 17:58:17] - [index:   1806] label: (138, 175) pred: (138, 176) delta(pixel): 1
[2022-02-05 17:58:17] - [index:   1807] label: (117, 147) pred: (117, 148) delta(pixel): 1
[2022-02-05 17:58:17] - [index:   1808] label: (158, 188) pred: (158, 191) delta(pixel): 2
[2022-02-05 17:58:17] - [index:   1809] label: (96, 155) pred: (95, 157) delta(pixel): 2
[2022-02-05 17:58:17] - [index:   1810] label: (116, 155) pred: (116, 156) delta(pixel): 1
[2022-02-05 17:58:17] - [index:   1811] label: (93, 126) pred: (93, 128) delta(pixel): 2
[2022-02-05 17:58:17] - [index:   1812] label: (108, 149) pred: (107, 151) delta(pixel): 2
[2022-02-05 17:58:17] - [index:   1813] label: (126, 161) pred: (126, 162) delta(pixel): 1
[2022-02-05 17:58:17] - [index:   1814] label: (98, 130) pred: (99, 132) delta(pixel): 1
[2022-02-05 17:58:17] - [index:   1815] label: (176, 210) pred: (175, 209) delta(pixel): 3
[2022-02-05 17:58:17] - [index:   1816] label: (72, 117) pred: (71, 117) delta(pixel): 1
[2022-02-05 17:58:17] - [index:   1817] label: (125, 154) pred: (125, 155) delta(pixel): 1
[2022-02-05 17:58:17] - [index:   1818] label: (92, 131) pred: (91, 132) delta(pixel): 2
[2022-02-05 17:58:17] - [index:   1819] label: (142, 170) pred: (142, 171) delta(pixel): 1
[2022-02-05 17:58:17] - [index:   1820] label: (144, 183) pred: (143, 185) delta(pixel): 2
[2022-02-05 17:58:17] - [index:   1821] label: (168, 202) pred: (168, 204) delta(pixel): 2
[2022-02-05 17:58:17] - [index:   1822] label: (147, 184) pred: (147, 186) delta(pixel): 1
[2022-02-05 17:58:17] - [index:   1823] label: (149, 182) pred: (149, 185) delta(pixel): 2
[2022-02-05 17:58:17] - [index:   1824] label: (113, 143) pred: (114, 145) delta(pixel): 2
[2022-02-05 17:58:17] - [index:   1825] label: (149, 185) pred: (150, 188) delta(pixel): 2
[2022-02-05 17:58:17] - [index:   1826] label: (129, 170) pred: (128, 171) delta(pixel): 2
[2022-02-05 17:58:17] - [index:   1827] label: (106, 142) pred: (105, 143) delta(pixel): 2
[2022-02-05 17:58:17] - [index:   1828] label: (121, 150) pred: (120, 151) delta(pixel): 1
[2022-02-05 17:58:17] - [index:   1829] label: (148, 181) pred: (147, 183) delta(pixel): 1
[2022-02-05 17:58:17] - [index:   1830] label: (123, 151) pred: (124, 152) delta(pixel): 1
[2022-02-05 17:58:17] - [index:   1831] label: (117, 148) pred: (116, 148) delta(pixel): 1
[2022-02-05 17:58:17] - [index:   1832] label: (164, 203) pred: (164, 205) delta(pixel): 1
[2022-02-05 17:58:17] - [index:   1833] label: (160, 203) pred: (159, 204) delta(pixel): 1
[2022-02-05 17:58:17] - [index:   1834] label: (103, 134) pred: (104, 136) delta(pixel): 2
[2022-02-05 17:58:17] - [index:   1835] label: (101, 137) pred: (101, 139) delta(pixel): 2
[2022-02-05 17:58:17] - [index:   1836] label: (161, 194) pred: (162, 197) delta(pixel): 4
[2022-02-05 17:58:17] - [index:   1837] label: (152, 183) pred: (153, 185) delta(pixel): 3
[2022-02-05 17:58:17] - [index:   1838] label: (154, 198) pred: (155, 199) delta(pixel): 1
[2022-02-05 17:58:17] - [index:   1839] label: (101, 141) pred: (100, 143) delta(pixel): 2
[2022-02-05 17:58:17] - [index:   1840] label: (161, 193) pred: (163, 196) delta(pixel): 4
[2022-02-05 17:58:17] - [index:   1841] label: (83, 135) pred: (83, 138) delta(pixel): 3
[2022-02-05 17:58:17] - [index:   1842] label: (78, 120) pred: (77, 122) delta(pixel): 2
[2022-02-05 17:58:17] - [index:   1843] label: (108, 156) pred: (107, 157) delta(pixel): 2
[2022-02-05 17:58:17] - [index:   1844] label: (106, 138) pred: (105, 139) delta(pixel): 1
[2022-02-05 17:58:17] - [index:   1845] label: (126, 162) pred: (126, 164) delta(pixel): 1
[2022-02-05 17:58:17] - [index:   1846] label: (131, 164) pred: (130, 165) delta(pixel): 1
[2022-02-05 17:58:17] - [index:   1847] label: (107, 150) pred: (107, 151) delta(pixel): 1
[2022-02-05 17:58:17] - [index:   1848] label: (93, 130) pred: (93, 132) delta(pixel): 1
[2022-02-05 17:58:17] - [index:   1849] label: (114, 175) pred: (114, 178) delta(pixel): 2
[2022-02-05 17:58:17] - [index:   1850] label: (105, 136) pred: (106, 138) delta(pixel): 3
[2022-02-05 17:58:17] - [index:   1851] label: (139, 167) pred: (140, 169) delta(pixel): 3
[2022-02-05 17:58:17] - [index:   1852] label: (116, 144) pred: (117, 146) delta(pixel): 2
[2022-02-05 17:58:17] - [index:   1853] label: (113, 149) pred: (112, 150) delta(pixel): 2
[2022-02-05 17:58:17] - [index:   1854] label: (143, 186) pred: (142, 188) delta(pixel): 2
[2022-02-05 17:58:17] - [index:   1855] label: (128, 158) pred: (129, 159) delta(pixel): 2
[2022-02-05 17:58:17] - [index:   1856] label: (161, 198) pred: (162, 200) delta(pixel): 3
[2022-02-05 17:58:17] - [index:   1857] label: (142, 177) pred: (143, 179) delta(pixel): 2
[2022-02-05 17:58:17] - [index:   1858] label: (148, 183) pred: (149, 184) delta(pixel): 1
[2022-02-05 17:58:17] - [index:   1859] label: (87, 126) pred: (86, 127) delta(pixel): 2
[2022-02-05 17:58:17] - [index:   1860] label: (148, 197) pred: (147, 199) delta(pixel): 2
[2022-02-05 17:58:17] - [index:   1861] label: (128, 161) pred: (129, 163) delta(pixel): 1
[2022-02-05 17:58:17] - [index:   1862] label: (107, 141) pred: (107, 142) delta(pixel): 2
[2022-02-05 17:58:17] - [index:   1863] label: (102, 134) pred: (100, 135) delta(pixel): 2
[2022-02-05 17:58:17] - [index:   1864] label: (66, 107) pred: (65, 108) delta(pixel): 2
[2022-02-05 17:58:17] - [index:   1865] label: (104, 160) pred: (104, 162) delta(pixel): 2
[2022-02-05 17:58:17] - [index:   1866] label: (120, 147) pred: (120, 149) delta(pixel): 3
[2022-02-05 17:58:17] - [index:   1867] label: (102, 140) pred: (101, 143) delta(pixel): 3
[2022-02-05 17:58:17] - [index:   1868] label: (82, 125) pred: (81, 128) delta(pixel): 3
[2022-02-05 17:58:18] - [index:   1869] label: (149, 185) pred: (150, 188) delta(pixel): 2
[2022-02-05 17:58:18] - [index:   1870] label: (143, 186) pred: (142, 188) delta(pixel): 2
[2022-02-05 17:58:18] - [index:   1871] label: (116, 156) pred: (116, 158) delta(pixel): 1
[2022-02-05 17:58:18] - [index:   1872] label: (154, 193) pred: (154, 195) delta(pixel): 2
[2022-02-05 17:58:18] - [index:   1873] label: (96, 133) pred: (96, 135) delta(pixel): 2
[2022-02-05 17:58:18] - [index:   1874] label: (101, 141) pred: (100, 142) delta(pixel): 1
[2022-02-05 17:58:18] - [index:   1875] label: (125, 153) pred: (124, 154) delta(pixel): 1
[2022-02-05 17:58:18] - [index:   1876] label: (129, 167) pred: (128, 168) delta(pixel): 1
[2022-02-05 17:58:18] - [index:   1877] label: (91, 128) pred: (91, 129) delta(pixel): 1
[2022-02-05 17:58:18] - [index:   1878] label: (140, 174) pred: (139, 175) delta(pixel): 1
[2022-02-05 17:58:18] - [index:   1879] label: (92, 133) pred: (92, 136) delta(pixel): 2
[2022-02-05 17:58:18] - [index:   1880] label: (148, 179) pred: (148, 181) delta(pixel): 2
[2022-02-05 17:58:18] - [index:   1881] label: (147, 182) pred: (147, 183) delta(pixel): 0
[2022-02-05 17:58:18] - [index:   1882] label: (105, 136) pred: (104, 137) delta(pixel): 2
[2022-02-05 17:58:18] - [index:   1883] label: (119, 149) pred: (119, 149) delta(pixel): 0
[2022-02-05 17:58:18] - [index:   1884] label: (148, 178) pred: (147, 179) delta(pixel): 2
[2022-02-05 17:58:18] - [index:   1885] label: (142, 191) pred: (141, 193) delta(pixel): 2
[2022-02-05 17:58:18] - [index:   1886] label: (67, 116) pred: (65, 117) delta(pixel): 3
[2022-02-05 17:58:18] - [index:   1887] label: (88, 153) pred: (88, 157) delta(pixel): 4
[2022-02-05 17:58:18] - [index:   1888] label: (71, 119) pred: (70, 121) delta(pixel): 3
[2022-02-05 17:58:18] - [index:   1889] label: (148, 186) pred: (149, 187) delta(pixel): 1
[2022-02-05 17:58:18] - [index:   1890] label: (99, 141) pred: (99, 143) delta(pixel): 2
[2022-02-05 17:58:18] - [index:   1891] label: (158, 190) pred: (160, 192) delta(pixel): 3
[2022-02-05 17:58:18] - [index:   1892] label: (98, 147) pred: (97, 149) delta(pixel): 2
[2022-02-05 17:58:18] - [index:   1893] label: (149, 179) pred: (149, 181) delta(pixel): 2
[2022-02-05 17:58:18] - [index:   1894] label: (98, 130) pred: (97, 132) delta(pixel): 2
[2022-02-05 17:58:18] - [index:   1895] label: (155, 188) pred: (156, 190) delta(pixel): 2
[2022-02-05 17:58:18] - [index:   1896] label: (133, 168) pred: (133, 170) delta(pixel): 2
[2022-02-05 17:58:18] - [index:   1897] label: (148, 192) pred: (148, 194) delta(pixel): 2
[2022-02-05 17:58:18] - [index:   1898] label: (148, 186) pred: (148, 188) delta(pixel): 1
[2022-02-05 17:58:18] - [index:   1899] label: (130, 161) pred: (130, 161) delta(pixel): 0
[2022-02-05 17:58:18] - [index:   1900] label: (68, 109) pred: (65, 110) delta(pixel): 3
[2022-02-05 17:58:18] - [index:   1901] label: (142, 182) pred: (142, 184) delta(pixel): 2
[2022-02-05 17:58:18] - [index:   1902] label: (123, 170) pred: (123, 172) delta(pixel): 2
[2022-02-05 17:58:18] - [index:   1903] label: (102, 137) pred: (101, 139) delta(pixel): 2
[2022-02-05 17:58:18] - [index:   1904] label: (94, 130) pred: (94, 132) delta(pixel): 2
[2022-02-05 17:58:18] - [index:   1905] label: (138, 166) pred: (138, 167) delta(pixel): 1
[2022-02-05 17:58:18] - [index:   1906] label: (110, 142) pred: (109, 143) delta(pixel): 1
[2022-02-05 17:58:18] - [index:   1907] label: (140, 174) pred: (139, 175) delta(pixel): 0
[2022-02-05 17:58:18] - [index:   1908] label: (102, 145) pred: (100, 146) delta(pixel): 2
[2022-02-05 17:58:18] - [index:   1909] label: (136, 175) pred: (135, 176) delta(pixel): 2
[2022-02-05 17:58:18] - [index:   1910] label: (148, 178) pred: (148, 180) delta(pixel): 1
[2022-02-05 17:58:18] - [index:   1911] label: (158, 194) pred: (160, 197) delta(pixel): 3
[2022-02-05 17:58:18] - [index:   1912] label: (59, 98) pred: (58, 100) delta(pixel): 2
[2022-02-05 17:58:18] - [index:   1913] label: (143, 179) pred: (142, 181) delta(pixel): 1
[2022-02-05 17:58:18] - [index:   1914] label: (148, 178) pred: (148, 179) delta(pixel): 1
[2022-02-05 17:58:18] - [index:   1915] label: (109, 153) pred: (109, 154) delta(pixel): 1
[2022-02-05 17:58:18] - [index:   1916] label: (118, 151) pred: (118, 152) delta(pixel): 1
[2022-02-05 17:58:18] - [index:   1917] label: (92, 141) pred: (90, 142) delta(pixel): 2
[2022-02-05 17:58:18] - [index:   1918] label: (126, 164) pred: (126, 165) delta(pixel): 2
[2022-02-05 17:58:18] - [index:   1919] label: (129, 172) pred: (129, 173) delta(pixel): 1
[2022-02-05 17:58:18] - [index:   1920] label: (179, 214) pred: (176, 210) delta(pixel): 7
[2022-02-05 17:58:18] - [index:   1921] label: (127, 154) pred: (127, 155) delta(pixel): 1
[2022-02-05 17:58:18] - [index:   1922] label: (98, 132) pred: (98, 134) delta(pixel): 2
[2022-02-05 17:58:18] - [index:   1923] label: (163, 194) pred: (163, 197) delta(pixel): 3
[2022-02-05 17:58:18] - [index:   1924] label: (151, 184) pred: (152, 186) delta(pixel): 3
[2022-02-05 17:58:18] - [index:   1925] label: (155, 201) pred: (155, 202) delta(pixel): 0
[2022-02-05 17:58:18] - [index:   1926] label: (153, 191) pred: (153, 193) delta(pixel): 1
[2022-02-05 17:58:18] - [index:   1927] label: (121, 160) pred: (121, 162) delta(pixel): 1
[2022-02-05 17:58:18] - [index:   1928] label: (143, 179) pred: (142, 181) delta(pixel): 2
[2022-02-05 17:58:18] - [index:   1929] label: (127, 155) pred: (127, 156) delta(pixel): 2
[2022-02-05 17:58:18] - [index:   1930] label: (135, 182) pred: (135, 184) delta(pixel): 2
[2022-02-05 17:58:18] - [index:   1931] label: (148, 192) pred: (148, 194) delta(pixel): 2
[2022-02-05 17:58:18] - [index:   1932] label: (117, 147) pred: (118, 148) delta(pixel): 1
[2022-02-05 17:58:18] - [index:   1933] label: (125, 156) pred: (124, 156) delta(pixel): 0
[2022-02-05 17:58:18] - [index:   1934] label: (101, 134) pred: (100, 136) delta(pixel): 2
[2022-02-05 17:58:18] - [index:   1935] label: (142, 191) pred: (141, 193) delta(pixel): 2
[2022-02-05 17:58:18] - [index:   1936] label: (154, 184) pred: (154, 186) delta(pixel): 2
[2022-02-05 17:58:18] - [index:   1937] label: (132, 159) pred: (132, 160) delta(pixel): 1
[2022-02-05 17:58:18] - [index:   1938] label: (129, 165) pred: (128, 167) delta(pixel): 2
[2022-02-05 17:58:18] - [index:   1939] label: (110, 160) pred: (110, 161) delta(pixel): 2
[2022-02-05 17:58:18] - [index:   1940] label: (132, 174) pred: (131, 176) delta(pixel): 2
[2022-02-05 17:58:18] - [index:   1941] label: (131, 162) pred: (130, 162) delta(pixel): 1
[2022-02-05 17:58:18] - [index:   1942] label: (133, 168) pred: (133, 170) delta(pixel): 1
[2022-02-05 17:58:18] - [index:   1943] label: (90, 128) pred: (90, 129) delta(pixel): 1
[2022-02-05 17:58:18] - [index:   1944] label: (90, 146) pred: (89, 148) delta(pixel): 2
[2022-02-05 17:58:18] - [index:   1945] label: (153, 191) pred: (153, 193) delta(pixel): 1
[2022-02-05 17:58:18] - [index:   1946] label: (113, 164) pred: (113, 165) delta(pixel): 1
[2022-02-05 17:58:18] - [index:   1947] label: (124, 165) pred: (123, 165) delta(pixel): 1
[2022-02-05 17:58:18] - [index:   1948] label: (158, 194) pred: (160, 196) delta(pixel): 2
[2022-02-05 17:58:18] - [index:   1949] label: (96, 133) pred: (96, 135) delta(pixel): 1
[2022-02-05 17:58:18] - [index:   1950] label: (139, 180) pred: (139, 182) delta(pixel): 2
[2022-02-05 17:58:18] - [index:   1951] label: (118, 152) pred: (118, 153) delta(pixel): 1
[2022-02-05 17:58:18] - [index:   1952] label: (72, 111) pred: (71, 112) delta(pixel): 2
[2022-02-05 17:58:18] - [index:   1953] label: (91, 134) pred: (90, 135) delta(pixel): 1
[2022-02-05 17:58:18] - [index:   1954] label: (169, 206) pred: (169, 207) delta(pixel): 0
[2022-02-05 17:58:18] - [index:   1955] label: (144, 172) pred: (145, 173) delta(pixel): 1
[2022-02-05 17:58:18] - [index:   1956] label: (96, 136) pred: (95, 138) delta(pixel): 2
[2022-02-05 17:58:18] - [index:   1957] label: (113, 143) pred: (114, 145) delta(pixel): 3
[2022-02-05 17:58:18] - [index:   1958] label: (110, 152) pred: (109, 154) delta(pixel): 2
[2022-02-05 17:58:18] - [index:   1959] label: (102, 145) pred: (101, 146) delta(pixel): 2
[2022-02-05 17:58:18] - [index:   1960] label: (151, 182) pred: (151, 184) delta(pixel): 2
[2022-02-05 17:58:18] - [index:   1961] label: (177, 213) pred: (175, 210) delta(pixel): 4
[2022-02-05 17:58:18] - [index:   1962] label: (95, 140) pred: (94, 141) delta(pixel): 1
[2022-02-05 17:58:18] - [index:   1963] label: (54, 95) pred: (58, 100) delta(pixel): 8
[2022-02-05 17:58:18] - [index:   1964] label: (89, 137) pred: (89, 139) delta(pixel): 2
[2022-02-05 17:58:18] - [index:   1965] label: (133, 170) pred: (133, 172) delta(pixel): 1
[2022-02-05 17:58:18] - [index:   1966] label: (110, 152) pred: (109, 153) delta(pixel): 2
[2022-02-05 17:58:18] - [index:   1967] label: (134, 166) pred: (135, 168) delta(pixel): 2
[2022-02-05 17:58:18] - [index:   1968] label: (121, 150) pred: (120, 151) delta(pixel): 1
[2022-02-05 17:58:18] - [index:   1969] label: (111, 146) pred: (110, 148) delta(pixel): 2
[2022-02-05 17:58:18] - [index:   1970] label: (109, 143) pred: (109, 145) delta(pixel): 1
[2022-02-05 17:58:18] - [index:   1971] label: (70, 122) pred: (68, 123) delta(pixel): 2
[2022-02-05 17:58:18] - [index:   1972] label: (129, 161) pred: (129, 163) delta(pixel): 2
[2022-02-05 17:58:18] - [index:   1973] label: (115, 172) pred: (114, 175) delta(pixel): 3
[2022-02-05 17:58:18] - [index:   1974] label: (94, 156) pred: (92, 159) delta(pixel): 3
[2022-02-05 17:58:18] - [index:   1975] label: (108, 176) pred: (107, 177) delta(pixel): 2
[2022-02-05 17:58:18] - [index:   1976] label: (157, 193) pred: (157, 195) delta(pixel): 2
[2022-02-05 17:58:18] - [index:   1977] label: (150, 187) pred: (151, 189) delta(pixel): 2
[2022-02-05 17:58:18] - [index:   1978] label: (88, 122) pred: (88, 123) delta(pixel): 1
[2022-02-05 17:58:18] - [index:   1979] label: (60, 100) pred: (60, 102) delta(pixel): 1
[2022-02-05 17:58:18] - [index:   1980] label: (121, 160) pred: (121, 161) delta(pixel): 0
[2022-02-05 17:58:18] - [index:   1981] label: (114, 153) pred: (114, 155) delta(pixel): 1
[2022-02-05 17:58:18] - [index:   1982] label: (126, 176) pred: (125, 179) delta(pixel): 2
[2022-02-05 17:58:18] - [index:   1983] label: (148, 197) pred: (148, 198) delta(pixel): 0
[2022-02-05 17:58:18] - [index:   1984] label: (109, 143) pred: (109, 144) delta(pixel): 1
[2022-02-05 17:58:18] - [index:   1985] label: (99, 135) pred: (99, 137) delta(pixel): 1
[2022-02-05 17:58:18] - [index:   1986] label: (147, 184) pred: (147, 186) delta(pixel): 1
[2022-02-05 17:58:18] - [index:   1987] label: (129, 160) pred: (128, 160) delta(pixel): 1
[2022-02-05 17:58:18] - [index:   1988] label: (83, 144) pred: (82, 146) delta(pixel): 3
[2022-02-05 17:58:18] - [index:   1989] label: (123, 150) pred: (123, 151) delta(pixel): 1
[2022-02-05 17:58:18] - [index:   1990] label: (87, 123) pred: (86, 125) delta(pixel): 2
[2022-02-05 17:58:18] - [index:   1991] label: (121, 161) pred: (121, 163) delta(pixel): 1
[2022-02-05 17:58:18] - [index:   1992] label: (72, 117) pred: (71, 118) delta(pixel): 2
[2022-02-05 17:58:18] - [index:   1993] label: (97, 153) pred: (97, 155) delta(pixel): 2
[2022-02-05 17:58:18] - [index:   1994] label: (79, 116) pred: (78, 118) delta(pixel): 2
[2022-02-05 17:58:18] - [index:   1995] label: (157, 197) pred: (157, 199) delta(pixel): 2
[2022-02-05 17:58:18] - [index:   1996] label: (127, 157) pred: (126, 158) delta(pixel): 1
[2022-02-05 17:58:18] - [index:   1997] label: (163, 194) pred: (163, 197) delta(pixel): 3
[2022-02-05 17:58:18] - [index:   1998] label: (152, 192) pred: (152, 194) delta(pixel): 2
[2022-02-05 17:58:18] - [index:   1999] label: (138, 166) pred: (138, 168) delta(pixel): 1
[2022-02-05 17:58:18] - [index:   2000] label: (107, 145) pred: (106, 147) delta(pixel): 2
[2022-02-05 17:58:18] - [index:   2001] label: (91, 124) pred: (90, 125) delta(pixel): 1
[2022-02-05 17:58:18] - [index:   2002] label: (113, 154) pred: (113, 156) delta(pixel): 2
[2022-02-05 17:58:18] - [index:   2003] label: (129, 168) pred: (128, 169) delta(pixel): 1
[2022-02-05 17:58:18] - [index:   2004] label: (66, 104) pred: (65, 105) delta(pixel): 2
[2022-02-05 17:58:18] - [index:   2005] label: (85, 148) pred: (84, 149) delta(pixel): 2
[2022-02-05 17:58:18] - [index:   2006] label: (159, 198) pred: (160, 201) delta(pixel): 3
[2022-02-05 17:58:18] - [index:   2007] label: (140, 183) pred: (140, 185) delta(pixel): 2
[2022-02-05 17:58:18] - [index:   2008] label: (143, 181) pred: (143, 183) delta(pixel): 2
[2022-02-05 17:58:18] - [index:   2009] label: (100, 167) pred: (99, 169) delta(pixel): 3
[2022-02-05 17:58:18] - [index:   2010] label: (143, 181) pred: (142, 183) delta(pixel): 2
[2022-02-05 17:58:18] - [index:   2011] label: (97, 135) pred: (96, 137) delta(pixel): 2
[2022-02-05 17:58:18] - [index:   2012] label: (100, 167) pred: (99, 169) delta(pixel): 3
[2022-02-05 17:58:18] - [index:   2013] label: (126, 174) pred: (125, 176) delta(pixel): 2
[2022-02-05 17:58:18] - [index:   2014] label: (139, 189) pred: (138, 191) delta(pixel): 2
[2022-02-05 17:58:18] - [index:   2015] label: (99, 141) pred: (99, 143) delta(pixel): 1
[2022-02-05 17:58:18] - [index:   2016] label: (73, 122) pred: (71, 123) delta(pixel): 2
[2022-02-05 17:58:18] - [index:   2017] label: (129, 174) pred: (129, 176) delta(pixel): 2
[2022-02-05 17:58:18] - [index:   2018] label: (150, 184) pred: (151, 187) delta(pixel): 3
[2022-02-05 17:58:18] - [index:   2019] label: (147, 176) pred: (148, 178) delta(pixel): 3
[2022-02-05 17:58:18] - [index:   2020] label: (107, 157) pred: (106, 159) delta(pixel): 2
[2022-02-05 17:58:18] - [index:   2021] label: (159, 193) pred: (160, 196) delta(pixel): 4
[2022-02-05 17:58:18] - [index:   2022] label: (109, 147) pred: (109, 149) delta(pixel): 2
[2022-02-05 17:58:18] - [index:   2023] label: (111, 146) pred: (110, 148) delta(pixel): 3
[2022-02-05 17:58:18] - [index:   2024] label: (84, 121) pred: (83, 123) delta(pixel): 1
[2022-02-05 17:58:18] - [index:   2025] label: (134, 177) pred: (134, 178) delta(pixel): 1
[2022-02-05 17:58:18] - [index:   2026] label: (98, 132) pred: (98, 134) delta(pixel): 2
[2022-02-05 17:58:18] - [index:   2027] label: (62, 108) pred: (60, 108) delta(pixel): 1
[2022-02-05 17:58:18] - [index:   2028] label: (114, 147) pred: (113, 149) delta(pixel): 2
[2022-02-05 17:58:18] - [index:   2029] label: (97, 161) pred: (96, 163) delta(pixel): 2
[2022-02-05 17:58:18] - [index:   2030] label: (100, 135) pred: (99, 136) delta(pixel): 2
[2022-02-05 17:58:18] - [index:   2031] label: (99, 141) pred: (99, 143) delta(pixel): 2
[2022-02-05 17:58:18] - [index:   2032] label: (106, 138) pred: (106, 141) delta(pixel): 2
[2022-02-05 17:58:18] - [index:   2033] label: (105, 147) pred: (105, 149) delta(pixel): 2
[2022-02-05 17:58:18] - [index:   2034] label: (105, 170) pred: (105, 172) delta(pixel): 2
[2022-02-05 17:58:18] - [index:   2035] label: (87, 134) pred: (87, 135) delta(pixel): 1
[2022-02-05 17:58:18] - [index:   2036] label: (70, 116) pred: (68, 118) delta(pixel): 3
[2022-02-05 17:58:18] - [index:   2037] label: (77, 125) pred: (76, 127) delta(pixel): 3
[2022-02-05 17:58:18] - [index:   2038] label: (128, 154) pred: (129, 156) delta(pixel): 2
[2022-02-05 17:58:18] - [index:   2039] label: (120, 154) pred: (120, 156) delta(pixel): 1
[2022-02-05 17:58:18] - [index:   2040] label: (126, 162) pred: (126, 164) delta(pixel): 1
[2022-02-05 17:58:18] - [index:   2041] label: (94, 144) pred: (93, 145) delta(pixel): 1
[2022-02-05 17:58:18] - [index:   2042] label: (97, 133) pred: (96, 134) delta(pixel): 2
[2022-02-05 17:58:18] - [index:   2043] label: (132, 175) pred: (131, 178) delta(pixel): 2
[2022-02-05 17:58:18] - [index:   2044] label: (85, 126) pred: (84, 127) delta(pixel): 2
[2022-02-05 17:58:18] - [index:   2045] label: (95, 140) pred: (94, 141) delta(pixel): 1
[2022-02-05 17:58:18] - [index:   2046] label: (119, 172) pred: (119, 174) delta(pixel): 2
[2022-02-05 17:58:18] - [index:   2047] label: (123, 153) pred: (122, 154) delta(pixel): 1
[2022-02-05 17:58:18] - [index:   2048] label: (145, 178) pred: (145, 180) delta(pixel): 1
[2022-02-05 17:58:18] - [index:   2049] label: (82, 119) pred: (82, 120) delta(pixel): 1
[2022-02-05 17:58:18] - [index:   2050] label: (133, 189) pred: (132, 191) delta(pixel): 2
[2022-02-05 17:58:18] - [index:   2051] label: (87, 131) pred: (86, 131) delta(pixel): 1
[2022-02-05 17:58:18] - [index:   2052] label: (162, 202) pred: (162, 204) delta(pixel): 1
[2022-02-05 17:58:18] - [index:   2053] label: (114, 142) pred: (114, 144) delta(pixel): 2
[2022-02-05 17:58:18] - [index:   2054] label: (72, 125) pred: (71, 127) delta(pixel): 3
[2022-02-05 17:58:18] - [index:   2055] label: (146, 176) pred: (146, 178) delta(pixel): 1
[2022-02-05 17:58:18] - [index:   2056] label: (111, 142) pred: (111, 144) delta(pixel): 2
[2022-02-05 17:58:18] - [index:   2057] label: (107, 157) pred: (106, 159) delta(pixel): 1
[2022-02-05 17:58:18] - [index:   2058] label: (153, 200) pred: (152, 200) delta(pixel): 1
[2022-02-05 17:58:18] - [index:   2059] label: (114, 146) pred: (115, 147) delta(pixel): 1
[2022-02-05 17:58:18] - [index:   2060] label: (149, 182) pred: (149, 185) delta(pixel): 2
[2022-02-05 17:58:18] - [index:   2061] label: (120, 154) pred: (120, 156) delta(pixel): 1
[2022-02-05 17:58:18] - [index:   2062] label: (61, 102) pred: (60, 104) delta(pixel): 2
[2022-02-05 17:58:18] - [index:   2063] label: (88, 138) pred: (87, 139) delta(pixel): 1
[2022-02-05 17:58:18] - [index:   2064] label: (160, 201) pred: (161, 202) delta(pixel): 1
[2022-02-05 17:58:18] - [index:   2065] label: (135, 169) pred: (135, 170) delta(pixel): 2
[2022-02-05 17:58:18] - [index:   2066] label: (158, 188) pred: (157, 191) delta(pixel): 3
[2022-02-05 17:58:18] - [index:   2067] label: (122, 156) pred: (122, 157) delta(pixel): 1
[2022-02-05 17:58:18] - [index:   2068] label: (150, 198) pred: (150, 199) delta(pixel): 1
[2022-02-05 17:58:18] - [index:   2069] label: (147, 189) pred: (148, 192) delta(pixel): 2
[2022-02-05 17:58:18] - [index:   2070] label: (81, 135) pred: (80, 138) delta(pixel): 4
[2022-02-05 17:58:18] - [index:   2071] label: (103, 149) pred: (103, 150) delta(pixel): 1
[2022-02-05 17:58:18] - [index:   2072] label: (80, 120) pred: (79, 121) delta(pixel): 1
[2022-02-05 17:58:18] - [index:   2073] label: (105, 147) pred: (104, 149) delta(pixel): 2
[2022-02-05 17:58:18] - [index:   2074] label: (121, 150) pred: (122, 152) delta(pixel): 2
[2022-02-05 17:58:18] - [index:   2075] label: (98, 159) pred: (97, 162) delta(pixel): 3
[2022-02-05 17:58:18] - [index:   2076] label: (134, 166) pred: (135, 168) delta(pixel): 2
[2022-02-05 17:58:18] - [index:   2077] label: (163, 199) pred: (164, 201) delta(pixel): 3
[2022-02-05 17:58:18] - [index:   2078] label: (140, 169) pred: (139, 170) delta(pixel): 1
[2022-02-05 17:58:18] - [index:   2079] label: (162, 204) pred: (161, 204) delta(pixel): 0
[2022-02-05 17:58:18] - [index:   2080] label: (116, 148) pred: (116, 149) delta(pixel): 1
[2022-02-05 17:58:18] - [index:   2081] label: (97, 130) pred: (97, 132) delta(pixel): 2
[2022-02-05 17:58:18] - [index:   2082] label: (115, 151) pred: (114, 153) delta(pixel): 2
[2022-02-05 17:58:18] - [index:   2083] label: (141, 170) pred: (141, 171) delta(pixel): 1
[2022-02-05 17:58:18] - [index:   2084] label: (80, 120) pred: (79, 121) delta(pixel): 1
[2022-02-05 17:58:18] - [index:   2085] label: (66, 104) pred: (65, 105) delta(pixel): 2
[2022-02-05 17:58:18] - [index:   2086] label: (113, 149) pred: (112, 151) delta(pixel): 2
[2022-02-05 17:58:18] - [index:   2087] label: (143, 181) pred: (143, 184) delta(pixel): 2
[2022-02-05 17:58:18] - [index:   2088] label: (103, 137) pred: (102, 139) delta(pixel): 2
[2022-02-05 17:58:18] - [index:   2089] label: (117, 148) pred: (116, 148) delta(pixel): 0
[2022-02-05 17:58:18] - [index:   2090] label: (143, 174) pred: (143, 176) delta(pixel): 2
[2022-02-05 17:58:18] - [index:   2091] label: (88, 122) pred: (88, 123) delta(pixel): 2
[2022-02-05 17:58:18] - [index:   2092] label: (129, 165) pred: (128, 166) delta(pixel): 1
[2022-02-05 17:58:18] - [index:   2093] label: (76, 120) pred: (75, 122) delta(pixel): 3
[2022-02-05 17:58:18] - [index:   2094] label: (132, 183) pred: (132, 185) delta(pixel): 2
[2022-02-05 17:58:18] - [index:   2095] label: (95, 133) pred: (94, 135) delta(pixel): 2
[2022-02-05 17:58:18] - [index:   2096] label: (114, 143) pred: (113, 144) delta(pixel): 1
[2022-02-05 17:58:18] - [index:   2097] label: (128, 161) pred: (129, 163) delta(pixel): 2
[2022-02-05 17:58:18] - [index:   2098] label: (114, 162) pred: (114, 163) delta(pixel): 1
[2022-02-05 17:58:18] - [index:   2099] label: (62, 101) pred: (62, 103) delta(pixel): 2
[2022-02-05 17:58:18] - [index:   2100] label: (118, 145) pred: (118, 147) delta(pixel): 1
[2022-02-05 17:58:19] - [index:   2101] label: (89, 134) pred: (89, 136) delta(pixel): 2
[2022-02-05 17:58:19] - [index:   2102] label: (69, 107) pred: (68, 109) delta(pixel): 3
[2022-02-05 17:58:19] - [index:   2103] label: (135, 169) pred: (135, 170) delta(pixel): 2
[2022-02-05 17:58:19] - [index:   2104] label: (97, 130) pred: (97, 132) delta(pixel): 2
[2022-02-05 17:58:19] - [index:   2105] label: (158, 194) pred: (160, 197) delta(pixel): 3
[2022-02-05 17:58:19] - [index:   2106] label: (128, 161) pred: (128, 161) delta(pixel): 0
[2022-02-05 17:58:19] - [index:   2107] label: (169, 204) pred: (169, 206) delta(pixel): 2
[2022-02-05 17:58:19] - [index:   2108] label: (109, 139) pred: (110, 141) delta(pixel): 1
[2022-02-05 17:58:19] - [index:   2109] label: (129, 187) pred: (130, 189) delta(pixel): 2
[2022-02-05 17:58:19] - [index:   2110] label: (78, 120) pred: (77, 123) delta(pixel): 3
[2022-02-05 17:58:19] - [index:   2111] label: (129, 168) pred: (128, 170) delta(pixel): 2
[2022-02-05 17:58:19] - [index:   2112] label: (174, 209) pred: (172, 209) delta(pixel): 1
[2022-02-05 17:58:19] - [index:   2113] label: (137, 179) pred: (137, 180) delta(pixel): 1
[2022-02-05 17:58:19] - [index:   2114] label: (123, 151) pred: (123, 152) delta(pixel): 1
[2022-02-05 17:58:19] - [index:   2115] label: (128, 161) pred: (129, 163) delta(pixel): 2
[2022-02-05 17:58:19] - [index:   2116] label: (172, 208) pred: (171, 209) delta(pixel): 1
[2022-02-05 17:58:19] - [index:   2117] label: (139, 180) pred: (139, 182) delta(pixel): 1
[2022-02-05 17:58:19] - [index:   2118] label: (100, 138) pred: (99, 139) delta(pixel): 1
[2022-02-05 17:58:19] - [index:   2119] label: (87, 131) pred: (87, 132) delta(pixel): 2
[2022-02-05 17:58:19] - [index:   2120] label: (160, 195) pred: (161, 198) delta(pixel): 4
[2022-02-05 17:58:19] - [index:   2121] label: (132, 159) pred: (132, 160) delta(pixel): 1
[2022-02-05 17:58:19] - [index:   2122] label: (93, 140) pred: (92, 141) delta(pixel): 2
[2022-02-05 17:58:19] - [index:   2123] label: (117, 166) pred: (117, 168) delta(pixel): 2
[2022-02-05 17:58:19] - [index:   2124] label: (99, 132) pred: (99, 134) delta(pixel): 1
[2022-02-05 17:58:19] - [index:   2125] label: (54, 95) pred: (58, 98) delta(pixel): 6
[2022-02-05 17:58:19] - [index:   2126] label: (126, 182) pred: (125, 184) delta(pixel): 2
[2022-02-05 17:58:19] - [index:   2127] label: (74, 117) pred: (73, 119) delta(pixel): 3
[2022-02-05 17:58:19] - [index:   2128] label: (82, 121) pred: (81, 122) delta(pixel): 2
[2022-02-05 17:58:19] - [index:   2129] label: (77, 116) pred: (76, 118) delta(pixel): 3
[2022-02-05 17:58:19] - [index:   2130] label: (82, 123) pred: (81, 124) delta(pixel): 1
[2022-02-05 17:58:19] - [index:   2131] label: (174, 211) pred: (173, 210) delta(pixel): 2
[2022-02-05 17:58:19] - [index:   2132] label: (110, 152) pred: (109, 153) delta(pixel): 2
[2022-02-05 17:58:19] - [index:   2133] label: (80, 140) pred: (79, 141) delta(pixel): 2
[2022-02-05 17:58:19] - [index:   2134] label: (99, 132) pred: (99, 134) delta(pixel): 1
[2022-02-05 17:58:19] - [index:   2135] label: (125, 153) pred: (125, 154) delta(pixel): 0
[2022-02-05 17:58:19] - [index:   2136] label: (129, 181) pred: (129, 183) delta(pixel): 2
[2022-02-05 17:58:19] - [index:   2137] label: (146, 191) pred: (146, 193) delta(pixel): 2
[2022-02-05 17:58:19] - [index:   2138] label: (108, 137) pred: (107, 138) delta(pixel): 1
[2022-02-05 17:58:19] - [index:   2139] label: (88, 153) pred: (87, 157) delta(pixel): 4
[2022-02-05 17:58:19] - [index:   2140] label: (136, 191) pred: (136, 193) delta(pixel): 2
[2022-02-05 17:58:19] - [index:   2141] label: (114, 143) pred: (114, 145) delta(pixel): 2
[2022-02-05 17:58:19] - [index:   2142] label: (104, 139) pred: (105, 142) delta(pixel): 3
[2022-02-05 17:58:19] - [index:   2143] label: (81, 128) pred: (80, 129) delta(pixel): 2
[2022-02-05 17:58:19] - [index:   2144] label: (65, 113) pred: (64, 114) delta(pixel): 2
[2022-02-05 17:58:19] - [index:   2145] label: (169, 206) pred: (169, 207) delta(pixel): 0
[2022-02-05 17:58:19] - [index:   2146] label: (96, 130) pred: (95, 132) delta(pixel): 2
[2022-02-05 17:58:19] - [index:   2147] label: (68, 119) pred: (66, 120) delta(pixel): 3
[2022-02-05 17:58:19] - [index:   2148] label: (126, 182) pred: (125, 184) delta(pixel): 2
[2022-02-05 17:58:19] - [index:   2149] label: (102, 150) pred: (101, 151) delta(pixel): 2
[2022-02-05 17:58:19] - [index:   2150] label: (113, 149) pred: (112, 150) delta(pixel): 1
[2022-02-05 17:58:19] - [index:   2151] label: (123, 168) pred: (123, 168) delta(pixel): 0
[2022-02-05 17:58:19] - [index:   2152] label: (104, 148) pred: (104, 150) delta(pixel): 2
[2022-02-05 17:58:19] - [index:   2153] label: (70, 110) pred: (69, 113) delta(pixel): 3
[2022-02-05 17:58:19] - [index:   2154] label: (141, 174) pred: (141, 176) delta(pixel): 1
[2022-02-05 17:58:19] - [index:   2155] label: (115, 145) pred: (114, 146) delta(pixel): 1
[2022-02-05 17:58:19] - [index:   2156] label: (132, 159) pred: (132, 160) delta(pixel): 1
[2022-02-05 17:58:19] - [index:   2157] label: (67, 116) pred: (65, 117) delta(pixel): 2
[2022-02-05 17:58:19] - [index:   2158] label: (109, 147) pred: (109, 149) delta(pixel): 1
[2022-02-05 17:58:19] - [index:   2159] label: (115, 145) pred: (115, 146) delta(pixel): 1
[2022-02-05 17:58:19] - [index:   2160] label: (94, 156) pred: (92, 159) delta(pixel): 3
[2022-02-05 17:58:19] - [index:   2161] label: (104, 139) pred: (104, 141) delta(pixel): 2
[2022-02-05 17:58:19] - [index:   2162] label: (126, 182) pred: (125, 184) delta(pixel): 3
[2022-02-05 17:58:19] - [index:   2163] label: (155, 196) pred: (155, 198) delta(pixel): 1
[2022-02-05 17:58:19] - [index:   2164] label: (122, 154) pred: (122, 154) delta(pixel): 0
[2022-02-05 17:58:19] - [index:   2165] label: (146, 176) pred: (146, 178) delta(pixel): 1
[2022-02-05 17:58:19] - [index:   2166] label: (147, 194) pred: (146, 196) delta(pixel): 2
[2022-02-05 17:58:19] - [index:   2167] label: (132, 183) pred: (132, 185) delta(pixel): 2
[2022-02-05 17:58:19] - [index:   2168] label: (127, 155) pred: (127, 156) delta(pixel): 0
[2022-02-05 17:58:19] - [index:   2169] label: (165, 197) pred: (165, 200) delta(pixel): 3
[2022-02-05 17:58:19] - [index:   2170] label: (100, 158) pred: (99, 160) delta(pixel): 3
[2022-02-05 17:58:19] - [index:   2171] label: (120, 166) pred: (121, 168) delta(pixel): 1
[2022-02-05 17:58:19] - [index:   2172] label: (82, 125) pred: (81, 126) delta(pixel): 1
[2022-02-05 17:58:19] - [index:   2173] label: (76, 120) pred: (74, 122) delta(pixel): 3
[2022-02-05 17:58:19] - [index:   2174] label: (127, 157) pred: (127, 157) delta(pixel): 0
[2022-02-05 17:58:19] - [index:   2175] label: (162, 200) pred: (164, 202) delta(pixel): 2
[2022-02-05 17:58:19] - [index:   2176] label: (105, 136) pred: (105, 138) delta(pixel): 2
[2022-02-05 17:58:19] - [index:   2177] label: (146, 191) pred: (145, 191) delta(pixel): 1
[2022-02-05 17:58:19] - [index:   2178] label: (145, 177) pred: (145, 179) delta(pixel): 2
[2022-02-05 17:58:19] - [index:   2179] label: (132, 175) pred: (131, 177) delta(pixel): 1
[2022-02-05 17:58:19] - [index:   2180] label: (123, 174) pred: (123, 176) delta(pixel): 2
[2022-02-05 17:58:19] - [index:   2181] label: (135, 163) pred: (136, 164) delta(pixel): 1
[2022-02-05 17:58:19] - [index:   2182] label: (133, 159) pred: (134, 160) delta(pixel): 1
[2022-02-05 17:58:19] - [index:   2183] label: (143, 189) pred: (143, 191) delta(pixel): 1
[2022-02-05 17:58:19] - [index:   2184] label: (111, 142) pred: (111, 143) delta(pixel): 1
[2022-02-05 17:58:19] - [index:   2185] label: (129, 181) pred: (129, 183) delta(pixel): 2
[2022-02-05 17:58:19] - [index:   2186] label: (92, 126) pred: (92, 127) delta(pixel): 2
[2022-02-05 17:58:19] - [index:   2187] label: (140, 176) pred: (139, 177) delta(pixel): 1
[2022-02-05 17:58:19] - [index:   2188] label: (87, 121) pred: (87, 124) delta(pixel): 2
[2022-02-05 17:58:19] - [index:   2189] label: (165, 207) pred: (165, 207) delta(pixel): 0
[2022-02-05 17:58:19] - [index:   2190] label: (147, 184) pred: (147, 185) delta(pixel): 1
[2022-02-05 17:58:19] - [index:   2191] label: (103, 136) pred: (103, 138) delta(pixel): 1
[2022-02-05 17:58:19] - [index:   2192] label: (100, 132) pred: (100, 133) delta(pixel): 1
[2022-02-05 17:58:19] - [index:   2193] label: (98, 135) pred: (97, 137) delta(pixel): 2
[2022-02-05 17:58:19] - [index:   2194] label: (154, 190) pred: (154, 192) delta(pixel): 2
[2022-02-05 17:58:19] - [index:   2195] label: (131, 163) pred: (130, 164) delta(pixel): 1
[2022-02-05 17:58:19] - [index:   2196] label: (81, 117) pred: (81, 119) delta(pixel): 2
[2022-02-05 17:58:19] - [index:   2197] label: (141, 169) pred: (140, 170) delta(pixel): 2
[2022-02-05 17:58:19] - [index:   2198] label: (129, 184) pred: (130, 186) delta(pixel): 2
[2022-02-05 17:58:19] - [index:   2199] label: (113, 164) pred: (113, 166) delta(pixel): 2
[2022-02-05 17:58:19] - [index:   2200] label: (159, 197) pred: (160, 198) delta(pixel): 2
[2022-02-05 17:58:19] - [index:   2201] label: (120, 148) pred: (120, 149) delta(pixel): 2
[2022-02-05 17:58:19] - [index:   2202] label: (155, 201) pred: (155, 202) delta(pixel): 1
[2022-02-05 17:58:19] - [index:   2203] label: (123, 150) pred: (124, 151) delta(pixel): 2
[2022-02-05 17:58:19] - [index:   2204] label: (138, 183) pred: (138, 186) delta(pixel): 2
[2022-02-05 17:58:19] - [index:   2205] label: (73, 109) pred: (72, 111) delta(pixel): 2
[2022-02-05 17:58:19] - [index:   2206] label: (130, 159) pred: (130, 160) delta(pixel): 1
[2022-02-05 17:58:19] - [index:   2207] label: (121, 163) pred: (121, 164) delta(pixel): 1
[2022-02-05 17:58:19] - [index:   2208] label: (154, 187) pred: (154, 189) delta(pixel): 2
[2022-02-05 17:58:19] - [index:   2209] label: (174, 211) pred: (172, 210) delta(pixel): 2
[2022-02-05 17:58:19] - [index:   2210] label: (116, 155) pred: (115, 156) delta(pixel): 1
[2022-02-05 17:58:19] - [index:   2211] label: (66, 107) pred: (64, 108) delta(pixel): 3
[2022-02-05 17:58:19] - [index:   2212] label: (129, 172) pred: (129, 173) delta(pixel): 1
[2022-02-05 17:58:19] - [index:   2213] label: (149, 188) pred: (149, 190) delta(pixel): 2
[2022-02-05 17:58:19] - [index:   2214] label: (147, 189) pred: (148, 192) delta(pixel): 2
[2022-02-05 17:58:19] - [index:   2215] label: (151, 193) pred: (150, 195) delta(pixel): 2
[2022-02-05 17:58:19] - [index:   2216] label: (82, 119) pred: (82, 120) delta(pixel): 1
[2022-02-05 17:58:19] - [index:   2217] label: (86, 143) pred: (84, 144) delta(pixel): 3
[2022-02-05 17:58:19] - [index:   2218] label: (95, 140) pred: (95, 142) delta(pixel): 2
[2022-02-05 17:58:19] - [index:   2219] label: (137, 179) pred: (136, 180) delta(pixel): 2
[2022-02-05 17:58:19] - [index:   2220] label: (135, 167) pred: (135, 168) delta(pixel): 1
[2022-02-05 17:58:19] - [index:   2221] label: (137, 170) pred: (136, 171) delta(pixel): 1
[2022-02-05 17:58:19] - [index:   2222] label: (164, 203) pred: (164, 205) delta(pixel): 1
[2022-02-05 17:58:19] - [index:   2223] label: (136, 165) pred: (136, 167) delta(pixel): 1
[2022-02-05 17:58:19] - [index:   2224] label: (122, 155) pred: (122, 156) delta(pixel): 1
[2022-02-05 17:58:19] - [index:   2225] label: (127, 158) pred: (126, 159) delta(pixel): 0
[2022-02-05 17:58:19] - [index:   2226] label: (131, 164) pred: (130, 165) delta(pixel): 1
[2022-02-05 17:58:19] - [index:   2227] label: (108, 140) pred: (107, 141) delta(pixel): 1
[2022-02-05 17:58:19] - [index:   2228] label: (99, 135) pred: (99, 136) delta(pixel): 1
[2022-02-05 17:58:19] - [index:   2229] label: (166, 202) pred: (166, 204) delta(pixel): 1
[2022-02-05 17:58:19] - [index:   2230] label: (91, 126) pred: (90, 127) delta(pixel): 2
[2022-02-05 17:58:19] - [index:   2231] label: (95, 133) pred: (94, 135) delta(pixel): 2
[2022-02-05 17:58:19] - [index:   2232] label: (72, 125) pred: (71, 126) delta(pixel): 2
[2022-02-05 17:58:19] - [index:   2233] label: (114, 143) pred: (113, 144) delta(pixel): 1
[2022-02-05 17:58:19] - [index:   2234] label: (128, 156) pred: (129, 157) delta(pixel): 0
[2022-02-05 17:58:19] - [index:   2235] label: (139, 180) pred: (139, 182) delta(pixel): 2
[2022-02-05 17:58:19] - [index:   2236] label: (104, 160) pred: (104, 162) delta(pixel): 2
[2022-02-05 17:58:19] - [index:   2237] label: (126, 164) pred: (126, 164) delta(pixel): 0
[2022-02-05 17:58:19] - [index:   2238] label: (118, 150) pred: (118, 151) delta(pixel): 1
[2022-02-05 17:58:19] - [index:   2239] label: (143, 179) pred: (142, 180) delta(pixel): 1
[2022-02-05 17:58:19] - [index:   2240] label: (104, 140) pred: (104, 142) delta(pixel): 2
[2022-02-05 17:58:19] - [index:   2241] label: (83, 139) pred: (82, 141) delta(pixel): 2
[2022-02-05 17:58:19] - [index:   2242] label: (147, 187) pred: (147, 189) delta(pixel): 1
[2022-02-05 17:58:19] - [index:   2243] label: (133, 168) pred: (133, 170) delta(pixel): 1
[2022-02-05 17:58:19] - [index:   2244] label: (85, 128) pred: (84, 129) delta(pixel): 2
[2022-02-05 17:58:19] - [index:   2245] label: (155, 201) pred: (155, 202) delta(pixel): 1
[2022-02-05 17:58:19] - [index:   2246] label: (132, 178) pred: (131, 179) delta(pixel): 2
[2022-02-05 17:58:19] - [index:   2247] label: (127, 157) pred: (127, 158) delta(pixel): 1
[2022-02-05 17:58:19] - [index:   2248] label: (136, 191) pred: (136, 193) delta(pixel): 2
[2022-02-05 17:58:19] - [index:   2249] label: (113, 143) pred: (113, 145) delta(pixel): 1
[2022-02-05 17:58:19] - [index:   2250] label: (62, 108) pred: (61, 108) delta(pixel): 1
[2022-02-05 17:58:19] - [index:   2251] label: (120, 147) pred: (120, 148) delta(pixel): 2
[2022-02-05 17:58:19] - [index:   2252] label: (169, 204) pred: (169, 206) delta(pixel): 1
[2022-02-05 17:58:19] - [index:   2253] label: (172, 208) pred: (171, 209) delta(pixel): 1
[2022-02-05 17:58:19] - [index:   2254] label: (131, 168) pred: (130, 170) delta(pixel): 2
[2022-02-05 17:58:19] - [index:   2255] label: (113, 148) pred: (113, 150) delta(pixel): 2
[2022-02-05 17:58:19] - [index:   2256] label: (144, 183) pred: (143, 184) delta(pixel): 2
[2022-02-05 17:58:19] - [index:   2257] label: (96, 130) pred: (95, 131) delta(pixel): 1
[2022-02-05 17:58:19] - [index:   2258] label: (102, 140) pred: (100, 142) delta(pixel): 2
[2022-02-05 17:58:19] - [index:   2259] label: (127, 153) pred: (128, 155) delta(pixel): 2
[2022-02-05 17:58:19] - [index:   2260] label: (174, 209) pred: (172, 209) delta(pixel): 2
[2022-02-05 17:58:19] - [index:   2261] label: (116, 156) pred: (116, 158) delta(pixel): 1
[2022-02-05 17:58:19] - [index:   2262] label: (142, 170) pred: (142, 172) delta(pixel): 2
[2022-02-05 17:58:19] - [index:   2263] label: (143, 171) pred: (143, 173) delta(pixel): 1
[2022-02-05 17:58:19] - [index:   2264] label: (126, 159) pred: (126, 160) delta(pixel): 1
[2022-02-05 17:58:19] - [index:   2265] label: (120, 152) pred: (120, 153) delta(pixel): 0
[2022-02-05 17:58:19] - [index:   2266] label: (73, 109) pred: (73, 112) delta(pixel): 2
[2022-02-05 17:58:19] - [index:   2267] label: (96, 136) pred: (95, 138) delta(pixel): 2
[2022-02-05 17:58:19] - [index:   2268] label: (94, 164) pred: (93, 165) delta(pixel): 2
[2022-02-05 17:58:19] - [index:   2269] label: (76, 112) pred: (75, 114) delta(pixel): 2
[2022-02-05 17:58:19] - [index:   2270] label: (99, 138) pred: (99, 140) delta(pixel): 1
[2022-02-05 17:58:19] - [index:   2271] label: (145, 181) pred: (145, 183) delta(pixel): 2
[2022-02-05 17:58:19] - [index:   2272] label: (160, 191) pred: (161, 194) delta(pixel): 4
[2022-02-05 17:58:19] - [index:   2273] label: (115, 150) pred: (115, 152) delta(pixel): 2
[2022-02-05 17:58:19] - [index:   2274] label: (103, 136) pred: (103, 138) delta(pixel): 2
[2022-02-05 17:58:19] - [index:   2275] label: (116, 168) pred: (116, 169) delta(pixel): 1
[2022-02-05 17:58:19] - [index:   2276] label: (168, 200) pred: (167, 202) delta(pixel): 2
[2022-02-05 17:58:19] - [index:   2277] label: (99, 132) pred: (98, 133) delta(pixel): 2
[2022-02-05 17:58:19] - [index:   2278] label: (122, 159) pred: (121, 160) delta(pixel): 1
[2022-02-05 17:58:19] - [index:   2279] label: (132, 157) pred: (132, 159) delta(pixel): 2
[2022-02-05 17:58:19] - [index:   2280] label: (104, 143) pred: (103, 145) delta(pixel): 2
[2022-02-05 17:58:19] - [index:   2281] label: (158, 188) pred: (158, 191) delta(pixel): 3
[2022-02-05 17:58:19] - [index:   2282] label: (161, 199) pred: (161, 201) delta(pixel): 2
[2022-02-05 17:58:19] - [index:   2283] label: (140, 185) pred: (139, 187) delta(pixel): 2
[2022-02-05 17:58:19] - [index:   2284] label: (133, 159) pred: (133, 159) delta(pixel): 0
[2022-02-05 17:58:19] - [index:   2285] label: (70, 110) pred: (69, 112) delta(pixel): 2
[2022-02-05 17:58:19] - [index:   2286] label: (139, 173) pred: (139, 174) delta(pixel): 2
[2022-02-05 17:58:19] - [index:   2287] label: (150, 198) pred: (150, 200) delta(pixel): 1
[2022-02-05 17:58:19] - [index:   2288] label: (90, 146) pred: (89, 148) delta(pixel): 2
[2022-02-05 17:58:19] - [index:   2289] label: (101, 145) pred: (100, 147) delta(pixel): 2
[2022-02-05 17:58:19] - [index:   2290] label: (118, 146) pred: (118, 148) delta(pixel): 2
[2022-02-05 17:58:19] - [index:   2291] label: (121, 150) pred: (122, 152) delta(pixel): 3
[2022-02-05 17:58:19] - [index:   2292] label: (138, 167) pred: (138, 168) delta(pixel): 0
[2022-02-05 17:58:19] - [index:   2293] label: (71, 109) pred: (70, 111) delta(pixel): 2
[2022-02-05 17:58:19] - [index:   2294] label: (155, 196) pred: (155, 198) delta(pixel): 1
[2022-02-05 17:58:19] - [index:   2295] label: (90, 146) pred: (90, 148) delta(pixel): 2
[2022-02-05 17:58:19] - [index:   2296] label: (102, 137) pred: (101, 138) delta(pixel): 2
[2022-02-05 17:58:19] - [index:   2297] label: (132, 174) pred: (131, 175) delta(pixel): 1
[2022-02-05 17:58:19] - [index:   2298] label: (77, 116) pred: (76, 118) delta(pixel): 3
[2022-02-05 17:58:19] - [index:   2299] label: (135, 162) pred: (136, 164) delta(pixel): 2
[2022-02-05 17:58:19] - [index:   2300] label: (93, 150) pred: (91, 153) delta(pixel): 3
[2022-02-05 17:58:19] - [index:   2301] label: (107, 165) pred: (107, 167) delta(pixel): 3
[2022-02-05 17:58:20] - [index:   2302] label: (122, 157) pred: (121, 157) delta(pixel): 0
[2022-02-05 17:58:20] - [index:   2303] label: (113, 148) pred: (112, 149) delta(pixel): 2
[2022-02-05 17:58:20] - [index:   2304] label: (109, 153) pred: (109, 155) delta(pixel): 1
[2022-02-05 17:58:20] - [index:   2305] label: (129, 187) pred: (130, 189) delta(pixel): 2
[2022-02-05 17:58:20] - [index:   2306] label: (152, 197) pred: (152, 198) delta(pixel): 1
[2022-02-05 17:58:20] - [index:   2307] label: (117, 147) pred: (117, 148) delta(pixel): 0
[2022-02-05 17:58:20] - [index:   2308] label: (87, 128) pred: (87, 130) delta(pixel): 1
[2022-02-05 17:58:20] - [index:   2309] label: (121, 150) pred: (122, 151) delta(pixel): 2
[2022-02-05 17:58:20] - [index:   2310] label: (164, 196) pred: (164, 199) delta(pixel): 3
[2022-02-05 17:58:20] - [index:   2311] label: (161, 194) pred: (162, 196) delta(pixel): 3
[2022-02-05 17:58:20] - [index:   2312] label: (110, 173) pred: (109, 175) delta(pixel): 3
[2022-02-05 17:58:20] - [index:   2313] label: (169, 206) pred: (169, 207) delta(pixel): 0
[2022-02-05 17:58:20] - [index:   2314] label: (144, 177) pred: (144, 179) delta(pixel): 2
[2022-02-05 17:58:20] - [index:   2315] label: (94, 133) pred: (93, 135) delta(pixel): 2
[2022-02-05 17:58:20] - [index:   2316] label: (112, 141) pred: (112, 143) delta(pixel): 1
[2022-02-05 17:58:20] - [index:   2317] label: (132, 158) pred: (132, 158) delta(pixel): 0
[2022-02-05 17:58:20] - [index:   2318] label: (148, 177) pred: (148, 179) delta(pixel): 2
[2022-02-05 17:58:20] - [index:   2319] label: (62, 108) pred: (61, 108) delta(pixel): 1
[2022-02-05 17:58:20] - [index:   2320] label: (135, 161) pred: (135, 162) delta(pixel): 1
[2022-02-05 17:58:20] - [index:   2321] label: (90, 131) pred: (90, 132) delta(pixel): 2
[2022-02-05 17:58:20] - [index:   2322] label: (160, 195) pred: (161, 198) delta(pixel): 3
[2022-02-05 17:58:20] - [index:   2323] label: (116, 144) pred: (115, 145) delta(pixel): 1
[2022-02-05 17:58:20] - [index:   2324] label: (124, 161) pred: (124, 162) delta(pixel): 1
[2022-02-05 17:58:20] - [index:   2325] label: (118, 152) pred: (118, 153) delta(pixel): 1
[2022-02-05 17:58:20] - [index:   2326] label: (75, 115) pred: (74, 116) delta(pixel): 2
[2022-02-05 17:58:20] - [index:   2327] label: (112, 149) pred: (112, 152) delta(pixel): 2
[2022-02-05 17:58:20] - [index:   2328] label: (143, 175) pred: (143, 177) delta(pixel): 1
[2022-02-05 17:58:20] - [index:   2329] label: (120, 147) pred: (121, 149) delta(pixel): 3
[2022-02-05 17:58:20] - [index:   2330] label: (129, 161) pred: (128, 161) delta(pixel): 0
[2022-02-05 17:58:20] - [index:   2331] label: (114, 147) pred: (114, 148) delta(pixel): 1
[2022-02-05 17:58:20] - [index:   2332] label: (125, 151) pred: (125, 152) delta(pixel): 0
[2022-02-05 17:58:20] - [index:   2333] label: (148, 181) pred: (147, 183) delta(pixel): 1
[2022-02-05 17:58:20] - [index:   2334] label: (104, 160) pred: (104, 162) delta(pixel): 2
[2022-02-05 17:58:20] - [index:   2335] label: (139, 192) pred: (139, 194) delta(pixel): 2
[2022-02-05 17:58:20] - [index:   2336] label: (126, 172) pred: (125, 173) delta(pixel): 1
[2022-02-05 17:58:20] - [index:   2337] label: (99, 138) pred: (98, 140) delta(pixel): 2
[2022-02-05 17:58:20] - [index:   2338] label: (124, 156) pred: (124, 157) delta(pixel): 1
[2022-02-05 17:58:20] - [index:   2339] label: (121, 150) pred: (121, 152) delta(pixel): 1
[2022-02-05 17:58:20] - [index:   2340] label: (54, 95) pred: (58, 100) delta(pixel): 9
[2022-02-05 17:58:20] - [index:   2341] label: (107, 145) pred: (107, 147) delta(pixel): 1
[2022-02-05 17:58:20] - [index:   2342] label: (133, 167) pred: (133, 168) delta(pixel): 1
[2022-02-05 17:58:20] - [index:   2343] label: (144, 183) pred: (143, 185) delta(pixel): 2
[2022-02-05 17:58:20] - [index:   2344] label: (91, 124) pred: (90, 125) delta(pixel): 1
[2022-02-05 17:58:20] - [index:   2345] label: (109, 143) pred: (108, 145) delta(pixel): 1
[2022-02-05 17:58:20] - [index:   2346] label: (171, 209) pred: (170, 209) delta(pixel): 0
[2022-02-05 17:58:20] - [index:   2347] label: (129, 160) pred: (129, 161) delta(pixel): 1
[2022-02-05 17:58:20] - [index:   2348] label: (104, 148) pred: (104, 150) delta(pixel): 2
[2022-02-05 17:58:20] - [index:   2349] label: (120, 154) pred: (120, 156) delta(pixel): 2
[2022-02-05 17:58:20] - [index:   2350] label: (167, 205) pred: (168, 206) delta(pixel): 0
[2022-02-05 17:58:20] - [index:   2351] label: (170, 205) pred: (170, 206) delta(pixel): 1
[2022-02-05 17:58:20] - [index:   2352] label: (91, 124) pred: (90, 125) delta(pixel): 2
[2022-02-05 17:58:20] - [index:   2353] label: (117, 166) pred: (116, 168) delta(pixel): 2
[2022-02-05 17:58:20] - [index:   2354] label: (67, 106) pred: (65, 107) delta(pixel): 2
[2022-02-05 17:58:20] - [index:   2355] label: (133, 160) pred: (134, 162) delta(pixel): 1
[2022-02-05 17:58:20] - [index:   2356] label: (124, 157) pred: (124, 157) delta(pixel): 0
[2022-02-05 17:58:20] - [index:   2357] label: (110, 160) pred: (110, 161) delta(pixel): 1
[2022-02-05 17:58:20] - [index:   2358] label: (117, 162) pred: (117, 163) delta(pixel): 1
[2022-02-05 17:58:20] - [index:   2359] label: (117, 166) pred: (117, 167) delta(pixel): 1
[2022-02-05 17:58:20] - [index:   2360] label: (138, 176) pred: (138, 176) delta(pixel): 0
[2022-02-05 17:58:20] - [index:   2361] label: (62, 108) pred: (61, 109) delta(pixel): 1
[2022-02-05 17:58:20] - [index:   2362] label: (144, 183) pred: (143, 185) delta(pixel): 2
[2022-02-05 17:58:20] - [index:   2363] label: (155, 196) pred: (155, 198) delta(pixel): 1
[2022-02-05 17:58:20] - [index:   2364] label: (61, 102) pred: (60, 104) delta(pixel): 2
[2022-02-05 17:58:20] - [index:   2365] label: (128, 159) pred: (128, 159) delta(pixel): 0
[2022-02-05 17:58:20] - [index:   2366] label: (116, 144) pred: (116, 145) delta(pixel): 1
[2022-02-05 17:58:20] - [index:   2367] label: (150, 180) pred: (150, 183) delta(pixel): 2
[2022-02-05 17:58:20] - [index:   2368] label: (150, 191) pred: (150, 193) delta(pixel): 2
[2022-02-05 17:58:20] - [index:   2369] label: (134, 162) pred: (134, 163) delta(pixel): 1
[2022-02-05 17:58:20] - [index:   2370] label: (149, 185) pred: (149, 186) delta(pixel): 1
[2022-02-05 17:58:20] - [index:   2371] label: (92, 133) pred: (92, 135) delta(pixel): 1
[2022-02-05 17:58:20] - [index:   2372] label: (148, 178) pred: (148, 180) delta(pixel): 2
[2022-02-05 17:58:20] - [index:   2373] label: (133, 159) pred: (133, 160) delta(pixel): 1
[2022-02-05 17:58:20] - [index:   2374] label: (79, 116) pred: (78, 118) delta(pixel): 2
[2022-02-05 17:58:20] - [index:   2375] label: (97, 133) pred: (97, 135) delta(pixel): 2
[2022-02-05 17:58:20] - [index:   2376] label: (114, 147) pred: (114, 148) delta(pixel): 1
[2022-02-05 17:58:20] - [index:   2377] label: (138, 170) pred: (138, 171) delta(pixel): 1
[2022-02-05 17:58:20] - [index:   2378] label: (136, 167) pred: (137, 169) delta(pixel): 2
[2022-02-05 17:58:20] - [index:   2379] label: (138, 166) pred: (138, 168) delta(pixel): 1
[2022-02-05 17:58:20] - [index:   2380] label: (134, 172) pred: (133, 172) delta(pixel): 0
[2022-02-05 17:58:20] - [index:   2381] label: (129, 168) pred: (128, 170) delta(pixel): 2
[2022-02-05 17:58:20] - [index:   2382] label: (137, 169) pred: (136, 170) delta(pixel): 1
[2022-02-05 17:58:20] - [index:   2383] label: (157, 197) pred: (158, 199) delta(pixel): 2
[2022-02-05 17:58:20] - [index:   2384] label: (135, 171) pred: (135, 173) delta(pixel): 2
[2022-02-05 17:58:20] - [index:   2385] label: (92, 145) pred: (91, 147) delta(pixel): 2
[2022-02-05 17:58:20] - [index:   2386] label: (127, 155) pred: (127, 156) delta(pixel): 1
[2022-02-05 17:58:20] - [index:   2387] label: (83, 144) pred: (81, 147) delta(pixel): 4
[2022-02-05 17:58:20] - [index:   2388] label: (141, 169) pred: (141, 170) delta(pixel): 1
[2022-02-05 17:58:20] - [index:   2389] label: (150, 180) pred: (150, 183) delta(pixel): 2
[2022-02-05 17:58:20] - [index:   2390] label: (169, 206) pred: (169, 207) delta(pixel): 0
[2022-02-05 17:58:20] - [index:   2391] label: (143, 174) pred: (144, 176) delta(pixel): 3
[2022-02-05 17:58:20] - [index:   2392] label: (98, 170) pred: (98, 172) delta(pixel): 2
[2022-02-05 17:58:20] - [index:   2393] label: (166, 202) pred: (166, 204) delta(pixel): 2
[2022-02-05 17:58:20] - [index:   2394] label: (76, 112) pred: (76, 114) delta(pixel): 2
[2022-02-05 17:58:20] - [index:   2395] label: (106, 167) pred: (106, 170) delta(pixel): 3
[2022-02-05 17:58:20] - [index:   2396] label: (125, 155) pred: (124, 155) delta(pixel): 0
[2022-02-05 17:58:20] - [index:   2397] label: (161, 198) pred: (162, 200) delta(pixel): 3
[2022-02-05 17:58:20] - [index:   2398] label: (99, 146) pred: (98, 147) delta(pixel): 2
[2022-02-05 17:58:20] - [index:   2399] label: (154, 186) pred: (155, 188) delta(pixel): 2
[2022-02-05 17:58:20] - [index:   2400] label: (163, 194) pred: (163, 196) delta(pixel): 2
[2022-02-05 17:58:20] - [index:   2401] label: (125, 152) pred: (125, 153) delta(pixel): 1
[2022-02-05 17:58:20] - [index:   2402] label: (170, 203) pred: (170, 206) delta(pixel): 2
[2022-02-05 17:58:20] - [index:   2403] label: (83, 128) pred: (82, 130) delta(pixel): 2
[2022-02-05 17:58:20] - [index:   2404] label: (161, 194) pred: (162, 197) delta(pixel): 3
[2022-02-05 17:58:20] - [index:   2405] label: (126, 162) pred: (126, 164) delta(pixel): 2
[2022-02-05 17:58:20] - [index:   2406] label: (109, 153) pred: (109, 154) delta(pixel): 1
[2022-02-05 17:58:20] - [index:   2407] label: (104, 160) pred: (104, 163) delta(pixel): 2
[2022-02-05 17:58:20] - [index:   2408] label: (89, 134) pred: (89, 136) delta(pixel): 2
[2022-02-05 17:58:20] - [index:   2409] label: (129, 170) pred: (128, 172) delta(pixel): 2
[2022-02-05 17:58:20] - [index:   2410] label: (150, 198) pred: (150, 199) delta(pixel): 1
[2022-02-05 17:58:20] - [index:   2411] label: (92, 141) pred: (91, 142) delta(pixel): 2
[2022-02-05 17:58:20] - [index:   2412] label: (136, 166) pred: (137, 167) delta(pixel): 1
[2022-02-05 17:58:20] - [index:   2413] label: (126, 174) pred: (125, 175) delta(pixel): 2
[2022-02-05 17:58:20] - [index:   2414] label: (78, 120) pred: (77, 122) delta(pixel): 2
[2022-02-05 17:58:20] - [index:   2415] label: (121, 163) pred: (121, 164) delta(pixel): 1
[2022-02-05 17:58:20] - [index:   2416] label: (143, 179) pred: (143, 181) delta(pixel): 2
[2022-02-05 17:58:20] - [index:   2417] label: (105, 147) pred: (105, 149) delta(pixel): 2
[2022-02-05 17:58:20] - [index:   2418] label: (164, 203) pred: (164, 205) delta(pixel): 1
[2022-02-05 17:58:20] - [index:   2419] label: (133, 167) pred: (132, 168) delta(pixel): 1
[2022-02-05 17:58:20] - [index:   2420] label: (148, 197) pred: (147, 198) delta(pixel): 2
[2022-02-05 17:58:20] - [index:   2421] label: (85, 126) pred: (84, 128) delta(pixel): 3
[2022-02-05 17:58:20] - [index:   2422] label: (129, 178) pred: (129, 180) delta(pixel): 2
[2022-02-05 17:58:20] - [index:   2423] label: (151, 190) pred: (152, 192) delta(pixel): 3
[2022-02-05 17:58:20] - [index:   2424] label: (126, 185) pred: (125, 187) delta(pixel): 3
[2022-02-05 17:58:20] - [index:   2425] label: (77, 128) pred: (75, 130) delta(pixel): 3
[2022-02-05 17:58:20] - [index:   2426] label: (127, 152) pred: (127, 154) delta(pixel): 2
[2022-02-05 17:58:20] - [index:   2427] label: (79, 116) pred: (79, 119) delta(pixel): 2
[2022-02-05 17:58:20] - [index:   2428] label: (114, 175) pred: (114, 177) delta(pixel): 2
[2022-02-05 17:58:20] - [index:   2429] label: (153, 195) pred: (153, 196) delta(pixel): 1
[2022-02-05 17:58:20] - [index:   2430] label: (126, 168) pred: (125, 170) delta(pixel): 2
[2022-02-05 17:58:20] - [index:   2431] label: (115, 170) pred: (115, 172) delta(pixel): 2
[2022-02-05 17:58:20] - [index:   2432] label: (136, 187) pred: (135, 190) delta(pixel): 3
[2022-02-05 17:58:20] - [index:   2433] label: (171, 209) pred: (170, 209) delta(pixel): 1
[2022-02-05 17:58:20] - [index:   2434] label: (93, 150) pred: (91, 152) delta(pixel): 3
[2022-02-05 17:58:20] - [index:   2435] label: (115, 159) pred: (114, 160) delta(pixel): 1
[2022-02-05 17:58:20] - [index:   2436] label: (97, 153) pred: (97, 155) delta(pixel): 2
[2022-02-05 17:58:20] - [index:   2437] label: (169, 206) pred: (169, 207) delta(pixel): 0
[2022-02-05 17:58:20] - [index:   2438] label: (145, 177) pred: (145, 179) delta(pixel): 2
[2022-02-05 17:58:20] - [index:   2439] label: (102, 137) pred: (101, 139) delta(pixel): 2
[2022-02-05 17:58:20] - [index:   2440] label: (113, 164) pred: (113, 165) delta(pixel): 2
[2022-02-05 17:58:20] - [index:   2441] label: (100, 138) pred: (99, 139) delta(pixel): 1
[2022-02-05 17:58:20] - [index:   2442] label: (117, 148) pred: (117, 149) delta(pixel): 1
[2022-02-05 17:58:20] - [index:   2443] label: (156, 199) pred: (157, 200) delta(pixel): 2
[2022-02-05 17:58:20] - [index:   2444] label: (110, 170) pred: (110, 172) delta(pixel): 2
[2022-02-05 17:58:20] - [index:   2445] label: (127, 155) pred: (127, 157) delta(pixel): 2
[2022-02-05 17:58:20] - [index:   2446] label: (79, 125) pred: (79, 128) delta(pixel): 3
[2022-02-05 17:58:20] - [index:   2447] label: (123, 151) pred: (124, 153) delta(pixel): 3
[2022-02-05 17:58:20] - [index:   2448] label: (95, 149) pred: (93, 151) delta(pixel): 2
[2022-02-05 17:58:20] - [index:   2449] label: (130, 156) pred: (130, 157) delta(pixel): 1
[2022-02-05 17:58:20] - [index:   2450] label: (110, 173) pred: (109, 174) delta(pixel): 2
[2022-02-05 17:58:20] - [index:   2451] label: (94, 130) pred: (94, 132) delta(pixel): 2
[2022-02-05 17:58:20] - [index:   2452] label: (141, 188) pred: (140, 190) delta(pixel): 3
[2022-02-05 17:58:20] - [index:   2453] label: (124, 165) pred: (124, 166) delta(pixel): 1
[2022-02-05 17:58:20] - [index:   2454] label: (104, 140) pred: (103, 141) delta(pixel): 2
[2022-02-05 17:58:20] - [index:   2455] label: (132, 163) pred: (132, 164) delta(pixel): 1
[2022-02-05 17:58:20] - [index:   2456] label: (109, 153) pred: (109, 154) delta(pixel): 1
[2022-02-05 17:58:20] - [index:   2457] label: (134, 173) pred: (134, 175) delta(pixel): 1
[2022-02-05 17:58:20] - [index:   2458] label: (136, 167) pred: (137, 168) delta(pixel): 0
[2022-02-05 17:58:20] - [index:   2459] label: (135, 182) pred: (134, 184) delta(pixel): 2
[2022-02-05 17:58:20] - [index:   2460] label: (145, 177) pred: (145, 179) delta(pixel): 2
[2022-02-05 17:58:20] - [index:   2461] label: (166, 204) pred: (165, 206) delta(pixel): 1
[2022-02-05 17:58:20] - [index:   2462] label: (78, 118) pred: (78, 120) delta(pixel): 3
[2022-02-05 17:58:20] - [index:   2463] label: (78, 118) pred: (78, 120) delta(pixel): 2
[2022-02-05 17:58:20] - [index:   2464] label: (149, 182) pred: (150, 185) delta(pixel): 2
[2022-02-05 17:58:20] - [index:   2465] label: (113, 154) pred: (113, 156) delta(pixel): 2
[2022-02-05 17:58:20] - [index:   2466] label: (119, 149) pred: (119, 150) delta(pixel): 1
[2022-02-05 17:58:20] - [index:   2467] label: (96, 148) pred: (95, 150) delta(pixel): 2
[2022-02-05 17:58:20] - [index:   2468] label: (115, 151) pred: (114, 153) delta(pixel): 2
[2022-02-05 17:58:20] - [index:   2469] label: (62, 104) pred: (61, 106) delta(pixel): 2
[2022-02-05 17:58:20] - [index:   2470] label: (121, 151) pred: (121, 152) delta(pixel): 1
[2022-02-05 17:58:20] - [index:   2471] label: (83, 144) pred: (81, 147) delta(pixel): 4
[2022-02-05 17:58:20] - [index:   2472] label: (123, 151) pred: (123, 152) delta(pixel): 1
[2022-02-05 17:58:20] - [index:   2473] label: (162, 202) pred: (163, 204) delta(pixel): 2
[2022-02-05 17:58:20] - [index:   2474] label: (74, 119) pred: (72, 121) delta(pixel): 3
[2022-02-05 17:58:20] - [index:   2475] label: (111, 158) pred: (111, 160) delta(pixel): 2
[2022-02-05 17:58:20] - [index:   2476] label: (142, 184) pred: (141, 185) delta(pixel): 1
[2022-02-05 17:58:20] - [index:   2477] label: (93, 150) pred: (92, 153) delta(pixel): 4
[2022-02-05 17:58:20] - [index:   2478] label: (172, 210) pred: (172, 210) delta(pixel): 1
[2022-02-05 17:58:20] - [index:   2479] label: (142, 182) pred: (141, 183) delta(pixel): 1
[2022-02-05 17:58:21] - [index:   2480] label: (102, 156) pred: (100, 158) delta(pixel): 2
[2022-02-05 17:58:21] - [index:   2481] label: (104, 140) pred: (103, 142) delta(pixel): 2
[2022-02-05 17:58:21] - [index:   2482] label: (87, 134) pred: (87, 135) delta(pixel): 1
[2022-02-05 17:58:21] - [index:   2483] label: (139, 168) pred: (139, 168) delta(pixel): 0
[2022-02-05 17:58:21] - [index:   2484] label: (125, 152) pred: (125, 154) delta(pixel): 1
[2022-02-05 17:58:21] - [index:   2485] label: (110, 142) pred: (109, 144) delta(pixel): 1
[2022-02-05 17:58:21] - [index:   2486] label: (106, 136) pred: (105, 137) delta(pixel): 1
[2022-02-05 17:58:21] - [index:   2487] label: (113, 164) pred: (113, 165) delta(pixel): 1
[2022-02-05 17:58:21] - [index:   2488] label: (79, 125) pred: (78, 126) delta(pixel): 1
[2022-02-05 17:58:21] - [index:   2489] label: (125, 153) pred: (125, 154) delta(pixel): 1
[2022-02-05 17:58:21] - [index:   2490] label: (90, 141) pred: (89, 144) delta(pixel): 2
[2022-02-05 17:58:21] - [index:   2491] label: (117, 147) pred: (116, 148) delta(pixel): 1
[2022-02-05 17:58:21] - [index:   2492] label: (114, 147) pred: (113, 149) delta(pixel): 2
[2022-02-05 17:58:21] - [index:   2493] label: (174, 209) pred: (172, 209) delta(pixel): 1
[2022-02-05 17:58:21] - [index:   2494] label: (93, 150) pred: (91, 152) delta(pixel): 3
[2022-02-05 17:58:21] - [index:   2495] label: (150, 187) pred: (151, 190) delta(pixel): 3
[2022-02-05 17:58:21] - [index:   2496] label: (160, 195) pred: (161, 198) delta(pixel): 4
[2022-02-05 17:58:21] - [index:   2497] label: (144, 175) pred: (145, 177) delta(pixel): 2
[2022-02-05 17:58:21] - [index:   2498] label: (155, 201) pred: (155, 202) delta(pixel): 1
[2022-02-05 17:58:21] - [index:   2499] label: (157, 192) pred: (158, 195) delta(pixel): 3
[2022-02-05 17:58:21] - [index:   2500] label: (66, 107) pred: (65, 108) delta(pixel): 2
[2022-02-05 17:58:21] - [index:   2501] label: (102, 145) pred: (100, 146) delta(pixel): 2
[2022-02-05 17:58:21] - [index:   2502] label: (157, 189) pred: (157, 192) delta(pixel): 3
[2022-02-05 17:58:21] - [index:   2503] label: (131, 162) pred: (129, 162) delta(pixel): 1
[2022-02-05 17:58:21] - [index:   2504] label: (177, 213) pred: (175, 209) delta(pixel): 4
[2022-02-05 17:58:21] - [index:   2505] label: (160, 203) pred: (160, 204) delta(pixel): 0
[2022-02-05 17:58:21] - [index:   2506] label: (87, 123) pred: (87, 126) delta(pixel): 2
[2022-02-05 17:58:21] - [index:   2507] label: (121, 148) pred: (122, 150) delta(pixel): 2
[2022-02-05 17:58:21] - [index:   2508] label: (73, 109) pred: (72, 111) delta(pixel): 2
[2022-02-05 17:58:21] - [index:   2509] label: (95, 149) pred: (94, 151) delta(pixel): 3
[2022-02-05 17:58:21] - [index:   2510] label: (150, 187) pred: (151, 190) delta(pixel): 2
[2022-02-05 17:58:21] - [index:   2511] label: (138, 176) pred: (137, 177) delta(pixel): 1
[2022-02-05 17:58:21] - [index:   2512] label: (153, 183) pred: (154, 185) delta(pixel): 3
[2022-02-05 17:58:21] - [index:   2513] label: (117, 148) pred: (116, 148) delta(pixel): 1
[2022-02-05 17:58:21] - [index:   2514] label: (132, 174) pred: (131, 175) delta(pixel): 2
[2022-02-05 17:58:21] - [index:   2515] label: (99, 138) pred: (98, 139) delta(pixel): 1
[2022-02-05 17:58:21] - [index:   2516] label: (112, 149) pred: (112, 152) delta(pixel): 2
[2022-02-05 17:58:21] - [index:   2517] label: (132, 158) pred: (132, 159) delta(pixel): 1
[2022-02-05 17:58:21] - [index:   2518] label: (134, 162) pred: (134, 163) delta(pixel): 1
[2022-02-05 17:58:21] - [index:   2519] label: (123, 150) pred: (124, 152) delta(pixel): 1
[2022-02-05 17:58:21] - [index:   2520] label: (173, 207) pred: (171, 208) delta(pixel): 3
[2022-02-05 17:58:21] - [index:   2521] label: (142, 173) pred: (142, 175) delta(pixel): 2
[2022-02-05 17:58:21] - [index:   2522] label: (122, 156) pred: (122, 157) delta(pixel): 1
[2022-02-05 17:58:21] - [index:   2523] label: (164, 203) pred: (164, 205) delta(pixel): 1
[2022-02-05 17:58:21] - [index:   2524] label: (85, 126) pred: (84, 127) delta(pixel): 2
[2022-02-05 17:58:21] - [index:   2525] label: (160, 191) pred: (161, 194) delta(pixel): 3
[2022-02-05 17:58:21] - [index:   2526] label: (154, 190) pred: (154, 191) delta(pixel): 1
[2022-02-05 17:58:21] - [index:   2527] label: (114, 143) pred: (113, 144) delta(pixel): 1
[2022-02-05 17:58:21] - [index:   2528] label: (136, 164) pred: (136, 165) delta(pixel): 1
[2022-02-05 17:58:21] - [index:   2529] label: (107, 138) pred: (108, 139) delta(pixel): 2
[2022-02-05 17:58:21] - [index:   2530] label: (125, 156) pred: (124, 156) delta(pixel): 0
[2022-02-05 17:58:21] - [index:   2531] label: (134, 175) pred: (133, 175) delta(pixel): 0
[2022-02-05 17:58:21] - [index:   2532] label: (123, 151) pred: (123, 152) delta(pixel): 1
[2022-02-05 17:58:21] - [index:   2533] label: (90, 124) pred: (89, 125) delta(pixel): 2
[2022-02-05 17:58:21] - [index:   2534] label: (107, 165) pred: (107, 167) delta(pixel): 2
[2022-02-05 17:58:21] - [index:   2535] label: (107, 141) pred: (106, 142) delta(pixel): 2
[2022-02-05 17:58:21] - [index:   2536] label: (177, 213) pred: (175, 209) delta(pixel): 5
[2022-02-05 17:58:21] - [index:   2537] label: (111, 150) pred: (111, 152) delta(pixel): 2
[2022-02-05 17:58:21] - [index:   2538] label: (59, 98) pred: (58, 100) delta(pixel): 2
[2022-02-05 17:58:21] - [index:   2539] label: (123, 170) pred: (122, 171) delta(pixel): 1
[2022-02-05 17:58:21] - [index:   2540] label: (104, 140) pred: (104, 142) delta(pixel): 2
[2022-02-05 17:58:21] - [index:   2541] label: (109, 140) pred: (108, 142) delta(pixel): 2
[2022-02-05 17:58:21] - [index:   2542] label: (129, 174) pred: (129, 175) delta(pixel): 1
[2022-02-05 17:58:21] - [index:   2543] label: (81, 132) pred: (80, 134) delta(pixel): 2
[2022-02-05 17:58:21] - [index:   2544] label: (143, 181) pred: (143, 183) delta(pixel): 2
[2022-02-05 17:58:21] - [index:   2545] label: (109, 154) pred: (108, 156) delta(pixel): 2
[2022-02-05 17:58:21] - [index:   2546] label: (85, 126) pred: (84, 127) delta(pixel): 2
[2022-02-05 17:58:21] - [index:   2547] label: (160, 203) pred: (159, 204) delta(pixel): 1
[2022-02-05 17:58:21] - [index:   2548] label: (115, 159) pred: (115, 160) delta(pixel): 1
[2022-02-05 17:58:21] - [index:   2549] label: (114, 175) pred: (114, 177) delta(pixel): 2
[2022-02-05 17:58:21] - [index:   2550] label: (108, 176) pred: (108, 177) delta(pixel): 2
[2022-02-05 17:58:21] - [index:   2551] label: (76, 114) pred: (75, 115) delta(pixel): 2
[2022-02-05 17:58:21] - [index:   2552] label: (59, 103) pred: (59, 105) delta(pixel): 2
[2022-02-05 17:58:21] - [index:   2553] label: (148, 192) pred: (148, 193) delta(pixel): 1
[2022-02-05 17:58:21] - [index:   2554] label: (90, 131) pred: (90, 132) delta(pixel): 1
[2022-02-05 17:58:21] - [index:   2555] label: (112, 165) pred: (112, 168) delta(pixel): 2
[2022-02-05 17:58:21] - [index:   2556] label: (137, 181) pred: (137, 183) delta(pixel): 2
[2022-02-05 17:58:21] - [index:   2557] label: (107, 157) pred: (107, 159) delta(pixel): 1
[2022-02-05 17:58:21] - [index:   2558] label: (131, 170) pred: (131, 172) delta(pixel): 1
[2022-02-05 17:58:21] - [index:   2559] label: (114, 143) pred: (114, 145) delta(pixel): 2
[2022-02-05 17:58:21] - [index:   2560] label: (118, 152) pred: (118, 154) delta(pixel): 1
[2022-02-05 17:58:21] - [index:   2561] label: (85, 148) pred: (84, 151) delta(pixel): 3
[2022-02-05 17:58:21] - [index:   2562] label: (102, 137) pred: (101, 138) delta(pixel): 1
[2022-02-05 17:58:21] - [index:   2563] label: (131, 168) pred: (130, 170) delta(pixel): 2
[2022-02-05 17:58:21] - [index:   2564] label: (126, 160) pred: (127, 161) delta(pixel): 1
[2022-02-05 17:58:21] - [index:   2565] label: (169, 206) pred: (169, 207) delta(pixel): 1
[2022-02-05 17:58:21] - [index:   2566] label: (134, 172) pred: (133, 173) delta(pixel): 2
[2022-02-05 17:58:21] - [index:   2567] label: (66, 107) pred: (65, 108) delta(pixel): 2
[2022-02-05 17:58:21] - [index:   2568] label: (75, 125) pred: (73, 127) delta(pixel): 2
[2022-02-05 17:58:21] - [index:   2569] label: (124, 163) pred: (123, 164) delta(pixel): 1
[2022-02-05 17:58:21] - [index:   2570] label: (62, 101) pred: (62, 103) delta(pixel): 2
[2022-02-05 17:58:21] - [index:   2571] label: (85, 131) pred: (85, 133) delta(pixel): 3
[2022-02-05 17:58:21] - [index:   2572] label: (69, 107) pred: (69, 109) delta(pixel): 2
[2022-02-05 17:58:21] - [index:   2573] label: (116, 157) pred: (115, 159) delta(pixel): 1
[2022-02-05 17:58:21] - [index:   2574] label: (123, 168) pred: (123, 170) delta(pixel): 1
[2022-02-05 17:58:21] - [index:   2575] label: (71, 112) pred: (70, 113) delta(pixel): 2
[2022-02-05 17:58:21] - [index:   2576] label: (100, 138) pred: (99, 139) delta(pixel): 2
[2022-02-05 17:58:21] - [index:   2577] label: (72, 117) pred: (71, 118) delta(pixel): 2
[2022-02-05 17:58:21] - [index:   2578] label: (131, 164) pred: (130, 165) delta(pixel): 1
[2022-02-05 17:58:21] - [index:   2579] label: (139, 171) pred: (138, 173) delta(pixel): 2
[2022-02-05 17:58:21] - [index:   2580] label: (126, 159) pred: (127, 160) delta(pixel): 1
[2022-02-05 17:58:21] - [index:   2581] label: (89, 137) pred: (89, 139) delta(pixel): 2
[2022-02-05 17:58:21] - [index:   2582] label: (155, 189) pred: (155, 191) delta(pixel): 3
[2022-02-05 17:58:21] - [index:   2583] label: (157, 193) pred: (158, 195) delta(pixel): 2
[2022-02-05 17:58:21] - [index:   2584] label: (67, 116) pred: (65, 118) delta(pixel): 3
[2022-02-05 17:58:21] - [index:   2585] label: (120, 168) pred: (120, 169) delta(pixel): 1
[2022-02-05 17:58:21] - [index:   2586] label: (106, 167) pred: (106, 170) delta(pixel): 3
[2022-02-05 17:58:21] - [index:   2587] label: (143, 179) pred: (142, 181) delta(pixel): 2
[2022-02-05 17:58:21] - [index:   2588] label: (146, 180) pred: (145, 181) delta(pixel): 1
[2022-02-05 17:58:21] - [index:   2589] label: (143, 175) pred: (144, 177) delta(pixel): 2
[2022-02-05 17:58:21] - [index:   2590] label: (102, 145) pred: (101, 146) delta(pixel): 2
[2022-02-05 17:58:21] - [index:   2591] label: (132, 183) pred: (132, 185) delta(pixel): 2
[2022-02-05 17:58:21] - [index:   2592] label: (71, 112) pred: (70, 113) delta(pixel): 2
[2022-02-05 17:58:21] - [index:   2593] label: (138, 166) pred: (138, 167) delta(pixel): 1
[2022-02-05 17:58:21] - [index:   2594] label: (148, 197) pred: (147, 198) delta(pixel): 2
[2022-02-05 17:58:21] - [index:   2595] label: (169, 203) pred: (169, 205) delta(pixel): 2
[2022-02-05 17:58:21] - [index:   2596] label: (114, 152) pred: (114, 154) delta(pixel): 1
[2022-02-05 17:58:21] - [index:   2597] label: (99, 146) pred: (99, 147) delta(pixel): 1
[2022-02-05 17:58:21] - [index:   2598] label: (117, 148) pred: (116, 148) delta(pixel): 1
[2022-02-05 17:58:21] - [index:   2599] label: (161, 199) pred: (161, 201) delta(pixel): 2
[2022-02-05 17:58:21] - [index:   2600] label: (123, 172) pred: (123, 174) delta(pixel): 2
[2022-02-05 17:58:21] - [index:   2601] label: (70, 110) pred: (69, 112) delta(pixel): 3
[2022-02-05 17:58:21] - [index:   2602] label: (158, 190) pred: (159, 192) delta(pixel): 2
[2022-02-05 17:58:21] - [index:   2603] label: (125, 156) pred: (125, 157) delta(pixel): 1
[2022-02-05 17:58:21] - [index:   2604] label: (110, 170) pred: (110, 172) delta(pixel): 2
[2022-02-05 17:58:21] - [index:   2605] label: (129, 181) pred: (128, 182) delta(pixel): 2
[2022-02-05 17:58:21] - [index:   2606] label: (128, 155) pred: (129, 156) delta(pixel): 1
[2022-02-05 17:58:21] - [index:   2607] label: (100, 167) pred: (99, 170) delta(pixel): 4
[2022-02-05 17:58:21] - [index:   2608] label: (65, 113) pred: (63, 115) delta(pixel): 3
[2022-02-05 17:58:21] - [index:   2609] label: (110, 152) pred: (109, 153) delta(pixel): 1
[2022-02-05 17:58:21] - [index:   2610] label: (105, 142) pred: (105, 144) delta(pixel): 2
[2022-02-05 17:58:21] - [index:   2611] label: (155, 185) pred: (156, 188) delta(pixel): 3
[2022-02-05 17:58:21] - [index:   2612] label: (127, 157) pred: (127, 159) delta(pixel): 1
[2022-02-05 17:58:21] - [index:   2613] label: (132, 175) pred: (131, 177) delta(pixel): 2
[2022-02-05 17:58:21] - [index:   2614] label: (142, 177) pred: (142, 179) delta(pixel): 2
[2022-02-05 17:58:21] - [index:   2615] label: (113, 178) pred: (113, 179) delta(pixel): 1
[2022-02-05 17:58:21] - [index:   2616] label: (112, 165) pred: (112, 168) delta(pixel): 2
[2022-02-05 17:58:21] - [index:   2617] label: (138, 175) pred: (138, 175) delta(pixel): 0
[2022-02-05 17:58:21] - [index:   2618] label: (117, 147) pred: (117, 148) delta(pixel): 0
[2022-02-05 17:58:21] - [index:   2619] label: (129, 161) pred: (129, 162) delta(pixel): 1
[2022-02-05 17:58:21] - [index:   2620] label: (112, 141) pred: (112, 142) delta(pixel): 1
[2022-02-05 17:58:21] - [index:   2621] label: (109, 143) pred: (108, 144) delta(pixel): 2
[2022-02-05 17:58:21] - [index:   2622] label: (107, 157) pred: (106, 159) delta(pixel): 1
[2022-02-05 17:58:21] - [index:   2623] label: (74, 117) pred: (73, 119) delta(pixel): 2
[2022-02-05 17:58:21] - [index:   2624] label: (106, 146) pred: (106, 147) delta(pixel): 1
[2022-02-05 17:58:21] - [index:   2625] label: (135, 179) pred: (134, 181) delta(pixel): 2
[2022-02-05 17:58:21] - [index:   2626] label: (112, 141) pred: (112, 142) delta(pixel): 1
[2022-02-05 17:58:21] - [index:   2627] label: (120, 155) pred: (120, 157) delta(pixel): 2
[2022-02-05 17:58:21] - [index:   2628] label: (113, 144) pred: (112, 145) delta(pixel): 2
[2022-02-05 17:58:21] - [index:   2629] label: (74, 111) pred: (73, 113) delta(pixel): 2
[2022-02-05 17:58:21] - [index:   2630] label: (121, 164) pred: (120, 166) delta(pixel): 1
[2022-02-05 17:58:21] - [index:   2631] label: (172, 206) pred: (171, 208) delta(pixel): 2
[2022-02-05 17:58:21] - [index:   2632] label: (70, 116) pred: (68, 118) delta(pixel): 3
[2022-02-05 17:58:21] - [index:   2633] label: (137, 163) pred: (137, 165) delta(pixel): 1
[2022-02-05 17:58:21] - [index:   2634] label: (119, 158) pred: (118, 160) delta(pixel): 2
[2022-02-05 17:58:21] - [index:   2635] label: (110, 152) pred: (109, 154) delta(pixel): 2
[2022-02-05 17:58:21] - [index:   2636] label: (148, 192) pred: (148, 194) delta(pixel): 2
[2022-02-05 17:58:21] - [index:   2637] label: (163, 205) pred: (163, 206) delta(pixel): 0
[2022-02-05 17:58:21] - [index:   2638] label: (91, 137) pred: (90, 138) delta(pixel): 2
[2022-02-05 17:58:21] - [index:   2639] label: (118, 150) pred: (118, 151) delta(pixel): 1
[2022-02-05 17:58:21] - [index:   2640] label: (131, 162) pred: (130, 162) delta(pixel): 0
[2022-02-05 17:58:21] - [index:   2641] label: (85, 134) pred: (84, 136) delta(pixel): 2
[2022-02-05 17:58:21] - [index:   2642] label: (61, 105) pred: (58, 106) delta(pixel): 2
[2022-02-05 17:58:21] - [index:   2643] label: (110, 139) pred: (110, 141) delta(pixel): 2
[2022-02-05 17:58:21] - [index:   2644] label: (75, 115) pred: (73, 117) delta(pixel): 2
[2022-02-05 17:58:21] - [index:   2645] label: (130, 159) pred: (130, 160) delta(pixel): 0
[2022-02-05 17:58:21] - [index:   2646] label: (118, 145) pred: (118, 147) delta(pixel): 1
[2022-02-05 17:58:21] - [index:   2647] label: (79, 132) pred: (77, 133) delta(pixel): 2
[2022-02-05 17:58:21] - [index:   2648] label: (148, 186) pred: (148, 188) delta(pixel): 2
[2022-02-05 17:58:21] - [index:   2649] label: (138, 186) pred: (138, 188) delta(pixel): 2
[2022-02-05 17:58:21] - [index:   2650] label: (143, 186) pred: (142, 188) delta(pixel): 2
[2022-02-05 17:58:21] - [index:   2651] label: (90, 128) pred: (90, 129) delta(pixel): 1
[2022-02-05 17:58:21] - [index:   2652] label: (139, 168) pred: (139, 169) delta(pixel): 1
[2022-02-05 17:58:21] - [index:   2653] label: (83, 131) pred: (82, 133) delta(pixel): 2
[2022-02-05 17:58:21] - [index:   2654] label: (106, 167) pred: (105, 170) delta(pixel): 3
[2022-02-05 17:58:21] - [index:   2655] label: (140, 178) pred: (140, 179) delta(pixel): 1
[2022-02-05 17:58:21] - [index:   2656] label: (145, 183) pred: (145, 184) delta(pixel): 2
[2022-02-05 17:58:21] - [index:   2657] label: (138, 173) pred: (137, 174) delta(pixel): 2
[2022-02-05 17:58:21] - [index:   2658] label: (107, 145) pred: (107, 146) delta(pixel): 1
[2022-02-05 17:58:21] - [index:   2659] label: (133, 168) pred: (133, 170) delta(pixel): 2
[2022-02-05 17:58:21] - [index:   2660] label: (129, 184) pred: (129, 186) delta(pixel): 2
[2022-02-05 17:58:21] - [index:   2661] label: (143, 181) pred: (142, 183) delta(pixel): 2
[2022-02-05 17:58:21] - [index:   2662] label: (162, 195) pred: (163, 198) delta(pixel): 3
[2022-02-05 17:58:21] - [index:   2663] label: (118, 151) pred: (118, 152) delta(pixel): 1
[2022-02-05 17:58:22] - [index:   2664] label: (170, 205) pred: (170, 207) delta(pixel): 2
[2022-02-05 17:58:22] - [index:   2665] label: (144, 192) pred: (144, 194) delta(pixel): 1
[2022-02-05 17:58:22] - [index:   2666] label: (121, 152) pred: (120, 153) delta(pixel): 1
[2022-02-05 17:58:22] - [index:   2667] label: (102, 137) pred: (101, 138) delta(pixel): 1
[2022-02-05 17:58:22] - [index:   2668] label: (136, 173) pred: (135, 175) delta(pixel): 2
[2022-02-05 17:58:22] - [index:   2669] label: (140, 176) pred: (140, 177) delta(pixel): 1
[2022-02-05 17:58:22] - [index:   2670] label: (156, 187) pred: (156, 190) delta(pixel): 3
[2022-02-05 17:58:22] - [index:   2671] label: (162, 202) pred: (163, 204) delta(pixel): 1
[2022-02-05 17:58:22] - [index:   2672] label: (158, 200) pred: (159, 201) delta(pixel): 1
[2022-02-05 17:58:22] - [index:   2673] label: (135, 184) pred: (134, 186) delta(pixel): 2
[2022-02-05 17:58:22] - [index:   2674] label: (157, 193) pred: (158, 195) delta(pixel): 3
[2022-02-05 17:58:22] - [index:   2675] label: (106, 146) pred: (105, 148) delta(pixel): 2
[2022-02-05 17:58:22] - [index:   2676] label: (137, 179) pred: (136, 180) delta(pixel): 1
[2022-02-05 17:58:22] - [index:   2677] label: (148, 183) pred: (148, 185) delta(pixel): 1
[2022-02-05 17:58:22] - [index:   2678] label: (107, 138) pred: (106, 139) delta(pixel): 1
[2022-02-05 17:58:22] - [index:   2679] label: (114, 147) pred: (113, 147) delta(pixel): 1
[2022-02-05 17:58:22] - [index:   2680] label: (92, 141) pred: (91, 142) delta(pixel): 2
[2022-02-05 17:58:22] - [index:   2681] label: (148, 186) pred: (148, 188) delta(pixel): 2
[2022-02-05 17:58:22] - [index:   2682] label: (158, 188) pred: (157, 191) delta(pixel): 2
[2022-02-05 17:58:22] - [index:   2683] label: (175, 210) pred: (174, 209) delta(pixel): 1
[2022-02-05 17:58:22] - [index:   2684] label: (98, 132) pred: (97, 134) delta(pixel): 2
[2022-02-05 17:58:22] - [index:   2685] label: (135, 171) pred: (135, 173) delta(pixel): 2
[2022-02-05 17:58:22] - [index:   2686] label: (66, 111) pred: (65, 112) delta(pixel): 3
[2022-02-05 17:58:22] - [index:   2687] label: (100, 167) pred: (99, 169) delta(pixel): 3
[2022-02-05 17:58:22] - [index:   2688] label: (126, 168) pred: (125, 168) delta(pixel): 1
[2022-02-05 17:58:22] - [index:   2689] label: (170, 205) pred: (170, 207) delta(pixel): 2
[2022-02-05 17:58:22] - [index:   2690] label: (98, 130) pred: (98, 132) delta(pixel): 2
[2022-02-05 17:58:22] - [index:   2691] label: (145, 186) pred: (144, 187) delta(pixel): 1
[2022-02-05 17:58:22] - [index:   2692] label: (126, 165) pred: (125, 165) delta(pixel): 1
[2022-02-05 17:58:22] - [index:   2693] label: (149, 182) pred: (150, 185) delta(pixel): 2
[2022-02-05 17:58:22] - [index:   2694] label: (127, 157) pred: (126, 158) delta(pixel): 1
[2022-02-05 17:58:22] - [index:   2695] label: (101, 164) pred: (100, 166) delta(pixel): 3
[2022-02-05 17:58:22] - [index:   2696] label: (76, 114) pred: (74, 115) delta(pixel): 2
[2022-02-05 17:58:22] - [index:   2697] label: (143, 179) pred: (142, 180) delta(pixel): 1
[2022-02-05 17:58:22] - [index:   2698] label: (71, 119) pred: (70, 121) delta(pixel): 3
[2022-02-05 17:58:22] - [index:   2699] label: (145, 178) pred: (146, 180) delta(pixel): 2
[2022-02-05 17:58:22] - [index:   2700] label: (136, 173) pred: (135, 173) delta(pixel): 0
[2022-02-05 17:58:22] - [index:   2701] label: (145, 174) pred: (145, 175) delta(pixel): 2
[2022-02-05 17:58:22] - [index:   2702] label: (130, 155) pred: (130, 157) delta(pixel): 1
[2022-02-05 17:58:22] - [index:   2703] label: (77, 125) pred: (76, 127) delta(pixel): 3
[2022-02-05 17:58:22] - [index:   2704] label: (130, 155) pred: (130, 156) delta(pixel): 1
[2022-02-05 17:58:22] - [index:   2705] label: (126, 164) pred: (126, 165) delta(pixel): 1
[2022-02-05 17:58:22] - [index:   2706] label: (98, 147) pred: (97, 148) delta(pixel): 2
[2022-02-05 17:58:22] - [index:   2707] label: (143, 175) pred: (144, 177) delta(pixel): 2
[2022-02-05 17:58:22] - [index:   2708] label: (96, 128) pred: (96, 130) delta(pixel): 1
[2022-02-05 17:58:22] - [index:   2709] label: (124, 161) pred: (124, 162) delta(pixel): 1
[2022-02-05 17:58:22] - [index:   2710] label: (154, 184) pred: (155, 187) delta(pixel): 3
[2022-02-05 17:58:22] - [index:   2711] label: (147, 176) pred: (148, 178) delta(pixel): 2
[2022-02-05 17:58:22] - [index:   2712] label: (62, 108) pred: (61, 108) delta(pixel): 2
[2022-02-05 17:58:22] - [index:   2713] label: (111, 158) pred: (111, 160) delta(pixel): 2
[2022-02-05 17:58:22] - [index:   2714] label: (107, 165) pred: (106, 167) delta(pixel): 3
[2022-02-05 17:58:22] - [index:   2715] label: (111, 150) pred: (110, 151) delta(pixel): 1
[2022-02-05 17:58:22] - [index:   2716] label: (136, 175) pred: (135, 176) delta(pixel): 2
[2022-02-05 17:58:22] - [index:   2717] label: (132, 175) pred: (131, 177) delta(pixel): 1
[2022-02-05 17:58:22] - [index:   2718] label: (166, 202) pred: (166, 204) delta(pixel): 1
[2022-02-05 17:58:22] - [index:   2719] label: (115, 151) pred: (114, 152) delta(pixel): 1
[2022-02-05 17:58:22] - [index:   2720] label: (128, 158) pred: (129, 159) delta(pixel): 1
[2022-02-05 17:58:22] - [index:   2721] label: (73, 122) pred: (71, 124) delta(pixel): 3
[2022-02-05 17:58:22] - [index:   2722] label: (120, 148) pred: (120, 149) delta(pixel): 2
[2022-02-05 17:58:22] - [index:   2723] label: (87, 128) pred: (87, 131) delta(pixel): 2
[2022-02-05 17:58:22] - [index:   2724] label: (143, 172) pred: (144, 173) delta(pixel): 1
[2022-02-05 17:58:22] - [index:   2725] label: (137, 179) pred: (137, 179) delta(pixel): 0
[2022-02-05 17:58:22] - [index:   2726] label: (162, 202) pred: (162, 204) delta(pixel): 1
[2022-02-05 17:58:22] - [index:   2727] label: (79, 128) pred: (78, 131) delta(pixel): 3
[2022-02-05 17:58:22] - [index:   2728] label: (136, 175) pred: (135, 176) delta(pixel): 2
[2022-02-05 17:58:22] - [index:   2729] label: (145, 196) pred: (144, 197) delta(pixel): 2
[2022-02-05 17:58:22] - [index:   2730] label: (134, 161) pred: (134, 162) delta(pixel): 1
[2022-02-05 17:58:22] - [index:   2731] label: (80, 118) pred: (80, 119) delta(pixel): 1
[2022-02-05 17:58:22] - [index:   2732] label: (144, 192) pred: (144, 194) delta(pixel): 2
[2022-02-05 17:58:22] - [index:   2733] label: (95, 149) pred: (93, 151) delta(pixel): 2
[2022-02-05 17:58:22] - [index:   2734] label: (120, 147) pred: (121, 149) delta(pixel): 2
[2022-02-05 17:58:22] - [index:   2735] label: (133, 167) pred: (133, 168) delta(pixel): 1
[2022-02-05 17:58:22] - [index:   2736] label: (124, 158) pred: (124, 159) delta(pixel): 0
[2022-02-05 17:58:22] - [index:   2737] label: (92, 126) pred: (92, 127) delta(pixel): 1
[2022-02-05 17:58:22] - [index:   2738] label: (155, 185) pred: (155, 188) delta(pixel): 2
[2022-02-05 17:58:22] - [index:   2739] label: (129, 174) pred: (129, 175) delta(pixel): 1
[2022-02-05 17:58:22] - [index:   2740] label: (125, 152) pred: (125, 153) delta(pixel): 0
[2022-02-05 17:58:22] - [index:   2741] label: (134, 172) pred: (133, 173) delta(pixel): 2
[2022-02-05 17:58:22] - [index:   2742] label: (159, 198) pred: (160, 201) delta(pixel): 3
[2022-02-05 17:58:22] - [index:   2743] label: (83, 131) pred: (82, 133) delta(pixel): 2
[2022-02-05 17:58:22] - [index:   2744] label: (158, 200) pred: (159, 201) delta(pixel): 1
[2022-02-05 17:58:22] - [index:   2745] label: (114, 143) pred: (114, 145) delta(pixel): 2
[2022-02-05 17:58:22] - [index:   2746] label: (105, 170) pred: (105, 172) delta(pixel): 2
[2022-02-05 17:58:22] - [index:   2747] label: (126, 165) pred: (126, 166) delta(pixel): 1
[2022-02-05 17:58:22] - [index:   2748] label: (137, 163) pred: (136, 165) delta(pixel): 1
[2022-02-05 17:58:22] - [index:   2749] label: (167, 203) pred: (168, 205) delta(pixel): 2
[2022-02-05 17:58:22] - [index:   2750] label: (121, 150) pred: (122, 152) delta(pixel): 2
[2022-02-05 17:58:22] - [index:   2751] label: (129, 167) pred: (128, 168) delta(pixel): 1
[2022-02-05 17:58:22] - [index:   2752] label: (138, 167) pred: (138, 168) delta(pixel): 0
[2022-02-05 17:58:22] - [index:   2753] label: (172, 208) pred: (171, 209) delta(pixel): 1
[2022-02-05 17:58:22] - [index:   2754] label: (117, 162) pred: (117, 163) delta(pixel): 1
[2022-02-05 17:58:22] - [index:   2755] label: (160, 203) pred: (159, 204) delta(pixel): 1
[2022-02-05 17:58:22] - [index:   2756] label: (73, 109) pred: (72, 111) delta(pixel): 2
[2022-02-05 17:58:22] - [index:   2757] label: (104, 153) pred: (104, 155) delta(pixel): 2
[2022-02-05 17:58:22] - [index:   2758] label: (133, 186) pred: (133, 188) delta(pixel): 2
[2022-02-05 17:58:22] - [index:   2759] label: (148, 181) pred: (147, 183) delta(pixel): 1
[2022-02-05 17:58:22] - [index:   2760] label: (129, 161) pred: (129, 162) delta(pixel): 1
[2022-02-05 17:58:22] - [index:   2761] label: (133, 170) pred: (133, 172) delta(pixel): 1
[2022-02-05 17:58:22] - [index:   2762] label: (112, 165) pred: (112, 168) delta(pixel): 2
[2022-02-05 17:58:22] - [index:   2763] label: (138, 183) pred: (137, 185) delta(pixel): 2
[2022-02-05 17:58:22] - [index:   2764] label: (160, 195) pred: (161, 198) delta(pixel): 3
[2022-02-05 17:58:22] - [index:   2765] label: (62, 108) pred: (61, 109) delta(pixel): 1
[2022-02-05 17:58:22] - [index:   2766] label: (131, 164) pred: (130, 165) delta(pixel): 1
[2022-02-05 17:58:22] - [index:   2767] label: (61, 102) pred: (61, 104) delta(pixel): 2
[2022-02-05 17:58:22] - [index:   2768] label: (109, 148) pred: (108, 149) delta(pixel): 2
[2022-02-05 17:58:22] - [index:   2769] label: (145, 183) pred: (145, 184) delta(pixel): 1
[2022-02-05 17:58:22] - [index:   2770] label: (158, 191) pred: (158, 194) delta(pixel): 3
[2022-02-05 17:58:22] - [index:   2771] label: (143, 172) pred: (144, 174) delta(pixel): 1
[2022-02-05 17:58:22] - [index:   2772] label: (125, 151) pred: (126, 153) delta(pixel): 2
[2022-02-05 17:58:22] - [index:   2773] label: (76, 118) pred: (75, 119) delta(pixel): 3
[2022-02-05 17:58:22] - [index:   2774] label: (127, 154) pred: (127, 155) delta(pixel): 1
[2022-02-05 17:58:22] - [index:   2775] label: (108, 137) pred: (108, 138) delta(pixel): 1
[2022-02-05 17:58:22] - [index:   2776] label: (143, 172) pred: (144, 173) delta(pixel): 1
[2022-02-05 17:58:22] - [index:   2777] label: (113, 164) pred: (113, 165) delta(pixel): 2
[2022-02-05 17:58:22] - [index:   2778] label: (128, 155) pred: (129, 156) delta(pixel): 0
[2022-02-05 17:58:22] - [index:   2779] label: (66, 111) pred: (64, 112) delta(pixel): 3
[2022-02-05 17:58:22] - [index:   2780] label: (116, 144) pred: (115, 145) delta(pixel): 1
[2022-02-05 17:58:22] - [index:   2781] label: (105, 142) pred: (104, 144) delta(pixel): 2
[2022-02-05 17:58:22] - [index:   2782] label: (94, 128) pred: (93, 130) delta(pixel): 2
[2022-02-05 17:58:22] - [index:   2783] label: (85, 126) pred: (85, 127) delta(pixel): 2
[2022-02-05 17:58:22] - [index:   2784] label: (123, 151) pred: (123, 152) delta(pixel): 1
[2022-02-05 17:58:22] - [index:   2785] label: (85, 138) pred: (84, 139) delta(pixel): 1
[2022-02-05 17:58:22] - [index:   2786] label: (114, 152) pred: (114, 153) delta(pixel): 1
[2022-02-05 17:58:22] - [index:   2787] label: (147, 178) pred: (146, 180) delta(pixel): 1
[2022-02-05 17:58:22] - [index:   2788] label: (148, 183) pred: (148, 185) delta(pixel): 1
[2022-02-05 17:58:22] - [index:   2789] label: (146, 191) pred: (145, 192) delta(pixel): 2
[2022-02-05 17:58:22] - [index:   2790] label: (111, 146) pred: (109, 147) delta(pixel): 2
[2022-02-05 17:58:22] - [index:   2791] label: (138, 176) pred: (138, 177) delta(pixel): 0
[2022-02-05 17:58:22] - [index:   2792] label: (169, 204) pred: (169, 206) delta(pixel): 2
[2022-02-05 17:58:22] - [index:   2793] label: (163, 199) pred: (164, 201) delta(pixel): 2
[2022-02-05 17:58:22] - [index:   2794] label: (107, 145) pred: (106, 146) delta(pixel): 2
[2022-02-05 17:58:22] - [index:   2795] label: (152, 189) pred: (152, 191) delta(pixel): 2
[2022-02-05 17:58:22] - [index:   2796] label: (94, 156) pred: (92, 158) delta(pixel): 3
[2022-02-05 17:58:22] - [index:   2797] label: (147, 180) pred: (147, 181) delta(pixel): 2
[2022-02-05 17:58:22] - [index:   2798] label: (124, 165) pred: (123, 165) delta(pixel): 1
[2022-02-05 17:58:22] - [index:   2799] label: (120, 153) pred: (120, 155) delta(pixel): 2
[2022-02-05 17:58:22] - [index:   2800] label: (160, 203) pred: (159, 204) delta(pixel): 1
[2022-02-05 17:58:22] - [index:   2801] label: (170, 205) pred: (170, 207) delta(pixel): 2
[2022-02-05 17:58:22] - [index:   2802] label: (87, 131) pred: (87, 133) delta(pixel): 2
[2022-02-05 17:58:22] - [index:   2803] label: (143, 175) pred: (143, 177) delta(pixel): 1
[2022-02-05 17:58:22] - [index:   2804] label: (104, 139) pred: (105, 142) delta(pixel): 3
[2022-02-05 17:58:22] - [index:   2805] label: (137, 164) pred: (137, 166) delta(pixel): 1
[2022-02-05 17:58:22] - [index:   2806] label: (89, 137) pred: (89, 138) delta(pixel): 1
[2022-02-05 17:58:22] - [index:   2807] label: (89, 137) pred: (89, 139) delta(pixel): 1
[2022-02-05 17:58:22] - [index:   2808] label: (156, 187) pred: (156, 190) delta(pixel): 3
[2022-02-05 17:58:22] - [index:   2809] label: (124, 165) pred: (123, 166) delta(pixel): 1
[2022-02-05 17:58:22] - [index:   2810] label: (125, 154) pred: (124, 154) delta(pixel): 0
[2022-02-05 17:58:22] - [index:   2811] label: (101, 141) pred: (100, 143) delta(pixel): 2
[2022-02-05 17:58:22] - [index:   2812] label: (82, 123) pred: (81, 124) delta(pixel): 2
[2022-02-05 17:58:22] - [index:   2813] label: (70, 110) pred: (69, 112) delta(pixel): 2
[2022-02-05 17:58:22] - [index:   2814] label: (146, 185) pred: (145, 186) delta(pixel): 2
[2022-02-05 17:58:22] - [index:   2815] label: (69, 107) pred: (68, 109) delta(pixel): 3
[2022-02-05 17:58:22] - [index:   2816] label: (65, 109) pred: (63, 109) delta(pixel): 2
[2022-02-05 17:58:22] - [index:   2817] label: (141, 173) pred: (140, 174) delta(pixel): 1
[2022-02-05 17:58:22] - [index:   2818] label: (131, 172) pred: (131, 173) delta(pixel): 1
[2022-02-05 17:58:22] - [index:   2819] label: (122, 159) pred: (121, 161) delta(pixel): 2
[2022-02-05 17:58:22] - [index:   2820] label: (142, 176) pred: (141, 178) delta(pixel): 1
[2022-02-05 17:58:22] - [index:   2821] label: (171, 209) pred: (170, 209) delta(pixel): 1
[2022-02-05 17:58:22] - [index:   2822] label: (80, 120) pred: (79, 121) delta(pixel): 1
[2022-02-05 17:58:22] - [index:   2823] label: (107, 138) pred: (107, 139) delta(pixel): 1
[2022-02-05 17:58:22] - [index:   2824] label: (104, 153) pred: (104, 155) delta(pixel): 1
[2022-02-05 17:58:22] - [index:   2825] label: (141, 173) pred: (140, 174) delta(pixel): 1
[2022-02-05 17:58:22] - [index:   2826] label: (137, 171) pred: (137, 172) delta(pixel): 1
[2022-02-05 17:58:22] - [index:   2827] label: (155, 188) pred: (156, 190) delta(pixel): 2
[2022-02-05 17:58:22] - [index:   2828] label: (78, 136) pred: (76, 138) delta(pixel): 3
[2022-02-05 17:58:22] - [index:   2829] label: (80, 118) pred: (80, 120) delta(pixel): 1
[2022-02-05 17:58:22] - [index:   2830] label: (98, 147) pred: (97, 148) delta(pixel): 2
[2022-02-05 17:58:22] - [index:   2831] label: (77, 125) pred: (76, 127) delta(pixel): 3
[2022-02-05 17:58:22] - [index:   2832] label: (83, 135) pred: (82, 137) delta(pixel): 3
[2022-02-05 17:58:22] - [index:   2833] label: (123, 152) pred: (122, 153) delta(pixel): 0
[2022-02-05 17:58:22] - [index:   2834] label: (93, 136) pred: (91, 137) delta(pixel): 2
[2022-02-05 17:58:22] - [index:   2835] label: (132, 175) pred: (131, 175) delta(pixel): 1
[2022-02-05 17:58:22] - [index:   2836] label: (85, 119) pred: (85, 121) delta(pixel): 2
[2022-02-05 17:58:22] - [index:   2837] label: (112, 157) pred: (112, 159) delta(pixel): 2
[2022-02-05 17:58:22] - [index:   2838] label: (123, 150) pred: (124, 152) delta(pixel): 3
[2022-02-05 17:58:22] - [index:   2839] label: (151, 181) pred: (153, 183) delta(pixel): 2
[2022-02-05 17:58:22] - [index:   2840] label: (81, 128) pred: (80, 129) delta(pixel): 2
[2022-02-05 17:58:22] - [index:   2841] label: (95, 128) pred: (96, 131) delta(pixel): 2
[2022-02-05 17:58:22] - [index:   2842] label: (161, 199) pred: (161, 201) delta(pixel): 2
[2022-02-05 17:58:22] - [index:   2843] label: (99, 141) pred: (99, 143) delta(pixel): 1
[2022-02-05 17:58:22] - [index:   2844] label: (142, 184) pred: (142, 186) delta(pixel): 2
[2022-02-05 17:58:22] - [index:   2845] label: (160, 191) pred: (161, 194) delta(pixel): 4
[2022-02-05 17:58:22] - [index:   2846] label: (165, 197) pred: (165, 200) delta(pixel): 3
[2022-02-05 17:58:22] - [index:   2847] label: (163, 199) pred: (164, 201) delta(pixel): 3
[2022-02-05 17:58:22] - [index:   2848] label: (119, 157) pred: (118, 158) delta(pixel): 1
[2022-02-05 17:58:22] - [index:   2849] label: (114, 162) pred: (114, 164) delta(pixel): 1
[2022-02-05 17:58:22] - [index:   2850] label: (115, 151) pred: (114, 153) delta(pixel): 1
[2022-02-05 17:58:23] - [index:   2851] label: (131, 162) pred: (130, 163) delta(pixel): 1
[2022-02-05 17:58:23] - [index:   2852] label: (120, 154) pred: (120, 155) delta(pixel): 1
[2022-02-05 17:58:23] - [index:   2853] label: (126, 182) pred: (125, 184) delta(pixel): 3
[2022-02-05 17:58:23] - [index:   2854] label: (127, 154) pred: (127, 155) delta(pixel): 1
[2022-02-05 17:58:23] - [index:   2855] label: (170, 205) pred: (170, 207) delta(pixel): 2
[2022-02-05 17:58:23] - [index:   2856] label: (96, 148) pred: (95, 149) delta(pixel): 1
[2022-02-05 17:58:23] - [index:   2857] label: (145, 188) pred: (145, 190) delta(pixel): 1
[2022-02-05 17:58:23] - [index:   2858] label: (122, 177) pred: (123, 179) delta(pixel): 2
[2022-02-05 17:58:23] - [index:   2859] label: (127, 156) pred: (127, 158) delta(pixel): 2
[2022-02-05 17:58:23] - [index:   2860] label: (148, 186) pred: (148, 188) delta(pixel): 1
[2022-02-05 17:58:23] - [index:   2861] label: (125, 152) pred: (125, 153) delta(pixel): 1
[2022-02-05 17:58:23] - [index:   2862] label: (92, 145) pred: (91, 147) delta(pixel): 3
[2022-02-05 17:58:23] - [index:   2863] label: (121, 148) pred: (122, 150) delta(pixel): 3
[2022-02-05 17:58:23] - [index:   2864] label: (77, 128) pred: (75, 130) delta(pixel): 3
[2022-02-05 17:58:23] - [index:   2865] label: (120, 170) pred: (120, 172) delta(pixel): 2
[2022-02-05 17:58:23] - [index:   2866] label: (165, 207) pred: (165, 207) delta(pixel): 0
[2022-02-05 17:58:23] - [index:   2867] label: (92, 141) pred: (91, 142) delta(pixel): 2
[2022-02-05 17:58:23] - [index:   2868] label: (120, 155) pred: (120, 157) delta(pixel): 2
[2022-02-05 17:58:23] - [index:   2869] label: (146, 191) pred: (146, 193) delta(pixel): 2
[2022-02-05 17:58:23] - [index:   2870] label: (178, 213) pred: (175, 210) delta(pixel): 6
[2022-02-05 17:58:23] - [index:   2871] label: (136, 164) pred: (136, 164) delta(pixel): 1
[2022-02-05 17:58:23] - [index:   2872] label: (130, 157) pred: (130, 159) delta(pixel): 1
[2022-02-05 17:58:23] - [index:   2873] label: (82, 117) pred: (82, 118) delta(pixel): 1
[2022-02-05 17:58:23] - [index:   2874] label: (104, 143) pred: (103, 145) delta(pixel): 2
[2022-02-05 17:58:23] - [index:   2875] label: (125, 151) pred: (125, 153) delta(pixel): 1
[2022-02-05 17:58:23] - [index:   2876] label: (90, 146) pred: (89, 148) delta(pixel): 2
[2022-02-05 17:58:23] - [index:   2877] label: (101, 164) pred: (101, 167) delta(pixel): 3
[2022-02-05 17:58:23] - [index:   2878] label: (132, 180) pred: (132, 182) delta(pixel): 2
[2022-02-05 17:58:23] - [index:   2879] label: (155, 189) pred: (155, 191) delta(pixel): 3
[2022-02-05 17:58:23] - [index:   2880] label: (156, 195) pred: (157, 196) delta(pixel): 2
[2022-02-05 17:58:23] - [index:   2881] label: (133, 167) pred: (132, 168) delta(pixel): 1
[2022-02-05 17:58:23] - [index:   2882] label: (148, 186) pred: (148, 188) delta(pixel): 2
[2022-02-05 17:58:23] - [index:   2883] label: (163, 197) pred: (164, 200) delta(pixel): 3
[2022-02-05 17:58:23] - [index:   2884] label: (128, 158) pred: (129, 159) delta(pixel): 2
[2022-02-05 17:58:23] - [index:   2885] label: (77, 116) pred: (76, 118) delta(pixel): 2
[2022-02-05 17:58:23] - [index:   2886] label: (149, 181) pred: (149, 183) delta(pixel): 2
[2022-02-05 17:58:23] - [index:   2887] label: (95, 140) pred: (94, 141) delta(pixel): 1
[2022-02-05 17:58:23] - [index:   2888] label: (121, 163) pred: (121, 165) delta(pixel): 2
[2022-02-05 17:58:23] - [index:   2889] label: (140, 174) pred: (139, 176) delta(pixel): 1
[2022-02-05 17:58:23] - [index:   2890] label: (88, 138) pred: (86, 139) delta(pixel): 2
[2022-02-05 17:58:23] - [index:   2891] label: (136, 167) pred: (137, 168) delta(pixel): 0
[2022-02-05 17:58:23] - [index:   2892] label: (132, 163) pred: (132, 164) delta(pixel): 0
[2022-02-05 17:58:23] - [index:   2893] label: (116, 155) pred: (116, 157) delta(pixel): 1
[2022-02-05 17:58:23] - [index:   2894] label: (174, 211) pred: (172, 209) delta(pixel): 3
[2022-02-05 17:58:23] - [index:   2895] label: (126, 159) pred: (126, 160) delta(pixel): 1
[2022-02-05 17:58:23] - [index:   2896] label: (116, 149) pred: (116, 150) delta(pixel): 1
[2022-02-05 17:58:23] - [index:   2897] label: (171, 209) pred: (170, 209) delta(pixel): 1
[2022-02-05 17:58:23] - [index:   2898] label: (149, 185) pred: (149, 188) delta(pixel): 2
[2022-02-05 17:58:23] - [index:   2899] label: (155, 189) pred: (155, 191) delta(pixel): 2
[2022-02-05 17:58:23] - [index:   2900] label: (123, 152) pred: (122, 153) delta(pixel): 1
[2022-02-05 17:58:23] - [index:   2901] label: (139, 165) pred: (139, 167) delta(pixel): 1
[2022-02-05 17:58:23] - [index:   2902] label: (87, 131) pred: (86, 131) delta(pixel): 1
[2022-02-05 17:58:23] - [index:   2903] label: (135, 161) pred: (135, 162) delta(pixel): 1
[2022-02-05 17:58:23] - [index:   2904] label: (138, 166) pred: (138, 169) delta(pixel): 2
[2022-02-05 17:58:23] - [index:   2905] label: (134, 175) pred: (133, 175) delta(pixel): 1
[2022-02-05 17:58:23] - [index:   2906] label: (132, 174) pred: (131, 175) delta(pixel): 1
[2022-02-05 17:58:23] - [index:   2907] label: (105, 147) pred: (105, 149) delta(pixel): 2
[2022-02-05 17:58:23] - [index:   2908] label: (121, 164) pred: (120, 166) delta(pixel): 1
[2022-02-05 17:58:23] - [index:   2909] label: (109, 148) pred: (108, 150) delta(pixel): 2
[2022-02-05 17:58:23] - [index:   2910] label: (164, 203) pred: (164, 205) delta(pixel): 1
[2022-02-05 17:58:23] - [index:   2911] label: (129, 187) pred: (130, 189) delta(pixel): 2
[2022-02-05 17:58:23] - [index:   2912] label: (123, 166) pred: (123, 166) delta(pixel): 0
[2022-02-05 17:58:23] - [index:   2913] label: (81, 135) pred: (80, 137) delta(pixel): 3
[2022-02-05 17:58:23] - [index:   2914] label: (85, 138) pred: (84, 140) delta(pixel): 3
[2022-02-05 17:58:23] - [index:   2915] label: (154, 198) pred: (154, 199) delta(pixel): 1
[2022-02-05 17:58:23] - [index:   2916] label: (139, 173) pred: (139, 174) delta(pixel): 2
[2022-02-05 17:58:23] - [index:   2917] label: (151, 180) pred: (151, 182) delta(pixel): 2
[2022-02-05 17:58:23] - [index:   2918] label: (120, 166) pred: (120, 168) delta(pixel): 1
[2022-02-05 17:58:23] - [index:   2919] label: (136, 164) pred: (136, 165) delta(pixel): 1
[2022-02-05 17:58:23] - [index:   2920] label: (98, 130) pred: (98, 133) delta(pixel): 2
[2022-02-05 17:58:23] - [index:   2921] label: (124, 162) pred: (123, 162) delta(pixel): 1
[2022-02-05 17:58:23] - [index:   2922] label: (130, 157) pred: (130, 159) delta(pixel): 1
[2022-02-05 17:58:23] - [index:   2923] label: (127, 156) pred: (127, 157) delta(pixel): 1
[2022-02-05 17:58:23] - [index:   2924] label: (149, 195) pred: (148, 197) delta(pixel): 3
[2022-02-05 17:58:23] - [index:   2925] label: (145, 178) pred: (146, 180) delta(pixel): 2
[2022-02-05 17:58:23] - [index:   2926] label: (76, 114) pred: (75, 115) delta(pixel): 2
[2022-02-05 17:58:23] - [index:   2927] label: (116, 144) pred: (115, 145) delta(pixel): 1
[2022-02-05 17:58:23] - [index:   2928] label: (132, 159) pred: (132, 159) delta(pixel): 0
[2022-02-05 17:58:23] - [index:   2929] label: (72, 111) pred: (71, 112) delta(pixel): 2
[2022-02-05 17:58:23] - [index:   2930] label: (133, 159) pred: (134, 161) delta(pixel): 1
[2022-02-05 17:58:23] - [index:   2931] label: (122, 155) pred: (121, 156) delta(pixel): 1
[2022-02-05 17:58:23] - [index:   2932] label: (91, 152) pred: (89, 154) delta(pixel): 3
[2022-02-05 17:58:23] - [index:   2933] label: (126, 179) pred: (125, 181) delta(pixel): 2
[2022-02-05 17:58:23] - [index:   2934] label: (148, 197) pred: (147, 199) delta(pixel): 2
[2022-02-05 17:58:23] - [index:   2935] label: (82, 121) pred: (82, 122) delta(pixel): 1
[2022-02-05 17:58:23] - [index:   2936] label: (119, 149) pred: (119, 150) delta(pixel): 1
[2022-02-05 17:58:23] - [index:   2937] label: (114, 146) pred: (114, 147) delta(pixel): 1
[2022-02-05 17:58:23] - [index:   2938] label: (91, 152) pred: (89, 154) delta(pixel): 3
[2022-02-05 17:58:23] - [index:   2939] label: (89, 134) pred: (88, 135) delta(pixel): 1
[2022-02-05 17:58:23] - [index:   2940] label: (129, 167) pred: (128, 168) delta(pixel): 2
[2022-02-05 17:58:23] - [index:   2941] label: (89, 128) pred: (88, 130) delta(pixel): 2
[2022-02-05 17:58:23] - [index:   2942] label: (149, 185) pred: (150, 188) delta(pixel): 2
[2022-02-05 17:58:23] - [index:   2943] label: (93, 136) pred: (92, 138) delta(pixel): 2
[2022-02-05 17:58:23] - [index:   2944] label: (117, 162) pred: (117, 163) delta(pixel): 1
[2022-02-05 17:58:23] - [index:   2945] label: (114, 162) pred: (114, 163) delta(pixel): 1
[2022-02-05 17:58:23] - [index:   2946] label: (65, 113) pred: (63, 115) delta(pixel): 3
[2022-02-05 17:58:23] - [index:   2947] label: (109, 140) pred: (109, 141) delta(pixel): 1
[2022-02-05 17:58:23] - [index:   2948] label: (154, 198) pred: (154, 199) delta(pixel): 1
[2022-02-05 17:58:23] - [index:   2949] label: (135, 170) pred: (135, 171) delta(pixel): 1
[2022-02-05 17:58:23] - [index:   2950] label: (83, 135) pred: (83, 138) delta(pixel): 3
[2022-02-05 17:58:23] - [index:   2951] label: (115, 145) pred: (114, 147) delta(pixel): 2
[2022-02-05 17:58:23] - [index:   2952] label: (122, 159) pred: (121, 160) delta(pixel): 1
[2022-02-05 17:58:23] - [index:   2953] label: (90, 131) pred: (90, 133) delta(pixel): 2
[2022-02-05 17:58:23] - [index:   2954] label: (156, 190) pred: (157, 192) delta(pixel): 3
[2022-02-05 17:58:23] - [index:   2955] label: (127, 154) pred: (127, 155) delta(pixel): 1
[2022-02-05 17:58:23] - [index:   2956] label: (56, 97) pred: (57, 99) delta(pixel): 3
[2022-02-05 17:58:23] - [index:   2957] label: (138, 173) pred: (137, 174) delta(pixel): 1
[2022-02-05 17:58:23] - [index:   2958] label: (127, 152) pred: (127, 154) delta(pixel): 2
[2022-02-05 17:58:23] - [index:   2959] label: (79, 128) pred: (78, 129) delta(pixel): 1
[2022-02-05 17:58:23] - [index:   2960] label: (83, 144) pred: (82, 146) delta(pixel): 3
[2022-02-05 17:58:23] - [index:   2961] label: (118, 146) pred: (118, 147) delta(pixel): 1
[2022-02-05 17:58:23] - [index:   2962] label: (135, 171) pred: (136, 173) delta(pixel): 1
[2022-02-05 17:58:23] - [index:   2963] label: (112, 141) pred: (113, 143) delta(pixel): 3
[2022-02-05 17:58:23] - [index:   2964] label: (121, 152) pred: (121, 153) delta(pixel): 2
[2022-02-05 17:58:23] - [index:   2965] label: (102, 134) pred: (101, 136) delta(pixel): 2
[2022-02-05 17:58:23] - [index:   2966] label: (59, 103) pred: (58, 105) delta(pixel): 3
[2022-02-05 17:58:23] - [index:   2967] label: (157, 192) pred: (158, 195) delta(pixel): 3
[2022-02-05 17:58:23] - [index:   2968] label: (133, 166) pred: (132, 167) delta(pixel): 1
[2022-02-05 17:58:23] - [index:   2969] label: (97, 153) pred: (97, 155) delta(pixel): 2
[2022-02-05 17:58:23] - [index:   2970] label: (124, 156) pred: (124, 157) delta(pixel): 1
[2022-02-05 17:58:23] - [index:   2971] label: (110, 161) pred: (109, 163) delta(pixel): 1
[2022-02-05 17:58:23] - [index:   2972] label: (98, 130) pred: (98, 132) delta(pixel): 2
[2022-02-05 17:58:23] - [index:   2973] label: (84, 123) pred: (83, 125) delta(pixel): 1
[2022-02-05 17:58:23] - [index:   2974] label: (105, 136) pred: (106, 138) delta(pixel): 2
[2022-02-05 17:58:23] - [index:   2975] label: (159, 193) pred: (160, 195) delta(pixel): 3
[2022-02-05 17:58:23] - [index:   2976] label: (121, 161) pred: (121, 163) delta(pixel): 1
[2022-02-05 17:58:23] - [index:   2977] label: (97, 130) pred: (96, 132) delta(pixel): 2
[2022-02-05 17:58:23] - [index:   2978] label: (155, 196) pred: (156, 197) delta(pixel): 1
[2022-02-05 17:58:23] - [index:   2979] label: (109, 143) pred: (109, 145) delta(pixel): 1
[2022-02-05 17:58:23] - [index:   2980] label: (144, 175) pred: (145, 177) delta(pixel): 2
[2022-02-05 17:58:23] - [index:   2981] label: (99, 152) pred: (98, 154) delta(pixel): 2
[2022-02-05 17:58:23] - [index:   2982] label: (144, 175) pred: (145, 177) delta(pixel): 2
[2022-02-05 17:58:23] - [index:   2983] label: (73, 122) pred: (72, 125) delta(pixel): 3
[2022-02-05 17:58:23] - [index:   2984] label: (82, 119) pred: (82, 120) delta(pixel): 1
[2022-02-05 17:58:23] - [index:   2985] label: (138, 167) pred: (138, 169) delta(pixel): 2
[2022-02-05 17:58:23] - [index:   2986] label: (126, 172) pred: (126, 174) delta(pixel): 2
[2022-02-05 17:58:23] - [index:   2987] label: (72, 125) pred: (71, 127) delta(pixel): 3
[2022-02-05 17:58:23] - [index:   2988] label: (89, 128) pred: (88, 130) delta(pixel): 1
[2022-02-05 17:58:23] - [index:   2989] label: (111, 167) pred: (111, 170) delta(pixel): 2
[2022-02-05 17:58:23] - [index:   2990] label: (90, 126) pred: (90, 128) delta(pixel): 2
[2022-02-05 17:58:23] - [index:   2991] label: (152, 189) pred: (153, 191) delta(pixel): 2
[2022-02-05 17:58:23] - [index:   2992] label: (104, 143) pred: (103, 145) delta(pixel): 2
[2022-02-05 17:58:23] - [index:   2993] label: (106, 136) pred: (105, 137) delta(pixel): 2
[2022-02-05 17:58:23] - [index:   2994] label: (108, 149) pred: (108, 151) delta(pixel): 1
[2022-02-05 17:58:23] - [index:   2995] label: (132, 183) pred: (132, 185) delta(pixel): 2
[2022-02-05 17:58:23] - [index:   2996] label: (125, 156) pred: (124, 156) delta(pixel): 0
[2022-02-05 17:58:23] - [index:   2997] label: (83, 144) pred: (82, 146) delta(pixel): 3
[2022-02-05 17:58:23] - [index:   2998] label: (106, 151) pred: (106, 153) delta(pixel): 1
[2022-02-05 17:58:23] - [index:   2999] label: (132, 158) pred: (132, 159) delta(pixel): 0
[2022-02-05 17:58:23] - [index:   3000] label: (68, 114) pred: (66, 114) delta(pixel): 2
[2022-02-05 17:58:23] - [index:   3001] label: (124, 162) pred: (123, 163) delta(pixel): 1
[2022-02-05 17:58:23] - [index:   3002] label: (77, 128) pred: (75, 130) delta(pixel): 3
[2022-02-05 17:58:23] - [index:   3003] label: (127, 156) pred: (127, 157) delta(pixel): 0
[2022-02-05 17:58:23] - [index:   3004] label: (118, 152) pred: (118, 153) delta(pixel): 1
[2022-02-05 17:58:23] - [index:   3005] label: (68, 109) pred: (65, 110) delta(pixel): 3
[2022-02-05 17:58:23] - [index:   3006] label: (137, 169) pred: (137, 171) delta(pixel): 2
[2022-02-05 17:58:23] - [index:   3007] label: (65, 113) pred: (63, 115) delta(pixel): 3
[2022-02-05 17:58:23] - [index:   3008] label: (74, 111) pred: (73, 113) delta(pixel): 2
[2022-02-05 17:58:23] - [index:   3009] label: (79, 125) pred: (79, 127) delta(pixel): 2
[2022-02-05 17:58:23] - [index:   3010] label: (120, 168) pred: (120, 170) delta(pixel): 2
[2022-02-05 17:58:23] - [index:   3011] label: (100, 138) pred: (99, 139) delta(pixel): 2
[2022-02-05 17:58:23] - [index:   3012] label: (121, 149) pred: (122, 151) delta(pixel): 2
[2022-02-05 17:58:23] - [index:   3013] label: (151, 193) pred: (151, 195) delta(pixel): 1
[2022-02-05 17:58:23] - [index:   3014] label: (125, 153) pred: (125, 154) delta(pixel): 1
[2022-02-05 17:58:23] - [index:   3015] label: (62, 108) pred: (60, 108) delta(pixel): 2
[2022-02-05 17:58:23] - [index:   3016] label: (111, 145) pred: (111, 147) delta(pixel): 2
[2022-02-05 17:58:23] - [index:   3017] label: (87, 123) pred: (86, 125) delta(pixel): 2
[2022-02-05 17:58:23] - [index:   3018] label: (144, 183) pred: (143, 184) delta(pixel): 1
[2022-02-05 17:58:23] - [index:   3019] label: (126, 185) pred: (125, 187) delta(pixel): 2
[2022-02-05 17:58:23] - [index:   3020] label: (85, 123) pred: (84, 125) delta(pixel): 2
[2022-02-05 17:58:23] - [index:   3021] label: (86, 143) pred: (84, 144) delta(pixel): 3
[2022-02-05 17:58:23] - [index:   3022] label: (136, 165) pred: (136, 166) delta(pixel): 1
[2022-02-05 17:58:23] - [index:   3023] label: (103, 149) pred: (103, 150) delta(pixel): 2
[2022-02-05 17:58:23] - [index:   3024] label: (128, 155) pred: (129, 157) delta(pixel): 2
[2022-02-05 17:58:23] - [index:   3025] label: (114, 143) pred: (113, 144) delta(pixel): 1
[2022-02-05 17:58:24] - [index:   3026] label: (124, 158) pred: (124, 159) delta(pixel): 1
[2022-02-05 17:58:24] - [index:   3027] label: (121, 148) pred: (122, 150) delta(pixel): 1
[2022-02-05 17:58:24] - [index:   3028] label: (134, 161) pred: (133, 162) delta(pixel): 1
[2022-02-05 17:58:24] - [index:   3029] label: (150, 180) pred: (150, 183) delta(pixel): 2
[2022-02-05 17:58:24] - [index:   3030] label: (133, 165) pred: (132, 165) delta(pixel): 0
[2022-02-05 17:58:24] - [index:   3031] label: (129, 165) pred: (128, 167) delta(pixel): 2
[2022-02-05 17:58:24] - [index:   3032] label: (124, 158) pred: (124, 159) delta(pixel): 1
[2022-02-05 17:58:24] - [index:   3033] label: (65, 105) pred: (63, 106) delta(pixel): 2
[2022-02-05 17:58:24] - [index:   3034] label: (101, 164) pred: (101, 167) delta(pixel): 3
[2022-02-05 17:58:24] - [index:   3035] label: (124, 159) pred: (124, 160) delta(pixel): 1
[2022-02-05 17:58:24] - [index:   3036] label: (174, 209) pred: (172, 209) delta(pixel): 1
[2022-02-05 17:58:24] - [index:   3037] label: (125, 156) pred: (124, 156) delta(pixel): 0
[2022-02-05 17:58:24] - [index:   3038] label: (84, 119) pred: (83, 120) delta(pixel): 1
[2022-02-05 17:58:24] - [index:   3039] label: (149, 185) pred: (150, 188) delta(pixel): 2
[2022-02-05 17:58:24] - [index:   3040] label: (144, 183) pred: (143, 185) delta(pixel): 2
[2022-02-05 17:58:24] - [index:   3041] label: (96, 136) pred: (95, 137) delta(pixel): 2
[2022-02-05 17:58:24] - [index:   3042] label: (160, 191) pred: (161, 193) delta(pixel): 3
[2022-02-05 17:58:24] - [index:   3043] label: (153, 188) pred: (153, 190) delta(pixel): 2
[2022-02-05 17:58:24] - [index:   3044] label: (150, 184) pred: (151, 187) delta(pixel): 3
[2022-02-05 17:58:24] - [index:   3045] label: (164, 203) pred: (164, 205) delta(pixel): 1
[2022-02-05 17:58:24] - [index:   3046] label: (111, 167) pred: (111, 170) delta(pixel): 2
[2022-02-05 17:58:24] - [index:   3047] label: (82, 125) pred: (81, 128) delta(pixel): 2
[2022-02-05 17:58:24] - [index:   3048] label: (109, 154) pred: (108, 156) delta(pixel): 2
[2022-02-05 17:58:24] - [index:   3049] label: (145, 183) pred: (145, 183) delta(pixel): 1
[2022-02-05 17:58:24] - [index:   3050] label: (72, 125) pred: (71, 126) delta(pixel): 2
[2022-02-05 17:58:24] - [index:   3051] label: (118, 159) pred: (118, 161) delta(pixel): 1
[2022-02-05 17:58:24] - [index:   3052] label: (138, 176) pred: (138, 177) delta(pixel): 0
[2022-02-05 17:58:24] - [index:   3053] label: (112, 157) pred: (112, 159) delta(pixel): 2
[2022-02-05 17:58:24] - [index:   3054] label: (66, 111) pred: (64, 113) delta(pixel): 3
[2022-02-05 17:58:24] - [index:   3055] label: (96, 130) pred: (96, 133) delta(pixel): 3
[2022-02-05 17:58:24] - [index:   3056] label: (106, 142) pred: (106, 143) delta(pixel): 2
[2022-02-05 17:58:24] - [index:   3057] label: (115, 170) pred: (115, 172) delta(pixel): 2
[2022-02-05 17:58:24] - [index:   3058] label: (147, 194) pred: (146, 196) delta(pixel): 2
[2022-02-05 17:58:24] - [index:   3059] label: (129, 178) pred: (128, 179) delta(pixel): 2
[2022-02-05 17:58:24] - [index:   3060] label: (111, 150) pred: (111, 152) delta(pixel): 2
[2022-02-05 17:58:24] - [index:   3061] label: (123, 152) pred: (123, 153) delta(pixel): 1
[2022-02-05 17:58:24] - [index:   3062] label: (131, 167) pred: (131, 168) delta(pixel): 1
[2022-02-05 17:58:24] - [index:   3063] label: (110, 152) pred: (109, 153) delta(pixel): 1
[2022-02-05 17:58:24] - [index:   3064] label: (101, 132) pred: (101, 133) delta(pixel): 1
[2022-02-05 17:58:24] - [index:   3065] label: (142, 177) pred: (143, 179) delta(pixel): 2
[2022-02-05 17:58:24] - [index:   3066] label: (146, 191) pred: (146, 193) delta(pixel): 2
[2022-02-05 17:58:24] - [index:   3067] label: (147, 182) pred: (146, 183) delta(pixel): 1
[2022-02-05 17:58:24] - [index:   3068] label: (131, 163) pred: (130, 164) delta(pixel): 1
[2022-02-05 17:58:24] - [index:   3069] label: (87, 134) pred: (87, 135) delta(pixel): 1
[2022-02-05 17:58:24] - [index:   3070] label: (107, 145) pred: (107, 146) delta(pixel): 1
[2022-02-05 17:58:24] - [index:   3071] label: (155, 188) pred: (155, 190) delta(pixel): 2
[2022-02-05 17:58:24] - [index:   3072] label: (113, 164) pred: (113, 165) delta(pixel): 1
[2022-02-05 17:58:24] - [index:   3073] label: (144, 177) pred: (144, 178) delta(pixel): 1
[2022-02-05 17:58:24] - [index:   3074] label: (109, 153) pred: (108, 154) delta(pixel): 2
[2022-02-05 17:58:24] - [index:   3075] label: (138, 167) pred: (138, 169) delta(pixel): 1
[2022-02-05 17:58:24] - [index:   3076] label: (118, 161) pred: (117, 162) delta(pixel): 1
[2022-02-05 17:58:24] - [index:   3077] label: (149, 182) pred: (150, 185) delta(pixel): 2
[2022-02-05 17:58:24] - [index:   3078] label: (75, 125) pred: (73, 127) delta(pixel): 2
[2022-02-05 17:58:24] - [index:   3079] label: (122, 177) pred: (123, 179) delta(pixel): 2
[2022-02-05 17:58:24] - [index:   3080] label: (132, 158) pred: (132, 159) delta(pixel): 1
[2022-02-05 17:58:24] - [index:   3081] label: (141, 174) pred: (141, 176) delta(pixel): 1
[2022-02-05 17:58:24] - [index:   3082] label: (148, 179) pred: (148, 181) delta(pixel): 2
[2022-02-05 17:58:24] - [index:   3083] label: (74, 119) pred: (72, 121) delta(pixel): 3
[2022-02-05 17:58:24] - [index:   3084] label: (118, 152) pred: (117, 153) delta(pixel): 1
[2022-02-05 17:58:24] - [index:   3085] label: (121, 164) pred: (121, 166) delta(pixel): 1
[2022-02-05 17:58:24] - [index:   3086] label: (90, 141) pred: (89, 143) delta(pixel): 2
[2022-02-05 17:58:24] - [index:   3087] label: (81, 135) pred: (80, 137) delta(pixel): 2
[2022-02-05 17:58:24] - [index:   3088] label: (85, 126) pred: (84, 128) delta(pixel): 3
[2022-02-05 17:58:24] - [index:   3089] label: (124, 165) pred: (123, 166) delta(pixel): 1
[2022-02-05 17:58:24] - [index:   3090] label: (115, 145) pred: (114, 145) delta(pixel): 1
[2022-02-05 17:58:24] - [index:   3091] label: (129, 167) pred: (128, 168) delta(pixel): 2
[2022-02-05 17:58:24] - [index:   3092] label: (123, 172) pred: (123, 174) delta(pixel): 1
[2022-02-05 17:58:24] - [index:   3093] label: (136, 167) pred: (137, 169) delta(pixel): 2
[2022-02-05 17:58:24] - [index:   3094] label: (128, 161) pred: (128, 163) delta(pixel): 1
[2022-02-05 17:58:24] - [index:   3095] label: (147, 182) pred: (146, 183) delta(pixel): 1
[2022-02-05 17:58:24] - [index:   3096] label: (99, 135) pred: (98, 136) delta(pixel): 2
[2022-02-05 17:58:24] - [index:   3097] label: (157, 189) pred: (157, 192) delta(pixel): 3
[2022-02-05 17:58:24] - [index:   3098] label: (157, 202) pred: (157, 204) delta(pixel): 2
[2022-02-05 17:58:24] - [index:   3099] label: (132, 183) pred: (132, 185) delta(pixel): 2
[2022-02-05 17:58:24] - [index:   3100] label: (145, 186) pred: (144, 187) delta(pixel): 1
[2022-02-05 17:58:24] - [index:   3101] label: (86, 143) pred: (84, 146) delta(pixel): 4
[2022-02-05 17:58:24] - [index:   3102] label: (123, 152) pred: (122, 152) delta(pixel): 1
[2022-02-05 17:58:24] - [index:   3103] label: (95, 133) pred: (95, 135) delta(pixel): 2
[2022-02-05 17:58:24] - [index:   3104] label: (82, 119) pred: (82, 120) delta(pixel): 1
[2022-02-05 17:58:24] - [index:   3105] label: (122, 155) pred: (123, 156) delta(pixel): 1
[2022-02-05 17:58:24] - [index:   3106] label: (156, 199) pred: (157, 200) delta(pixel): 1
[2022-02-05 17:58:24] - [index:   3107] label: (87, 131) pred: (87, 133) delta(pixel): 2
[2022-02-05 17:58:24] - [index:   3108] label: (104, 140) pred: (103, 141) delta(pixel): 2
[2022-02-05 17:58:24] - [index:   3109] label: (151, 180) pred: (151, 182) delta(pixel): 2
[2022-02-05 17:58:24] - [index:   3110] label: (82, 123) pred: (81, 124) delta(pixel): 1
[2022-02-05 17:58:24] - [index:   3111] label: (145, 186) pred: (144, 187) delta(pixel): 2
[2022-02-05 17:58:24] - [index:   3112] label: (79, 116) pred: (78, 118) delta(pixel): 2
[2022-02-05 17:58:24] - [index:   3113] label: (125, 154) pred: (124, 154) delta(pixel): 0
[2022-02-05 17:58:24] - [index:   3114] label: (124, 156) pred: (124, 157) delta(pixel): 1
[2022-02-05 17:58:24] - [index:   3115] label: (143, 186) pred: (142, 188) delta(pixel): 2
[2022-02-05 17:58:24] - [index:   3116] label: (111, 158) pred: (111, 160) delta(pixel): 2
[2022-02-05 17:58:24] - [index:   3117] label: (151, 190) pred: (152, 192) delta(pixel): 3
[2022-02-05 17:58:24] - [index:   3118] label: (114, 153) pred: (114, 155) delta(pixel): 1
[2022-02-05 17:58:24] - [index:   3119] label: (131, 163) pred: (130, 164) delta(pixel): 1
[2022-02-05 17:58:24] - [index:   3120] label: (131, 170) pred: (131, 171) delta(pixel): 1
[2022-02-05 17:58:24] - [index:   3121] label: (145, 178) pred: (146, 180) delta(pixel): 2
[2022-02-05 17:58:24] - [index:   3122] label: (132, 158) pred: (132, 158) delta(pixel): 0
[2022-02-05 17:58:24] - [index:   3123] label: (76, 112) pred: (75, 113) delta(pixel): 2
[2022-02-05 17:58:24] - [index:   3124] label: (67, 106) pred: (66, 107) delta(pixel): 2
[2022-02-05 17:58:24] - [index:   3125] label: (157, 189) pred: (157, 192) delta(pixel): 3
[2022-02-05 17:58:24] - [index:   3126] label: (115, 150) pred: (114, 152) delta(pixel): 1
[2022-02-05 17:58:24] - [index:   3127] label: (140, 168) pred: (141, 169) delta(pixel): 1
[2022-02-05 17:58:24] - [index:   3128] label: (128, 155) pred: (129, 156) delta(pixel): 1
[2022-02-05 17:58:24] - [index:   3129] label: (80, 140) pred: (79, 142) delta(pixel): 3
[2022-02-05 17:58:24] - [index:   3130] label: (102, 156) pred: (100, 158) delta(pixel): 2
[2022-02-05 17:58:24] - [index:   3131] label: (75, 125) pred: (73, 127) delta(pixel): 3
[2022-02-05 17:58:24] - [index:   3132] label: (103, 173) pred: (103, 174) delta(pixel): 1
[2022-02-05 17:58:24] - [index:   3133] label: (126, 164) pred: (126, 165) delta(pixel): 1
[2022-02-05 17:58:24] - [index:   3134] label: (94, 144) pred: (93, 145) delta(pixel): 1
[2022-02-05 17:58:24] - [index:   3135] label: (151, 193) pred: (150, 195) delta(pixel): 2
[2022-02-05 17:58:24] - [index:   3136] label: (116, 168) pred: (115, 170) delta(pixel): 2
[2022-02-05 17:58:24] - [index:   3137] label: (90, 141) pred: (89, 143) delta(pixel): 2
[2022-02-05 17:58:24] - [index:   3138] label: (131, 166) pred: (131, 167) delta(pixel): 1
[2022-02-05 17:58:24] - [index:   3139] label: (154, 187) pred: (154, 189) delta(pixel): 3
[2022-02-05 17:58:24] - [index:   3140] label: (67, 116) pred: (65, 118) delta(pixel): 3
[2022-02-05 17:58:24] - [index:   3141] label: (74, 111) pred: (73, 113) delta(pixel): 2
[2022-02-05 17:58:24] - [index:   3142] label: (103, 137) pred: (102, 139) delta(pixel): 2
[2022-02-05 17:58:24] - [index:   3143] label: (139, 171) pred: (139, 173) delta(pixel): 1
[2022-02-05 17:58:24] - [index:   3144] label: (134, 161) pred: (134, 162) delta(pixel): 1
[2022-02-05 17:58:24] - [index:   3145] label: (73, 122) pred: (71, 123) delta(pixel): 2
[2022-02-05 17:58:24] - [index:   3146] label: (110, 160) pred: (110, 162) delta(pixel): 2
[2022-02-05 17:58:24] - [index:   3147] label: (105, 152) pred: (105, 154) delta(pixel): 2
[2022-02-05 17:58:24] - [index:   3148] label: (105, 152) pred: (105, 153) delta(pixel): 1
[2022-02-05 17:58:24] - [index:   3149] label: (75, 125) pred: (73, 128) delta(pixel): 3
[2022-02-05 17:58:24] - [index:   3150] label: (142, 173) pred: (142, 175) delta(pixel): 2
[2022-02-05 17:58:24] - [index:   3151] label: (59, 103) pred: (58, 105) delta(pixel): 3
[2022-02-05 17:58:24] - [index:   3152] label: (144, 177) pred: (144, 179) delta(pixel): 2
[2022-02-05 17:58:24] - [index:   3153] label: (72, 125) pred: (71, 127) delta(pixel): 2
[2022-02-05 17:58:24] - [index:   3154] label: (112, 155) pred: (113, 157) delta(pixel): 2
[2022-02-05 17:58:24] - [index:   3155] label: (87, 134) pred: (87, 135) delta(pixel): 1
[2022-02-05 17:58:24] - [index:   3156] label: (100, 167) pred: (99, 169) delta(pixel): 2
[2022-02-05 17:58:24] - [index:   3157] label: (112, 144) pred: (113, 146) delta(pixel): 2
[2022-02-05 17:58:24] - [index:   3158] label: (104, 139) pred: (104, 140) delta(pixel): 2
[2022-02-05 17:58:24] - [index:   3159] label: (158, 194) pred: (160, 196) delta(pixel): 3
[2022-02-05 17:58:24] - [index:   3160] label: (97, 135) pred: (96, 137) delta(pixel): 2
[2022-02-05 17:58:24] - [index:   3161] label: (66, 111) pred: (64, 112) delta(pixel): 3
[2022-02-05 17:58:24] - [index:   3162] label: (91, 124) pred: (91, 126) delta(pixel): 1
[2022-02-05 17:58:24] - [index:   3163] label: (82, 121) pred: (82, 122) delta(pixel): 1
[2022-02-05 17:58:24] - [index:   3164] label: (133, 186) pred: (132, 188) delta(pixel): 2
[2022-02-05 17:58:24] - [index:   3165] label: (114, 147) pred: (113, 148) delta(pixel): 2
[2022-02-05 17:58:24] - [index:   3166] label: (127, 153) pred: (128, 155) delta(pixel): 3
[2022-02-05 17:58:24] - [index:   3167] label: (116, 144) pred: (115, 145) delta(pixel): 1
[2022-02-05 17:58:24] - [index:   3168] label: (168, 200) pred: (168, 202) delta(pixel): 2
[2022-02-05 17:58:24] - [index:   3169] label: (107, 157) pred: (107, 159) delta(pixel): 1
[2022-02-05 17:58:24] - [index:   3170] label: (107, 165) pred: (107, 167) delta(pixel): 2
[2022-02-05 17:58:24] - [index:   3171] label: (108, 163) pred: (108, 165) delta(pixel): 2
[2022-02-05 17:58:24] - [index:   3172] label: (114, 152) pred: (114, 154) delta(pixel): 1
[2022-02-05 17:58:24] - [index:   3173] label: (100, 138) pred: (99, 139) delta(pixel): 2
[2022-02-05 17:58:24] - [index:   3174] label: (138, 170) pred: (138, 171) delta(pixel): 1
[2022-02-05 17:58:24] - [index:   3175] label: (103, 136) pred: (104, 139) delta(pixel): 3
[2022-02-05 17:58:24] - [index:   3176] label: (118, 145) pred: (118, 147) delta(pixel): 1
[2022-02-05 17:58:24] - [index:   3177] label: (98, 130) pred: (98, 131) delta(pixel): 1
[2022-02-05 17:58:24] - [index:   3178] label: (110, 152) pred: (109, 153) delta(pixel): 1
[2022-02-05 17:58:24] - [index:   3179] label: (142, 191) pred: (141, 193) delta(pixel): 2
[2022-02-05 17:58:24] - [index:   3180] label: (64, 103) pred: (63, 104) delta(pixel): 1
[2022-02-05 17:58:24] - [index:   3181] label: (109, 154) pred: (108, 155) delta(pixel): 1
[2022-02-05 17:58:24] - [index:   3182] label: (127, 158) pred: (127, 160) delta(pixel): 1
[2022-02-05 17:58:24] - [index:   3183] label: (111, 150) pred: (110, 152) delta(pixel): 2
[2022-02-05 17:58:24] - [index:   3184] label: (112, 144) pred: (113, 146) delta(pixel): 3
[2022-02-05 17:58:24] - [index:   3185] label: (143, 172) pred: (144, 174) delta(pixel): 1
[2022-02-05 17:58:24] - [index:   3186] label: (140, 183) pred: (139, 184) delta(pixel): 2
[2022-02-05 17:58:25] - [index:   3187] label: (137, 163) pred: (137, 164) delta(pixel): 0
[2022-02-05 17:58:25] - [index:   3188] label: (125, 151) pred: (125, 152) delta(pixel): 1
[2022-02-05 17:58:25] - [index:   3189] label: (115, 151) pred: (114, 152) delta(pixel): 1
[2022-02-05 17:58:25] - [index:   3190] label: (85, 128) pred: (85, 130) delta(pixel): 2
[2022-02-05 17:58:25] - [index:   3191] label: (134, 172) pred: (133, 173) delta(pixel): 1
[2022-02-05 17:58:25] - [index:   3192] label: (117, 162) pred: (117, 163) delta(pixel): 1
[2022-02-05 17:58:25] - [index:   3193] label: (111, 142) pred: (111, 143) delta(pixel): 1
[2022-02-05 17:58:25] - [index:   3194] label: (101, 141) pred: (100, 142) delta(pixel): 1
[2022-02-05 17:58:25] - [index:   3195] label: (99, 152) pred: (98, 154) delta(pixel): 2
[2022-02-05 17:58:25] - [index:   3196] label: (127, 157) pred: (127, 157) delta(pixel): 0
[2022-02-05 17:58:25] - [index:   3197] label: (120, 152) pred: (120, 154) delta(pixel): 1
[2022-02-05 17:58:25] - [index:   3198] label: (172, 206) pred: (171, 208) delta(pixel): 2
[2022-02-05 17:58:25] - [index:   3199] label: (116, 156) pred: (116, 158) delta(pixel): 1
[2022-02-05 17:58:25] - [index:   3200] label: (93, 136) pred: (92, 138) delta(pixel): 2
[2022-02-05 17:58:25] - [index:   3201] label: (111, 151) pred: (110, 153) delta(pixel): 2
[2022-02-05 17:58:25] - [index:   3202] label: (124, 158) pred: (124, 158) delta(pixel): 0
[2022-02-05 17:58:25] - [index:   3203] label: (134, 166) pred: (135, 167) delta(pixel): 1
[2022-02-05 17:58:25] - [index:   3204] label: (72, 125) pred: (71, 127) delta(pixel): 3
[2022-02-05 17:58:25] - [index:   3205] label: (70, 110) pred: (69, 112) delta(pixel): 3
[2022-02-05 17:58:25] - [index:   3206] label: (166, 204) pred: (165, 205) delta(pixel): 0
[2022-02-05 17:58:25] - [index:   3207] label: (100, 135) pred: (100, 136) delta(pixel): 1
[2022-02-05 17:58:25] - [index:   3208] label: (87, 123) pred: (87, 126) delta(pixel): 2
[2022-02-05 17:58:25] - [index:   3209] label: (150, 191) pred: (149, 192) delta(pixel): 1
[2022-02-05 17:58:25] - [index:   3210] label: (73, 122) pred: (71, 124) delta(pixel): 3
[2022-02-05 17:58:25] - [index:   3211] label: (94, 136) pred: (93, 138) delta(pixel): 2
[2022-02-05 17:58:25] - [index:   3212] label: (71, 109) pred: (70, 111) delta(pixel): 2
[2022-02-05 17:58:25] - [index:   3213] label: (96, 133) pred: (96, 135) delta(pixel): 2
[2022-02-05 17:58:25] - [index:   3214] label: (169, 204) pred: (169, 206) delta(pixel): 1
[2022-02-05 17:58:25] - [index:   3215] label: (137, 170) pred: (137, 172) delta(pixel): 2
[2022-02-05 17:58:25] - [index:   3216] label: (96, 148) pred: (95, 149) delta(pixel): 2
[2022-02-05 17:58:25] - [index:   3217] label: (143, 179) pred: (143, 181) delta(pixel): 2
[2022-02-05 17:58:25] - [index:   3218] label: (76, 132) pred: (74, 133) delta(pixel): 3
[2022-02-05 17:58:25] - [index:   3219] label: (93, 130) pred: (92, 132) delta(pixel): 2
[2022-02-05 17:58:25] - [index:   3220] label: (88, 138) pred: (86, 139) delta(pixel): 2
[2022-02-05 17:58:25] - [index:   3221] label: (87, 121) pred: (87, 124) delta(pixel): 3
[2022-02-05 17:58:25] - [index:   3222] label: (91, 126) pred: (91, 127) delta(pixel): 1
[2022-02-05 17:58:25] - [index:   3223] label: (132, 159) pred: (132, 160) delta(pixel): 1
[2022-02-05 17:58:25] - [index:   3224] label: (147, 187) pred: (146, 189) delta(pixel): 1
[2022-02-05 17:58:25] - [index:   3225] label: (107, 138) pred: (107, 139) delta(pixel): 1
[2022-02-05 17:58:25] - [index:   3226] label: (106, 167) pred: (106, 170) delta(pixel): 2
[2022-02-05 17:58:25] - [index:   3227] label: (153, 200) pred: (152, 200) delta(pixel): 1
[2022-02-05 17:58:25] - [index:   3228] label: (168, 202) pred: (168, 204) delta(pixel): 2
[2022-02-05 17:58:25] - [index:   3229] label: (139, 178) pred: (138, 180) delta(pixel): 1
[2022-02-05 17:58:25] - [index:   3230] label: (83, 139) pred: (82, 140) delta(pixel): 2
[2022-02-05 17:58:25] - [index:   3231] label: (127, 155) pred: (127, 156) delta(pixel): 1
[2022-02-05 17:58:25] - [index:   3232] label: (83, 144) pred: (81, 148) delta(pixel): 5
[2022-02-05 17:58:25] - [index:   3233] label: (174, 209) pred: (172, 209) delta(pixel): 1
[2022-02-05 17:58:25] - [index:   3234] label: (153, 188) pred: (153, 190) delta(pixel): 2
[2022-02-05 17:58:25] - [index:   3235] label: (133, 186) pred: (132, 188) delta(pixel): 2
[2022-02-05 17:58:25] - [index:   3236] label: (114, 162) pred: (113, 163) delta(pixel): 2
[2022-02-05 17:58:25] - [index:   3237] label: (160, 192) pred: (161, 195) delta(pixel): 4
[2022-02-05 17:58:25] - [index:   3238] label: (130, 156) pred: (130, 157) delta(pixel): 1
[2022-02-05 17:58:25] - [index:   3239] label: (154, 184) pred: (154, 187) delta(pixel): 3
[2022-02-05 17:58:25] - [index:   3240] label: (153, 195) pred: (152, 196) delta(pixel): 1
[2022-02-05 17:58:25] - [index:   3241] label: (145, 196) pred: (144, 197) delta(pixel): 2
[2022-02-05 17:58:25] - [index:   3242] label: (147, 178) pred: (146, 180) delta(pixel): 2
[2022-02-05 17:58:25] - [index:   3243] label: (122, 180) pred: (123, 182) delta(pixel): 2
[2022-02-05 17:58:25] - [index:   3244] label: (158, 200) pred: (159, 201) delta(pixel): 1
[2022-02-05 17:58:25] - [index:   3245] label: (141, 174) pred: (141, 176) delta(pixel): 1
[2022-02-05 17:58:25] - [index:   3246] label: (142, 176) pred: (142, 178) delta(pixel): 2
[2022-02-05 17:58:25] - [index:   3247] label: (126, 165) pred: (125, 165) delta(pixel): 1
[2022-02-05 17:58:25] - [index:   3248] label: (88, 153) pred: (88, 157) delta(pixel): 4
[2022-02-05 17:58:25] - [index:   3249] label: (105, 147) pred: (105, 149) delta(pixel): 1
[2022-02-05 17:58:25] - [index:   3250] label: (149, 185) pred: (150, 187) delta(pixel): 1
[2022-02-05 17:58:25] - [index:   3251] label: (134, 165) pred: (134, 166) delta(pixel): 1
[2022-02-05 17:58:25] - [index:   3252] label: (117, 162) pred: (116, 163) delta(pixel): 2
[2022-02-05 17:58:25] - [index:   3253] label: (163, 194) pred: (163, 196) delta(pixel): 2
[2022-02-05 17:58:25] - [index:   3254] label: (149, 181) pred: (149, 182) delta(pixel): 1
[2022-02-05 17:58:25] - [index:   3255] label: (138, 169) pred: (139, 171) delta(pixel): 2
[2022-02-05 17:58:25] - [index:   3256] label: (166, 202) pred: (166, 204) delta(pixel): 1
[2022-02-05 17:58:25] - [index:   3257] label: (158, 196) pred: (158, 198) delta(pixel): 2
[2022-02-05 17:58:25] - [index:   3258] label: (160, 195) pred: (162, 198) delta(pixel): 3
[2022-02-05 17:58:25] - [index:   3259] label: (115, 170) pred: (115, 172) delta(pixel): 2
[2022-02-05 17:58:25] - [index:   3260] label: (129, 170) pred: (128, 171) delta(pixel): 1
[2022-02-05 17:58:25] - [index:   3261] label: (155, 189) pred: (155, 191) delta(pixel): 3
[2022-02-05 17:58:25] - [index:   3262] label: (131, 170) pred: (131, 171) delta(pixel): 1
[2022-02-05 17:58:25] - [index:   3263] label: (73, 109) pred: (72, 111) delta(pixel): 2
[2022-02-05 17:58:25] - [index:   3264] label: (103, 155) pred: (102, 156) delta(pixel): 2
[2022-02-05 17:58:25] - [index:   3265] label: (158, 191) pred: (158, 194) delta(pixel): 3
[2022-02-05 17:58:25] - [index:   3266] label: (163, 194) pred: (164, 196) delta(pixel): 2
[2022-02-05 17:58:25] - [index:   3267] label: (128, 154) pred: (129, 155) delta(pixel): 1
[2022-02-05 17:58:25] - [index:   3268] label: (162, 195) pred: (163, 198) delta(pixel): 3
[2022-02-05 17:58:25] - [index:   3269] label: (94, 136) pred: (93, 137) delta(pixel): 2
[2022-02-05 17:58:25] - [index:   3270] label: (125, 154) pred: (124, 154) delta(pixel): 0
[2022-02-05 17:58:25] - [index:   3271] label: (151, 180) pred: (152, 181) delta(pixel): 2
[2022-02-05 17:58:25] - [index:   3272] label: (70, 116) pred: (68, 118) delta(pixel): 3
[2022-02-05 17:58:25] - [index:   3273] label: (137, 181) pred: (137, 183) delta(pixel): 2
[2022-02-05 17:58:25] - [index:   3274] label: (154, 187) pred: (154, 189) delta(pixel): 3
[2022-02-05 17:58:25] - [index:   3275] label: (144, 174) pred: (144, 175) delta(pixel): 2
[2022-02-05 17:58:25] - [index:   3276] label: (133, 160) pred: (133, 162) delta(pixel): 1
[2022-02-05 17:58:25] - [index:   3277] label: (133, 189) pred: (132, 191) delta(pixel): 3
[2022-02-05 17:58:25] - [index:   3278] label: (76, 132) pred: (74, 133) delta(pixel): 2
[2022-02-05 17:58:25] - [index:   3279] label: (131, 168) pred: (131, 169) delta(pixel): 0
[2022-02-05 17:58:25] - [index:   3280] label: (96, 128) pred: (97, 130) delta(pixel): 2
[2022-02-05 17:58:25] - [index:   3281] label: (118, 152) pred: (118, 154) delta(pixel): 1
[2022-02-05 17:58:25] - [index:   3282] label: (143, 179) pred: (143, 181) delta(pixel): 1
[2022-02-05 17:58:25] - [index:   3283] label: (133, 189) pred: (132, 190) delta(pixel): 2
[2022-02-05 17:58:25] - [index:   3284] label: (106, 136) pred: (106, 137) delta(pixel): 1
[2022-02-05 17:58:25] - [index:   3285] label: (126, 165) pred: (125, 166) delta(pixel): 1
[2022-02-05 17:58:25] - [index:   3286] label: (114, 142) pred: (115, 145) delta(pixel): 3
[2022-02-05 17:58:25] - [index:   3287] label: (102, 150) pred: (101, 151) delta(pixel): 1
[2022-02-05 17:58:25] - [index:   3288] label: (150, 187) pred: (151, 190) delta(pixel): 2
[2022-02-05 17:58:25] - [index:   3289] label: (116, 144) pred: (115, 145) delta(pixel): 1
[2022-02-05 17:58:25] - [index:   3290] label: (106, 167) pred: (106, 170) delta(pixel): 3
[2022-02-05 17:58:25] - [index:   3291] label: (104, 136) pred: (104, 138) delta(pixel): 1
[2022-02-05 17:58:25] - [index:   3292] label: (96, 139) pred: (96, 140) delta(pixel): 1
[2022-02-05 17:58:25] - [index:   3293] label: (160, 195) pred: (161, 198) delta(pixel): 4
[2022-02-05 17:58:25] - [index:   3294] label: (90, 128) pred: (90, 130) delta(pixel): 1
[2022-02-05 17:58:25] - [index:   3295] label: (162, 196) pred: (163, 199) delta(pixel): 3
[2022-02-05 17:58:25] - [index:   3296] label: (160, 203) pred: (159, 204) delta(pixel): 0
[2022-02-05 17:58:25] - [index:   3297] label: (133, 170) pred: (133, 171) delta(pixel): 1
[2022-02-05 17:58:25] - [index:   3298] label: (156, 187) pred: (156, 189) delta(pixel): 2
[2022-02-05 17:58:25] - [index:   3299] label: (109, 154) pred: (108, 156) delta(pixel): 1
[2022-02-05 17:58:25] - [index:   3300] label: (70, 122) pred: (69, 124) delta(pixel): 3
[2022-02-05 17:58:25] - [index:   3301] label: (120, 155) pred: (120, 157) delta(pixel): 2
[2022-02-05 17:58:25] - [index:   3302] label: (116, 157) pred: (115, 158) delta(pixel): 1
[2022-02-05 17:58:25] - [index:   3303] label: (162, 202) pred: (162, 204) delta(pixel): 1
[2022-02-05 17:58:25] - [index:   3304] label: (109, 154) pred: (108, 155) delta(pixel): 1
[2022-02-05 17:58:25] - [index:   3305] label: (116, 156) pred: (116, 158) delta(pixel): 1
[2022-02-05 17:58:25] - [index:   3306] label: (108, 156) pred: (107, 158) delta(pixel): 2
[2022-02-05 17:58:25] - [index:   3307] label: (132, 157) pred: (132, 159) delta(pixel): 1
[2022-02-05 17:58:25] - [index:   3308] label: (92, 131) pred: (91, 132) delta(pixel): 2
[2022-02-05 17:58:25] - [index:   3309] label: (161, 193) pred: (163, 195) delta(pixel): 3
[2022-02-05 17:58:25] - [index:   3310] label: (85, 128) pred: (84, 129) delta(pixel): 2
[2022-02-05 17:58:25] - [index:   3311] label: (145, 177) pred: (145, 179) delta(pixel): 2
[2022-02-05 17:58:25] - [index:   3312] label: (88, 142) pred: (86, 144) delta(pixel): 3
[2022-02-05 17:58:25] - [index:   3313] label: (149, 181) pred: (149, 182) delta(pixel): 1
[2022-02-05 17:58:25] - [index:   3314] label: (142, 173) pred: (142, 175) delta(pixel): 2
[2022-02-05 17:58:25] - [index:   3315] label: (152, 192) pred: (151, 194) delta(pixel): 2
[2022-02-05 17:58:25] - [index:   3316] label: (101, 134) pred: (100, 136) delta(pixel): 2
[2022-02-05 17:58:25] - [index:   3317] label: (122, 177) pred: (122, 179) delta(pixel): 2
[2022-02-05 17:58:25] - [index:   3318] label: (76, 112) pred: (75, 114) delta(pixel): 3
[2022-02-05 17:58:25] - [index:   3319] label: (123, 151) pred: (123, 152) delta(pixel): 1
[2022-02-05 17:58:25] - [index:   3320] label: (110, 173) pred: (109, 175) delta(pixel): 3
[2022-02-05 17:58:25] - [index:   3321] label: (134, 177) pred: (134, 179) delta(pixel): 2
[2022-02-05 17:58:25] - [index:   3322] label: (138, 167) pred: (138, 168) delta(pixel): 0
[2022-02-05 17:58:25] - [index:   3323] label: (149, 182) pred: (150, 184) delta(pixel): 2
[2022-02-05 17:58:25] - [index:   3324] label: (154, 187) pred: (154, 189) delta(pixel): 3
[2022-02-05 17:58:25] - [index:   3325] label: (114, 160) pred: (114, 161) delta(pixel): 1
[2022-02-05 17:58:25] - [index:   3326] label: (106, 146) pred: (105, 147) delta(pixel): 2
[2022-02-05 17:58:25] - [index:   3327] label: (59, 103) pred: (58, 104) delta(pixel): 2
[2022-02-05 17:58:25] - [index:   3328] label: (153, 200) pred: (152, 200) delta(pixel): 1
[2022-02-05 17:58:25] - [index:   3329] label: (140, 183) pred: (139, 183) delta(pixel): 1
[2022-02-05 17:58:25] - [index:   3330] label: (131, 164) pred: (130, 166) delta(pixel): 1
[2022-02-05 17:58:25] - [index:   3331] label: (138, 175) pred: (137, 175) delta(pixel): 1
[2022-02-05 17:58:25] - [index:   3332] label: (78, 114) pred: (77, 116) delta(pixel): 2
[2022-02-05 17:58:25] - [index:   3333] label: (88, 124) pred: (88, 125) delta(pixel): 1
[2022-02-05 17:58:25] - [index:   3334] label: (110, 147) pred: (109, 148) delta(pixel): 2
[2022-02-05 17:58:25] - [index:   3335] label: (120, 168) pred: (120, 170) delta(pixel): 2
[2022-02-05 17:58:25] - [index:   3336] label: (135, 167) pred: (135, 169) delta(pixel): 2
[2022-02-05 17:58:25] - [index:   3337] label: (128, 158) pred: (129, 159) delta(pixel): 1
[2022-02-05 17:58:25] - [index:   3338] label: (62, 108) pred: (60, 109) delta(pixel): 2
[2022-02-05 17:58:25] - [index:   3339] label: (152, 192) pred: (151, 194) delta(pixel): 2
[2022-02-05 17:58:25] - [index:   3340] label: (99, 141) pred: (99, 143) delta(pixel): 1
[2022-02-05 17:58:25] - [index:   3341] label: (133, 168) pred: (132, 170) delta(pixel): 1
[2022-02-05 17:58:25] - [index:   3342] label: (158, 191) pred: (158, 194) delta(pixel): 3
[2022-02-05 17:58:25] - [index:   3343] label: (123, 170) pred: (123, 171) delta(pixel): 1
[2022-02-05 17:58:25] - [index:   3344] label: (141, 188) pred: (140, 190) delta(pixel): 3
[2022-02-05 17:58:25] - [index:   3345] label: (131, 163) pred: (130, 164) delta(pixel): 1
[2022-02-05 17:58:25] - [index:   3346] label: (133, 166) pred: (132, 167) delta(pixel): 1
[2022-02-05 17:58:25] - [index:   3347] label: (168, 200) pred: (168, 202) delta(pixel): 2
[2022-02-05 17:58:25] - [index:   3348] label: (168, 202) pred: (168, 204) delta(pixel): 1
[2022-02-05 17:58:25] - [index:   3349] label: (73, 115) pred: (71, 116) delta(pixel): 2
[2022-02-05 17:58:25] - [index:   3350] label: (71, 112) pred: (70, 113) delta(pixel): 2
[2022-02-05 17:58:25] - [index:   3351] label: (140, 183) pred: (139, 183) delta(pixel): 2
[2022-02-05 17:58:25] - [index:   3352] label: (120, 154) pred: (119, 155) delta(pixel): 1
[2022-02-05 17:58:25] - [index:   3353] label: (141, 174) pred: (141, 176) delta(pixel): 1
[2022-02-05 17:58:25] - [index:   3354] label: (123, 152) pred: (123, 153) delta(pixel): 1
[2022-02-05 17:58:25] - [index:   3355] label: (125, 152) pred: (125, 153) delta(pixel): 1
[2022-02-05 17:58:25] - [index:   3356] label: (82, 117) pred: (82, 119) delta(pixel): 1
[2022-02-05 17:58:25] - [index:   3357] label: (179, 214) pred: (176, 210) delta(pixel): 7
[2022-02-05 17:58:25] - [index:   3358] label: (177, 213) pred: (175, 209) delta(pixel): 5
[2022-02-05 17:58:25] - [index:   3359] label: (63, 110) pred: (62, 111) delta(pixel): 2
[2022-02-05 17:58:25] - [index:   3360] label: (88, 122) pred: (88, 123) delta(pixel): 1
[2022-02-05 17:58:25] - [index:   3361] label: (137, 165) pred: (138, 166) delta(pixel): 1
[2022-02-05 17:58:25] - [index:   3362] label: (112, 144) pred: (113, 146) delta(pixel): 2
[2022-02-05 17:58:25] - [index:   3363] label: (142, 176) pred: (142, 177) delta(pixel): 1
[2022-02-05 17:58:25] - [index:   3364] label: (139, 180) pred: (139, 182) delta(pixel): 2
[2022-02-05 17:58:25] - [index:   3365] label: (165, 197) pred: (165, 200) delta(pixel): 2
[2022-02-05 17:58:25] - [index:   3366] label: (120, 152) pred: (121, 154) delta(pixel): 1
[2022-02-05 17:58:25] - [index:   3367] label: (120, 147) pred: (121, 149) delta(pixel): 2
[2022-02-05 17:58:26] - [index:   3368] label: (149, 188) pred: (149, 191) delta(pixel): 2
[2022-02-05 17:58:26] - [index:   3369] label: (103, 155) pred: (103, 157) delta(pixel): 2
[2022-02-05 17:58:26] - [index:   3370] label: (141, 173) pred: (140, 174) delta(pixel): 1
[2022-02-05 17:58:26] - [index:   3371] label: (144, 183) pred: (143, 185) delta(pixel): 2
[2022-02-05 17:58:26] - [index:   3372] label: (124, 165) pred: (123, 164) delta(pixel): 0
[2022-02-05 17:58:26] - [index:   3373] label: (122, 183) pred: (122, 185) delta(pixel): 2
[2022-02-05 17:58:26] - [index:   3374] label: (111, 142) pred: (111, 143) delta(pixel): 1
[2022-02-05 17:58:26] - [index:   3375] label: (117, 166) pred: (116, 168) delta(pixel): 2
[2022-02-05 17:58:26] - [index:   3376] label: (143, 181) pred: (143, 183) delta(pixel): 2
[2022-02-05 17:58:26] - [index:   3377] label: (128, 154) pred: (128, 155) delta(pixel): 1
[2022-02-05 17:58:26] - [index:   3378] label: (171, 209) pred: (171, 209) delta(pixel): 0
[2022-02-05 17:58:26] - [index:   3379] label: (127, 154) pred: (127, 155) delta(pixel): 1
[2022-02-05 17:58:26] - [index:   3380] label: (100, 158) pred: (99, 160) delta(pixel): 3
[2022-02-05 17:58:26] - [index:   3381] label: (107, 141) pred: (106, 143) delta(pixel): 2
[2022-02-05 17:58:26] - [index:   3382] label: (94, 130) pred: (93, 132) delta(pixel): 2
[2022-02-05 17:58:26] - [index:   3383] label: (162, 200) pred: (164, 202) delta(pixel): 2
[2022-02-05 17:58:26] - [index:   3384] label: (126, 182) pred: (125, 184) delta(pixel): 2
[2022-02-05 17:58:26] - [index:   3385] label: (156, 190) pred: (157, 192) delta(pixel): 2
[2022-02-05 17:58:26] - [index:   3386] label: (89, 131) pred: (89, 132) delta(pixel): 1
[2022-02-05 17:58:26] - [index:   3387] label: (89, 134) pred: (88, 135) delta(pixel): 2
[2022-02-05 17:58:26] - [index:   3388] label: (63, 110) pred: (62, 111) delta(pixel): 2
[2022-02-05 17:58:26] - [index:   3389] label: (110, 161) pred: (109, 163) delta(pixel): 2
[2022-02-05 17:58:26] - [index:   3390] label: (59, 98) pred: (59, 100) delta(pixel): 2
[2022-02-05 17:58:26] - [index:   3391] label: (108, 149) pred: (108, 151) delta(pixel): 1
[2022-02-05 17:58:26] - [index:   3392] label: (132, 183) pred: (132, 185) delta(pixel): 2
[2022-02-05 17:58:26] - [index:   3393] label: (162, 202) pred: (162, 203) delta(pixel): 1
[2022-02-05 17:58:26] - [index:   3394] label: (120, 154) pred: (120, 156) delta(pixel): 2
[2022-02-05 17:58:26] - [index:   3395] label: (108, 140) pred: (107, 141) delta(pixel): 1
[2022-02-05 17:58:26] - [index:   3396] label: (98, 142) pred: (98, 143) delta(pixel): 1
[2022-02-05 17:58:26] - [index:   3397] label: (134, 163) pred: (135, 164) delta(pixel): 1
[2022-02-05 17:58:26] - [index:   3398] label: (132, 162) pred: (132, 163) delta(pixel): 1
[2022-02-05 17:58:26] - [index:   3399] label: (74, 119) pred: (72, 120) delta(pixel): 2
[2022-02-05 17:58:26] - [index:   3400] label: (139, 178) pred: (139, 180) delta(pixel): 1
[2022-02-05 17:58:26] - [index:   3401] label: (116, 156) pred: (116, 158) delta(pixel): 1
[2022-02-05 17:58:26] - [index:   3402] label: (98, 159) pred: (98, 162) delta(pixel): 3
[2022-02-05 17:58:26] - [index:   3403] label: (145, 175) pred: (146, 177) delta(pixel): 2
[2022-02-05 17:58:26] - [index:   3404] label: (138, 169) pred: (138, 170) delta(pixel): 1
[2022-02-05 17:58:26] - [index:   3405] label: (139, 171) pred: (139, 173) delta(pixel): 1
[2022-02-05 17:58:26] - [index:   3406] label: (142, 191) pred: (141, 192) delta(pixel): 1
[2022-02-05 17:58:26] - [index:   3407] label: (120, 147) pred: (121, 149) delta(pixel): 2
[2022-02-05 17:58:26] - [index:   3408] label: (90, 128) pred: (90, 129) delta(pixel): 1
[2022-02-05 17:58:26] - [index:   3409] label: (117, 153) pred: (117, 155) delta(pixel): 1
[2022-02-05 17:58:26] - [index:   3410] label: (102, 134) pred: (101, 136) delta(pixel): 2
[2022-02-05 17:58:26] - [index:   3411] label: (144, 179) pred: (144, 180) delta(pixel): 1
[2022-02-05 17:58:26] - [index:   3412] label: (148, 179) pred: (148, 181) delta(pixel): 1
[2022-02-05 17:58:26] - [index:   3413] label: (75, 122) pred: (74, 125) delta(pixel): 3
[2022-02-05 17:58:26] - [index:   3414] label: (166, 199) pred: (166, 201) delta(pixel): 2
[2022-02-05 17:58:26] - [index:   3415] label: (64, 106) pred: (62, 106) delta(pixel): 1
[2022-02-05 17:58:26] - [index:   3416] label: (69, 107) pred: (69, 109) delta(pixel): 2
[2022-02-05 17:58:26] - [index:   3417] label: (126, 182) pred: (125, 184) delta(pixel): 2
[2022-02-05 17:58:26] - [index:   3418] label: (92, 141) pred: (90, 142) delta(pixel): 2
[2022-02-05 17:58:26] - [index:   3419] label: (93, 150) pred: (91, 153) delta(pixel): 3
[2022-02-05 17:58:26] - [index:   3420] label: (88, 122) pred: (88, 123) delta(pixel): 2
[2022-02-05 17:58:26] - [index:   3421] label: (79, 115) pred: (80, 117) delta(pixel): 3
[2022-02-05 17:58:26] - [index:   3422] label: (136, 167) pred: (137, 169) delta(pixel): 2
[2022-02-05 17:58:26] - [index:   3423] label: (76, 132) pred: (74, 134) delta(pixel): 4
[2022-02-05 17:58:26] - [index:   3424] label: (98, 142) pred: (98, 143) delta(pixel): 1
[2022-02-05 17:58:26] - [index:   3425] label: (96, 133) pred: (96, 134) delta(pixel): 1
[2022-02-05 17:58:26] - [index:   3426] label: (131, 168) pred: (131, 169) delta(pixel): 1
[2022-02-05 17:58:26] - [index:   3427] label: (101, 164) pred: (101, 167) delta(pixel): 3
[2022-02-05 17:58:26] - [index:   3428] label: (90, 126) pred: (89, 128) delta(pixel): 2
[2022-02-05 17:58:26] - [index:   3429] label: (70, 116) pred: (68, 118) delta(pixel): 3
[2022-02-05 17:58:26] - [index:   3430] label: (78, 118) pred: (78, 120) delta(pixel): 3
[2022-02-05 17:58:26] - [index:   3431] label: (66, 107) pred: (64, 108) delta(pixel): 2
[2022-02-05 17:58:26] - [index:   3432] label: (113, 154) pred: (113, 156) delta(pixel): 1
[2022-02-05 17:58:26] - [index:   3433] label: (143, 171) pred: (143, 172) delta(pixel): 0
[2022-02-05 17:58:26] - [index:   3434] label: (117, 153) pred: (117, 155) delta(pixel): 1
[2022-02-05 17:58:26] - [index:   3435] label: (97, 143) pred: (97, 144) delta(pixel): 1
[2022-02-05 17:58:26] - [index:   3436] label: (91, 137) pred: (90, 138) delta(pixel): 2
[2022-02-05 17:58:26] - [index:   3437] label: (131, 166) pred: (130, 166) delta(pixel): 1
[2022-02-05 17:58:26] - [index:   3438] label: (154, 187) pred: (154, 189) delta(pixel): 2
[2022-02-05 17:58:26] - [index:   3439] label: (111, 158) pred: (111, 160) delta(pixel): 2
[2022-02-05 17:58:26] - [index:   3440] label: (178, 213) pred: (176, 209) delta(pixel): 6
[2022-02-05 17:58:26] - [index:   3441] label: (136, 164) pred: (136, 165) delta(pixel): 1
[2022-02-05 17:58:26] - [index:   3442] label: (177, 213) pred: (175, 209) delta(pixel): 5
[2022-02-05 17:58:26] - [index:   3443] label: (82, 125) pred: (81, 127) delta(pixel): 2
[2022-02-05 17:58:26] - [index:   3444] label: (121, 152) pred: (121, 153) delta(pixel): 1
[2022-02-05 17:58:26] - [index:   3445] label: (162, 200) pred: (164, 202) delta(pixel): 2
[2022-02-05 17:58:26] - [index:   3446] label: (123, 153) pred: (123, 154) delta(pixel): 1
[2022-02-05 17:58:26] - [index:   3447] label: (100, 132) pred: (100, 134) delta(pixel): 1
[2022-02-05 17:58:26] - [index:   3448] label: (119, 174) pred: (118, 177) delta(pixel): 3
[2022-02-05 17:58:26] - [index:   3449] label: (124, 158) pred: (124, 158) delta(pixel): 0
[2022-02-05 17:58:26] - [index:   3450] label: (134, 165) pred: (134, 166) delta(pixel): 1
[2022-02-05 17:58:26] - [index:   3451] label: (93, 136) pred: (92, 138) delta(pixel): 2
[2022-02-05 17:58:26] - [index:   3452] label: (114, 152) pred: (114, 154) delta(pixel): 1
[2022-02-05 17:58:26] - [index:   3453] label: (91, 158) pred: (90, 161) delta(pixel): 3
[2022-02-05 17:58:26] - [index:   3454] label: (106, 138) pred: (106, 140) delta(pixel): 2
[2022-02-05 17:58:26] - [index:   3455] label: (90, 141) pred: (89, 143) delta(pixel): 2
[2022-02-05 17:58:26] - [index:   3456] label: (85, 128) pred: (84, 130) delta(pixel): 3
[2022-02-05 17:58:26] - [index:   3457] label: (95, 140) pred: (94, 141) delta(pixel): 1
[2022-02-05 17:58:26] - [index:   3458] label: (68, 119) pred: (66, 120) delta(pixel): 3
[2022-02-05 17:58:26] - [index:   3459] label: (127, 155) pred: (127, 156) delta(pixel): 2
[2022-02-05 17:58:26] - [index:   3460] label: (142, 194) pred: (142, 195) delta(pixel): 1
[2022-02-05 17:58:26] - [index:   3461] label: (121, 150) pred: (121, 152) delta(pixel): 1
[2022-02-05 17:58:26] - [index:   3462] label: (109, 140) pred: (108, 141) delta(pixel): 2
[2022-02-05 17:58:26] - [index:   3463] label: (111, 146) pred: (110, 148) delta(pixel): 2
[2022-02-05 17:58:26] - [index:   3464] label: (123, 172) pred: (123, 174) delta(pixel): 2
[2022-02-05 17:58:26] - [index:   3465] label: (108, 176) pred: (108, 177) delta(pixel): 2
[2022-02-05 17:58:26] - [index:   3466] label: (68, 109) pred: (65, 111) delta(pixel): 3
[2022-02-05 17:58:26] - [index:   3467] label: (156, 190) pred: (157, 192) delta(pixel): 2
[2022-02-05 17:58:26] - [index:   3468] label: (133, 160) pred: (133, 161) delta(pixel): 1
[2022-02-05 17:58:26] - [index:   3469] label: (122, 183) pred: (122, 185) delta(pixel): 2
[2022-02-05 17:58:26] - [index:   3470] label: (156, 195) pred: (157, 196) delta(pixel): 3
[2022-02-05 17:58:26] - [index:   3471] label: (109, 153) pred: (109, 155) delta(pixel): 1
[2022-02-05 17:58:26] - [index:   3472] label: (101, 137) pred: (100, 139) delta(pixel): 2
[2022-02-05 17:58:26] - [index:   3473] label: (93, 140) pred: (92, 141) delta(pixel): 2
[2022-02-05 17:58:26] - [index:   3474] label: (100, 138) pred: (99, 139) delta(pixel): 1
[2022-02-05 17:58:26] - [index:   3475] label: (126, 165) pred: (126, 166) delta(pixel): 1
[2022-02-05 17:58:26] - [index:   3476] label: (145, 181) pred: (145, 183) delta(pixel): 2
[2022-02-05 17:58:26] - [index:   3477] label: (148, 197) pred: (147, 198) delta(pixel): 1
[2022-02-05 17:58:26] - [index:   3478] label: (155, 196) pred: (156, 197) delta(pixel): 2
[2022-02-05 17:58:26] - [index:   3479] label: (136, 187) pred: (135, 190) delta(pixel): 3
[2022-02-05 17:58:26] - [index:   3480] label: (124, 156) pred: (124, 157) delta(pixel): 1
[2022-02-05 17:58:26] - [index:   3481] label: (72, 111) pred: (71, 112) delta(pixel): 2
[2022-02-05 17:58:26] - [index:   3482] label: (152, 186) pred: (153, 188) delta(pixel): 3
[2022-02-05 17:58:26] - [index:   3483] label: (58, 101) pred: (58, 103) delta(pixel): 2
[2022-02-05 17:58:26] - [index:   3484] label: (166, 199) pred: (167, 202) delta(pixel): 3
[2022-02-05 17:58:26] - [index:   3485] label: (124, 156) pred: (124, 157) delta(pixel): 1
[2022-02-05 17:58:26] - [index:   3486] label: (114, 153) pred: (114, 155) delta(pixel): 1
[2022-02-05 17:58:26] - [index:   3487] label: (134, 173) pred: (133, 175) delta(pixel): 2
[2022-02-05 17:58:26] - [index:   3488] label: (91, 134) pred: (90, 135) delta(pixel): 2
[2022-02-05 17:58:26] - [index:   3489] label: (68, 109) pred: (66, 110) delta(pixel): 2
[2022-02-05 17:58:26] - [index:   3490] label: (97, 143) pred: (97, 145) delta(pixel): 2
[2022-02-05 17:58:26] - [index:   3491] label: (98, 135) pred: (97, 137) delta(pixel): 2
[2022-02-05 17:58:26] - [index:   3492] label: (113, 178) pred: (113, 180) delta(pixel): 1
[2022-02-05 17:58:26] - [index:   3493] label: (117, 147) pred: (117, 148) delta(pixel): 1
[2022-02-05 17:58:26] - [index:   3494] label: (134, 163) pred: (134, 164) delta(pixel): 1
[2022-02-05 17:58:26] - [index:   3495] label: (164, 196) pred: (164, 199) delta(pixel): 3
[2022-02-05 17:58:26] - [index:   3496] label: (107, 165) pred: (107, 167) delta(pixel): 2
[2022-02-05 17:58:26] - [index:   3497] label: (116, 150) pred: (115, 151) delta(pixel): 1
[2022-02-05 17:58:26] - [index:   3498] label: (74, 117) pred: (73, 118) delta(pixel): 2
[2022-02-05 17:58:26] - [index:   3499] label: (145, 175) pred: (145, 176) delta(pixel): 1
[2022-02-05 17:58:26] - [index:   3500] label: (138, 173) pred: (137, 173) delta(pixel): 1
[2022-02-05 17:58:26] - [index:   3501] label: (151, 186) pred: (152, 188) delta(pixel): 2
[2022-02-05 17:58:26] - [index:   3502] label: (100, 138) pred: (100, 140) delta(pixel): 1
[2022-02-05 17:58:26] - [index:   3503] label: (121, 161) pred: (121, 163) delta(pixel): 1
[2022-02-05 17:58:26] - [index:   3504] label: (110, 170) pred: (110, 172) delta(pixel): 2
[2022-02-05 17:58:26] - [index:   3505] label: (104, 160) pred: (104, 162) delta(pixel): 2
[2022-02-05 17:58:26] - [index:   3506] label: (121, 152) pred: (120, 152) delta(pixel): 1
[2022-02-05 17:58:26] - [index:   3507] label: (122, 156) pred: (121, 157) delta(pixel): 1
[2022-02-05 17:58:26] - [index:   3508] label: (165, 197) pred: (165, 200) delta(pixel): 3
[2022-02-05 17:58:26] - [index:   3509] label: (131, 162) pred: (130, 164) delta(pixel): 1
[2022-02-05 17:58:26] - [index:   3510] label: (104, 139) pred: (105, 142) delta(pixel): 3
[2022-02-05 17:58:26] - [index:   3511] label: (105, 142) pred: (105, 144) delta(pixel): 2
[2022-02-05 17:58:26] - [index:   3512] label: (128, 159) pred: (129, 159) delta(pixel): 0
[2022-02-05 17:58:26] - [index:   3513] label: (91, 137) pred: (90, 139) delta(pixel): 2
[2022-02-05 17:58:26] - [index:   3514] label: (96, 139) pred: (96, 141) delta(pixel): 2
[2022-02-05 17:58:26] - [index:   3515] label: (127, 157) pred: (127, 159) delta(pixel): 2
[2022-02-05 17:58:26] - [index:   3516] label: (95, 143) pred: (95, 144) delta(pixel): 1
[2022-02-05 17:58:26] - [index:   3517] label: (83, 125) pred: (83, 127) delta(pixel): 1
[2022-02-05 17:58:26] - [index:   3518] label: (87, 123) pred: (87, 125) delta(pixel): 1
[2022-02-05 17:58:26] - [index:   3519] label: (111, 142) pred: (111, 143) delta(pixel): 1
[2022-02-05 17:58:26] - [index:   3520] label: (70, 122) pred: (68, 123) delta(pixel): 2
[2022-02-05 17:58:26] - [index:   3521] label: (116, 155) pred: (117, 157) delta(pixel): 2
[2022-02-05 17:58:26] - [index:   3522] label: (82, 119) pred: (82, 120) delta(pixel): 1
[2022-02-05 17:58:26] - [index:   3523] label: (63, 110) pred: (62, 111) delta(pixel): 2
[2022-02-05 17:58:26] - [index:   3524] label: (128, 159) pred: (129, 160) delta(pixel): 2
[2022-02-05 17:58:26] - [index:   3525] label: (167, 208) pred: (167, 207) delta(pixel): 0
[2022-02-05 17:58:26] - [index:   3526] label: (156, 195) pred: (156, 197) delta(pixel): 2
[2022-02-05 17:58:26] - [index:   3527] label: (134, 173) pred: (134, 175) delta(pixel): 2
[2022-02-05 17:58:26] - [index:   3528] label: (100, 158) pred: (99, 160) delta(pixel): 3
[2022-02-05 17:58:26] - [index:   3529] label: (115, 145) pred: (116, 147) delta(pixel): 2
[2022-02-05 17:58:26] - [index:   3530] label: (133, 160) pred: (133, 160) delta(pixel): 0
[2022-02-05 17:58:26] - [index:   3531] label: (72, 117) pred: (70, 119) delta(pixel): 3
[2022-02-05 17:58:26] - [index:   3532] label: (138, 183) pred: (137, 185) delta(pixel): 2
[2022-02-05 17:58:26] - [index:   3533] label: (153, 183) pred: (153, 185) delta(pixel): 3
[2022-02-05 17:58:26] - [index:   3534] label: (117, 154) pred: (116, 155) delta(pixel): 1
[2022-02-05 17:58:26] - [index:   3535] label: (142, 171) pred: (142, 173) delta(pixel): 1
[2022-02-05 17:58:26] - [index:   3536] label: (100, 132) pred: (100, 134) delta(pixel): 1
[2022-02-05 17:58:26] - [index:   3537] label: (81, 117) pred: (81, 118) delta(pixel): 1
[2022-02-05 17:58:26] - [index:   3538] label: (169, 208) pred: (169, 208) delta(pixel): 0
[2022-02-05 17:58:26] - [index:   3539] label: (102, 140) pred: (101, 142) delta(pixel): 2
[2022-02-05 17:58:26] - [index:   3540] label: (135, 184) pred: (134, 186) delta(pixel): 2
[2022-02-05 17:58:26] - [index:   3541] label: (130, 156) pred: (130, 157) delta(pixel): 1
[2022-02-05 17:58:26] - [index:   3542] label: (132, 174) pred: (131, 174) delta(pixel): 1
[2022-02-05 17:58:26] - [index:   3543] label: (161, 194) pred: (162, 196) delta(pixel): 3
[2022-02-05 17:58:26] - [index:   3544] label: (150, 180) pred: (149, 182) delta(pixel): 2
[2022-02-05 17:58:26] - [index:   3545] label: (116, 148) pred: (115, 149) delta(pixel): 1
[2022-02-05 17:58:26] - [index:   3546] label: (132, 159) pred: (132, 160) delta(pixel): 1
[2022-02-05 17:58:26] - [index:   3547] label: (121, 151) pred: (121, 153) delta(pixel): 2
[2022-02-05 17:58:26] - [index:   3548] label: (122, 156) pred: (121, 157) delta(pixel): 1
[2022-02-05 17:58:26] - [index:   3549] label: (154, 190) pred: (154, 192) delta(pixel): 2
[2022-02-05 17:58:26] - [index:   3550] label: (128, 156) pred: (129, 157) delta(pixel): 2
[2022-02-05 17:58:26] - [index:   3551] label: (96, 130) pred: (96, 133) delta(pixel): 3
[2022-02-05 17:58:26] - [index:   3552] label: (107, 138) pred: (107, 140) delta(pixel): 2
[2022-02-05 17:58:26] - [index:   3553] label: (116, 144) pred: (117, 146) delta(pixel): 2
[2022-02-05 17:58:26] - [index:   3554] label: (72, 111) pred: (71, 112) delta(pixel): 2
[2022-02-05 17:58:26] - [index:   3555] label: (148, 181) pred: (148, 183) delta(pixel): 1
[2022-02-05 17:58:27] - [index:   3556] label: (99, 132) pred: (99, 134) delta(pixel): 1
[2022-02-05 17:58:27] - [index:   3557] label: (107, 141) pred: (106, 143) delta(pixel): 2
[2022-02-05 17:58:27] - [index:   3558] label: (93, 136) pred: (92, 138) delta(pixel): 2
[2022-02-05 17:58:27] - [index:   3559] label: (151, 184) pred: (152, 186) delta(pixel): 3
[2022-02-05 17:58:27] - [index:   3560] label: (132, 174) pred: (131, 175) delta(pixel): 1
[2022-02-05 17:58:27] - [index:   3561] label: (133, 170) pred: (133, 170) delta(pixel): 0
[2022-02-05 17:58:27] - [index:   3562] label: (97, 133) pred: (97, 134) delta(pixel): 2
[2022-02-05 17:58:27] - [index:   3563] label: (108, 144) pred: (108, 146) delta(pixel): 1
[2022-02-05 17:58:27] - [index:   3564] label: (115, 145) pred: (115, 146) delta(pixel): 1
[2022-02-05 17:58:27] - [index:   3565] label: (142, 176) pred: (142, 176) delta(pixel): 1
[2022-02-05 17:58:27] - [index:   3566] label: (77, 125) pred: (76, 127) delta(pixel): 3
[2022-02-05 17:58:27] - [index:   3567] label: (111, 167) pred: (111, 170) delta(pixel): 2
[2022-02-05 17:58:27] - [index:   3568] label: (166, 204) pred: (165, 206) delta(pixel): 2
[2022-02-05 17:58:27] - [index:   3569] label: (107, 141) pred: (106, 141) delta(pixel): 1
[2022-02-05 17:58:27] - [index:   3570] label: (151, 186) pred: (151, 189) delta(pixel): 2
[2022-02-05 17:58:27] - [index:   3571] label: (113, 164) pred: (113, 166) delta(pixel): 2
[2022-02-05 17:58:27] - [index:   3572] label: (161, 198) pred: (162, 200) delta(pixel): 2
[2022-02-05 17:58:27] - [index:   3573] label: (139, 165) pred: (139, 167) delta(pixel): 2
[2022-02-05 17:58:27] - [index:   3574] label: (158, 200) pred: (159, 202) delta(pixel): 2
[2022-02-05 17:58:27] - [index:   3575] label: (85, 126) pred: (84, 127) delta(pixel): 2
[2022-02-05 17:58:27] - [index:   3576] label: (132, 174) pred: (131, 174) delta(pixel): 1
[2022-02-05 17:58:27] - [index:   3577] label: (81, 128) pred: (80, 130) delta(pixel): 2
[2022-02-05 17:58:27] - [index:   3578] label: (111, 146) pred: (110, 147) delta(pixel): 2
[2022-02-05 17:58:27] - [index:   3579] label: (137, 170) pred: (136, 171) delta(pixel): 1
[2022-02-05 17:58:27] - [index:   3580] label: (96, 139) pred: (96, 140) delta(pixel): 1
[2022-02-05 17:58:27] - [index:   3581] label: (104, 140) pred: (103, 142) delta(pixel): 2
[2022-02-05 17:58:27] - [index:   3582] label: (78, 120) pred: (77, 122) delta(pixel): 3
[2022-02-05 17:58:27] - [index:   3583] label: (119, 156) pred: (118, 156) delta(pixel): 1
[2022-02-05 17:58:27] - [index:   3584] label: (143, 171) pred: (143, 173) delta(pixel): 1
[2022-02-05 17:58:27] - [index:   3585] label: (138, 167) pred: (138, 168) delta(pixel): 0
[2022-02-05 17:58:27] - [index:   3586] label: (158, 190) pred: (159, 193) delta(pixel): 3
[2022-02-05 17:58:27] - [index:   3587] label: (136, 173) pred: (135, 173) delta(pixel): 1
[2022-02-05 17:58:27] - [index:   3588] label: (121, 160) pred: (121, 162) delta(pixel): 2
[2022-02-05 17:58:27] - [index:   3589] label: (105, 142) pred: (104, 144) delta(pixel): 3
[2022-02-05 17:58:27] - [index:   3590] label: (157, 202) pred: (157, 203) delta(pixel): 1
[2022-02-05 17:58:27] - [index:   3591] label: (128, 156) pred: (129, 157) delta(pixel): 1
[2022-02-05 17:58:27] - [index:   3592] label: (87, 121) pred: (87, 124) delta(pixel): 3
[2022-02-05 17:58:27] - [index:   3593] label: (72, 125) pred: (71, 126) delta(pixel): 2
[2022-02-05 17:58:27] - [index:   3594] label: (166, 204) pred: (165, 206) delta(pixel): 2
[2022-02-05 17:58:27] - [index:   3595] label: (146, 180) pred: (146, 182) delta(pixel): 2
[2022-02-05 17:58:27] - [index:   3596] label: (122, 158) pred: (121, 159) delta(pixel): 1
[2022-02-05 17:58:27] - [index:   3597] label: (134, 175) pred: (133, 175) delta(pixel): 1
[2022-02-05 17:58:27] - [index:   3598] label: (104, 139) pred: (104, 141) delta(pixel): 2
[2022-02-05 17:58:27] - [index:   3599] label: (105, 152) pred: (105, 154) delta(pixel): 1
[2022-02-05 17:58:27] - [index:   3600] label: (122, 183) pred: (122, 185) delta(pixel): 2
[2022-02-05 17:58:27] - [index:   3601] label: (106, 151) pred: (105, 152) delta(pixel): 2
[2022-02-05 17:58:27] - [index:   3602] label: (155, 201) pred: (155, 202) delta(pixel): 1
[2022-02-05 17:58:27] - [index:   3603] label: (76, 114) pred: (74, 115) delta(pixel): 2
[2022-02-05 17:58:27] - [index:   3604] label: (98, 135) pred: (97, 136) delta(pixel): 2
[2022-02-05 17:58:27] - [index:   3605] label: (110, 139) pred: (110, 141) delta(pixel): 2
[2022-02-05 17:58:27] - [index:   3606] label: (151, 186) pred: (152, 189) delta(pixel): 3
[2022-02-05 17:58:27] - [index:   3607] label: (120, 152) pred: (120, 154) delta(pixel): 1
[2022-02-05 17:58:27] - [index:   3608] label: (128, 157) pred: (129, 157) delta(pixel): 1
[2022-02-05 17:58:27] - [index:   3609] label: (121, 151) pred: (120, 151) delta(pixel): 0
[2022-02-05 17:58:27] - [index:   3610] label: (174, 209) pred: (172, 209) delta(pixel): 1
[2022-02-05 17:58:27] - [index:   3611] label: (116, 150) pred: (115, 151) delta(pixel): 1
[2022-02-05 17:58:27] - [index:   3612] label: (146, 175) pred: (147, 176) delta(pixel): 1
[2022-02-05 17:58:27] - [index:   3613] label: (131, 164) pred: (130, 165) delta(pixel): 1
[2022-02-05 17:58:27] - [index:   3614] label: (61, 105) pred: (59, 106) delta(pixel): 1
[2022-02-05 17:58:27] - [index:   3615] label: (128, 155) pred: (128, 156) delta(pixel): 1
[2022-02-05 17:58:27] - [index:   3616] label: (130, 157) pred: (130, 158) delta(pixel): 0
[2022-02-05 17:58:27] - [index:   3617] label: (80, 118) pred: (80, 120) delta(pixel): 1
[2022-02-05 17:58:27] - [index:   3618] label: (114, 147) pred: (113, 148) delta(pixel): 2
[2022-02-05 17:58:27] - [index:   3619] label: (135, 162) pred: (135, 163) delta(pixel): 1
[2022-02-05 17:58:27] - [index:   3620] label: (136, 164) pred: (136, 165) delta(pixel): 1
[2022-02-05 17:58:27] - [index:   3621] label: (127, 156) pred: (127, 157) delta(pixel): 1
[2022-02-05 17:58:27] - [index:   3622] label: (141, 174) pred: (141, 176) delta(pixel): 1
[2022-02-05 17:58:27] - [index:   3623] label: (138, 183) pred: (137, 185) delta(pixel): 2
[2022-02-05 17:58:27] - [index:   3624] label: (178, 213) pred: (175, 209) delta(pixel): 7
[2022-02-05 17:58:27] - [index:   3625] label: (70, 110) pred: (69, 112) delta(pixel): 3
[2022-02-05 17:58:27] - [index:   3626] label: (129, 181) pred: (129, 183) delta(pixel): 2
[2022-02-05 17:58:27] - [index:   3627] label: (97, 161) pred: (96, 165) delta(pixel): 4
[2022-02-05 17:58:27] - [index:   3628] label: (147, 178) pred: (146, 179) delta(pixel): 1
[2022-02-05 17:58:27] - [index:   3629] label: (129, 184) pred: (129, 186) delta(pixel): 2
[2022-02-05 17:58:27] - [index:   3630] label: (136, 166) pred: (137, 168) delta(pixel): 2
[2022-02-05 17:58:27] - [index:   3631] label: (166, 202) pred: (166, 204) delta(pixel): 1
[2022-02-05 17:58:27] - [index:   3632] label: (176, 210) pred: (175, 209) delta(pixel): 3
[2022-02-05 17:58:27] - [index:   3633] label: (144, 183) pred: (143, 185) delta(pixel): 2
[2022-02-05 17:58:27] - [index:   3634] label: (96, 128) pred: (97, 130) delta(pixel): 3
[2022-02-05 17:58:27] - [index:   3635] label: (156, 190) pred: (157, 192) delta(pixel): 2
[2022-02-05 17:58:27] - [index:   3636] label: (157, 189) pred: (157, 192) delta(pixel): 3
[2022-02-05 17:58:27] - [index:   3637] label: (117, 148) pred: (116, 149) delta(pixel): 1
[2022-02-05 17:58:27] - [index:   3638] label: (62, 101) pred: (62, 103) delta(pixel): 2
[2022-02-05 17:58:27] - [index:   3639] label: (130, 157) pred: (130, 158) delta(pixel): 1
[2022-02-05 17:58:27] - [index:   3640] label: (137, 170) pred: (137, 171) delta(pixel): 1
[2022-02-05 17:58:27] - [index:   3641] label: (114, 142) pred: (114, 144) delta(pixel): 1
[2022-02-05 17:58:27] - [index:   3642] label: (141, 170) pred: (141, 171) delta(pixel): 1
[2022-02-05 17:58:27] - [index:   3643] label: (106, 151) pred: (105, 152) delta(pixel): 2
[2022-02-05 17:58:27] - [index:   3644] label: (126, 165) pred: (126, 167) delta(pixel): 2
[2022-02-05 17:58:27] - [index:   3645] label: (146, 191) pred: (145, 193) delta(pixel): 2
[2022-02-05 17:58:27] - [index:   3646] label: (81, 128) pred: (80, 129) delta(pixel): 2
[2022-02-05 17:58:27] - [index:   3647] label: (112, 149) pred: (111, 150) delta(pixel): 1
[2022-02-05 17:58:27] - [index:   3648] label: (152, 192) pred: (151, 194) delta(pixel): 2
[2022-02-05 17:58:27] - [index:   3649] label: (114, 147) pred: (114, 149) delta(pixel): 2
[2022-02-05 17:58:27] - [index:   3650] label: (122, 158) pred: (121, 159) delta(pixel): 1
[2022-02-05 17:58:27] - [index:   3651] label: (136, 175) pred: (135, 175) delta(pixel): 0
[2022-02-05 17:58:27] - [index:   3652] label: (124, 156) pred: (124, 157) delta(pixel): 1
[2022-02-05 17:58:27] - [index:   3653] label: (156, 187) pred: (156, 189) delta(pixel): 2
[2022-02-05 17:58:27] - [index:   3654] label: (80, 140) pred: (80, 143) delta(pixel): 3
[2022-02-05 17:58:27] - [index:   3655] label: (90, 131) pred: (90, 132) delta(pixel): 1
[2022-02-05 17:58:27] - [index:   3656] label: (94, 128) pred: (93, 130) delta(pixel): 2
[2022-02-05 17:58:27] - [index:   3657] label: (132, 160) pred: (132, 161) delta(pixel): 1
[2022-02-05 17:58:27] - [index:   3658] label: (136, 175) pred: (135, 175) delta(pixel): 1
[2022-02-05 17:58:27] - [index:   3659] label: (69, 108) pred: (66, 109) delta(pixel): 3
[2022-02-05 17:58:27] - [index:   3660] label: (95, 133) pred: (94, 135) delta(pixel): 2
[2022-02-05 17:58:27] - [index:   3661] label: (100, 138) pred: (99, 139) delta(pixel): 2
[2022-02-05 17:58:27] - [index:   3662] label: (155, 192) pred: (155, 194) delta(pixel): 2
[2022-02-05 17:58:27] - [index:   3663] label: (92, 133) pred: (92, 135) delta(pixel): 1
[2022-02-05 17:58:27] - [index:   3664] label: (139, 171) pred: (138, 173) delta(pixel): 2
[2022-02-05 17:58:27] - [index:   3665] label: (92, 131) pred: (92, 132) delta(pixel): 1
[2022-02-05 17:58:27] - [index:   3666] label: (85, 121) pred: (85, 123) delta(pixel): 2
[2022-02-05 17:58:27] - [index:   3667] label: (97, 153) pred: (97, 155) delta(pixel): 2
[2022-02-05 17:58:27] - [index:   3668] label: (88, 122) pred: (89, 124) delta(pixel): 2
[2022-02-05 17:58:27] - [index:   3669] label: (147, 187) pred: (147, 188) delta(pixel): 1
[2022-02-05 17:58:27] - [index:   3670] label: (151, 180) pred: (152, 181) delta(pixel): 2
[2022-02-05 17:58:27] - [index:   3671] label: (57, 99) pred: (57, 100) delta(pixel): 1
[2022-02-05 17:58:27] - [index:   3672] label: (139, 171) pred: (138, 173) delta(pixel): 2
[2022-02-05 17:58:27] - [index:   3673] label: (113, 148) pred: (112, 149) delta(pixel): 2
[2022-02-05 17:58:27] - [index:   3674] label: (110, 160) pred: (110, 161) delta(pixel): 1
[2022-02-05 17:58:27] - [index:   3675] label: (169, 206) pred: (169, 207) delta(pixel): 0
[2022-02-05 17:58:27] - [index:   3676] label: (114, 162) pred: (114, 163) delta(pixel): 1
[2022-02-05 17:58:27] - [index:   3677] label: (92, 133) pred: (91, 135) delta(pixel): 2
[2022-02-05 17:58:27] - [index:   3678] label: (150, 187) pred: (151, 190) delta(pixel): 2
[2022-02-05 17:58:27] - [index:   3679] label: (70, 116) pred: (68, 117) delta(pixel): 2
[2022-02-05 17:58:27] - [index:   3680] label: (79, 128) pred: (78, 131) delta(pixel): 3
[2022-02-05 17:58:27] - [index:   3681] label: (69, 112) pred: (68, 113) delta(pixel): 2
[2022-02-05 17:58:27] - [index:   3682] label: (113, 178) pred: (113, 180) delta(pixel): 2
[2022-02-05 17:58:27] - [index:   3683] label: (97, 161) pred: (96, 164) delta(pixel): 3
[2022-02-05 17:58:27] - [index:   3684] label: (143, 189) pred: (143, 191) delta(pixel): 1
[2022-02-05 17:58:27] - [index:   3685] label: (103, 140) pred: (102, 142) delta(pixel): 2
[2022-02-05 17:58:27] - [index:   3686] label: (103, 136) pred: (104, 139) delta(pixel): 3
[2022-02-05 17:58:27] - [index:   3687] label: (141, 180) pred: (141, 182) delta(pixel): 1
[2022-02-05 17:58:27] - [index:   3688] label: (115, 172) pred: (115, 174) delta(pixel): 2
[2022-02-05 17:58:27] - [index:   3689] label: (125, 154) pred: (124, 155) delta(pixel): 1
[2022-02-05 17:58:27] - [index:   3690] label: (63, 110) pred: (62, 111) delta(pixel): 2
[2022-02-05 17:58:27] - [index:   3691] label: (81, 128) pred: (80, 129) delta(pixel): 2
[2022-02-05 17:58:27] - [index:   3692] label: (88, 138) pred: (86, 139) delta(pixel): 2
[2022-02-05 17:58:27] - [index:   3693] label: (145, 177) pred: (145, 179) delta(pixel): 2
[2022-02-05 17:58:27] - [index:   3694] label: (153, 188) pred: (153, 189) delta(pixel): 1
[2022-02-05 17:58:27] - [index:   3695] label: (74, 128) pred: (73, 131) delta(pixel): 3
[2022-02-05 17:58:27] - [index:   3696] label: (117, 147) pred: (118, 148) delta(pixel): 1
[2022-02-05 17:58:27] - [index:   3697] label: (96, 133) pred: (96, 135) delta(pixel): 2
[2022-02-05 17:58:27] - [index:   3698] label: (115, 170) pred: (116, 172) delta(pixel): 2
[2022-02-05 17:58:27] - [index:   3699] label: (111, 158) pred: (111, 160) delta(pixel): 2
[2022-02-05 17:58:27] - [index:   3700] label: (138, 167) pred: (138, 169) delta(pixel): 1
[2022-02-05 17:58:27] - [index:   3701] label: (135, 163) pred: (136, 164) delta(pixel): 1
[2022-02-05 17:58:27] - [index:   3702] label: (59, 103) pred: (59, 104) delta(pixel): 1
[2022-02-05 17:58:27] - [index:   3703] label: (100, 158) pred: (99, 160) delta(pixel): 3
[2022-02-05 17:58:27] - [index:   3704] label: (91, 158) pred: (90, 162) delta(pixel): 5
[2022-02-05 17:58:27] - [index:   3705] label: (131, 166) pred: (130, 166) delta(pixel): 1
[2022-02-05 17:58:27] - [index:   3706] label: (56, 97) pred: (57, 98) delta(pixel): 2
[2022-02-05 17:58:28] - [index:   3707] label: (164, 201) pred: (165, 203) delta(pixel): 2
[2022-02-05 17:58:28] - [index:   3708] label: (135, 167) pred: (135, 168) delta(pixel): 1
[2022-02-05 17:58:28] - [index:   3709] label: (172, 206) pred: (171, 208) delta(pixel): 2
[2022-02-05 17:58:28] - [index:   3710] label: (69, 107) pred: (69, 109) delta(pixel): 2
[2022-02-05 17:58:28] - [index:   3711] label: (100, 151) pred: (99, 152) delta(pixel): 2
[2022-02-05 17:58:28] - [index:   3712] label: (100, 167) pred: (99, 170) delta(pixel): 4
[2022-02-05 17:58:28] - [index:   3713] label: (117, 164) pred: (117, 165) delta(pixel): 1
[2022-02-05 17:58:28] - [index:   3714] label: (148, 178) pred: (148, 179) delta(pixel): 1
[2022-02-05 17:58:28] - [index:   3715] label: (137, 163) pred: (137, 165) delta(pixel): 1
[2022-02-05 17:58:28] - [index:   3716] label: (134, 173) pred: (133, 174) delta(pixel): 1
[2022-02-05 17:58:28] - [index:   3717] label: (147, 194) pred: (146, 196) delta(pixel): 2
[2022-02-05 17:58:28] - [index:   3718] label: (134, 165) pred: (135, 166) delta(pixel): 2
[2022-02-05 17:58:28] - [index:   3719] label: (127, 153) pred: (127, 155) delta(pixel): 1
[2022-02-05 17:58:28] - [index:   3720] label: (59, 103) pred: (58, 105) delta(pixel): 3
[2022-02-05 17:58:28] - [index:   3721] label: (124, 157) pred: (124, 158) delta(pixel): 1
[2022-02-05 17:58:28] - [index:   3722] label: (94, 156) pred: (93, 159) delta(pixel): 3
[2022-02-05 17:58:28] - [index:   3723] label: (92, 131) pred: (92, 132) delta(pixel): 1
[2022-02-05 17:58:28] - [index:   3724] label: (109, 143) pred: (109, 144) delta(pixel): 1
[2022-02-05 17:58:28] - [index:   3725] label: (117, 153) pred: (117, 155) delta(pixel): 1
[2022-02-05 17:58:28] - [index:   3726] label: (99, 141) pred: (99, 143) delta(pixel): 2
[2022-02-05 17:58:28] - [index:   3727] label: (157, 192) pred: (158, 195) delta(pixel): 3
[2022-02-05 17:58:28] - [index:   3728] label: (127, 154) pred: (128, 155) delta(pixel): 2
[2022-02-05 17:58:28] - [index:   3729] label: (94, 144) pred: (93, 145) delta(pixel): 2
[2022-02-05 17:58:28] - [index:   3730] label: (124, 165) pred: (124, 167) delta(pixel): 1
[2022-02-05 17:58:28] - [index:   3731] label: (121, 152) pred: (121, 153) delta(pixel): 2
[2022-02-05 17:58:28] - [index:   3732] label: (131, 163) pred: (130, 164) delta(pixel): 1
[2022-02-05 17:58:28] - [index:   3733] label: (129, 160) pred: (129, 161) delta(pixel): 2
[2022-02-05 17:58:28] - [index:   3734] label: (98, 170) pred: (98, 172) delta(pixel): 2
[2022-02-05 17:58:28] - [index:   3735] label: (126, 165) pred: (126, 167) delta(pixel): 2
[2022-02-05 17:58:28] - [index:   3736] label: (94, 156) pred: (92, 158) delta(pixel): 3
[2022-02-05 17:58:28] - [index:   3737] label: (88, 147) pred: (87, 149) delta(pixel): 3
[2022-02-05 17:58:28] - [index:   3738] label: (78, 136) pred: (77, 138) delta(pixel): 3
[2022-02-05 17:58:28] - [index:   3739] label: (177, 213) pred: (175, 209) delta(pixel): 5
[2022-02-05 17:58:28] - [index:   3740] label: (117, 147) pred: (117, 148) delta(pixel): 1
[2022-02-05 17:58:28] - [index:   3741] label: (131, 167) pred: (130, 168) delta(pixel): 2
[2022-02-05 17:58:28] - [index:   3742] label: (95, 128) pred: (95, 130) delta(pixel): 2
[2022-02-05 17:58:28] - [index:   3743] label: (91, 128) pred: (91, 130) delta(pixel): 1
[2022-02-05 17:58:28] - [index:   3744] label: (129, 168) pred: (128, 170) delta(pixel): 2
[2022-02-05 17:58:28] - [index:   3745] label: (159, 197) pred: (160, 199) delta(pixel): 2
[2022-02-05 17:58:28] - [index:   3746] label: (129, 168) pred: (128, 169) delta(pixel): 1
[2022-02-05 17:58:28] - [index:   3747] label: (130, 161) pred: (131, 163) delta(pixel): 2
[2022-02-05 17:58:28] - [index:   3748] label: (157, 192) pred: (158, 195) delta(pixel): 3
[2022-02-05 17:58:28] - [index:   3749] label: (100, 138) pred: (100, 140) delta(pixel): 1
[2022-02-05 17:58:28] - [index:   3750] label: (107, 150) pred: (107, 152) delta(pixel): 2
[2022-02-05 17:58:28] - [index:   3751] label: (112, 149) pred: (111, 150) delta(pixel): 2
[2022-02-05 17:58:28] - [index:   3752] label: (103, 155) pred: (102, 156) delta(pixel): 2
[2022-02-05 17:58:28] - [index:   3753] label: (140, 171) pred: (140, 173) delta(pixel): 1
[2022-02-05 17:58:28] - [index:   3754] label: (174, 209) pred: (172, 209) delta(pixel): 1
[2022-02-05 17:58:28] - [index:   3755] label: (136, 173) pred: (136, 175) delta(pixel): 1
[2022-02-05 17:58:28] - [index:   3756] label: (114, 175) pred: (113, 178) delta(pixel): 3
[2022-02-05 17:58:28] - [index:   3757] label: (95, 143) pred: (95, 145) delta(pixel): 1
[2022-02-05 17:58:28] - [index:   3758] label: (103, 155) pred: (103, 156) delta(pixel): 2
[2022-02-05 17:58:28] - [index:   3759] label: (160, 192) pred: (161, 194) delta(pixel): 3
[2022-02-05 17:58:28] - [index:   3760] label: (102, 140) pred: (101, 142) delta(pixel): 2
[2022-02-05 17:58:28] - [index:   3761] label: (170, 205) pred: (170, 206) delta(pixel): 1
[2022-02-05 17:58:28] - [index:   3762] label: (74, 119) pred: (72, 120) delta(pixel): 2
[2022-02-05 17:58:28] - [index:   3763] label: (98, 142) pred: (98, 143) delta(pixel): 1
[2022-02-05 17:58:28] - [index:   3764] label: (145, 175) pred: (146, 176) delta(pixel): 1
[2022-02-05 17:58:28] - [index:   3765] label: (64, 106) pred: (62, 107) delta(pixel): 2
[2022-02-05 17:58:28] - [index:   3766] label: (147, 178) pred: (147, 180) delta(pixel): 2
[2022-02-05 17:58:28] - [index:   3767] label: (75, 122) pred: (74, 124) delta(pixel): 3
[2022-02-05 17:58:28] - [index:   3768] label: (133, 165) pred: (132, 166) delta(pixel): 1
[2022-02-05 17:58:28] - [index:   3769] label: (120, 155) pred: (119, 156) delta(pixel): 1
[2022-02-05 17:58:28] - [index:   3770] label: (75, 125) pred: (74, 127) delta(pixel): 3
[2022-02-05 17:58:28] - [index:   3771] label: (99, 146) pred: (99, 148) delta(pixel): 2
[2022-02-05 17:58:28] - [index:   3772] label: (112, 145) pred: (111, 146) delta(pixel): 1
[2022-02-05 17:58:28] - [index:   3773] label: (148, 192) pred: (148, 193) delta(pixel): 1
[2022-02-05 17:58:28] - [index:   3774] label: (146, 191) pred: (146, 193) delta(pixel): 2
[2022-02-05 17:58:28] - [index:   3775] label: (162, 196) pred: (163, 199) delta(pixel): 3
[2022-02-05 17:58:28] - [index:   3776] label: (116, 156) pred: (116, 158) delta(pixel): 1
[2022-02-05 17:58:28] - [index:   3777] label: (88, 122) pred: (88, 123) delta(pixel): 2
[2022-02-05 17:58:28] - [index:   3778] label: (95, 140) pred: (94, 141) delta(pixel): 1
[2022-02-05 17:58:28] - [index:   3779] label: (111, 167) pred: (111, 170) delta(pixel): 2
[2022-02-05 17:58:28] - [index:   3780] label: (106, 146) pred: (105, 147) delta(pixel): 1
[2022-02-05 17:58:28] - [index:   3781] label: (90, 146) pred: (90, 149) delta(pixel): 3
[2022-02-05 17:58:28] - [index:   3782] label: (116, 148) pred: (116, 149) delta(pixel): 1
[2022-02-05 17:58:28] - [index:   3783] label: (155, 192) pred: (156, 193) delta(pixel): 2
[2022-02-05 17:58:28] - [index:   3784] label: (76, 132) pred: (74, 134) delta(pixel): 3
[2022-02-05 17:58:28] - [index:   3785] label: (116, 157) pred: (115, 159) delta(pixel): 1
[2022-02-05 17:58:28] - [index:   3786] label: (134, 172) pred: (133, 174) delta(pixel): 2
[2022-02-05 17:58:28] - [index:   3787] label: (124, 156) pred: (124, 157) delta(pixel): 1
[2022-02-05 17:58:28] - [index:   3788] label: (146, 180) pred: (146, 182) delta(pixel): 1
[2022-02-05 17:58:28] - [index:   3789] label: (131, 170) pred: (131, 172) delta(pixel): 1
[2022-02-05 17:58:28] - [index:   3790] label: (97, 161) pred: (96, 163) delta(pixel): 2
[2022-02-05 17:58:28] - [index:   3791] label: (65, 109) pred: (63, 110) delta(pixel): 2
[2022-02-05 17:58:28] - [index:   3792] label: (61, 102) pred: (60, 103) delta(pixel): 2
[2022-02-05 17:58:28] - [index:   3793] label: (101, 132) pred: (100, 133) delta(pixel): 1
[2022-02-05 17:58:28] - [index:   3794] label: (80, 118) pred: (80, 120) delta(pixel): 2
[2022-02-05 17:58:28] - [index:   3795] label: (65, 113) pred: (63, 115) delta(pixel): 3
[2022-02-05 17:58:28] - [index:   3796] label: (71, 112) pred: (70, 113) delta(pixel): 2
[2022-02-05 17:58:28] - [index:   3797] label: (98, 147) pred: (97, 148) delta(pixel): 2
[2022-02-05 17:58:28] - [index:   3798] label: (124, 163) pred: (123, 165) delta(pixel): 1
[2022-02-05 17:58:28] - [index:   3799] label: (94, 144) pred: (93, 146) delta(pixel): 2
[2022-02-05 17:58:28] - [index:   3800] label: (71, 109) pred: (71, 112) delta(pixel): 3
[2022-02-05 17:58:28] - [index:   3801] label: (126, 174) pred: (125, 176) delta(pixel): 2
[2022-02-05 17:58:28] - [index:   3802] label: (127, 153) pred: (127, 154) delta(pixel): 1
[2022-02-05 17:58:28] - [index:   3803] label: (166, 202) pred: (166, 204) delta(pixel): 2
[2022-02-05 17:58:28] - [index:   3804] label: (169, 204) pred: (169, 206) delta(pixel): 1
[2022-02-05 17:58:28] - [index:   3805] label: (131, 164) pred: (130, 165) delta(pixel): 1
[2022-02-05 17:58:28] - [index:   3806] label: (94, 136) pred: (94, 138) delta(pixel): 2
[2022-02-05 17:58:28] - [index:   3807] label: (112, 144) pred: (113, 146) delta(pixel): 3
[2022-02-05 17:58:28] - [index:   3808] label: (139, 168) pred: (140, 169) delta(pixel): 1
[2022-02-05 17:58:28] - [index:   3809] label: (174, 209) pred: (172, 209) delta(pixel): 1
[2022-02-05 17:58:28] - [index:   3810] label: (141, 170) pred: (141, 171) delta(pixel): 1
[2022-02-05 17:58:28] - [index:   3811] label: (157, 192) pred: (158, 195) delta(pixel): 3
[2022-02-05 17:58:28] - [index:   3812] label: (135, 161) pred: (135, 162) delta(pixel): 1
[2022-02-05 17:58:28] - [index:   3813] label: (88, 147) pred: (87, 149) delta(pixel): 2
[2022-02-05 17:58:28] - [index:   3814] label: (72, 117) pred: (71, 118) delta(pixel): 2
[2022-02-05 17:58:28] - [index:   3815] label: (147, 178) pred: (147, 180) delta(pixel): 2
[2022-02-05 17:58:28] - [index:   3816] label: (87, 128) pred: (87, 130) delta(pixel): 1
[2022-02-05 17:58:28] - [index:   3817] label: (138, 169) pred: (138, 170) delta(pixel): 1
[2022-02-05 17:58:28] - [index:   3818] label: (164, 196) pred: (164, 198) delta(pixel): 2
[2022-02-05 17:58:28] - [index:   3819] label: (128, 154) pred: (128, 155) delta(pixel): 1
[2022-02-05 17:58:28] - [index:   3820] label: (101, 132) pred: (101, 134) delta(pixel): 1
[2022-02-05 17:58:28] - [index:   3821] label: (104, 136) pred: (105, 138) delta(pixel): 3
[2022-02-05 17:58:28] - [index:   3822] label: (110, 152) pred: (109, 153) delta(pixel): 2
[2022-02-05 17:58:28] - [index:   3823] label: (127, 153) pred: (127, 155) delta(pixel): 2
[2022-02-05 17:58:28] - [index:   3824] label: (98, 135) pred: (98, 137) delta(pixel): 2
[2022-02-05 17:58:28] - [index:   3825] label: (165, 197) pred: (165, 199) delta(pixel): 2
[2022-02-05 17:58:28] - [index:   3826] label: (145, 175) pred: (146, 177) delta(pixel): 1
[2022-02-05 17:58:28] - [index:   3827] label: (110, 147) pred: (110, 149) delta(pixel): 2
[2022-02-05 17:58:28] - [index:   3828] label: (143, 189) pred: (143, 191) delta(pixel): 2
[2022-02-05 17:58:28] - [index:   3829] label: (133, 186) pred: (132, 188) delta(pixel): 2
[2022-02-05 17:58:28] - [index:   3830] label: (111, 158) pred: (111, 160) delta(pixel): 2
[2022-02-05 17:58:28] - [index:   3831] label: (134, 177) pred: (134, 179) delta(pixel): 2
[2022-02-05 17:58:28] - [index:   3832] label: (87, 131) pred: (86, 132) delta(pixel): 1
[2022-02-05 17:58:28] - [index:   3833] label: (85, 131) pred: (84, 132) delta(pixel): 2
[2022-02-05 17:58:28] - [index:   3834] label: (129, 172) pred: (128, 173) delta(pixel): 1
[2022-02-05 17:58:28] - [index:   3835] label: (143, 189) pred: (143, 190) delta(pixel): 1
[2022-02-05 17:58:28] - [index:   3836] label: (112, 149) pred: (112, 152) delta(pixel): 2
[2022-02-05 17:58:28] - [index:   3837] label: (149, 188) pred: (149, 190) delta(pixel): 2
[2022-02-05 17:58:28] - [index:   3838] label: (113, 149) pred: (112, 151) delta(pixel): 2
[2022-02-05 17:58:28] - [index:   3839] label: (146, 175) pred: (147, 176) delta(pixel): 1
[2022-02-05 17:58:28] - [index:   3840] label: (94, 128) pred: (94, 130) delta(pixel): 1
[2022-02-05 17:58:28] - [index:   3841] label: (175, 210) pred: (173, 208) delta(pixel): 3
[2022-02-05 17:58:28] - [index:   3842] label: (133, 165) pred: (132, 166) delta(pixel): 1
[2022-02-05 17:58:28] - [index:   3843] label: (142, 177) pred: (142, 179) delta(pixel): 1
[2022-02-05 17:58:28] - [index:   3844] label: (146, 176) pred: (146, 178) delta(pixel): 2
[2022-02-05 17:58:28] - [index:   3845] label: (142, 176) pred: (142, 177) delta(pixel): 1
[2022-02-05 17:58:28] - [index:   3846] label: (135, 171) pred: (135, 173) delta(pixel): 2
[2022-02-05 17:58:28] - [index:   3847] label: (88, 124) pred: (88, 126) delta(pixel): 2
[2022-02-05 17:58:28] - [index:   3848] label: (106, 136) pred: (106, 138) delta(pixel): 2
[2022-02-05 17:58:28] - [index:   3849] label: (87, 126) pred: (87, 128) delta(pixel): 2
[2022-02-05 17:58:28] - [index:   3850] label: (100, 138) pred: (99, 140) delta(pixel): 2
[2022-02-05 17:58:28] - [index:   3851] label: (124, 162) pred: (124, 163) delta(pixel): 1
[2022-02-05 17:58:28] - [index:   3852] label: (129, 160) pred: (128, 159) delta(pixel): 0
[2022-02-05 17:58:28] - [index:   3853] label: (129, 184) pred: (130, 186) delta(pixel): 3
[2022-02-05 17:58:28] - [index:   3854] label: (111, 151) pred: (110, 154) delta(pixel): 2
[2022-02-05 17:58:28] - [index:   3855] label: (85, 123) pred: (85, 126) delta(pixel): 2
[2022-02-05 17:58:28] - [index:   3856] label: (142, 170) pred: (142, 172) delta(pixel): 2
[2022-02-05 17:58:28] - [index:   3857] label: (159, 198) pred: (159, 200) delta(pixel): 1
[2022-02-05 17:58:28] - [index:   3858] label: (92, 126) pred: (92, 127) delta(pixel): 2
[2022-02-05 17:58:28] - [index:   3859] label: (107, 157) pred: (106, 159) delta(pixel): 2
[2022-02-05 17:58:28] - [index:   3860] label: (114, 147) pred: (112, 148) delta(pixel): 2
[2022-02-05 17:58:28] - [index:   3861] label: (145, 186) pred: (144, 187) delta(pixel): 2
[2022-02-05 17:58:28] - [index:   3862] label: (75, 125) pred: (74, 127) delta(pixel): 3
[2022-02-05 17:58:28] - [index:   3863] label: (117, 154) pred: (116, 155) delta(pixel): 1
[2022-02-05 17:58:28] - [index:   3864] label: (115, 172) pred: (114, 175) delta(pixel): 3
[2022-02-05 17:58:28] - [index:   3865] label: (102, 137) pred: (101, 138) delta(pixel): 2
[2022-02-05 17:58:28] - [index:   3866] label: (172, 208) pred: (171, 209) delta(pixel): 1
[2022-02-05 17:58:28] - [index:   3867] label: (125, 155) pred: (124, 155) delta(pixel): 1
[2022-02-05 17:58:28] - [index:   3868] label: (160, 195) pred: (161, 198) delta(pixel): 3
[2022-02-05 17:58:28] - [index:   3869] label: (139, 168) pred: (140, 170) delta(pixel): 2
[2022-02-05 17:58:28] - [index:   3870] label: (81, 132) pred: (80, 134) delta(pixel): 3
[2022-02-05 17:58:28] - [index:   3871] label: (139, 168) pred: (140, 170) delta(pixel): 2
[2022-02-05 17:58:28] - [index:   3872] label: (126, 176) pred: (125, 178) delta(pixel): 2
[2022-02-05 17:58:28] - [index:   3873] label: (137, 170) pred: (136, 171) delta(pixel): 1
[2022-02-05 17:58:28] - [index:   3874] label: (88, 126) pred: (89, 128) delta(pixel): 2
[2022-02-05 17:58:28] - [index:   3875] label: (109, 143) pred: (108, 145) delta(pixel): 2
[2022-02-05 17:58:28] - [index:   3876] label: (153, 183) pred: (154, 185) delta(pixel): 2
[2022-02-05 17:58:28] - [index:   3877] label: (132, 157) pred: (132, 158) delta(pixel): 1
[2022-02-05 17:58:28] - [index:   3878] label: (149, 185) pred: (150, 187) delta(pixel): 2
[2022-02-05 17:58:28] - [index:   3879] label: (104, 143) pred: (103, 145) delta(pixel): 2
[2022-02-05 17:58:28] - [index:   3880] label: (122, 177) pred: (122, 179) delta(pixel): 2
[2022-02-05 17:58:29] - [index:   3881] label: (133, 159) pred: (133, 160) delta(pixel): 0
[2022-02-05 17:58:29] - [index:   3882] label: (136, 167) pred: (137, 169) delta(pixel): 2
[2022-02-05 17:58:29] - [index:   3883] label: (131, 167) pred: (130, 167) delta(pixel): 1
[2022-02-05 17:58:29] - [index:   3884] label: (165, 207) pred: (165, 206) delta(pixel): 0
[2022-02-05 17:58:29] - [index:   3885] label: (79, 132) pred: (77, 133) delta(pixel): 2
[2022-02-05 17:58:29] - [index:   3886] label: (122, 157) pred: (122, 158) delta(pixel): 1
[2022-02-05 17:58:29] - [index:   3887] label: (141, 170) pred: (141, 171) delta(pixel): 1
[2022-02-05 17:58:29] - [index:   3888] label: (120, 152) pred: (121, 154) delta(pixel): 2
[2022-02-05 17:58:29] - [index:   3889] label: (87, 131) pred: (87, 133) delta(pixel): 2
[2022-02-05 17:58:29] - [index:   3890] label: (148, 183) pred: (148, 185) delta(pixel): 1
[2022-02-05 17:58:29] - [index:   3891] label: (137, 170) pred: (136, 171) delta(pixel): 1
[2022-02-05 17:58:29] - [index:   3892] label: (150, 184) pred: (151, 187) delta(pixel): 3
[2022-02-05 17:58:29] - [index:   3893] label: (129, 164) pred: (128, 166) delta(pixel): 2
[2022-02-05 17:58:29] - [index:   3894] label: (98, 135) pred: (97, 137) delta(pixel): 2
[2022-02-05 17:58:29] - [index:   3895] label: (128, 161) pred: (128, 163) delta(pixel): 1
[2022-02-05 17:58:29] - [index:   3896] label: (140, 174) pred: (139, 176) delta(pixel): 1
[2022-02-05 17:58:29] - [index:   3897] label: (165, 198) pred: (165, 201) delta(pixel): 3
[2022-02-05 17:58:29] - [index:   3898] label: (105, 136) pred: (105, 138) delta(pixel): 2
[2022-02-05 17:58:29] - [index:   3899] label: (113, 148) pred: (113, 150) delta(pixel): 2
[2022-02-05 17:58:29] - [index:   3900] label: (110, 152) pred: (109, 154) delta(pixel): 2
[2022-02-05 17:58:29] - [index:   3901] label: (157, 193) pred: (157, 195) delta(pixel): 2
[2022-02-05 17:58:29] - [index:   3902] label: (98, 130) pred: (98, 133) delta(pixel): 2
[2022-02-05 17:58:29] - [index:   3903] label: (88, 126) pred: (88, 127) delta(pixel): 1
[2022-02-05 17:58:29] - [index:   3904] label: (84, 121) pred: (84, 123) delta(pixel): 1
[2022-02-05 17:58:29] - [index:   3905] label: (106, 159) pred: (105, 161) delta(pixel): 2
[2022-02-05 17:58:29] - [index:   3906] label: (114, 175) pred: (113, 178) delta(pixel): 3
[2022-02-05 17:58:29] - [index:   3907] label: (140, 185) pred: (140, 187) delta(pixel): 2
[2022-02-05 17:58:29] - [index:   3908] label: (148, 179) pred: (148, 181) delta(pixel): 2
[2022-02-05 17:58:29] - [index:   3909] label: (164, 203) pred: (164, 205) delta(pixel): 1
[2022-02-05 17:58:29] - [index:   3910] label: (128, 157) pred: (129, 158) delta(pixel): 1
[2022-02-05 17:58:29] - [index:   3911] label: (147, 178) pred: (146, 180) delta(pixel): 1
[2022-02-05 17:58:29] - [index:   3912] label: (157, 189) pred: (157, 192) delta(pixel): 3
[2022-02-05 17:58:29] - [index:   3913] label: (85, 121) pred: (85, 123) delta(pixel): 2
[2022-02-05 17:58:29] - [index:   3914] label: (113, 148) pred: (113, 150) delta(pixel): 2
[2022-02-05 17:58:29] - [index:   3915] label: (139, 189) pred: (138, 191) delta(pixel): 3
[2022-02-05 17:58:29] - [index:   3916] label: (116, 144) pred: (116, 146) delta(pixel): 2
[2022-02-05 17:58:29] - [index:   3917] label: (87, 123) pred: (86, 126) delta(pixel): 2
[2022-02-05 17:58:29] - [index:   3918] label: (85, 119) pred: (85, 121) delta(pixel): 1
[2022-02-05 17:58:29] - [index:   3919] label: (82, 117) pred: (82, 118) delta(pixel): 1
[2022-02-05 17:58:29] - [index:   3920] label: (169, 204) pred: (169, 206) delta(pixel): 1
[2022-02-05 17:58:29] - [index:   3921] label: (64, 106) pred: (62, 107) delta(pixel): 1
[2022-02-05 17:58:29] - [index:   3922] label: (84, 121) pred: (83, 122) delta(pixel): 1
[2022-02-05 17:58:29] - [index:   3923] label: (127, 155) pred: (127, 155) delta(pixel): 1
[2022-02-05 17:58:29] - [index:   3924] label: (97, 153) pred: (97, 155) delta(pixel): 2
[2022-02-05 17:58:29] - [index:   3925] label: (126, 166) pred: (125, 167) delta(pixel): 0
[2022-02-05 17:58:29] - [index:   3926] label: (99, 138) pred: (98, 139) delta(pixel): 1
[2022-02-05 17:58:29] - [index:   3927] label: (107, 165) pred: (107, 167) delta(pixel): 2
[2022-02-05 17:58:29] - [index:   3928] label: (103, 134) pred: (103, 136) delta(pixel): 2
[2022-02-05 17:58:29] - [index:   3929] label: (115, 145) pred: (115, 146) delta(pixel): 1
[2022-02-05 17:58:29] - [index:   3930] label: (117, 147) pred: (117, 148) delta(pixel): 0
[2022-02-05 17:58:29] - [index:   3931] label: (85, 121) pred: (84, 124) delta(pixel): 3
[2022-02-05 17:58:29] - [index:   3932] label: (153, 195) pred: (153, 196) delta(pixel): 2
[2022-02-05 17:58:29] - [index:   3933] label: (121, 160) pred: (121, 162) delta(pixel): 2
[2022-02-05 17:58:29] - [index:   3934] label: (122, 177) pred: (123, 179) delta(pixel): 2
[2022-02-05 17:58:29] - [index:   3935] label: (124, 162) pred: (123, 162) delta(pixel): 1
[2022-02-05 17:58:29] - [index:   3936] label: (139, 180) pred: (139, 182) delta(pixel): 1
[2022-02-05 17:58:29] - [index:   3937] label: (122, 157) pred: (122, 158) delta(pixel): 1
[2022-02-05 17:58:29] - [index:   3938] label: (68, 114) pred: (66, 115) delta(pixel): 2
[2022-02-05 17:58:29] - [index:   3939] label: (119, 174) pred: (119, 178) delta(pixel): 3
[2022-02-05 17:58:29] - [index:   3940] label: (114, 143) pred: (114, 145) delta(pixel): 3
[2022-02-05 17:58:29] - [index:   3941] label: (163, 205) pred: (163, 206) delta(pixel): 0
[2022-02-05 17:58:29] - [index:   3942] label: (74, 111) pred: (73, 113) delta(pixel): 2
[2022-02-05 17:58:29] - [index:   3943] label: (176, 210) pred: (174, 208) delta(pixel): 4
[2022-02-05 17:58:29] - [index:   3944] label: (81, 117) pred: (81, 118) delta(pixel): 1
[2022-02-05 17:58:29] - [index:   3945] label: (118, 159) pred: (117, 160) delta(pixel): 1
[2022-02-05 17:58:29] - [index:   3946] label: (142, 176) pred: (141, 177) delta(pixel): 1
[2022-02-05 17:58:29] - [index:   3947] label: (125, 155) pred: (124, 155) delta(pixel): 1
[2022-02-05 17:58:29] - [index:   3948] label: (129, 181) pred: (129, 183) delta(pixel): 2
[2022-02-05 17:58:29] - [index:   3949] label: (119, 157) pred: (118, 159) delta(pixel): 2
[2022-02-05 17:58:29] - [index:   3950] label: (112, 149) pred: (112, 152) delta(pixel): 2
[2022-02-05 17:58:29] - [index:   3951] label: (150, 184) pred: (151, 187) delta(pixel): 2
[2022-02-05 17:58:29] - [index:   3952] label: (149, 195) pred: (148, 197) delta(pixel): 3
[2022-02-05 17:58:29] - [index:   3953] label: (118, 152) pred: (118, 154) delta(pixel): 1
[2022-02-05 17:58:29] - [index:   3954] label: (121, 150) pred: (121, 152) delta(pixel): 1
[2022-02-05 17:58:29] - [index:   3955] label: (131, 162) pred: (130, 164) delta(pixel): 1
[2022-02-05 17:58:29] - [index:   3956] label: (120, 147) pred: (121, 149) delta(pixel): 3
[2022-02-05 17:58:29] - [index:   3957] label: (143, 181) pred: (142, 183) delta(pixel): 2
[2022-02-05 17:58:29] - [index:   3958] label: (58, 101) pred: (58, 103) delta(pixel): 2
[2022-02-05 17:58:29] - [index:   3959] label: (144, 179) pred: (144, 181) delta(pixel): 1
[2022-02-05 17:58:29] - [index:   3960] label: (98, 130) pred: (99, 132) delta(pixel): 2
[2022-02-05 17:58:29] - [index:   3961] label: (72, 125) pred: (71, 127) delta(pixel): 3
[2022-02-05 17:58:29] - [index:   3962] label: (147, 178) pred: (146, 180) delta(pixel): 1
[2022-02-05 17:58:29] - [index:   3963] label: (160, 201) pred: (161, 202) delta(pixel): 1
[2022-02-05 17:58:29] - [index:   3964] label: (120, 148) pred: (120, 149) delta(pixel): 1
[2022-02-05 17:58:29] - [index:   3965] label: (62, 101) pred: (62, 103) delta(pixel): 2
[2022-02-05 17:58:29] - [index:   3966] label: (114, 160) pred: (114, 161) delta(pixel): 1
[2022-02-05 17:58:29] - [index:   3967] label: (128, 155) pred: (129, 157) delta(pixel): 2
[2022-02-05 17:58:29] - [index:   3968] label: (162, 196) pred: (163, 199) delta(pixel): 3
[2022-02-05 17:58:29] - [index:   3969] label: (101, 164) pred: (100, 166) delta(pixel): 3
[2022-02-05 17:58:29] - [index:   3970] label: (97, 135) pred: (96, 137) delta(pixel): 2
[2022-02-05 17:58:29] - [index:   3971] label: (90, 124) pred: (89, 125) delta(pixel): 1
[2022-02-05 17:58:29] - [index:   3972] label: (117, 147) pred: (117, 148) delta(pixel): 1
[2022-02-05 17:58:29] - [index:   3973] label: (107, 165) pred: (107, 167) delta(pixel): 2
[2022-02-05 17:58:29] - [index:   3974] label: (147, 194) pred: (146, 196) delta(pixel): 2
[2022-02-05 17:58:29] - [index:   3975] label: (129, 163) pred: (128, 164) delta(pixel): 1
[2022-02-05 17:58:29] - [index:   3976] label: (137, 181) pred: (137, 183) delta(pixel): 2
[2022-02-05 17:58:29] - [index:   3977] label: (138, 176) pred: (138, 176) delta(pixel): 0
[2022-02-05 17:58:29] - [index:   3978] label: (151, 182) pred: (151, 184) delta(pixel): 2
[2022-02-05 17:58:29] - [index:   3979] label: (85, 121) pred: (85, 123) delta(pixel): 2
[2022-02-05 17:58:29] - [index:   3980] label: (97, 161) pred: (96, 163) delta(pixel): 2
[2022-02-05 17:58:29] - [index:   3981] label: (120, 170) pred: (119, 172) delta(pixel): 2
[2022-02-05 17:58:29] - [index:   3982] label: (141, 180) pred: (141, 182) delta(pixel): 2
[2022-02-05 17:58:29] - [index:   3983] label: (166, 202) pred: (166, 204) delta(pixel): 1
[2022-02-05 17:58:29] - [index:   3984] label: (107, 165) pred: (107, 167) delta(pixel): 2
[2022-02-05 17:58:29] - [index:   3985] label: (156, 190) pred: (157, 192) delta(pixel): 2
[2022-02-05 17:58:29] - [index:   3986] label: (113, 148) pred: (113, 150) delta(pixel): 2
[2022-02-05 17:58:29] - [index:   3987] label: (104, 139) pred: (104, 140) delta(pixel): 1
[2022-02-05 17:58:29] - [index:   3988] label: (110, 161) pred: (109, 163) delta(pixel): 1
[2022-02-05 17:58:29] - [index:   3989] label: (129, 184) pred: (129, 186) delta(pixel): 2
[2022-02-05 17:58:29] - [index:   3990] label: (121, 164) pred: (121, 166) delta(pixel): 1
[2022-02-05 17:58:29] - [index:   3991] label: (143, 174) pred: (143, 176) delta(pixel): 2
[2022-02-05 17:58:29] - [index:   3992] label: (79, 132) pred: (77, 132) delta(pixel): 2
[2022-02-05 17:58:29] - [index:   3993] label: (131, 170) pred: (131, 172) delta(pixel): 2
[2022-02-05 17:58:29] - [index:   3994] label: (131, 170) pred: (130, 171) delta(pixel): 2
[2022-02-05 17:58:29] - [index:   3995] label: (98, 142) pred: (98, 144) delta(pixel): 1
[2022-02-05 17:58:29] - [index:   3996] label: (150, 184) pred: (151, 187) delta(pixel): 3
[2022-02-05 17:58:29] - [index:   3997] label: (145, 196) pred: (144, 197) delta(pixel): 2
[2022-02-05 17:58:29] - [index:   3998] label: (150, 180) pred: (150, 183) delta(pixel): 2
[2022-02-05 17:58:29] - [index:   3999] label: (94, 164) pred: (93, 165) delta(pixel): 2
[2022-02-05 17:58:29] - [index:   4000] label: (161, 193) pred: (162, 195) delta(pixel): 3
[2022-02-05 17:58:29] - [index:   4001] label: (85, 119) pred: (85, 121) delta(pixel): 2
[2022-02-05 17:58:29] - [index:   4002] label: (143, 171) pred: (143, 173) delta(pixel): 1
[2022-02-05 17:58:29] - [index:   4003] label: (77, 128) pred: (75, 130) delta(pixel): 3
[2022-02-05 17:58:29] - [index:   4004] label: (135, 161) pred: (135, 161) delta(pixel): 0
[2022-02-05 17:58:29] - [index:   4005] label: (158, 194) pred: (160, 196) delta(pixel): 3
[2022-02-05 17:58:29] - [index:   4006] label: (74, 119) pred: (72, 122) delta(pixel): 3
[2022-02-05 17:58:29] - [index:   4007] label: (150, 180) pred: (150, 183) delta(pixel): 2
[2022-02-05 17:58:29] - [index:   4008] label: (119, 149) pred: (120, 150) delta(pixel): 2
[2022-02-05 17:58:29] - [index:   4009] label: (97, 161) pred: (96, 164) delta(pixel): 3
[2022-02-05 17:58:29] - [index:   4010] label: (96, 128) pred: (97, 131) delta(pixel): 3
[2022-02-05 17:58:29] - [index:   4011] label: (138, 183) pred: (137, 184) delta(pixel): 2
[2022-02-05 17:58:29] - [index:   4012] label: (74, 111) pred: (73, 113) delta(pixel): 2
[2022-02-05 17:58:29] - [index:   4013] label: (88, 124) pred: (88, 125) delta(pixel): 1
[2022-02-05 17:58:29] - [index:   4014] label: (161, 194) pred: (162, 197) delta(pixel): 4
[2022-02-05 17:58:29] - [index:   4015] label: (94, 144) pred: (93, 146) delta(pixel): 2
[2022-02-05 17:58:29] - [index:   4016] label: (91, 158) pred: (90, 161) delta(pixel): 3
[2022-02-05 17:58:29] - [index:   4017] label: (126, 179) pred: (125, 181) delta(pixel): 2
[2022-02-05 17:58:29] - [index:   4018] label: (96, 133) pred: (96, 135) delta(pixel): 2
[2022-02-05 17:58:29] - [index:   4019] label: (154, 187) pred: (154, 189) delta(pixel): 3
[2022-02-05 17:58:29] - [index:   4020] label: (142, 176) pred: (142, 177) delta(pixel): 1
[2022-02-05 17:58:29] - [index:   4021] label: (108, 176) pred: (107, 177) delta(pixel): 2
[2022-02-05 17:58:29] - [index:   4022] label: (137, 171) pred: (136, 172) delta(pixel): 1
[2022-02-05 17:58:29] - [index:   4023] label: (161, 193) pred: (162, 196) delta(pixel): 4
[2022-02-05 17:58:29] - [index:   4024] label: (103, 162) pred: (102, 164) delta(pixel): 2
[2022-02-05 17:58:29] - [index:   4025] label: (71, 114) pred: (69, 115) delta(pixel): 2
[2022-02-05 17:58:29] - [index:   4026] label: (129, 163) pred: (128, 164) delta(pixel): 1
[2022-02-05 17:58:29] - [index:   4027] label: (118, 152) pred: (118, 154) delta(pixel): 1
[2022-02-05 17:58:29] - [index:   4028] label: (123, 172) pred: (123, 174) delta(pixel): 1
[2022-02-05 17:58:29] - [index:   4029] label: (113, 149) pred: (112, 151) delta(pixel): 2
[2022-02-05 17:58:29] - [index:   4030] label: (151, 180) pred: (152, 182) delta(pixel): 3
[2022-02-05 17:58:29] - [index:   4031] label: (132, 162) pred: (132, 163) delta(pixel): 1
[2022-02-05 17:58:29] - [index:   4032] label: (159, 193) pred: (160, 195) delta(pixel): 3
[2022-02-05 17:58:29] - [index:   4033] label: (147, 189) pred: (147, 191) delta(pixel): 2
[2022-02-05 17:58:29] - [index:   4034] label: (107, 138) pred: (106, 139) delta(pixel): 2
[2022-02-05 17:58:29] - [index:   4035] label: (116, 155) pred: (116, 157) delta(pixel): 2
[2022-02-05 17:58:29] - [index:   4036] label: (127, 153) pred: (128, 155) delta(pixel): 2
[2022-02-05 17:58:29] - [index:   4037] label: (145, 188) pred: (145, 190) delta(pixel): 2
[2022-02-05 17:58:29] - [index:   4038] label: (135, 182) pred: (135, 183) delta(pixel): 2
[2022-02-05 17:58:29] - [index:   4039] label: (67, 116) pred: (65, 117) delta(pixel): 3
[2022-02-05 17:58:29] - [index:   4040] label: (122, 156) pred: (121, 156) delta(pixel): 1
[2022-02-05 17:58:29] - [index:   4041] label: (98, 170) pred: (98, 171) delta(pixel): 1
[2022-02-05 17:58:29] - [index:   4042] label: (122, 155) pred: (121, 156) delta(pixel): 2
[2022-02-05 17:58:29] - [index:   4043] label: (63, 110) pred: (62, 112) delta(pixel): 2
[2022-02-05 17:58:29] - [index:   4044] label: (111, 158) pred: (111, 160) delta(pixel): 2
[2022-02-05 17:58:29] - [index:   4045] label: (134, 165) pred: (135, 166) delta(pixel): 1
[2022-02-05 17:58:29] - [index:   4046] label: (111, 151) pred: (110, 153) delta(pixel): 2
[2022-02-05 17:58:29] - [index:   4047] label: (154, 186) pred: (155, 188) delta(pixel): 3
[2022-02-05 17:58:29] - [index:   4048] label: (101, 132) pred: (101, 133) delta(pixel): 1
[2022-02-05 17:58:29] - [index:   4049] label: (99, 152) pred: (98, 154) delta(pixel): 2
[2022-02-05 17:58:29] - [index:   4050] label: (155, 189) pred: (155, 191) delta(pixel): 2
[2022-02-05 17:58:29] - [index:   4051] label: (102, 134) pred: (102, 136) delta(pixel): 2
[2022-02-05 17:58:29] - [index:   4052] label: (163, 197) pred: (164, 200) delta(pixel): 3
[2022-02-05 17:58:29] - [index:   4053] label: (106, 151) pred: (106, 152) delta(pixel): 1
[2022-02-05 17:58:29] - [index:   4054] label: (108, 140) pred: (107, 141) delta(pixel): 1
[2022-02-05 17:58:29] - [index:   4055] label: (114, 162) pred: (114, 163) delta(pixel): 1
[2022-02-05 17:58:29] - [index:   4056] label: (162, 196) pred: (163, 198) delta(pixel): 2
[2022-02-05 17:58:29] - [index:   4057] label: (100, 135) pred: (100, 136) delta(pixel): 1
[2022-02-05 17:58:29] - [index:   4058] label: (150, 198) pred: (150, 199) delta(pixel): 1
[2022-02-05 17:58:29] - [index:   4059] label: (69, 108) pred: (67, 109) delta(pixel): 3
[2022-02-05 17:58:29] - [index:   4060] label: (121, 150) pred: (121, 151) delta(pixel): 1
[2022-02-05 17:58:29] - [index:   4061] label: (117, 147) pred: (117, 148) delta(pixel): 0
[2022-02-05 17:58:29] - [index:   4062] label: (125, 151) pred: (125, 153) delta(pixel): 1
[2022-02-05 17:58:29] - [index:   4063] label: (130, 157) pred: (130, 158) delta(pixel): 1
[2022-02-05 17:58:30] - [index:   4064] label: (87, 123) pred: (86, 125) delta(pixel): 2
[2022-02-05 17:58:30] - [index:   4065] label: (69, 112) pred: (67, 113) delta(pixel): 2
[2022-02-05 17:58:30] - [index:   4066] label: (137, 170) pred: (137, 172) delta(pixel): 1
[2022-02-05 17:58:30] - [index:   4067] label: (159, 197) pred: (160, 198) delta(pixel): 2
[2022-02-05 17:58:30] - [index:   4068] label: (132, 178) pred: (131, 179) delta(pixel): 1
[2022-02-05 17:58:30] - [index:   4069] label: (98, 142) pred: (98, 143) delta(pixel): 1
[2022-02-05 17:58:30] - [index:   4070] label: (150, 191) pred: (150, 193) delta(pixel): 2
[2022-02-05 17:58:30] - [index:   4071] label: (118, 150) pred: (119, 151) delta(pixel): 1
[2022-02-05 17:58:30] - [index:   4072] label: (157, 189) pred: (157, 192) delta(pixel): 3
[2022-02-05 17:58:30] - [index:   4073] label: (146, 180) pred: (145, 182) delta(pixel): 2
[2022-02-05 17:58:30] - [index:   4074] label: (86, 143) pred: (84, 145) delta(pixel): 3
[2022-02-05 17:58:30] - [index:   4075] label: (169, 203) pred: (169, 205) delta(pixel): 2
[2022-02-05 17:58:30] - [index:   4076] label: (147, 182) pred: (146, 183) delta(pixel): 1
[2022-02-05 17:58:30] - [index:   4077] label: (118, 152) pred: (118, 153) delta(pixel): 1
[2022-02-05 17:58:30] - [index:   4078] label: (117, 148) pred: (117, 149) delta(pixel): 1
[2022-02-05 17:58:30] - [index:   4079] label: (119, 158) pred: (118, 158) delta(pixel): 0
[2022-02-05 17:58:30] - [index:   4080] label: (144, 174) pred: (144, 175) delta(pixel): 1
[2022-02-05 17:58:30] - [index:   4081] label: (131, 164) pred: (130, 165) delta(pixel): 1
[2022-02-05 17:58:30] - [index:   4082] label: (85, 121) pred: (84, 123) delta(pixel): 3
[2022-02-05 17:58:30] - [index:   4083] label: (141, 173) pred: (140, 174) delta(pixel): 1
[2022-02-05 17:58:30] - [index:   4084] label: (124, 161) pred: (124, 162) delta(pixel): 1
[2022-02-05 17:58:30] - [index:   4085] label: (139, 178) pred: (138, 179) delta(pixel): 1
[2022-02-05 17:58:30] - [index:   4086] label: (143, 181) pred: (143, 183) delta(pixel): 2
[2022-02-05 17:58:30] - [index:   4087] label: (96, 133) pred: (96, 135) delta(pixel): 2
[2022-02-05 17:58:30] - [index:   4088] label: (86, 143) pred: (84, 145) delta(pixel): 3
[2022-02-05 17:58:30] - [index:   4089] label: (94, 128) pred: (94, 131) delta(pixel): 2
[2022-02-05 17:58:30] - [index:   4090] label: (65, 113) pred: (63, 115) delta(pixel): 3
[2022-02-05 17:58:30] - [index:   4091] label: (93, 136) pred: (92, 139) delta(pixel): 2
[2022-02-05 17:58:30] - [index:   4092] label: (114, 147) pred: (114, 149) delta(pixel): 2
[2022-02-05 17:58:30] - [index:   4093] label: (139, 171) pred: (138, 173) delta(pixel): 2
[2022-02-05 17:58:30] - [index:   4094] label: (108, 176) pred: (107, 177) delta(pixel): 2
[2022-02-05 17:58:30] - [index:   4095] label: (91, 124) pred: (90, 125) delta(pixel): 1
[2022-02-05 17:58:30] - [index:   4096] label: (57, 99) pred: (57, 100) delta(pixel): 1
[2022-02-05 17:58:30] - [index:   4097] label: (122, 183) pred: (122, 185) delta(pixel): 1
[2022-02-05 17:58:30] - [index:   4098] label: (131, 167) pred: (130, 168) delta(pixel): 2
[2022-02-05 17:58:30] - [index:   4099] label: (116, 144) pred: (116, 145) delta(pixel): 0
[2022-02-05 17:58:30] - [index:   4100] label: (115, 145) pred: (114, 147) delta(pixel): 2
[2022-02-05 17:58:30] - [index:   4101] label: (119, 156) pred: (119, 158) delta(pixel): 2
[2022-02-05 17:58:30] - [index:   4102] label: (78, 114) pred: (77, 116) delta(pixel): 3
[2022-02-05 17:58:30] - [index:   4103] label: (104, 153) pred: (104, 155) delta(pixel): 1
[2022-02-05 17:58:30] - [index:   4104] label: (111, 151) pred: (110, 153) delta(pixel): 2
[2022-02-05 17:58:30] - [index:   4105] label: (105, 143) pred: (104, 145) delta(pixel): 2
[2022-02-05 17:58:30] - [index:   4106] label: (141, 173) pred: (141, 174) delta(pixel): 1
[2022-02-05 17:58:30] - [index:   4107] label: (156, 190) pred: (157, 193) delta(pixel): 3
[2022-02-05 17:58:30] - [index:   4108] label: (121, 163) pred: (121, 164) delta(pixel): 1
[2022-02-05 17:58:30] - [index:   4109] label: (90, 124) pred: (90, 126) delta(pixel): 2
[2022-02-05 17:58:30] - [index:   4110] label: (103, 136) pred: (103, 138) delta(pixel): 1
[2022-02-05 17:58:30] - [index:   4111] label: (132, 157) pred: (132, 159) delta(pixel): 2
[2022-02-05 17:58:30] - [index:   4112] label: (157, 197) pred: (157, 199) delta(pixel): 2
[2022-02-05 17:58:30] - [index:   4113] label: (98, 130) pred: (97, 132) delta(pixel): 2
[2022-02-05 17:58:30] - [index:   4114] label: (71, 114) pred: (69, 115) delta(pixel): 2
[2022-02-05 17:58:30] - [index:   4115] label: (121, 150) pred: (121, 151) delta(pixel): 1
[2022-02-05 17:58:30] - [index:   4116] label: (138, 170) pred: (138, 171) delta(pixel): 1
[2022-02-05 17:58:30] - [index:   4117] label: (110, 161) pred: (109, 163) delta(pixel): 1
[2022-02-05 17:58:30] - [index:   4118] label: (144, 172) pred: (144, 173) delta(pixel): 1
[2022-02-05 17:58:30] - [index:   4119] label: (91, 137) pred: (90, 138) delta(pixel): 2
[2022-02-05 17:58:30] - [index:   4120] label: (120, 154) pred: (120, 156) delta(pixel): 2
[2022-02-05 17:58:30] - [index:   4121] label: (161, 198) pred: (163, 200) delta(pixel): 3
[2022-02-05 17:58:30] - [index:   4122] label: (129, 172) pred: (129, 174) delta(pixel): 1
[2022-02-05 17:58:30] - [index:   4123] label: (132, 163) pred: (132, 165) delta(pixel): 1
[2022-02-05 17:58:30] - [index:   4124] label: (124, 157) pred: (124, 157) delta(pixel): 0
[2022-02-05 17:58:30] - [index:   4125] label: (116, 156) pred: (115, 157) delta(pixel): 1
[2022-02-05 17:58:30] - [index:   4126] label: (82, 117) pred: (82, 118) delta(pixel): 1
[2022-02-05 17:58:30] - [index:   4127] label: (143, 174) pred: (143, 176) delta(pixel): 2
[2022-02-05 17:58:30] - [index:   4128] label: (103, 144) pred: (102, 145) delta(pixel): 2
[2022-02-05 17:58:30] - [index:   4129] label: (145, 178) pred: (145, 180) delta(pixel): 1
[2022-02-05 17:58:30] - [index:   4130] label: (100, 138) pred: (99, 139) delta(pixel): 2
[2022-02-05 17:58:30] - [index:   4131] label: (121, 164) pred: (121, 166) delta(pixel): 1
[2022-02-05 17:58:30] - [index:   4132] label: (124, 158) pred: (124, 159) delta(pixel): 1
[2022-02-05 17:58:30] - [index:   4133] label: (147, 176) pred: (147, 177) delta(pixel): 1
[2022-02-05 17:58:30] - [index:   4134] label: (58, 101) pred: (58, 102) delta(pixel): 1
[2022-02-05 17:58:30] - [index:   4135] label: (102, 145) pred: (101, 146) delta(pixel): 2
[2022-02-05 17:58:30] - [index:   4136] label: (71, 119) pred: (70, 120) delta(pixel): 2
[2022-02-05 17:58:30] - [index:   4137] label: (102, 134) pred: (102, 136) delta(pixel): 1
[2022-02-05 17:58:30] - [index:   4138] label: (82, 119) pred: (82, 120) delta(pixel): 1
[2022-02-05 17:58:30] - [index:   4139] label: (144, 175) pred: (145, 177) delta(pixel): 2
[2022-02-05 17:58:30] - [index:   4140] label: (167, 203) pred: (168, 205) delta(pixel): 1
[2022-02-05 17:58:30] - [index:   4141] label: (71, 109) pred: (70, 111) delta(pixel): 2
[2022-02-05 17:58:30] - [index:   4142] label: (153, 188) pred: (153, 190) delta(pixel): 2
[2022-02-05 17:58:30] - [index:   4143] label: (147, 176) pred: (148, 178) delta(pixel): 2
[2022-02-05 17:58:30] - [index:   4144] label: (103, 173) pred: (103, 176) delta(pixel): 2
[2022-02-05 17:58:30] - [index:   4145] label: (132, 161) pred: (132, 163) delta(pixel): 1
[2022-02-05 17:58:30] - [index:   4146] label: (167, 203) pred: (168, 204) delta(pixel): 1
[2022-02-05 17:58:30] - [index:   4147] label: (140, 171) pred: (140, 173) delta(pixel): 2
[2022-02-05 17:58:30] - [index:   4148] label: (146, 191) pred: (145, 192) delta(pixel): 2
[2022-02-05 17:58:30] - [index:   4149] label: (167, 208) pred: (167, 207) delta(pixel): 0
[2022-02-05 17:58:30] - [index:   4150] label: (141, 188) pred: (140, 190) delta(pixel): 3
[2022-02-05 17:58:30] - [index:   4151] label: (77, 128) pred: (76, 131) delta(pixel): 3
[2022-02-05 17:58:30] - [index:   4152] label: (116, 157) pred: (114, 158) delta(pixel): 1
[2022-02-05 17:58:30] - [index:   4153] label: (144, 172) pred: (145, 174) delta(pixel): 1
[2022-02-05 17:58:30] - [index:   4154] label: (165, 198) pred: (165, 201) delta(pixel): 3
[2022-02-05 17:58:30] - [index:   4155] label: (121, 161) pred: (121, 163) delta(pixel): 1
[2022-02-05 17:58:30] - [index:   4156] label: (156, 190) pred: (157, 192) delta(pixel): 3
[2022-02-05 17:58:30] - [index:   4157] label: (91, 152) pred: (90, 154) delta(pixel): 3
[2022-02-05 17:58:30] - [index:   4158] label: (144, 174) pred: (144, 175) delta(pixel): 2
[2022-02-05 17:58:30] - [index:   4159] label: (108, 137) pred: (109, 139) delta(pixel): 2
[2022-02-05 17:58:30] - [index:   4160] label: (58, 101) pred: (58, 103) delta(pixel): 2
[2022-02-05 17:58:30] - [index:   4161] label: (88, 153) pred: (88, 157) delta(pixel): 4
[2022-02-05 17:58:30] - [index:   4162] label: (126, 162) pred: (126, 164) delta(pixel): 1
[2022-02-05 17:58:30] - [index:   4163] label: (156, 199) pred: (157, 200) delta(pixel): 1
[2022-02-05 17:58:30] - [index:   4164] label: (162, 196) pred: (163, 198) delta(pixel): 2
[2022-02-05 17:58:30] - [index:   4165] label: (145, 175) pred: (145, 177) delta(pixel): 1
[2022-02-05 17:58:30] - [index:   4166] label: (156, 195) pred: (157, 197) delta(pixel): 2
[2022-02-05 17:58:30] - [index:   4167] label: (145, 181) pred: (144, 182) delta(pixel): 2
[2022-02-05 17:58:30] - [index:   4168] label: (132, 178) pred: (131, 178) delta(pixel): 1
[2022-02-05 17:58:30] - [index:   4169] label: (78, 120) pred: (77, 121) delta(pixel): 2
[2022-02-05 17:58:30] - [index:   4170] label: (104, 148) pred: (104, 150) delta(pixel): 1
[2022-02-05 17:58:30] - [index:   4171] label: (123, 166) pred: (123, 167) delta(pixel): 1
[2022-02-05 17:58:30] - [index:   4172] label: (112, 155) pred: (112, 157) delta(pixel): 1
[2022-02-05 17:58:30] - [index:   4173] label: (106, 159) pred: (105, 161) delta(pixel): 2
[2022-02-05 17:58:30] - [index:   4174] label: (119, 149) pred: (119, 151) delta(pixel): 1
[2022-02-05 17:58:30] - [index:   4175] label: (117, 153) pred: (117, 154) delta(pixel): 0
[2022-02-05 17:58:30] - [index:   4176] label: (171, 207) pred: (170, 208) delta(pixel): 1
[2022-02-05 17:58:30] - [index:   4177] label: (136, 175) pred: (135, 176) delta(pixel): 2
[2022-02-05 17:58:30] - [index:   4178] label: (124, 156) pred: (124, 157) delta(pixel): 1
[2022-02-05 17:58:30] - [index:   4179] label: (97, 143) pred: (97, 144) delta(pixel): 1
[2022-02-05 17:58:30] - [index:   4180] label: (126, 159) pred: (127, 160) delta(pixel): 1
[2022-02-05 17:58:30] - [index:   4181] label: (105, 143) pred: (103, 144) delta(pixel): 2
[2022-02-05 17:58:30] - [index:   4182] label: (138, 173) pred: (137, 174) delta(pixel): 1
[2022-02-05 17:58:30] - [index:   4183] label: (134, 175) pred: (133, 177) delta(pixel): 2
[2022-02-05 17:58:30] - [index:   4184] label: (135, 162) pred: (136, 163) delta(pixel): 1
[2022-02-05 17:58:30] - [index:   4185] label: (70, 110) pred: (69, 111) delta(pixel): 2
[2022-02-05 17:58:30] - [index:   4186] label: (94, 164) pred: (93, 165) delta(pixel): 2
[2022-02-05 17:58:30] - [index:   4187] label: (118, 161) pred: (117, 162) delta(pixel): 1
[2022-02-05 17:58:30] - [index:   4188] label: (134, 161) pred: (133, 162) delta(pixel): 1
[2022-02-05 17:58:30] - [index:   4189] label: (57, 99) pred: (57, 101) delta(pixel): 2
[2022-02-05 17:58:30] - [index:   4190] label: (109, 143) pred: (109, 145) delta(pixel): 1
[2022-02-05 17:58:30] - [index:   4191] label: (149, 179) pred: (149, 181) delta(pixel): 2
[2022-02-05 17:58:30] - [index:   4192] label: (129, 181) pred: (129, 183) delta(pixel): 3
[2022-02-05 17:58:30] - [index:   4193] label: (96, 133) pred: (96, 135) delta(pixel): 2
[2022-02-05 17:58:30] - [index:   4194] label: (156, 191) pred: (156, 193) delta(pixel): 2
[2022-02-05 17:58:30] - [index:   4195] label: (102, 134) pred: (102, 136) delta(pixel): 2
[2022-02-05 17:58:30] - [index:   4196] label: (103, 136) pred: (104, 139) delta(pixel): 3
[2022-02-05 17:58:30] - [index:   4197] label: (148, 197) pred: (147, 199) delta(pixel): 2
[2022-02-05 17:58:30] - [index:   4198] label: (90, 128) pred: (90, 129) delta(pixel): 1
[2022-02-05 17:58:30] - [index:   4199] label: (94, 136) pred: (93, 138) delta(pixel): 2
[2022-02-05 17:58:30] - [index:   4200] label: (124, 156) pred: (124, 157) delta(pixel): 1
[2022-02-05 17:58:30] - [index:   4201] label: (131, 163) pred: (130, 165) delta(pixel): 1
[2022-02-05 17:58:30] - [index:   4202] label: (105, 136) pred: (105, 137) delta(pixel): 1
[2022-02-05 17:58:30] - [index:   4203] label: (129, 184) pred: (129, 186) delta(pixel): 2
[2022-02-05 17:58:30] - [index:   4204] label: (103, 140) pred: (102, 142) delta(pixel): 2
[2022-02-05 17:58:30] - [index:   4205] label: (126, 166) pred: (125, 167) delta(pixel): 1
[2022-02-05 17:58:30] - [index:   4206] label: (141, 180) pred: (141, 182) delta(pixel): 2
[2022-02-05 17:58:30] - [index:   4207] label: (96, 130) pred: (96, 133) delta(pixel): 2
[2022-02-05 17:58:30] - [index:   4208] label: (114, 160) pred: (114, 161) delta(pixel): 1
[2022-02-05 17:58:30] - [index:   4209] label: (127, 154) pred: (127, 155) delta(pixel): 1
[2022-02-05 17:58:30] - [index:   4210] label: (116, 157) pred: (115, 158) delta(pixel): 1
[2022-02-05 17:58:30] - [index:   4211] label: (100, 138) pred: (99, 139) delta(pixel): 2
[2022-02-05 17:58:30] - [index:   4212] label: (160, 192) pred: (161, 195) delta(pixel): 4
[2022-02-05 17:58:30] - [index:   4213] label: (144, 172) pred: (145, 174) delta(pixel): 1
[2022-02-05 17:58:30] - [index:   4214] label: (118, 151) pred: (118, 152) delta(pixel): 1
[2022-02-05 17:58:30] - [index:   4215] label: (143, 174) pred: (143, 176) delta(pixel): 2
[2022-02-05 17:58:30] - [index:   4216] label: (175, 210) pred: (173, 207) delta(pixel): 4
[2022-02-05 17:58:30] - [index:   4217] label: (120, 154) pred: (120, 155) delta(pixel): 1
[2022-02-05 17:58:30] - [index:   4218] label: (125, 153) pred: (125, 154) delta(pixel): 0
[2022-02-05 17:58:30] - [index:   4219] label: (123, 153) pred: (123, 154) delta(pixel): 1
[2022-02-05 17:58:30] - [index:   4220] label: (144, 177) pred: (144, 178) delta(pixel): 1
[2022-02-05 17:58:30] - [index:   4221] label: (82, 119) pred: (81, 120) delta(pixel): 2
[2022-02-05 17:58:30] - [index:   4222] label: (142, 177) pred: (143, 179) delta(pixel): 2
[2022-02-05 17:58:30] - [index:   4223] label: (60, 100) pred: (59, 102) delta(pixel): 2
[2022-02-05 17:58:30] - [index:   4224] label: (117, 147) pred: (117, 148) delta(pixel): 1
[2022-02-05 17:58:30] - [index:   4225] label: (163, 199) pred: (164, 201) delta(pixel): 2
[2022-02-05 17:58:30] - [index:   4226] label: (146, 175) pred: (147, 176) delta(pixel): 1
[2022-02-05 17:58:30] - [index:   4227] label: (120, 170) pred: (119, 172) delta(pixel): 2
[2022-02-05 17:58:30] - [index:   4228] label: (79, 116) pred: (79, 119) delta(pixel): 3
[2022-02-05 17:58:30] - [index:   4229] label: (162, 196) pred: (163, 199) delta(pixel): 3
[2022-02-05 17:58:30] - [index:   4230] label: (154, 184) pred: (154, 187) delta(pixel): 3
[2022-02-05 17:58:30] - [index:   4231] label: (119, 174) pred: (118, 177) delta(pixel): 3
[2022-02-05 17:58:30] - [index:   4232] label: (111, 151) pred: (110, 152) delta(pixel): 1
[2022-02-05 17:58:30] - [index:   4233] label: (139, 173) pred: (139, 174) delta(pixel): 1
[2022-02-05 17:58:30] - [index:   4234] label: (85, 134) pred: (84, 136) delta(pixel): 2
[2022-02-05 17:58:30] - [index:   4235] label: (91, 124) pred: (90, 125) delta(pixel): 1
[2022-02-05 17:58:30] - [index:   4236] label: (97, 133) pred: (97, 135) delta(pixel): 2
[2022-02-05 17:58:30] - [index:   4237] label: (115, 145) pred: (114, 145) delta(pixel): 1
[2022-02-05 17:58:30] - [index:   4238] label: (143, 172) pred: (144, 174) delta(pixel): 1
[2022-02-05 17:58:30] - [index:   4239] label: (56, 97) pred: (57, 98) delta(pixel): 2
[2022-02-05 17:58:30] - [index:   4240] label: (146, 191) pred: (146, 192) delta(pixel): 1
[2022-02-05 17:58:30] - [index:   4241] label: (143, 171) pred: (143, 173) delta(pixel): 1
[2022-02-05 17:58:30] - [index:   4242] label: (117, 147) pred: (117, 148) delta(pixel): 1
[2022-02-05 17:58:31] - [index:   4243] label: (140, 174) pred: (139, 175) delta(pixel): 0
[2022-02-05 17:58:31] - [index:   4244] label: (106, 136) pred: (106, 137) delta(pixel): 2
[2022-02-05 17:58:31] - [index:   4245] label: (59, 103) pred: (59, 105) delta(pixel): 2
[2022-02-05 17:58:31] - [index:   4246] label: (97, 135) pred: (96, 137) delta(pixel): 2
[2022-02-05 17:58:31] - [index:   4247] label: (129, 163) pred: (128, 164) delta(pixel): 1
[2022-02-05 17:58:31] - [index:   4248] label: (88, 138) pred: (87, 139) delta(pixel): 1
[2022-02-05 17:58:31] - [index:   4249] label: (83, 125) pred: (82, 127) delta(pixel): 2
[2022-02-05 17:58:31] - [index:   4250] label: (111, 158) pred: (111, 160) delta(pixel): 2
[2022-02-05 17:58:31] - [index:   4251] label: (140, 169) pred: (140, 170) delta(pixel): 2
[2022-02-05 17:58:31] - [index:   4252] label: (133, 167) pred: (132, 168) delta(pixel): 1
[2022-02-05 17:58:31] - [index:   4253] label: (151, 180) pred: (151, 182) delta(pixel): 3
[2022-02-05 17:58:31] - [index:   4254] label: (88, 124) pred: (88, 125) delta(pixel): 1
[2022-02-05 17:58:31] - [index:   4255] label: (122, 180) pred: (121, 182) delta(pixel): 3
[2022-02-05 17:58:31] - [index:   4256] label: (96, 136) pred: (95, 138) delta(pixel): 2
[2022-02-05 17:58:31] - [index:   4257] label: (80, 118) pred: (80, 120) delta(pixel): 1
[2022-02-05 17:58:31] - [index:   4258] label: (159, 193) pred: (160, 196) delta(pixel): 4
[2022-02-05 17:58:31] - [index:   4259] label: (135, 162) pred: (136, 162) delta(pixel): 1
[2022-02-05 17:58:31] - [index:   4260] label: (74, 117) pred: (73, 119) delta(pixel): 3
[2022-02-05 17:58:31] - [index:   4261] label: (129, 184) pred: (130, 186) delta(pixel): 2
[2022-02-05 17:58:31] - [index:   4262] label: (105, 142) pred: (104, 144) delta(pixel): 3
[2022-02-05 17:58:31] - [index:   4263] label: (131, 163) pred: (130, 165) delta(pixel): 2
[2022-02-05 17:58:31] - [index:   4264] label: (116, 144) pred: (117, 146) delta(pixel): 2
[2022-02-05 17:58:31] - [index:   4265] label: (123, 150) pred: (123, 151) delta(pixel): 1
[2022-02-05 17:58:31] - [index:   4266] label: (152, 197) pred: (151, 198) delta(pixel): 2
[2022-02-05 17:58:31] - [index:   4267] label: (137, 181) pred: (136, 182) delta(pixel): 2
[2022-02-05 17:58:31] - [index:   4268] label: (70, 110) pred: (69, 112) delta(pixel): 2
[2022-02-05 17:58:31] - [index:   4269] label: (96, 139) pred: (96, 141) delta(pixel): 2
[2022-02-05 17:58:31] - [index:   4270] label: (144, 183) pred: (143, 185) delta(pixel): 2
[2022-02-05 17:58:31] - [index:   4271] label: (142, 182) pred: (142, 184) delta(pixel): 2
[2022-02-05 17:58:31] - [index:   4272] label: (152, 183) pred: (153, 184) delta(pixel): 2
[2022-02-05 17:58:31] - [index:   4273] label: (109, 147) pred: (109, 148) delta(pixel): 1
[2022-02-05 17:58:31] - [index:   4274] label: (109, 147) pred: (108, 148) delta(pixel): 2
[2022-02-05 17:58:31] - [index:   4275] label: (116, 156) pred: (116, 158) delta(pixel): 1
[2022-02-05 17:58:31] - [index:   4276] label: (128, 159) pred: (129, 160) delta(pixel): 2
[2022-02-05 17:58:31] - [index:   4277] label: (115, 159) pred: (115, 160) delta(pixel): 1
[2022-02-05 17:58:31] - [index:   4278] label: (112, 144) pred: (113, 147) delta(pixel): 3
[2022-02-05 17:58:31] - [index:   4279] label: (106, 138) pred: (106, 140) delta(pixel): 2
[2022-02-05 17:58:31] - [index:   4280] label: (74, 111) pred: (73, 113) delta(pixel): 2
[2022-02-05 17:58:31] - [index:   4281] label: (131, 162) pred: (130, 163) delta(pixel): 1
[2022-02-05 17:58:31] - [index:   4282] label: (126, 165) pred: (126, 166) delta(pixel): 1
[2022-02-05 17:58:31] - [index:   4283] label: (131, 163) pred: (130, 163) delta(pixel): 1
[2022-02-05 17:58:31] - [index:   4284] label: (71, 114) pred: (69, 115) delta(pixel): 2
[2022-02-05 17:58:31] - [index:   4285] label: (157, 197) pred: (158, 199) delta(pixel): 3
[2022-02-05 17:58:31] - [index:   4286] label: (74, 113) pred: (72, 114) delta(pixel): 1
[2022-02-05 17:58:31] - [index:   4287] label: (156, 187) pred: (156, 189) delta(pixel): 2
[2022-02-05 17:58:31] - [index:   4288] label: (150, 187) pred: (151, 190) delta(pixel): 2
[2022-02-05 17:58:31] - [index:   4289] label: (59, 98) pred: (58, 100) delta(pixel): 1
[2022-02-05 17:58:31] - [index:   4290] label: (129, 161) pred: (129, 163) delta(pixel): 2
[2022-02-05 17:58:31] - [index:   4291] label: (69, 108) pred: (66, 109) delta(pixel): 3
[2022-02-05 17:58:31] - [index:   4292] label: (79, 115) pred: (80, 118) delta(pixel): 4
[2022-02-05 17:58:31] - [index:   4293] label: (116, 149) pred: (116, 150) delta(pixel): 1
[2022-02-05 17:58:31] - [index:   4294] label: (178, 213) pred: (175, 210) delta(pixel): 6
[2022-02-05 17:58:31] - [index:   4295] label: (132, 163) pred: (132, 165) delta(pixel): 1
[2022-02-05 17:58:31] - [index:   4296] label: (137, 171) pred: (136, 172) delta(pixel): 1
[2022-02-05 17:58:31] - [index:   4297] label: (133, 168) pred: (133, 170) delta(pixel): 1
[2022-02-05 17:58:31] - [index:   4298] label: (90, 131) pred: (90, 132) delta(pixel): 1
[2022-02-05 17:58:31] - [index:   4299] label: (80, 140) pred: (79, 141) delta(pixel): 2
[2022-02-05 17:58:31] - [index:   4300] label: (134, 162) pred: (133, 163) delta(pixel): 1
[2022-02-05 17:58:31] - [index:   4301] label: (135, 179) pred: (134, 181) delta(pixel): 2
[2022-02-05 17:58:31] - [index:   4302] label: (84, 123) pred: (82, 124) delta(pixel): 2
[2022-02-05 17:58:31] - [index:   4303] label: (69, 108) pred: (67, 109) delta(pixel): 2
[2022-02-05 17:58:31] - [index:   4304] label: (165, 197) pred: (165, 199) delta(pixel): 2
[2022-02-05 17:58:31] - [index:   4305] label: (111, 146) pred: (111, 148) delta(pixel): 2
[2022-02-05 17:58:31] - [index:   4306] label: (161, 198) pred: (162, 200) delta(pixel): 2
[2022-02-05 17:58:31] - [index:   4307] label: (119, 156) pred: (118, 156) delta(pixel): 1
[2022-02-05 17:58:31] - [index:   4308] label: (106, 136) pred: (105, 137) delta(pixel): 2
[2022-02-05 17:58:31] - [index:   4309] label: (166, 204) pred: (166, 205) delta(pixel): 0
[2022-02-05 17:58:31] - [index:   4310] label: (77, 125) pred: (76, 128) delta(pixel): 3
[2022-02-05 17:58:31] - [index:   4311] label: (118, 152) pred: (118, 153) delta(pixel): 1
[2022-02-05 17:58:31] - [index:   4312] label: (125, 156) pred: (124, 156) delta(pixel): 0
[2022-02-05 17:58:31] - [index:   4313] label: (133, 159) pred: (133, 160) delta(pixel): 0
[2022-02-05 17:58:31] - [index:   4314] label: (132, 158) pred: (132, 159) delta(pixel): 1
[2022-02-05 17:58:31] - [index:   4315] label: (90, 128) pred: (90, 129) delta(pixel): 1
[2022-02-05 17:58:31] - [index:   4316] label: (156, 187) pred: (156, 190) delta(pixel): 2
[2022-02-05 17:58:31] - [index:   4317] label: (138, 175) pred: (137, 176) delta(pixel): 1
[2022-02-05 17:58:31] - [index:   4318] label: (153, 183) pred: (154, 185) delta(pixel): 3
[2022-02-05 17:58:31] - [index:   4319] label: (152, 186) pred: (153, 188) delta(pixel): 3
[2022-02-05 17:58:31] - [index:   4320] label: (103, 173) pred: (103, 175) delta(pixel): 2
[2022-02-05 17:58:31] - [index:   4321] label: (90, 141) pred: (89, 143) delta(pixel): 2
[2022-02-05 17:58:31] - [index:   4322] label: (117, 154) pred: (117, 156) delta(pixel): 1
[2022-02-05 17:58:31] - [index:   4323] label: (126, 172) pred: (126, 173) delta(pixel): 1
[2022-02-05 17:58:31] - [index:   4324] label: (108, 163) pred: (108, 165) delta(pixel): 2
[2022-02-05 17:58:31] - [index:   4325] label: (117, 154) pred: (116, 155) delta(pixel): 1
[2022-02-05 17:58:31] - [index:   4326] label: (142, 191) pred: (141, 193) delta(pixel): 2
[2022-02-05 17:58:31] - [index:   4327] label: (117, 162) pred: (117, 164) delta(pixel): 1
[2022-02-05 17:58:31] - [index:   4328] label: (156, 195) pred: (156, 197) delta(pixel): 2
[2022-02-05 17:58:31] - [index:   4329] label: (105, 152) pred: (105, 154) delta(pixel): 1
[2022-02-05 17:58:31] - [index:   4330] label: (111, 158) pred: (111, 160) delta(pixel): 2
[2022-02-05 17:58:31] - [index:   4331] label: (145, 178) pred: (145, 180) delta(pixel): 1
[2022-02-05 17:58:31] - [index:   4332] label: (110, 160) pred: (110, 162) delta(pixel): 2
[2022-02-05 17:58:31] - [index:   4333] label: (132, 178) pred: (131, 178) delta(pixel): 1
[2022-02-05 17:58:31] - [index:   4334] label: (138, 170) pred: (138, 172) delta(pixel): 1
[2022-02-05 17:58:31] - [index:   4335] label: (59, 98) pred: (59, 100) delta(pixel): 2
[2022-02-05 17:58:31] - [index:   4336] label: (118, 152) pred: (118, 154) delta(pixel): 1
[2022-02-05 17:58:31] - [index:   4337] label: (65, 105) pred: (63, 105) delta(pixel): 1
[2022-02-05 17:58:31] - [index:   4338] label: (132, 157) pred: (132, 159) delta(pixel): 2
[2022-02-05 17:58:31] - [index:   4339] label: (97, 153) pred: (96, 156) delta(pixel): 3
[2022-02-05 17:58:31] - [index:   4340] label: (126, 165) pred: (126, 165) delta(pixel): 0
[2022-02-05 17:58:31] - [index:   4341] label: (174, 211) pred: (172, 209) delta(pixel): 3
[2022-02-05 17:58:31] - [index:   4342] label: (116, 148) pred: (116, 149) delta(pixel): 1
[2022-02-05 17:58:31] - [index:   4343] label: (137, 177) pred: (136, 178) delta(pixel): 1
[2022-02-05 17:58:31] - [index:   4344] label: (87, 126) pred: (87, 128) delta(pixel): 2
[2022-02-05 17:58:31] - [index:   4345] label: (108, 140) pred: (108, 142) delta(pixel): 1
[2022-02-05 17:58:31] - [index:   4346] label: (101, 134) pred: (100, 136) delta(pixel): 1
[2022-02-05 17:58:31] - [index:   4347] label: (139, 189) pred: (138, 191) delta(pixel): 2
[2022-02-05 17:58:31] - [index:   4348] label: (81, 128) pred: (80, 129) delta(pixel): 2
[2022-02-05 17:58:31] - [index:   4349] label: (104, 143) pred: (103, 145) delta(pixel): 2
[2022-02-05 17:58:31] - [index:   4350] label: (129, 165) pred: (128, 166) delta(pixel): 1
[2022-02-05 17:58:31] - [index:   4351] label: (144, 175) pred: (145, 177) delta(pixel): 1
[2022-02-05 17:58:31] - [index:   4352] label: (61, 102) pred: (61, 104) delta(pixel): 2
[2022-02-05 17:58:31] - [index:   4353] label: (71, 112) pred: (70, 113) delta(pixel): 2
[2022-02-05 17:58:31] - [index:   4354] label: (155, 189) pred: (155, 191) delta(pixel): 3
[2022-02-05 17:58:31] - [index:   4355] label: (104, 140) pred: (103, 142) delta(pixel): 2
[2022-02-05 17:58:31] - [index:   4356] label: (67, 116) pred: (65, 118) delta(pixel): 3
[2022-02-05 17:58:31] - [index:   4357] label: (169, 206) pred: (169, 207) delta(pixel): 0
[2022-02-05 17:58:31] - [index:   4358] label: (132, 161) pred: (132, 162) delta(pixel): 1
[2022-02-05 17:58:31] - [index:   4359] label: (145, 178) pred: (145, 180) delta(pixel): 1
[2022-02-05 17:58:31] - [index:   4360] label: (145, 183) pred: (145, 183) delta(pixel): 1
[2022-02-05 17:58:31] - [index:   4361] label: (116, 150) pred: (115, 151) delta(pixel): 1
[2022-02-05 17:58:31] - [index:   4362] label: (100, 158) pred: (99, 160) delta(pixel): 3
[2022-02-05 17:58:31] - [index:   4363] label: (139, 192) pred: (139, 195) delta(pixel): 2
[2022-02-05 17:58:31] - [index:   4364] label: (160, 201) pred: (160, 203) delta(pixel): 1
[2022-02-05 17:58:31] - [index:   4365] label: (145, 181) pred: (144, 183) delta(pixel): 2
[2022-02-05 17:58:31] - [index:   4366] label: (62, 108) pred: (61, 109) delta(pixel): 2
[2022-02-05 17:58:31] - [index:   4367] label: (143, 174) pred: (143, 175) delta(pixel): 2
[2022-02-05 17:58:31] - [index:   4368] label: (108, 176) pred: (107, 177) delta(pixel): 2
[2022-02-05 17:58:31] - [index:   4369] label: (100, 132) pred: (99, 133) delta(pixel): 1
[2022-02-05 17:58:31] - [index:   4370] label: (88, 142) pred: (87, 144) delta(pixel): 2
[2022-02-05 17:58:31] - [index:   4371] label: (88, 142) pred: (86, 144) delta(pixel): 2
[2022-02-05 17:58:31] - [index:   4372] label: (137, 181) pred: (137, 183) delta(pixel): 1
[2022-02-05 17:58:31] - [index:   4373] label: (143, 175) pred: (144, 177) delta(pixel): 2
[2022-02-05 17:58:31] - [index:   4374] label: (118, 152) pred: (118, 153) delta(pixel): 1
[2022-02-05 17:58:31] - [index:   4375] label: (96, 133) pred: (96, 135) delta(pixel): 2
[2022-02-05 17:58:31] - [index:   4376] label: (119, 158) pred: (118, 159) delta(pixel): 1
[2022-02-05 17:58:31] - [index:   4377] label: (96, 130) pred: (96, 133) delta(pixel): 3
[2022-02-05 17:58:31] - [index:   4378] label: (103, 162) pred: (102, 164) delta(pixel): 2
[2022-02-05 17:58:31] - [index:   4379] label: (138, 170) pred: (138, 171) delta(pixel): 1
[2022-02-05 17:58:31] - [index:   4380] label: (78, 114) pred: (77, 117) delta(pixel): 2
[2022-02-05 17:58:31] - [index:   4381] label: (103, 155) pred: (102, 156) delta(pixel): 1
[2022-02-05 17:58:31] - [index:   4382] label: (114, 143) pred: (113, 144) delta(pixel): 2
[2022-02-05 17:58:31] - [index:   4383] label: (125, 155) pred: (124, 155) delta(pixel): 0
[2022-02-05 17:58:31] - [index:   4384] label: (118, 152) pred: (118, 153) delta(pixel): 1
[2022-02-05 17:58:31] - [index:   4385] label: (105, 170) pred: (105, 172) delta(pixel): 2
[2022-02-05 17:58:31] - [index:   4386] label: (118, 161) pred: (118, 162) delta(pixel): 1
[2022-02-05 17:58:31] - [index:   4387] label: (144, 174) pred: (145, 176) delta(pixel): 3
[2022-02-05 17:58:31] - [index:   4388] label: (144, 174) pred: (145, 175) delta(pixel): 2
[2022-02-05 17:58:31] - [index:   4389] label: (104, 153) pred: (104, 155) delta(pixel): 1
[2022-02-05 17:58:31] - [index:   4390] label: (67, 106) pred: (66, 107) delta(pixel): 2
[2022-02-05 17:58:31] - [index:   4391] label: (98, 159) pred: (97, 162) delta(pixel): 3
[2022-02-05 17:58:31] - [index:   4392] label: (100, 132) pred: (100, 133) delta(pixel): 1
[2022-02-05 17:58:31] - [index:   4393] label: (132, 180) pred: (131, 182) delta(pixel): 2
[2022-02-05 17:58:31] - [index:   4394] label: (111, 167) pred: (111, 170) delta(pixel): 2
[2022-02-05 17:58:31] - [index:   4395] label: (147, 184) pred: (147, 185) delta(pixel): 1
[2022-02-05 17:58:31] - [index:   4396] label: (108, 137) pred: (108, 138) delta(pixel): 0
[2022-02-05 17:58:31] - [index:   4397] label: (155, 185) pred: (155, 188) delta(pixel): 2
[2022-02-05 17:58:31] - [index:   4398] label: (114, 162) pred: (114, 164) delta(pixel): 1
[2022-02-05 17:58:31] - [index:   4399] label: (178, 213) pred: (175, 210) delta(pixel): 6
[2022-02-05 17:58:31] - [index:   4400] label: (152, 192) pred: (151, 194) delta(pixel): 2
[2022-02-05 17:58:31] - [index:   4401] label: (90, 141) pred: (89, 143) delta(pixel): 2
[2022-02-05 17:58:31] - [index:   4402] label: (62, 101) pred: (62, 104) delta(pixel): 2
[2022-02-05 17:58:31] - [index:   4403] label: (137, 169) pred: (137, 170) delta(pixel): 1
[2022-02-05 17:58:31] - [index:   4404] label: (135, 163) pred: (135, 164) delta(pixel): 1
[2022-02-05 17:58:31] - [index:   4405] label: (83, 135) pred: (83, 137) delta(pixel): 3
[2022-02-05 17:58:31] - [index:   4406] label: (110, 152) pred: (109, 154) delta(pixel): 2
[2022-02-05 17:58:31] - [index:   4407] label: (73, 109) pred: (72, 111) delta(pixel): 2
[2022-02-05 17:58:31] - [index:   4408] label: (117, 147) pred: (117, 148) delta(pixel): 1
[2022-02-05 17:58:31] - [index:   4409] label: (154, 186) pred: (155, 189) delta(pixel): 3
[2022-02-05 17:58:31] - [index:   4410] label: (117, 147) pred: (118, 148) delta(pixel): 1
[2022-02-05 17:58:31] - [index:   4411] label: (110, 142) pred: (110, 143) delta(pixel): 1
[2022-02-05 17:58:31] - [index:   4412] label: (166, 202) pred: (166, 204) delta(pixel): 2
[2022-02-05 17:58:31] - [index:   4413] label: (170, 205) pred: (170, 207) delta(pixel): 1
[2022-02-05 17:58:31] - [index:   4414] label: (146, 185) pred: (146, 186) delta(pixel): 1
[2022-02-05 17:58:31] - [index:   4415] label: (126, 185) pred: (125, 187) delta(pixel): 2
[2022-02-05 17:58:32] - [index:   4416] label: (170, 203) pred: (170, 206) delta(pixel): 2
[2022-02-05 17:58:32] - [index:   4417] label: (134, 173) pred: (134, 175) delta(pixel): 1
[2022-02-05 17:58:32] - [index:   4418] label: (78, 136) pred: (77, 138) delta(pixel): 3
[2022-02-05 17:58:32] - [index:   4419] label: (135, 169) pred: (135, 170) delta(pixel): 2
[2022-02-05 17:58:32] - [index:   4420] label: (97, 133) pred: (97, 134) delta(pixel): 2
[2022-02-05 17:58:32] - [index:   4421] label: (144, 177) pred: (144, 179) delta(pixel): 2
[2022-02-05 17:58:32] - [index:   4422] label: (118, 159) pred: (118, 161) delta(pixel): 2
[2022-02-05 17:58:32] - [index:   4423] label: (124, 159) pred: (124, 160) delta(pixel): 1
[2022-02-05 17:58:32] - [index:   4424] label: (78, 120) pred: (77, 122) delta(pixel): 2
[2022-02-05 17:58:32] - [index:   4425] label: (174, 209) pred: (172, 209) delta(pixel): 1
[2022-02-05 17:58:32] - [index:   4426] label: (90, 128) pred: (90, 129) delta(pixel): 1
[2022-02-05 17:58:32] - [index:   4427] label: (137, 181) pred: (137, 183) delta(pixel): 1
[2022-02-05 17:58:32] - [index:   4428] label: (79, 116) pred: (79, 119) delta(pixel): 2
[2022-02-05 17:58:32] - [index:   4429] label: (150, 187) pred: (151, 190) delta(pixel): 3
[2022-02-05 17:58:32] - [index:   4430] label: (144, 174) pred: (145, 176) delta(pixel): 2
[2022-02-05 17:58:32] - [index:   4431] label: (89, 128) pred: (88, 130) delta(pixel): 2
[2022-02-05 17:58:32] - [index:   4432] label: (123, 152) pred: (123, 153) delta(pixel): 1
[2022-02-05 17:58:32] - [index:   4433] label: (150, 180) pred: (150, 182) delta(pixel): 1
[2022-02-05 17:58:32] - [index:   4434] label: (133, 189) pred: (132, 191) delta(pixel): 2
[2022-02-05 17:58:32] - [index:   4435] label: (167, 203) pred: (168, 205) delta(pixel): 2
[2022-02-05 17:58:32] - [index:   4436] label: (67, 106) pred: (66, 107) delta(pixel): 2
[2022-02-05 17:58:32] - [index:   4437] label: (143, 174) pred: (144, 175) delta(pixel): 2
[2022-02-05 17:58:32] - [index:   4438] label: (88, 124) pred: (88, 126) delta(pixel): 2
[2022-02-05 17:58:32] - [index:   4439] label: (91, 126) pred: (91, 127) delta(pixel): 1
[2022-02-05 17:58:32] - [index:   4440] label: (121, 160) pred: (121, 161) delta(pixel): 1
[2022-02-05 17:58:32] - [index:   4441] label: (139, 189) pred: (138, 191) delta(pixel): 2
[2022-02-05 17:58:32] - [index:   4442] label: (125, 153) pred: (125, 154) delta(pixel): 0
[2022-02-05 17:58:32] - [index:   4443] label: (117, 166) pred: (116, 167) delta(pixel): 2
[2022-02-05 17:58:32] - [index:   4444] label: (100, 158) pred: (99, 160) delta(pixel): 3
[2022-02-05 17:58:32] - [index:   4445] label: (126, 159) pred: (127, 160) delta(pixel): 1
[2022-02-05 17:58:32] - [index:   4446] label: (140, 170) pred: (139, 171) delta(pixel): 1
[2022-02-05 17:58:32] - [index:   4447] label: (157, 197) pred: (158, 199) delta(pixel): 3
[2022-02-05 17:58:32] - [index:   4448] label: (172, 208) pred: (171, 209) delta(pixel): 1
[2022-02-05 17:58:32] - [index:   4449] label: (94, 130) pred: (93, 132) delta(pixel): 2
[2022-02-05 17:58:32] - [index:   4450] label: (100, 135) pred: (100, 136) delta(pixel): 1
[2022-02-05 17:58:32] - [index:   4451] label: (149, 195) pred: (148, 197) delta(pixel): 3
[2022-02-05 17:58:32] - [index:   4452] label: (107, 165) pred: (107, 167) delta(pixel): 2
[2022-02-05 17:58:32] - [index:   4453] label: (67, 106) pred: (66, 107) delta(pixel): 2
[2022-02-05 17:58:32] - [index:   4454] label: (85, 131) pred: (84, 132) delta(pixel): 2
[2022-02-05 17:58:32] - [index:   4455] label: (109, 143) pred: (109, 144) delta(pixel): 1
[2022-02-05 17:58:32] - [index:   4456] label: (99, 141) pred: (98, 143) delta(pixel): 2
[2022-02-05 17:58:32] - [index:   4457] label: (89, 137) pred: (88, 139) delta(pixel): 2
[2022-02-05 17:58:32] - [index:   4458] label: (89, 137) pred: (89, 139) delta(pixel): 2
[2022-02-05 17:58:32] - [index:   4459] label: (104, 153) pred: (104, 155) delta(pixel): 1
[2022-02-05 17:58:32] - [index:   4460] label: (111, 142) pred: (110, 144) delta(pixel): 1
[2022-02-05 17:58:32] - [index:   4461] label: (126, 185) pred: (125, 187) delta(pixel): 2
[2022-02-05 17:58:32] - [index:   4462] label: (131, 172) pred: (131, 173) delta(pixel): 2
[2022-02-05 17:58:32] - [index:   4463] label: (128, 161) pred: (129, 163) delta(pixel): 2
[2022-02-05 17:58:32] - [index:   4464] label: (158, 196) pred: (158, 199) delta(pixel): 3
[2022-02-05 17:58:32] - [index:   4465] label: (79, 115) pred: (80, 117) delta(pixel): 2
[2022-02-05 17:58:32] - [index:   4466] label: (88, 126) pred: (88, 128) delta(pixel): 2
[2022-02-05 17:58:32] - [index:   4467] label: (113, 178) pred: (113, 179) delta(pixel): 1
[2022-02-05 17:58:32] - [index:   4468] label: (169, 206) pred: (169, 207) delta(pixel): 0
[2022-02-05 17:58:32] - [index:   4469] label: (122, 158) pred: (121, 159) delta(pixel): 2
[2022-02-05 17:58:32] - [index:   4470] label: (84, 123) pred: (83, 124) delta(pixel): 1
[2022-02-05 17:58:32] - [index:   4471] label: (88, 124) pred: (89, 126) delta(pixel): 3
[2022-02-05 17:58:32] - [index:   4472] label: (156, 191) pred: (156, 194) delta(pixel): 3
[2022-02-05 17:58:32] - [index:   4473] label: (121, 161) pred: (121, 163) delta(pixel): 2
[2022-02-05 17:58:32] - [index:   4474] label: (129, 168) pred: (128, 170) delta(pixel): 2
[2022-02-05 17:58:32] - [index:   4475] label: (129, 165) pred: (128, 167) delta(pixel): 2
[2022-02-05 17:58:32] - [index:   4476] label: (100, 138) pred: (99, 139) delta(pixel): 2
[2022-02-05 17:58:32] - [index:   4477] label: (138, 175) pred: (137, 175) delta(pixel): 1
[2022-02-05 17:58:32] - [index:   4478] label: (157, 192) pred: (158, 195) delta(pixel): 3
[2022-02-05 17:58:32] - [index:   4479] label: (104, 136) pred: (104, 138) delta(pixel): 1
[2022-02-05 17:58:32] - [index:   4480] label: (108, 137) pred: (108, 138) delta(pixel): 1
[2022-02-05 17:58:32] - [index:   4481] label: (119, 156) pred: (119, 158) delta(pixel): 2
[2022-02-05 17:58:32] - [index:   4482] label: (85, 138) pred: (84, 139) delta(pixel): 1
[2022-02-05 17:58:32] - [index:   4483] label: (78, 120) pred: (77, 122) delta(pixel): 2
[2022-02-05 17:58:32] - [index:   4484] label: (158, 194) pred: (160, 197) delta(pixel): 3
[2022-02-05 17:58:32] - [index:   4485] label: (152, 192) pred: (151, 194) delta(pixel): 2
[2022-02-05 17:58:32] - [index:   4486] label: (103, 173) pred: (103, 174) delta(pixel): 1
[2022-02-05 17:58:32] - [index:   4487] label: (134, 162) pred: (134, 163) delta(pixel): 1
[2022-02-05 17:58:32] - [index:   4488] label: (98, 147) pred: (97, 149) delta(pixel): 2
[2022-02-05 17:58:32] - [index:   4489] label: (118, 159) pred: (117, 161) delta(pixel): 2
[2022-02-05 17:58:32] - [index:   4490] label: (142, 171) pred: (141, 173) delta(pixel): 1
[2022-02-05 17:58:32] - [index:   4491] label: (100, 132) pred: (100, 134) delta(pixel): 1
[2022-02-05 17:58:32] - [index:   4492] label: (111, 142) pred: (110, 144) delta(pixel): 1
[2022-02-05 17:58:32] - [index:   4493] label: (114, 147) pred: (114, 148) delta(pixel): 1
[2022-02-05 17:58:32] - [index:   4494] label: (77, 128) pred: (75, 131) delta(pixel): 3
[2022-02-05 17:58:32] - [index:   4495] label: (100, 167) pred: (98, 170) delta(pixel): 4
[2022-02-05 17:58:32] - [index:   4496] label: (111, 158) pred: (111, 160) delta(pixel): 2
[2022-02-05 17:58:32] - [index:   4497] label: (109, 147) pred: (109, 149) delta(pixel): 2
[2022-02-05 17:58:32] - [index:   4498] label: (125, 152) pred: (125, 153) delta(pixel): 0
[2022-02-05 17:58:32] - [index:   4499] label: (87, 128) pred: (87, 130) delta(pixel): 1
[2022-02-05 17:58:32] - [index:   4500] label: (74, 111) pred: (73, 113) delta(pixel): 2
[2022-02-05 17:58:32] - [index:   4501] label: (121, 160) pred: (121, 160) delta(pixel): 0
[2022-02-05 17:58:32] - [index:   4502] label: (120, 170) pred: (119, 172) delta(pixel): 2
[2022-02-05 17:58:32] - [index:   4503] label: (139, 192) pred: (139, 194) delta(pixel): 2
[2022-02-05 17:58:32] - [index:   4504] label: (135, 167) pred: (135, 169) delta(pixel): 1
[2022-02-05 17:58:32] - [index:   4505] label: (126, 161) pred: (126, 161) delta(pixel): 0
[2022-02-05 17:58:32] - [index:   4506] label: (117, 166) pred: (117, 168) delta(pixel): 2
[2022-02-05 17:58:32] - [index:   4507] label: (100, 138) pred: (99, 139) delta(pixel): 2
[2022-02-05 17:58:32] - [index:   4508] label: (93, 128) pred: (93, 130) delta(pixel): 2
[2022-02-05 17:58:32] - [index:   4509] label: (158, 200) pred: (158, 202) delta(pixel): 2
[2022-02-05 17:58:32] - [index:   4510] label: (122, 158) pred: (121, 159) delta(pixel): 2
[2022-02-05 17:58:32] - [index:   4511] label: (144, 179) pred: (144, 181) delta(pixel): 1
[2022-02-05 17:58:32] - [index:   4512] label: (144, 192) pred: (144, 194) delta(pixel): 1
[2022-02-05 17:58:32] - [index:   4513] label: (93, 150) pred: (91, 152) delta(pixel): 3
[2022-02-05 17:58:32] - [index:   4514] label: (153, 195) pred: (152, 196) delta(pixel): 1
[2022-02-05 17:58:32] - [index:   4515] label: (114, 162) pred: (114, 163) delta(pixel): 1
[2022-02-05 17:58:32] - [index:   4516] label: (138, 186) pred: (138, 188) delta(pixel): 2
[2022-02-05 17:58:32] - [index:   4517] label: (117, 164) pred: (117, 166) delta(pixel): 1
[2022-02-05 17:58:32] - [index:   4518] label: (125, 152) pred: (125, 152) delta(pixel): 0
[2022-02-05 17:58:32] - [index:   4519] label: (104, 143) pred: (103, 146) delta(pixel): 2
[2022-02-05 17:58:32] - [index:   4520] label: (124, 163) pred: (124, 165) delta(pixel): 2
[2022-02-05 17:58:32] - [index:   4521] label: (127, 155) pred: (127, 156) delta(pixel): 1
[2022-02-05 17:58:32] - [index:   4522] label: (121, 164) pred: (120, 166) delta(pixel): 1
[2022-02-05 17:58:32] - [index:   4523] label: (154, 184) pred: (154, 187) delta(pixel): 3
[2022-02-05 17:58:32] - [index:   4524] label: (96, 128) pred: (97, 130) delta(pixel): 2
[2022-02-05 17:58:32] - [index:   4525] label: (118, 146) pred: (118, 147) delta(pixel): 1
[2022-02-05 17:58:32] - [index:   4526] label: (122, 183) pred: (122, 185) delta(pixel): 2
[2022-02-05 17:58:32] - [index:   4527] label: (116, 144) pred: (116, 146) delta(pixel): 1
[2022-02-05 17:58:32] - [index:   4528] label: (79, 132) pred: (77, 132) delta(pixel): 2
[2022-02-05 17:58:32] - [index:   4529] label: (54, 95) pred: (58, 100) delta(pixel): 9
[2022-02-05 17:58:32] - [index:   4530] label: (128, 158) pred: (129, 158) delta(pixel): 1
[2022-02-05 17:58:32] - [index:   4531] label: (72, 125) pred: (71, 127) delta(pixel): 3
[2022-02-05 17:58:32] - [index:   4532] label: (137, 177) pred: (136, 178) delta(pixel): 1
[2022-02-05 17:58:32] - [index:   4533] label: (115, 151) pred: (114, 153) delta(pixel): 2
[2022-02-05 17:58:32] - [index:   4534] label: (140, 174) pred: (139, 176) delta(pixel): 1
[2022-02-05 17:58:32] - [index:   4535] label: (102, 134) pred: (102, 136) delta(pixel): 2
[2022-02-05 17:58:32] - [index:   4536] label: (111, 167) pred: (111, 170) delta(pixel): 2
[2022-02-05 17:58:32] - [index:   4537] label: (153, 200) pred: (152, 200) delta(pixel): 1
[2022-02-05 17:58:32] - [index:   4538] label: (123, 150) pred: (123, 152) delta(pixel): 1
[2022-02-05 17:58:32] - [index:   4539] label: (140, 169) pred: (139, 170) delta(pixel): 1
[2022-02-05 17:58:32] - [index:   4540] label: (118, 150) pred: (118, 151) delta(pixel): 1
[2022-02-05 17:58:32] - [index:   4541] label: (108, 156) pred: (107, 157) delta(pixel): 2
[2022-02-05 17:58:32] - [index:   4542] label: (93, 140) pred: (92, 141) delta(pixel): 2
[2022-02-05 17:58:32] - [index:   4543] label: (82, 121) pred: (82, 122) delta(pixel): 1
[2022-02-05 17:58:32] - [index:   4544] label: (117, 147) pred: (116, 148) delta(pixel): 1
[2022-02-05 17:58:32] - [index:   4545] label: (65, 105) pred: (63, 105) delta(pixel): 2
[2022-02-05 17:58:32] - [index:   4546] label: (75, 125) pred: (74, 128) delta(pixel): 3
[2022-02-05 17:58:32] - [index:   4547] label: (131, 170) pred: (131, 172) delta(pixel): 2
[2022-02-05 17:58:32] - [index:   4548] label: (171, 207) pred: (170, 208) delta(pixel): 1
[2022-02-05 17:58:32] - [index:   4549] label: (78, 136) pred: (76, 137) delta(pixel): 2
[2022-02-05 17:58:32] - [index:   4550] label: (125, 152) pred: (125, 154) delta(pixel): 1
[2022-02-05 17:58:32] - [index:   4551] label: (148, 181) pred: (148, 183) delta(pixel): 1
[2022-02-05 17:58:32] - [index:   4552] label: (155, 196) pred: (155, 198) delta(pixel): 1
[2022-02-05 17:58:32] - [index:   4553] label: (137, 170) pred: (137, 171) delta(pixel): 1
[2022-02-05 17:58:32] - [index:   4554] label: (60, 100) pred: (59, 102) delta(pixel): 2
[2022-02-05 17:58:32] - [index:   4555] label: (100, 158) pred: (99, 160) delta(pixel): 3
[2022-02-05 17:58:32] - [index:   4556] label: (129, 167) pred: (128, 168) delta(pixel): 2
[2022-02-05 17:58:32] - [index:   4557] label: (69, 112) pred: (67, 113) delta(pixel): 3
[2022-02-05 17:58:32] - [index:   4558] label: (85, 148) pred: (84, 149) delta(pixel): 2
[2022-02-05 17:58:32] - [index:   4559] label: (70, 110) pred: (69, 112) delta(pixel): 3
[2022-02-05 17:58:32] - [index:   4560] label: (156, 199) pred: (157, 200) delta(pixel): 1
[2022-02-05 17:58:32] - [index:   4561] label: (158, 200) pred: (159, 202) delta(pixel): 1
[2022-02-05 17:58:32] - [index:   4562] label: (115, 145) pred: (114, 145) delta(pixel): 1
[2022-02-05 17:58:32] - [index:   4563] label: (87, 131) pred: (86, 132) delta(pixel): 1
[2022-02-05 17:58:32] - [index:   4564] label: (165, 198) pred: (165, 202) delta(pixel): 3
[2022-02-05 17:58:32] - [index:   4565] label: (114, 146) pred: (113, 147) delta(pixel): 1
[2022-02-05 17:58:32] - [index:   4566] label: (127, 155) pred: (127, 155) delta(pixel): 1
[2022-02-05 17:58:32] - [index:   4567] label: (110, 170) pred: (110, 172) delta(pixel): 2
[2022-02-05 17:58:32] - [index:   4568] label: (150, 187) pred: (151, 190) delta(pixel): 2
[2022-02-05 17:58:32] - [index:   4569] label: (122, 183) pred: (122, 184) delta(pixel): 1
[2022-02-05 17:58:32] - [index:   4570] label: (66, 104) pred: (65, 105) delta(pixel): 2
[2022-02-05 17:58:32] - [index:   4571] label: (111, 146) pred: (110, 147) delta(pixel): 2
[2022-02-05 17:58:32] - [index:   4572] label: (126, 176) pred: (125, 178) delta(pixel): 2
[2022-02-05 17:58:32] - [index:   4573] label: (148, 181) pred: (148, 183) delta(pixel): 1
[2022-02-05 17:58:32] - [index:   4574] label: (118, 145) pred: (118, 147) delta(pixel): 1
[2022-02-05 17:58:32] - [index:   4575] label: (118, 151) pred: (118, 152) delta(pixel): 1
[2022-02-05 17:58:32] - [index:   4576] label: (167, 205) pred: (168, 206) delta(pixel): 0
[2022-02-05 17:58:32] - [index:   4577] label: (76, 132) pred: (74, 133) delta(pixel): 2
[2022-02-05 17:58:32] - [index:   4578] label: (131, 163) pred: (130, 163) delta(pixel): 1
[2022-02-05 17:58:32] - [index:   4579] label: (97, 161) pred: (96, 165) delta(pixel): 4
[2022-02-05 17:58:32] - [index:   4580] label: (128, 161) pred: (128, 163) delta(pixel): 1
[2022-02-05 17:58:32] - [index:   4581] label: (103, 136) pred: (104, 138) delta(pixel): 2
[2022-02-05 17:58:32] - [index:   4582] label: (124, 157) pred: (124, 158) delta(pixel): 1
[2022-02-05 17:58:32] - [index:   4583] label: (118, 150) pred: (118, 151) delta(pixel): 1
[2022-02-05 17:58:32] - [index:   4584] label: (124, 159) pred: (124, 160) delta(pixel): 1
[2022-02-05 17:58:32] - [index:   4585] label: (82, 123) pred: (81, 125) delta(pixel): 3
[2022-02-05 17:58:32] - [index:   4586] label: (117, 147) pred: (118, 148) delta(pixel): 1
[2022-02-05 17:58:32] - [index:   4587] label: (139, 180) pred: (139, 183) delta(pixel): 2
[2022-02-05 17:58:32] - [index:   4588] label: (142, 177) pred: (143, 179) delta(pixel): 2
[2022-02-05 17:58:32] - [index:   4589] label: (166, 201) pred: (166, 204) delta(pixel): 2
[2022-02-05 17:58:32] - [index:   4590] label: (126, 185) pred: (125, 187) delta(pixel): 2
[2022-02-05 17:58:32] - [index:   4591] label: (62, 108) pred: (61, 108) delta(pixel): 1
[2022-02-05 17:58:32] - [index:   4592] label: (129, 168) pred: (128, 169) delta(pixel): 1
[2022-02-05 17:58:32] - [index:   4593] label: (153, 200) pred: (152, 200) delta(pixel): 1
[2022-02-05 17:58:32] - [index:   4594] label: (151, 186) pred: (152, 189) delta(pixel): 3
[2022-02-05 17:58:32] - [index:   4595] label: (61, 102) pred: (60, 104) delta(pixel): 2
[2022-02-05 17:58:32] - [index:   4596] label: (162, 200) pred: (163, 202) delta(pixel): 2
[2022-02-05 17:58:32] - [index:   4597] label: (119, 148) pred: (119, 149) delta(pixel): 1
[2022-02-05 17:58:32] - [index:   4598] label: (135, 162) pred: (135, 164) delta(pixel): 1
[2022-02-05 17:58:32] - [index:   4599] label: (104, 140) pred: (103, 141) delta(pixel): 1
[2022-02-05 17:58:32] - [index:   4600] label: (122, 159) pred: (121, 159) delta(pixel): 1
[2022-02-05 17:58:32] - [index:   4601] label: (119, 174) pred: (118, 177) delta(pixel): 3
[2022-02-05 17:58:32] - [index:   4602] label: (126, 172) pred: (125, 173) delta(pixel): 2
[2022-02-05 17:58:32] - [index:   4603] label: (108, 140) pred: (107, 141) delta(pixel): 2
[2022-02-05 17:58:32] - [index:   4604] label: (85, 138) pred: (84, 139) delta(pixel): 2
[2022-02-05 17:58:33] - [index:   4605] label: (85, 126) pred: (84, 128) delta(pixel): 3
[2022-02-05 17:58:33] - [index:   4606] label: (136, 166) pred: (136, 168) delta(pixel): 1
[2022-02-05 17:58:33] - [index:   4607] label: (111, 151) pred: (110, 152) delta(pixel): 1
[2022-02-05 17:58:33] - [index:   4608] label: (122, 183) pred: (122, 184) delta(pixel): 1
[2022-02-05 17:58:33] - [index:   4609] label: (126, 182) pred: (125, 184) delta(pixel): 2
[2022-02-05 17:58:33] - [index:   4610] label: (69, 112) pred: (67, 113) delta(pixel): 3
[2022-02-05 17:58:33] - [index:   4611] label: (61, 105) pred: (59, 106) delta(pixel): 2
[2022-02-05 17:58:33] - [index:   4612] label: (119, 172) pred: (119, 174) delta(pixel): 2
[2022-02-05 17:58:33] - [index:   4613] label: (147, 180) pred: (147, 181) delta(pixel): 2
[2022-02-05 17:58:33] - [index:   4614] label: (143, 181) pred: (142, 183) delta(pixel): 2
[2022-02-05 17:58:33] - [index:   4615] label: (131, 164) pred: (129, 165) delta(pixel): 1
[2022-02-05 17:58:33] - [index:   4616] label: (115, 151) pred: (114, 153) delta(pixel): 2
[2022-02-05 17:58:33] - [index:   4617] label: (112, 141) pred: (112, 143) delta(pixel): 1
[2022-02-05 17:58:33] - [index:   4618] label: (107, 150) pred: (107, 152) delta(pixel): 1
[2022-02-05 17:58:33] - [index:   4619] label: (166, 199) pred: (166, 201) delta(pixel): 2
[2022-02-05 17:58:33] - [index:   4620] label: (175, 210) pred: (174, 209) delta(pixel): 2
[2022-02-05 17:58:33] - [index:   4621] label: (105, 152) pred: (105, 154) delta(pixel): 1
[2022-02-05 17:58:33] - [index:   4622] label: (127, 155) pred: (127, 156) delta(pixel): 1
[2022-02-05 17:58:33] - [index:   4623] label: (127, 158) pred: (127, 159) delta(pixel): 0
[2022-02-05 17:58:33] - [index:   4624] label: (115, 145) pred: (114, 145) delta(pixel): 1
[2022-02-05 17:58:33] - [index:   4625] label: (90, 124) pred: (89, 125) delta(pixel): 1
[2022-02-05 17:58:33] - [index:   4626] label: (134, 164) pred: (134, 165) delta(pixel): 1
[2022-02-05 17:58:33] - [index:   4627] label: (92, 133) pred: (92, 135) delta(pixel): 2
[2022-02-05 17:58:33] - [index:   4628] label: (99, 135) pred: (98, 136) delta(pixel): 1
[2022-02-05 17:58:33] - [index:   4629] label: (74, 111) pred: (73, 113) delta(pixel): 2
[2022-02-05 17:58:33] - [index:   4630] label: (126, 162) pred: (126, 164) delta(pixel): 1
[2022-02-05 17:58:33] - [index:   4631] label: (126, 164) pred: (126, 164) delta(pixel): 1
[2022-02-05 17:58:33] - [index:   4632] label: (118, 152) pred: (118, 154) delta(pixel): 1
[2022-02-05 17:58:33] - [index:   4633] label: (147, 189) pred: (148, 192) delta(pixel): 2
[2022-02-05 17:58:33] - [index:   4634] label: (74, 113) pred: (72, 114) delta(pixel): 2
[2022-02-05 17:58:33] - [index:   4635] label: (152, 186) pred: (153, 188) delta(pixel): 3
[2022-02-05 17:58:33] - [index:   4636] label: (163, 205) pred: (163, 205) delta(pixel): 0
[2022-02-05 17:58:33] - [index:   4637] label: (78, 118) pred: (78, 120) delta(pixel): 2
[2022-02-05 17:58:33] - [index:   4638] label: (114, 147) pred: (113, 149) delta(pixel): 2
[2022-02-05 17:58:33] - [index:   4639] label: (89, 131) pred: (89, 132) delta(pixel): 1
[2022-02-05 17:58:33] - [index:   4640] label: (119, 174) pred: (118, 177) delta(pixel): 3
[2022-02-05 17:58:33] - [index:   4641] label: (142, 194) pred: (142, 195) delta(pixel): 1
[2022-02-05 17:58:33] - [index:   4642] label: (144, 174) pred: (144, 175) delta(pixel): 1
[2022-02-05 17:58:33] - [index:   4643] label: (105, 142) pred: (104, 143) delta(pixel): 2
[2022-02-05 17:58:33] - [index:   4644] label: (139, 180) pred: (138, 181) delta(pixel): 2
[2022-02-05 17:58:33] - [index:   4645] label: (121, 152) pred: (121, 153) delta(pixel): 2
[2022-02-05 17:58:33] - [index:   4646] label: (145, 181) pred: (144, 181) delta(pixel): 1
[2022-02-05 17:58:33] - [index:   4647] label: (64, 106) pred: (62, 107) delta(pixel): 1
[2022-02-05 17:58:33] - [index:   4648] label: (116, 148) pred: (116, 149) delta(pixel): 1
[2022-02-05 17:58:33] - [index:   4649] label: (148, 178) pred: (147, 179) delta(pixel): 2
[2022-02-05 17:58:33] - [index:   4650] label: (158, 190) pred: (159, 193) delta(pixel): 4
[2022-02-05 17:58:33] - [index:   4651] label: (132, 180) pred: (132, 182) delta(pixel): 2
[2022-02-05 17:58:33] - [index:   4652] label: (68, 114) pred: (66, 115) delta(pixel): 2
[2022-02-05 17:58:33] - [index:   4653] label: (171, 209) pred: (170, 209) delta(pixel): 0
[2022-02-05 17:58:33] - [index:   4654] label: (139, 178) pred: (138, 180) delta(pixel): 1
[2022-02-05 17:58:33] - [index:   4655] label: (164, 196) pred: (164, 199) delta(pixel): 3
[2022-02-05 17:58:33] - [index:   4656] label: (136, 165) pred: (136, 167) delta(pixel): 2
[2022-02-05 17:58:33] - [index:   4657] label: (81, 132) pred: (80, 132) delta(pixel): 2
[2022-02-05 17:58:33] - [index:   4658] label: (162, 195) pred: (163, 198) delta(pixel): 3
[2022-02-05 17:58:33] - [index:   4659] label: (107, 165) pred: (107, 167) delta(pixel): 2
[2022-02-05 17:58:33] - [index:   4660] label: (140, 176) pred: (140, 177) delta(pixel): 1
[2022-02-05 17:58:33] - [index:   4661] label: (136, 173) pred: (135, 175) delta(pixel): 2
[2022-02-05 17:58:33] - [index:   4662] label: (155, 192) pred: (156, 194) delta(pixel): 2
[2022-02-05 17:58:33] - [index:   4663] label: (152, 197) pred: (151, 198) delta(pixel): 1
[2022-02-05 17:58:33] - [index:   4664] label: (127, 156) pred: (127, 156) delta(pixel): 0
[2022-02-05 17:58:33] - [index:   4665] label: (88, 138) pred: (86, 139) delta(pixel): 2
[2022-02-05 17:58:33] - [index:   4666] label: (137, 163) pred: (137, 164) delta(pixel): 0
[2022-02-05 17:58:33] - [index:   4667] label: (101, 141) pred: (100, 143) delta(pixel): 2
[2022-02-05 17:58:33] - [index:   4668] label: (91, 137) pred: (90, 138) delta(pixel): 2
[2022-02-05 17:58:33] - [index:   4669] label: (136, 175) pred: (136, 176) delta(pixel): 1
[2022-02-05 17:58:33] - [index:   4670] label: (165, 207) pred: (165, 206) delta(pixel): 0
[2022-02-05 17:58:33] - [index:   4671] label: (97, 161) pred: (96, 165) delta(pixel): 4
[2022-02-05 17:58:33] - [index:   4672] label: (135, 163) pred: (136, 164) delta(pixel): 1
[2022-02-05 17:58:33] - [index:   4673] label: (72, 117) pred: (70, 118) delta(pixel): 3
[2022-02-05 17:58:33] - [index:   4674] label: (120, 168) pred: (119, 169) delta(pixel): 1
[2022-02-05 17:58:33] - [index:   4675] label: (125, 151) pred: (125, 152) delta(pixel): 0
[2022-02-05 17:58:33] - [index:   4676] label: (128, 157) pred: (129, 158) delta(pixel): 1
[2022-02-05 17:58:33] - [index:   4677] label: (144, 177) pred: (144, 179) delta(pixel): 2
[2022-02-05 17:58:33] - [index:   4678] label: (137, 171) pred: (137, 173) delta(pixel): 2
[2022-02-05 17:58:33] - [index:   4679] label: (97, 161) pred: (96, 164) delta(pixel): 3
[2022-02-05 17:58:33] - [index:   4680] label: (112, 149) pred: (111, 150) delta(pixel): 1
[2022-02-05 17:58:33] - [index:   4681] label: (101, 137) pred: (100, 139) delta(pixel): 2
[2022-02-05 17:58:33] - [index:   4682] label: (124, 165) pred: (122, 165) delta(pixel): 1
[2022-02-05 17:58:33] - [index:   4683] label: (103, 144) pred: (102, 146) delta(pixel): 2
[2022-02-05 17:58:33] - [index:   4684] label: (147, 184) pred: (148, 185) delta(pixel): 1
[2022-02-05 17:58:33] - [index:   4685] label: (75, 115) pred: (74, 117) delta(pixel): 2
[2022-02-05 17:58:33] - [index:   4686] label: (62, 101) pred: (62, 103) delta(pixel): 2
[2022-02-05 17:58:33] - [index:   4687] label: (87, 134) pred: (87, 136) delta(pixel): 2
[2022-02-05 17:58:33] - [index:   4688] label: (129, 161) pred: (129, 163) delta(pixel): 2
[2022-02-05 17:58:33] - [index:   4689] label: (76, 120) pred: (74, 121) delta(pixel): 3
[2022-02-05 17:58:33] - [index:   4690] label: (139, 173) pred: (138, 174) delta(pixel): 2
[2022-02-05 17:58:33] - [index:   4691] label: (138, 175) pred: (137, 175) delta(pixel): 1
[2022-02-05 17:58:33] - [index:   4692] label: (106, 138) pred: (105, 140) delta(pixel): 2
[2022-02-05 17:58:33] - [index:   4693] label: (129, 161) pred: (128, 160) delta(pixel): 0
[2022-02-05 17:58:33] - [index:   4694] label: (110, 160) pred: (110, 161) delta(pixel): 2
[2022-02-05 17:58:33] - [index:   4695] label: (157, 192) pred: (158, 195) delta(pixel): 3
[2022-02-05 17:58:33] - [index:   4696] label: (130, 161) pred: (130, 162) delta(pixel): 1
[2022-02-05 17:58:33] - [index:   4697] label: (160, 203) pred: (159, 204) delta(pixel): 1
[2022-02-05 17:58:33] - [index:   4698] label: (118, 161) pred: (117, 162) delta(pixel): 1
[2022-02-05 17:58:33] - [index:   4699] label: (162, 202) pred: (162, 204) delta(pixel): 1
[2022-02-05 17:58:33] - [index:   4700] label: (169, 208) pred: (169, 208) delta(pixel): 0
[2022-02-05 17:58:33] - [index:   4701] label: (79, 132) pred: (77, 133) delta(pixel): 2
[2022-02-05 17:58:33] - [index:   4702] label: (85, 148) pred: (84, 150) delta(pixel): 3
[2022-02-05 17:58:33] - [index:   4703] label: (115, 145) pred: (114, 146) delta(pixel): 2
[2022-02-05 17:58:33] - [index:   4704] label: (143, 174) pred: (143, 176) delta(pixel): 2
[2022-02-05 17:58:33] - [index:   4705] label: (121, 149) pred: (122, 151) delta(pixel): 2
[2022-02-05 17:58:33] - [index:   4706] label: (160, 192) pred: (161, 195) delta(pixel): 4
[2022-02-05 17:58:33] - [index:   4707] label: (151, 190) pred: (151, 191) delta(pixel): 1
[2022-02-05 17:58:33] - [index:   4708] label: (153, 200) pred: (153, 200) delta(pixel): 0
[2022-02-05 17:58:33] - [index:   4709] label: (78, 114) pred: (77, 117) delta(pixel): 3
[2022-02-05 17:58:33] - [index:   4710] label: (105, 136) pred: (106, 138) delta(pixel): 3
[2022-02-05 17:58:33] - [index:   4711] label: (125, 153) pred: (125, 154) delta(pixel): 0
[2022-02-05 17:58:33] - [index:   4712] label: (126, 162) pred: (126, 164) delta(pixel): 1
[2022-02-05 17:58:33] - [index:   4713] label: (129, 176) pred: (128, 177) delta(pixel): 2
[2022-02-05 17:58:33] - [index:   4714] label: (110, 139) pred: (110, 141) delta(pixel): 2
[2022-02-05 17:58:33] - [index:   4715] label: (108, 140) pred: (108, 141) delta(pixel): 1
[2022-02-05 17:58:33] - [index:   4716] label: (115, 145) pred: (115, 146) delta(pixel): 1
[2022-02-05 17:58:33] - [index:   4717] label: (129, 181) pred: (129, 183) delta(pixel): 2
[2022-02-05 17:58:33] - [index:   4718] label: (140, 178) pred: (141, 180) delta(pixel): 2
[2022-02-05 17:58:33] - [index:   4719] label: (172, 210) pred: (171, 209) delta(pixel): 2
[2022-02-05 17:58:33] - [index:   4720] label: (148, 177) pred: (148, 179) delta(pixel): 1
[2022-02-05 17:58:33] - [index:   4721] label: (144, 177) pred: (144, 179) delta(pixel): 2
[2022-02-05 17:58:33] - [index:   4722] label: (161, 193) pred: (162, 196) delta(pixel): 3
[2022-02-05 17:58:33] - [index:   4723] label: (107, 138) pred: (106, 139) delta(pixel): 2
[2022-02-05 17:58:33] - [index:   4724] label: (73, 122) pred: (71, 123) delta(pixel): 2
[2022-02-05 17:58:33] - [index:   4725] label: (137, 163) pred: (137, 164) delta(pixel): 0
[2022-02-05 17:58:33] - [index:   4726] label: (107, 165) pred: (107, 167) delta(pixel): 2
[2022-02-05 17:58:33] - [index:   4727] label: (160, 201) pred: (161, 202) delta(pixel): 1
[2022-02-05 17:58:33] - [index:   4728] label: (85, 128) pred: (84, 130) delta(pixel): 2
[2022-02-05 17:58:33] - [index:   4729] label: (71, 119) pred: (70, 121) delta(pixel): 2
[2022-02-05 17:58:33] - [index:   4730] label: (107, 138) pred: (106, 139) delta(pixel): 1
[2022-02-05 17:58:33] - [index:   4731] label: (111, 150) pred: (111, 152) delta(pixel): 2
[2022-02-05 17:58:33] - [index:   4732] label: (145, 181) pred: (144, 182) delta(pixel): 2
[2022-02-05 17:58:33] - [index:   4733] label: (111, 146) pred: (110, 148) delta(pixel): 2
[2022-02-05 17:58:33] - [index:   4734] label: (138, 183) pred: (137, 185) delta(pixel): 2
[2022-02-05 17:58:33] - [index:   4735] label: (124, 161) pred: (124, 162) delta(pixel): 1
[2022-02-05 17:58:33] - [index:   4736] label: (130, 158) pred: (131, 160) delta(pixel): 1
[2022-02-05 17:58:33] - [index:   4737] label: (85, 123) pred: (84, 125) delta(pixel): 2
[2022-02-05 17:58:33] - [index:   4738] label: (129, 184) pred: (129, 186) delta(pixel): 2
[2022-02-05 17:58:33] - [index:   4739] label: (140, 168) pred: (140, 169) delta(pixel): 1
[2022-02-05 17:58:33] - [index:   4740] label: (167, 203) pred: (168, 205) delta(pixel): 2
[2022-02-05 17:58:33] - [index:   4741] label: (78, 122) pred: (77, 125) delta(pixel): 2
[2022-02-05 17:58:33] - [index:   4742] label: (137, 171) pred: (137, 173) delta(pixel): 1
[2022-02-05 17:58:33] - [index:   4743] label: (139, 189) pred: (138, 192) delta(pixel): 3
[2022-02-05 17:58:33] - [index:   4744] label: (127, 158) pred: (127, 159) delta(pixel): 0
[2022-02-05 17:58:33] - [index:   4745] label: (93, 126) pred: (93, 128) delta(pixel): 2
[2022-02-05 17:58:33] - [index:   4746] label: (129, 172) pred: (129, 173) delta(pixel): 2
[2022-02-05 17:58:33] - [index:   4747] label: (109, 154) pred: (108, 156) delta(pixel): 2
[2022-02-05 17:58:33] - [index:   4748] label: (78, 120) pred: (77, 122) delta(pixel): 2
[2022-02-05 17:58:33] - [index:   4749] label: (120, 152) pred: (121, 154) delta(pixel): 1
[2022-02-05 17:58:33] - [index:   4750] label: (128, 156) pred: (129, 157) delta(pixel): 1
[2022-02-05 17:58:33] - [index:   4751] label: (149, 195) pred: (148, 197) delta(pixel): 3
[2022-02-05 17:58:33] - [index:   4752] label: (154, 184) pred: (154, 186) delta(pixel): 2
[2022-02-05 17:58:33] - [index:   4753] label: (100, 135) pred: (99, 136) delta(pixel): 2
[2022-02-05 17:58:33] - [index:   4754] label: (139, 171) pred: (138, 173) delta(pixel): 1
[2022-02-05 17:58:33] - [index:   4755] label: (172, 210) pred: (171, 209) delta(pixel): 2
[2022-02-05 17:58:33] - [index:   4756] label: (100, 138) pred: (99, 139) delta(pixel): 1
[2022-02-05 17:58:33] - [index:   4757] label: (138, 167) pred: (138, 168) delta(pixel): 0
[2022-02-05 17:58:33] - [index:   4758] label: (80, 118) pred: (80, 120) delta(pixel): 1
[2022-02-05 17:58:33] - [index:   4759] label: (158, 188) pred: (157, 191) delta(pixel): 3
[2022-02-05 17:58:33] - [index:   4760] label: (128, 161) pred: (128, 162) delta(pixel): 0
[2022-02-05 17:58:33] - [index:   4761] label: (95, 133) pred: (94, 135) delta(pixel): 2
[2022-02-05 17:58:33] - [index:   4762] label: (169, 203) pred: (169, 204) delta(pixel): 1
[2022-02-05 17:58:33] - [index:   4763] label: (137, 179) pred: (136, 180) delta(pixel): 1
[2022-02-05 17:58:33] - [index:   4764] label: (146, 185) pred: (146, 186) delta(pixel): 1
[2022-02-05 17:58:33] - [index:   4765] label: (68, 119) pred: (66, 120) delta(pixel): 3
[2022-02-05 17:58:33] - [index:   4766] label: (132, 157) pred: (132, 159) delta(pixel): 2
[2022-02-05 17:58:33] - [index:   4767] label: (123, 150) pred: (124, 152) delta(pixel): 2
[2022-02-05 17:58:33] - [index:   4768] label: (66, 107) pred: (64, 108) delta(pixel): 2
[2022-02-05 17:58:33] - [index:   4769] label: (90, 141) pred: (89, 143) delta(pixel): 2
[2022-02-05 17:58:33] - [index:   4770] label: (114, 160) pred: (114, 161) delta(pixel): 1
[2022-02-05 17:58:34] - [index:   4771] label: (85, 119) pred: (85, 121) delta(pixel): 2
[2022-02-05 17:58:34] - [index:   4772] label: (158, 200) pred: (159, 202) delta(pixel): 2
[2022-02-05 17:58:34] - [index:   4773] label: (119, 174) pred: (118, 177) delta(pixel): 3
[2022-02-05 17:58:34] - [index:   4774] label: (139, 189) pred: (138, 192) delta(pixel): 3
[2022-02-05 17:58:34] - [index:   4775] label: (100, 135) pred: (99, 136) delta(pixel): 1
[2022-02-05 17:58:34] - [index:   4776] label: (100, 151) pred: (99, 152) delta(pixel): 2
[2022-02-05 17:58:34] - [index:   4777] label: (82, 117) pred: (82, 119) delta(pixel): 1
[2022-02-05 17:58:34] - [index:   4778] label: (132, 175) pred: (131, 177) delta(pixel): 1
[2022-02-05 17:58:34] - [index:   4779] label: (160, 201) pred: (160, 203) delta(pixel): 1
[2022-02-05 17:58:34] - [index:   4780] label: (117, 147) pred: (118, 148) delta(pixel): 1
[2022-02-05 17:58:34] - [index:   4781] label: (66, 104) pred: (65, 105) delta(pixel): 2
[2022-02-05 17:58:34] - [index:   4782] label: (155, 189) pred: (155, 191) delta(pixel): 2
[2022-02-05 17:58:34] - [index:   4783] label: (126, 160) pred: (126, 161) delta(pixel): 1
[2022-02-05 17:58:34] - [index:   4784] label: (111, 142) pred: (110, 143) delta(pixel): 1
[2022-02-05 17:58:34] - [index:   4785] label: (129, 178) pred: (129, 180) delta(pixel): 2
[2022-02-05 17:58:34] - [index:   4786] label: (116, 144) pred: (115, 145) delta(pixel): 1
[2022-02-05 17:58:34] - [index:   4787] label: (132, 161) pred: (132, 162) delta(pixel): 0
[2022-02-05 17:58:34] - [index:   4788] label: (120, 148) pred: (121, 149) delta(pixel): 3
[2022-02-05 17:58:34] - [index:   4789] label: (160, 192) pred: (161, 195) delta(pixel): 3
[2022-02-05 17:58:34] - [index:   4790] label: (129, 176) pred: (129, 178) delta(pixel): 2
[2022-02-05 17:58:34] - [index:   4791] label: (121, 151) pred: (121, 153) delta(pixel): 2
[2022-02-05 17:58:34] - [index:   4792] label: (93, 130) pred: (92, 132) delta(pixel): 3
[2022-02-05 17:58:34] - [index:   4793] label: (115, 150) pred: (114, 151) delta(pixel): 1
[2022-02-05 17:58:34] - [index:   4794] label: (157, 189) pred: (157, 192) delta(pixel): 3
[2022-02-05 17:58:34] - [index:   4795] label: (116, 157) pred: (116, 159) delta(pixel): 1
[2022-02-05 17:58:34] - [index:   4796] label: (72, 125) pred: (71, 127) delta(pixel): 2
[2022-02-05 17:58:34] - [index:   4797] label: (108, 176) pred: (108, 178) delta(pixel): 2
[2022-02-05 17:58:34] - [index:   4798] label: (152, 192) pred: (151, 194) delta(pixel): 1
[2022-02-05 17:58:34] - [index:   4799] label: (123, 151) pred: (123, 152) delta(pixel): 1
[2022-02-05 17:58:34] - [index:   4800] label: (106, 146) pred: (106, 148) delta(pixel): 1
[2022-02-05 17:58:34] - [index:   4801] label: (150, 198) pred: (150, 200) delta(pixel): 1
[2022-02-05 17:58:34] - [index:   4802] label: (158, 194) pred: (160, 197) delta(pixel): 3
[2022-02-05 17:58:34] - [index:   4803] label: (132, 183) pred: (132, 184) delta(pixel): 2
[2022-02-05 17:58:34] - [index:   4804] label: (150, 180) pred: (150, 183) delta(pixel): 2
[2022-02-05 17:58:34] - [index:   4805] label: (150, 187) pred: (150, 189) delta(pixel): 2
[2022-02-05 17:58:34] - [index:   4806] label: (81, 117) pred: (81, 118) delta(pixel): 1
[2022-02-05 17:58:34] - [index:   4807] label: (84, 121) pred: (83, 122) delta(pixel): 2
[2022-02-05 17:58:34] - [index:   4808] label: (110, 170) pred: (110, 172) delta(pixel): 3
[2022-02-05 17:58:34] - [index:   4809] label: (125, 153) pred: (125, 154) delta(pixel): 0
[2022-02-05 17:58:34] - [index:   4810] label: (109, 139) pred: (109, 141) delta(pixel): 1
[2022-02-05 17:58:34] - [index:   4811] label: (137, 164) pred: (137, 166) delta(pixel): 2
[2022-02-05 17:58:34] - [index:   4812] label: (153, 185) pred: (154, 187) delta(pixel): 3
[2022-02-05 17:58:34] - [index:   4813] label: (101, 145) pred: (100, 146) delta(pixel): 2
[2022-02-05 17:58:34] - [index:   4814] label: (133, 189) pred: (132, 191) delta(pixel): 2
[2022-02-05 17:58:34] - [index:   4815] label: (138, 175) pred: (138, 174) delta(pixel): 0
[2022-02-05 17:58:34] - [index:   4816] label: (134, 161) pred: (133, 162) delta(pixel): 1
[2022-02-05 17:58:34] - [index:   4817] label: (125, 156) pred: (125, 157) delta(pixel): 1
[2022-02-05 17:58:34] - [index:   4818] label: (135, 179) pred: (134, 181) delta(pixel): 2
[2022-02-05 17:58:34] - [index:   4819] label: (134, 173) pred: (133, 175) delta(pixel): 1
[2022-02-05 17:58:34] - [index:   4820] label: (129, 161) pred: (129, 162) delta(pixel): 1
[2022-02-05 17:58:34] - [index:   4821] label: (97, 161) pred: (96, 164) delta(pixel): 3
[2022-02-05 17:58:34] - [index:   4822] label: (120, 168) pred: (120, 170) delta(pixel): 2
[2022-02-05 17:58:34] - [index:   4823] label: (126, 165) pred: (126, 166) delta(pixel): 1
[2022-02-05 17:58:34] - [index:   4824] label: (132, 178) pred: (131, 179) delta(pixel): 2
[2022-02-05 17:58:34] - [index:   4825] label: (165, 198) pred: (165, 201) delta(pixel): 2
[2022-02-05 17:58:34] - [index:   4826] label: (118, 161) pred: (117, 162) delta(pixel): 1
[2022-02-05 17:58:34] - [index:   4827] label: (98, 159) pred: (98, 162) delta(pixel): 3
[2022-02-05 17:58:34] - [index:   4828] label: (93, 130) pred: (93, 132) delta(pixel): 1
[2022-02-05 17:58:34] - [index:   4829] label: (80, 120) pred: (79, 122) delta(pixel): 2
[2022-02-05 17:58:34] - [index:   4830] label: (91, 137) pred: (90, 138) delta(pixel): 2
[2022-02-05 17:58:34] - [index:   4831] label: (151, 186) pred: (151, 188) delta(pixel): 1
[2022-02-05 17:58:34] - [index:   4832] label: (103, 173) pred: (103, 175) delta(pixel): 1
[2022-02-05 17:58:34] - [index:   4833] label: (120, 166) pred: (121, 168) delta(pixel): 2
[2022-02-05 17:58:34] - [index:   4834] label: (120, 155) pred: (120, 157) delta(pixel): 2
[2022-02-05 17:58:34] - [index:   4835] label: (58, 101) pred: (58, 103) delta(pixel): 2
[2022-02-05 17:58:34] - [index:   4836] label: (124, 162) pred: (124, 163) delta(pixel): 1
[2022-02-05 17:58:34] - [index:   4837] label: (108, 144) pred: (108, 145) delta(pixel): 1
[2022-02-05 17:58:34] - [index:   4838] label: (126, 174) pred: (126, 176) delta(pixel): 2
[2022-02-05 17:58:34] - [index:   4839] label: (121, 150) pred: (122, 151) delta(pixel): 2
[2022-02-05 17:58:34] - [index:   4840] label: (147, 187) pred: (147, 189) delta(pixel): 1
[2022-02-05 17:58:34] - [index:   4841] label: (94, 144) pred: (93, 145) delta(pixel): 2
[2022-02-05 17:58:34] - [index:   4842] label: (110, 173) pred: (109, 175) delta(pixel): 3
[2022-02-05 17:58:34] - [index:   4843] label: (131, 166) pred: (130, 167) delta(pixel): 1
[2022-02-05 17:58:34] - [index:   4844] label: (102, 145) pred: (101, 146) delta(pixel): 2
[2022-02-05 17:58:34] - [index:   4845] label: (88, 142) pred: (87, 145) delta(pixel): 3
[2022-02-05 17:58:34] - [index:   4846] label: (68, 119) pred: (66, 120) delta(pixel): 3
[2022-02-05 17:58:34] - [index:   4847] label: (107, 138) pred: (106, 139) delta(pixel): 1
[2022-02-05 17:58:34] - [index:   4848] label: (156, 191) pred: (157, 193) delta(pixel): 2
[2022-02-05 17:58:34] - [index:   4849] label: (87, 134) pred: (87, 135) delta(pixel): 1
[2022-02-05 17:58:34] - [index:   4850] label: (126, 165) pred: (125, 165) delta(pixel): 1
[2022-02-05 17:58:34] - [index:   4851] label: (82, 117) pred: (82, 118) delta(pixel): 1
[2022-02-05 17:58:34] - [index:   4852] label: (124, 156) pred: (124, 157) delta(pixel): 1
[2022-02-05 17:58:34] - [index:   4853] label: (93, 150) pred: (91, 153) delta(pixel): 3
[2022-02-05 17:58:34] - [index:   4854] label: (87, 131) pred: (87, 132) delta(pixel): 1
[2022-02-05 17:58:34] - [index:   4855] label: (156, 191) pred: (156, 193) delta(pixel): 2
[2022-02-05 17:58:34] - [index:   4856] label: (126, 174) pred: (125, 176) delta(pixel): 2
[2022-02-05 17:58:34] - [index:   4857] label: (113, 149) pred: (113, 151) delta(pixel): 2
[2022-02-05 17:58:34] - [index:   4858] label: (115, 145) pred: (115, 146) delta(pixel): 1
[2022-02-05 17:58:34] - [index:   4859] label: (63, 110) pred: (62, 111) delta(pixel): 2
[2022-02-05 17:58:34] - [index:   4860] label: (107, 165) pred: (106, 167) delta(pixel): 3
[2022-02-05 17:58:34] - [index:   4861] label: (109, 139) pred: (109, 141) delta(pixel): 1
[2022-02-05 17:58:34] - [index:   4862] label: (162, 196) pred: (163, 199) delta(pixel): 3
[2022-02-05 17:58:34] - [index:   4863] label: (54, 95) pred: (57, 99) delta(pixel): 7
[2022-02-05 17:58:34] - [index:   4864] label: (162, 195) pred: (163, 198) delta(pixel): 3
[2022-02-05 17:58:34] - [index:   4865] label: (117, 147) pred: (117, 148) delta(pixel): 1
[2022-02-05 17:58:34] - [index:   4866] label: (81, 132) pred: (80, 132) delta(pixel): 2
[2022-02-05 17:58:34] - [index:   4867] label: (121, 149) pred: (121, 150) delta(pixel): 1
[2022-02-05 17:58:34] - [index:   4868] label: (88, 124) pred: (89, 126) delta(pixel): 3
[2022-02-05 17:58:34] - [index:   4869] label: (98, 130) pred: (99, 132) delta(pixel): 2
[2022-02-05 17:58:34] - [index:   4870] label: (130, 155) pred: (130, 157) delta(pixel): 1
[2022-02-05 17:58:34] - [index:   4871] label: (123, 172) pred: (123, 174) delta(pixel): 2
[2022-02-05 17:58:34] - [index:   4872] label: (154, 187) pred: (154, 189) delta(pixel): 2
[2022-02-05 17:58:34] - [index:   4873] label: (120, 166) pred: (120, 167) delta(pixel): 1
[2022-02-05 17:58:34] - [index:   4874] label: (151, 190) pred: (151, 192) delta(pixel): 2
[2022-02-05 17:58:34] - [index:   4875] label: (107, 150) pred: (107, 152) delta(pixel): 2
[2022-02-05 17:58:34] - [index:   4876] label: (111, 150) pred: (111, 152) delta(pixel): 2
[2022-02-05 17:58:34] - [index:   4877] label: (118, 177) pred: (117, 179) delta(pixel): 2
[2022-02-05 17:58:34] - [index:   4878] label: (57, 99) pred: (57, 100) delta(pixel): 1
[2022-02-05 17:58:34] - [index:   4879] label: (115, 145) pred: (114, 146) delta(pixel): 1
[2022-02-05 17:58:34] - [index:   4880] label: (169, 203) pred: (169, 204) delta(pixel): 1
[2022-02-05 17:58:34] - [index:   4881] label: (143, 181) pred: (143, 183) delta(pixel): 2
[2022-02-05 17:58:34] - [index:   4882] label: (113, 148) pred: (113, 150) delta(pixel): 2
[2022-02-05 17:58:34] - [index:   4883] label: (63, 110) pred: (62, 111) delta(pixel): 2
[2022-02-05 17:58:34] - [index:   4884] label: (132, 161) pred: (132, 162) delta(pixel): 0
[2022-02-05 17:58:34] - [index:   4885] label: (144, 192) pred: (143, 194) delta(pixel): 2
[2022-02-05 17:58:34] - [index:   4886] label: (133, 165) pred: (132, 165) delta(pixel): 0
[2022-02-05 17:58:34] - [index:   4887] label: (69, 108) pred: (67, 109) delta(pixel): 2
[2022-02-05 17:58:34] - [index:   4888] label: (153, 191) pred: (153, 193) delta(pixel): 2
[2022-02-05 17:58:34] - [index:   4889] label: (78, 120) pred: (77, 122) delta(pixel): 2
[2022-02-05 17:58:34] - [index:   4890] label: (132, 161) pred: (133, 163) delta(pixel): 1
[2022-02-05 17:58:34] - [index:   4891] label: (113, 149) pred: (112, 151) delta(pixel): 2
[2022-02-05 17:58:34] - [index:   4892] label: (131, 166) pred: (130, 166) delta(pixel): 1
[2022-02-05 17:58:34] - [index:   4893] label: (139, 171) pred: (138, 172) delta(pixel): 1
[2022-02-05 17:58:34] - [index:   4894] label: (134, 162) pred: (134, 163) delta(pixel): 1
[2022-02-05 17:58:34] - [index:   4895] label: (143, 181) pred: (142, 183) delta(pixel): 2
[2022-02-05 17:58:34] - [index:   4896] label: (97, 153) pred: (96, 155) delta(pixel): 2
[2022-02-05 17:58:34] - [index:   4897] label: (119, 158) pred: (118, 158) delta(pixel): 1
[2022-02-05 17:58:34] - [index:   4898] label: (70, 116) pred: (68, 117) delta(pixel): 3
[2022-02-05 17:58:34] - [index:   4899] label: (130, 159) pred: (130, 161) delta(pixel): 1
[2022-02-05 17:58:34] - [index:   4900] label: (133, 166) pred: (132, 166) delta(pixel): 0
[2022-02-05 17:58:34] - [index:   4901] label: (148, 179) pred: (148, 181) delta(pixel): 1
[2022-02-05 17:58:34] - [index:   4902] label: (87, 134) pred: (87, 136) delta(pixel): 2
[2022-02-05 17:58:34] - [index:   4903] label: (162, 202) pred: (162, 204) delta(pixel): 1
[2022-02-05 17:58:34] - [index:   4904] label: (73, 109) pred: (71, 111) delta(pixel): 2
[2022-02-05 17:58:34] - [index:   4905] label: (93, 128) pred: (93, 130) delta(pixel): 2
[2022-02-05 17:58:34] - [index:   4906] label: (141, 169) pred: (140, 170) delta(pixel): 2
[2022-02-05 17:58:34] - [index:   4907] label: (108, 140) pred: (108, 142) delta(pixel): 1
[2022-02-05 17:58:34] - [index:   4908] label: (156, 190) pred: (157, 192) delta(pixel): 2
[2022-02-05 17:58:34] - [index:   4909] label: (85, 131) pred: (85, 133) delta(pixel): 3
[2022-02-05 17:58:34] - [index:   4910] label: (112, 141) pred: (113, 142) delta(pixel): 2
[2022-02-05 17:58:34] - [index:   4911] label: (147, 194) pred: (146, 195) delta(pixel): 2
[2022-02-05 17:58:34] - [index:   4912] label: (121, 161) pred: (121, 163) delta(pixel): 1
[2022-02-05 17:58:34] - [index:   4913] label: (128, 158) pred: (129, 158) delta(pixel): 1
[2022-02-05 17:58:34] - [index:   4914] label: (137, 177) pred: (136, 178) delta(pixel): 1
[2022-02-05 17:58:34] - [index:   4915] label: (156, 190) pred: (157, 192) delta(pixel): 2
[2022-02-05 17:58:34] - [index:   4916] label: (135, 171) pred: (135, 172) delta(pixel): 1
[2022-02-05 17:58:34] - [index:   4917] label: (160, 201) pred: (161, 202) delta(pixel): 1
[2022-02-05 17:58:34] - [index:   4918] label: (160, 191) pred: (161, 194) delta(pixel): 3
[2022-02-05 17:58:34] - [index:   4919] label: (78, 122) pred: (76, 124) delta(pixel): 3
[2022-02-05 17:58:34] - [index:   4920] label: (103, 155) pred: (102, 156) delta(pixel): 1
[2022-02-05 17:58:34] - [index:   4921] label: (132, 183) pred: (132, 185) delta(pixel): 2
[2022-02-05 17:58:34] - [index:   4922] label: (135, 167) pred: (135, 168) delta(pixel): 1
[2022-02-05 17:58:34] - [index:   4923] label: (135, 171) pred: (135, 173) delta(pixel): 1
[2022-02-05 17:58:34] - [index:   4924] label: (158, 194) pred: (160, 197) delta(pixel): 3
[2022-02-05 17:58:34] - [index:   4925] label: (138, 173) pred: (137, 173) delta(pixel): 0
[2022-02-05 17:58:34] - [index:   4926] label: (114, 142) pred: (114, 144) delta(pixel): 1
[2022-02-05 17:58:34] - [index:   4927] label: (75, 122) pred: (74, 124) delta(pixel): 3
[2022-02-05 17:58:34] - [index:   4928] label: (144, 172) pred: (144, 174) delta(pixel): 1
[2022-02-05 17:58:34] - [index:   4929] label: (140, 168) pred: (140, 168) delta(pixel): 0
[2022-02-05 17:58:34] - [index:   4930] label: (122, 154) pred: (121, 155) delta(pixel): 1
[2022-02-05 17:58:34] - [index:   4931] label: (151, 181) pred: (152, 183) delta(pixel): 2
[2022-02-05 17:58:34] - [index:   4932] label: (152, 186) pred: (153, 188) delta(pixel): 3
[2022-02-05 17:58:34] - [index:   4933] label: (82, 119) pred: (81, 120) delta(pixel): 2
[2022-02-05 17:58:35] - [index:   4934] label: (132, 160) pred: (132, 161) delta(pixel): 0
[2022-02-05 17:58:35] - [index:   4935] label: (159, 193) pred: (160, 195) delta(pixel): 3
[2022-02-05 17:58:35] - [index:   4936] label: (128, 155) pred: (128, 156) delta(pixel): 1
[2022-02-05 17:58:35] - [index:   4937] label: (124, 161) pred: (124, 161) delta(pixel): 0
[2022-02-05 17:58:35] - [index:   4938] label: (130, 156) pred: (130, 157) delta(pixel): 1
[2022-02-05 17:58:35] - [index:   4939] label: (59, 98) pred: (59, 101) delta(pixel): 3
[2022-02-05 17:58:35] - [index:   4940] label: (126, 174) pred: (125, 176) delta(pixel): 2
[2022-02-05 17:58:35] - [index:   4941] label: (109, 139) pred: (110, 141) delta(pixel): 2
[2022-02-05 17:58:35] - [index:   4942] label: (125, 156) pred: (125, 157) delta(pixel): 1
[2022-02-05 17:58:35] - [index:   4943] label: (71, 119) pred: (70, 120) delta(pixel): 2
[2022-02-05 17:58:35] - [index:   4944] label: (114, 146) pred: (114, 147) delta(pixel): 1
[2022-02-05 17:58:35] - [index:   4945] label: (147, 180) pred: (147, 182) delta(pixel): 2
[2022-02-05 17:58:35] - [index:   4946] label: (108, 137) pred: (107, 138) delta(pixel): 1
[2022-02-05 17:58:35] - [index:   4947] label: (77, 128) pred: (76, 131) delta(pixel): 3
[2022-02-05 17:58:35] - [index:   4948] label: (129, 176) pred: (128, 178) delta(pixel): 2
[2022-02-05 17:58:35] - [index:   4949] label: (173, 207) pred: (171, 208) delta(pixel): 2
[2022-02-05 17:58:35] - [index:   4950] label: (151, 182) pred: (152, 184) delta(pixel): 3
[2022-02-05 17:58:35] - [index:   4951] label: (112, 155) pred: (113, 157) delta(pixel): 2
[2022-02-05 17:58:35] - [index:   4952] label: (153, 188) pred: (153, 190) delta(pixel): 2
[2022-02-05 17:58:35] - [index:   4953] label: (129, 161) pred: (129, 162) delta(pixel): 2
[2022-02-05 17:58:35] - [index:   4954] label: (140, 178) pred: (140, 179) delta(pixel): 1
[2022-02-05 17:58:35] - [index:   4955] label: (118, 159) pred: (118, 161) delta(pixel): 2
[2022-02-05 17:58:35] - [index:   4956] label: (97, 143) pred: (97, 144) delta(pixel): 2
[2022-02-05 17:58:35] - [index:   4957] label: (111, 145) pred: (111, 148) delta(pixel): 2
[2022-02-05 17:58:35] - [index:   4958] label: (61, 102) pred: (60, 104) delta(pixel): 2
[2022-02-05 17:58:35] - [index:   4959] label: (68, 119) pred: (66, 120) delta(pixel): 3
[2022-02-05 17:58:35] - [index:   4960] label: (112, 149) pred: (111, 150) delta(pixel): 1
[2022-02-05 17:58:35] - [index:   4961] label: (110, 147) pred: (109, 149) delta(pixel): 3
[2022-02-05 17:58:35] - [index:   4962] label: (142, 184) pred: (141, 185) delta(pixel): 2
[2022-02-05 17:58:35] - [index:   4963] label: (112, 165) pred: (112, 168) delta(pixel): 2
[2022-02-05 17:58:35] - [index:   4964] label: (155, 189) pred: (155, 191) delta(pixel): 2
[2022-02-05 17:58:35] - [index:   4965] label: (120, 148) pred: (120, 149) delta(pixel): 2
[2022-02-05 17:58:35] - [index:   4966] label: (137, 177) pred: (136, 177) delta(pixel): 0
[2022-02-05 17:58:35] - [index:   4967] label: (80, 140) pred: (79, 142) delta(pixel): 3
[2022-02-05 17:58:35] - [index:   4968] label: (119, 156) pred: (119, 158) delta(pixel): 2
[2022-02-05 17:58:35] - [index:   4969] label: (150, 191) pred: (150, 193) delta(pixel): 2
[2022-02-05 17:58:35] - [index:   4970] label: (113, 164) pred: (113, 165) delta(pixel): 2
[2022-02-05 17:58:35] - [index:   4971] label: (131, 163) pred: (130, 165) delta(pixel): 1
[2022-02-05 17:58:35] - [index:   4972] label: (118, 150) pred: (118, 151) delta(pixel): 1
[2022-02-05 17:58:35] - [index:   4973] label: (121, 148) pred: (122, 151) delta(pixel): 2
[2022-02-05 17:58:35] - [index:   4974] label: (175, 210) pred: (174, 209) delta(pixel): 2
[2022-02-05 17:58:35] - [index:   4975] label: (94, 128) pred: (94, 130) delta(pixel): 2
[2022-02-05 17:58:35] - [index:   4976] label: (85, 126) pred: (85, 127) delta(pixel): 2
[2022-02-05 17:58:35] - [index:   4977] label: (67, 106) pred: (66, 107) delta(pixel): 2
[2022-02-05 17:58:35] - [index:   4978] label: (87, 123) pred: (87, 126) delta(pixel): 2
[2022-02-05 17:58:35] - [index:   4979] label: (142, 191) pred: (142, 193) delta(pixel): 2
[2022-02-05 17:58:35] - [index:   4980] label: (118, 150) pred: (118, 151) delta(pixel): 1
[2022-02-05 17:58:35] - [index:   4981] label: (99, 141) pred: (99, 143) delta(pixel): 2
[2022-02-05 17:58:35] - [index:   4982] label: (154, 190) pred: (155, 191) delta(pixel): 1
[2022-02-05 17:58:35] - [index:   4983] label: (112, 155) pred: (113, 157) delta(pixel): 2
[2022-02-05 17:58:35] - [index:   4984] label: (108, 137) pred: (108, 139) delta(pixel): 1
[2022-02-05 17:58:35] - [index:   4985] label: (162, 195) pred: (163, 198) delta(pixel): 3
[2022-02-05 17:58:35] - [index:   4986] label: (167, 205) pred: (168, 206) delta(pixel): 0
[2022-02-05 17:58:35] - [index:   4987] label: (123, 174) pred: (123, 176) delta(pixel): 2
[2022-02-05 17:58:35] - [index:   4988] label: (82, 117) pred: (82, 118) delta(pixel): 1
[2022-02-05 17:58:35] - [index:   4989] label: (133, 168) pred: (133, 170) delta(pixel): 1
[2022-02-05 17:58:35] - [index:   4990] label: (71, 112) pred: (70, 113) delta(pixel): 2
[2022-02-05 17:58:35] - [index:   4991] label: (114, 153) pred: (114, 155) delta(pixel): 1
[2022-02-05 17:58:35] - [index:   4992] label: (126, 164) pred: (126, 165) delta(pixel): 1
[2022-02-05 17:58:35] - [index:   4993] label: (128, 155) pred: (129, 157) delta(pixel): 1
[2022-02-05 17:58:35] - [index:   4994] label: (155, 192) pred: (155, 194) delta(pixel): 2
[2022-02-05 17:58:35] - [index:   4995] label: (172, 206) pred: (171, 207) delta(pixel): 2
[2022-02-05 17:58:35] - [index:   4996] label: (64, 106) pred: (62, 107) delta(pixel): 2
[2022-02-05 17:58:35] - [index:   4997] label: (129, 163) pred: (128, 164) delta(pixel): 1
[2022-02-05 17:58:35] - [index:   4998] label: (106, 167) pred: (106, 170) delta(pixel): 3
[2022-02-05 17:58:35] - [index:   4999] label: (85, 121) pred: (85, 123) delta(pixel): 2
[2022-02-05 17:58:35] - [index:   5000] label: (113, 148) pred: (113, 150) delta(pixel): 2
[2022-02-05 17:58:35] - [index:   5001] label: (108, 144) pred: (108, 146) delta(pixel): 1
[2022-02-05 17:58:35] - [index:   5002] label: (148, 181) pred: (147, 183) delta(pixel): 2
[2022-02-05 17:58:35] - [index:   5003] label: (110, 139) pred: (110, 141) delta(pixel): 1
[2022-02-05 17:58:35] - [index:   5004] label: (139, 168) pred: (139, 169) delta(pixel): 1
[2022-02-05 17:58:35] - [index:   5005] label: (160, 203) pred: (159, 204) delta(pixel): 1
[2022-02-05 17:58:35] - [index:   5006] label: (98, 130) pred: (97, 132) delta(pixel): 2
[2022-02-05 17:58:35] - [index:   5007] label: (137, 179) pred: (136, 180) delta(pixel): 1
[2022-02-05 17:58:35] - [index:   5008] label: (152, 189) pred: (152, 191) delta(pixel): 2
[2022-02-05 17:58:35] - [index:   5009] label: (138, 173) pred: (137, 174) delta(pixel): 2
[2022-02-05 17:58:35] - [index:   5010] label: (120, 168) pred: (119, 169) delta(pixel): 1
[2022-02-05 17:58:35] - [index:   5011] label: (151, 182) pred: (151, 185) delta(pixel): 3
[2022-02-05 17:58:35] - [index:   5012] label: (161, 193) pred: (162, 195) delta(pixel): 3
[2022-02-05 17:58:35] - [index:   5013] label: (101, 145) pred: (100, 147) delta(pixel): 2
[2022-02-05 17:58:35] - [index:   5014] label: (66, 104) pred: (65, 105) delta(pixel): 2
[2022-02-05 17:58:35] - [index:   5015] label: (149, 181) pred: (149, 183) delta(pixel): 2
[2022-02-05 17:58:35] - [index:   5016] label: (154, 198) pred: (154, 199) delta(pixel): 1
[2022-02-05 17:58:35] - [index:   5017] label: (100, 132) pred: (99, 133) delta(pixel): 1
[2022-02-05 17:58:35] - [index:   5018] label: (143, 172) pred: (144, 174) delta(pixel): 1
[2022-02-05 17:58:35] - [index:   5019] label: (139, 165) pred: (139, 166) delta(pixel): 1
[2022-02-05 17:58:35] - [index:   5020] label: (133, 170) pred: (133, 171) delta(pixel): 1
[2022-02-05 17:58:35] - [index:   5021] label: (109, 153) pred: (108, 154) delta(pixel): 1
[2022-02-05 17:58:35] - [index:   5022] label: (105, 143) pred: (104, 145) delta(pixel): 2
[2022-02-05 17:58:35] - [index:   5023] label: (92, 126) pred: (92, 128) delta(pixel): 2
[2022-02-05 17:58:35] - [index:   5024] label: (121, 149) pred: (121, 150) delta(pixel): 1
[2022-02-05 17:58:35] - [index:   5025] label: (120, 148) pred: (121, 150) delta(pixel): 3
[2022-02-05 17:58:35] - [index:   5026] label: (122, 158) pred: (121, 159) delta(pixel): 1
[2022-02-05 17:58:35] - [index:   5027] label: (156, 191) pred: (156, 193) delta(pixel): 2
[2022-02-05 17:58:35] - [index:   5028] label: (139, 192) pred: (139, 194) delta(pixel): 2
[2022-02-05 17:58:35] - [index:   5029] label: (163, 194) pred: (163, 197) delta(pixel): 3
[2022-02-05 17:58:35] - [index:   5030] label: (107, 150) pred: (107, 152) delta(pixel): 1
[2022-02-05 17:58:35] - [index:   5031] label: (146, 175) pred: (147, 176) delta(pixel): 1
[2022-02-05 17:58:35] - [index:   5032] label: (114, 147) pred: (114, 148) delta(pixel): 2
[2022-02-05 17:58:35] - [index:   5033] label: (114, 142) pred: (114, 143) delta(pixel): 1
[2022-02-05 17:58:35] - [index:   5034] label: (111, 145) pred: (110, 147) delta(pixel): 2
[2022-02-05 17:58:35] - [index:   5035] label: (120, 154) pred: (120, 156) delta(pixel): 2
[2022-02-05 17:58:35] - [index:   5036] label: (111, 145) pred: (110, 147) delta(pixel): 2
[2022-02-05 17:58:35] - [index:   5037] label: (162, 204) pred: (162, 205) delta(pixel): 0
[2022-02-05 17:58:35] - [index:   5038] label: (116, 156) pred: (116, 158) delta(pixel): 1
[2022-02-05 17:58:35] - [index:   5039] label: (135, 182) pred: (134, 183) delta(pixel): 2
[2022-02-05 17:58:35] - [index:   5040] label: (118, 151) pred: (118, 152) delta(pixel): 1
[2022-02-05 17:58:35] - [index:   5041] label: (110, 170) pred: (110, 172) delta(pixel): 2
[2022-02-05 17:58:35] - [index:   5042] label: (165, 197) pred: (165, 199) delta(pixel): 2
[2022-02-05 17:58:35] - [index:   5043] label: (105, 147) pred: (105, 149) delta(pixel): 1
[2022-02-05 17:58:35] - [index:   5044] label: (117, 180) pred: (117, 182) delta(pixel): 1
[2022-02-05 17:58:35] - [index:   5045] label: (169, 208) pred: (169, 208) delta(pixel): 1
[2022-02-05 17:58:35] - [index:   5046] label: (104, 136) pred: (104, 138) delta(pixel): 2
[2022-02-05 17:58:35] - [index:   5047] label: (122, 159) pred: (121, 160) delta(pixel): 1
[2022-02-05 17:58:35] - [index:   5048] label: (123, 152) pred: (124, 154) delta(pixel): 2
[2022-02-05 17:58:35] - [index:   5049] label: (137, 169) pred: (137, 170) delta(pixel): 2
[2022-02-05 17:58:35] - [index:   5050] label: (125, 155) pred: (124, 155) delta(pixel): 1
[2022-02-05 17:58:35] - [index:   5051] label: (114, 143) pred: (114, 145) delta(pixel): 2
[2022-02-05 17:58:35] - [index:   5052] label: (103, 144) pred: (102, 146) delta(pixel): 2
[2022-02-05 17:58:35] - [index:   5053] label: (83, 144) pred: (82, 146) delta(pixel): 3
[2022-02-05 17:58:35] - [index:   5054] label: (153, 191) pred: (153, 193) delta(pixel): 1
[2022-02-05 17:58:35] - [index:   5055] label: (140, 174) pred: (139, 176) delta(pixel): 1
[2022-02-05 17:58:35] - [index:   5056] label: (78, 136) pred: (77, 137) delta(pixel): 2
[2022-02-05 17:58:35] - [index:   5057] label: (154, 198) pred: (154, 199) delta(pixel): 1
[2022-02-05 17:58:35] - [index:   5058] label: (164, 201) pred: (165, 203) delta(pixel): 2
[2022-02-05 17:58:35] - [index:   5059] label: (56, 97) pred: (56, 99) delta(pixel): 2
[2022-02-05 17:58:35] - [index:   5060] label: (131, 163) pred: (130, 164) delta(pixel): 1
[2022-02-05 17:58:35] - [index:   5061] label: (156, 187) pred: (156, 190) delta(pixel): 3
[2022-02-05 17:58:35] - [index:   5062] label: (112, 149) pred: (112, 152) delta(pixel): 2
[2022-02-05 17:58:35] - [index:   5063] label: (93, 140) pred: (93, 142) delta(pixel): 2
[2022-02-05 17:58:35] - [index:   5064] label: (110, 160) pred: (110, 161) delta(pixel): 2
[2022-02-05 17:58:35] - [index:   5065] label: (136, 167) pred: (137, 169) delta(pixel): 2
[2022-02-05 17:58:35] - [index:   5066] label: (106, 151) pred: (106, 153) delta(pixel): 2
[2022-02-05 17:58:35] - [index:   5067] label: (144, 174) pred: (144, 175) delta(pixel): 1
[2022-02-05 17:58:35] - [index:   5068] label: (157, 192) pred: (158, 195) delta(pixel): 3
[2022-02-05 17:58:35] - [index:   5069] label: (122, 183) pred: (122, 185) delta(pixel): 2
[2022-02-05 17:58:35] - [index:   5070] label: (143, 171) pred: (143, 173) delta(pixel): 1
[2022-02-05 17:58:35] - [index:   5071] label: (98, 159) pred: (98, 163) delta(pixel): 3
[2022-02-05 17:58:35] - [index:   5072] label: (135, 163) pred: (136, 164) delta(pixel): 1
[2022-02-05 17:58:35] - [index:   5073] label: (101, 145) pred: (100, 147) delta(pixel): 2
[2022-02-05 17:58:35] - [index:   5074] label: (94, 133) pred: (93, 135) delta(pixel): 2
[2022-02-05 17:58:35] - [index:   5075] label: (101, 137) pred: (100, 139) delta(pixel): 2
[2022-02-05 17:58:35] - [index:   5076] label: (85, 121) pred: (85, 123) delta(pixel): 2
[2022-02-05 17:58:35] - [index:   5077] label: (120, 166) pred: (121, 168) delta(pixel): 2
[2022-02-05 17:58:35] - [index:   5078] label: (137, 170) pred: (137, 171) delta(pixel): 1
[2022-02-05 17:58:35] - [index:   5079] label: (83, 131) pred: (82, 133) delta(pixel): 2
[2022-02-05 17:58:35] - [index:   5080] label: (153, 188) pred: (153, 190) delta(pixel): 2
[2022-02-05 17:58:35] - [index:   5081] label: (105, 136) pred: (105, 138) delta(pixel): 2
[2022-02-05 17:58:35] - [index:   5082] label: (121, 160) pred: (121, 161) delta(pixel): 1
[2022-02-05 17:58:35] - [index:   5083] label: (138, 173) pred: (137, 174) delta(pixel): 2
[2022-02-05 17:58:35] - [index:   5084] label: (163, 194) pred: (164, 196) delta(pixel): 3
[2022-02-05 17:58:35] - [index:   5085] label: (140, 171) pred: (140, 173) delta(pixel): 2
[2022-02-05 17:58:35] - [index:   5086] label: (152, 189) pred: (153, 191) delta(pixel): 2
[2022-02-05 17:58:35] - [index:   5087] label: (158, 194) pred: (160, 197) delta(pixel): 3
[2022-02-05 17:58:35] - [index:   5088] label: (143, 189) pred: (143, 191) delta(pixel): 1
[2022-02-05 17:58:35] - [index:   5089] label: (88, 138) pred: (86, 139) delta(pixel): 2
[2022-02-05 17:58:35] - [index:   5090] label: (150, 184) pred: (151, 186) delta(pixel): 3
[2022-02-05 17:58:35] - [index:   5091] label: (96, 148) pred: (95, 150) delta(pixel): 2
[2022-02-05 17:58:35] - [index:   5092] label: (126, 166) pred: (126, 168) delta(pixel): 1
[2022-02-05 17:58:35] - [index:   5093] label: (87, 123) pred: (86, 125) delta(pixel): 2
[2022-02-05 17:58:35] - [index:   5094] label: (75, 125) pred: (74, 127) delta(pixel): 2
[2022-02-05 17:58:35] - [index:   5095] label: (90, 131) pred: (90, 132) delta(pixel): 1
[2022-02-05 17:58:35] - [index:   5096] label: (121, 151) pred: (120, 151) delta(pixel): 1
[2022-02-05 17:58:35] - [index:   5097] label: (124, 163) pred: (123, 165) delta(pixel): 1
[2022-02-05 17:58:35] - [index:   5098] label: (88, 147) pred: (87, 149) delta(pixel): 3
[2022-02-05 17:58:35] - [index:   5099] label: (129, 172) pred: (129, 173) delta(pixel): 1
[2022-02-05 17:58:35] - [index:   5100] label: (110, 152) pred: (109, 153) delta(pixel): 1
[2022-02-05 17:58:35] - [index:   5101] label: (156, 187) pred: (156, 189) delta(pixel): 2
[2022-02-05 17:58:35] - [index:   5102] label: (84, 121) pred: (83, 122) delta(pixel): 2
[2022-02-05 17:58:35] - [index:   5103] label: (139, 165) pred: (139, 167) delta(pixel): 1
[2022-02-05 17:58:35] - [index:   5104] label: (111, 167) pred: (111, 170) delta(pixel): 2
[2022-02-05 17:58:35] - [index:   5105] label: (133, 165) pred: (132, 165) delta(pixel): 0
[2022-02-05 17:58:35] - [index:   5106] label: (141, 180) pred: (141, 182) delta(pixel): 2
[2022-02-05 17:58:35] - [index:   5107] label: (116, 157) pred: (115, 158) delta(pixel): 1
[2022-02-05 17:58:35] - [index:   5108] label: (134, 166) pred: (135, 167) delta(pixel): 1
[2022-02-05 17:58:35] - [index:   5109] label: (154, 186) pred: (155, 187) delta(pixel): 1
[2022-02-05 17:58:35] - [index:   5110] label: (95, 140) pred: (95, 142) delta(pixel): 2
[2022-02-05 17:58:35] - [index:   5111] label: (129, 174) pred: (128, 175) delta(pixel): 1
[2022-02-05 17:58:35] - [index:   5112] label: (93, 128) pred: (92, 130) delta(pixel): 1
[2022-02-05 17:58:35] - [index:   5113] label: (125, 152) pred: (125, 153) delta(pixel): 1
[2022-02-05 17:58:35] - [index:   5114] label: (67, 116) pred: (65, 117) delta(pixel): 3
[2022-02-05 17:58:36] - [index:   5115] label: (142, 170) pred: (143, 171) delta(pixel): 1
[2022-02-05 17:58:36] - [index:   5116] label: (155, 188) pred: (156, 191) delta(pixel): 2
[2022-02-05 17:58:36] - [index:   5117] label: (94, 164) pred: (93, 165) delta(pixel): 2
[2022-02-05 17:58:36] - [index:   5118] label: (138, 173) pred: (137, 173) delta(pixel): 1
[2022-02-05 17:58:36] - [index:   5119] label: (71, 109) pred: (71, 112) delta(pixel): 2
[2022-02-05 17:58:36] - [index:   5120] label: (123, 170) pred: (123, 171) delta(pixel): 1
[2022-02-05 17:58:36] - [index:   5121] label: (79, 125) pred: (79, 128) delta(pixel): 3
[2022-02-05 17:58:36] - [index:   5122] label: (163, 197) pred: (164, 200) delta(pixel): 3
[2022-02-05 17:58:36] - [index:   5123] label: (110, 142) pred: (110, 144) delta(pixel): 1
[2022-02-05 17:58:36] - [index:   5124] label: (131, 162) pred: (130, 163) delta(pixel): 1
[2022-02-05 17:58:36] - [index:   5125] label: (134, 177) pred: (134, 179) delta(pixel): 2
[2022-02-05 17:58:36] - [index:   5126] label: (122, 183) pred: (121, 185) delta(pixel): 2
[2022-02-05 17:58:36] - [index:   5127] label: (147, 189) pred: (147, 191) delta(pixel): 2
[2022-02-05 17:58:36] - [index:   5128] label: (158, 196) pred: (158, 199) delta(pixel): 3
[2022-02-05 17:58:36] - [index:   5129] label: (131, 167) pred: (130, 167) delta(pixel): 0
[2022-02-05 17:58:36] - [index:   5130] label: (140, 176) pred: (139, 177) delta(pixel): 1
[2022-02-05 17:58:36] - [index:   5131] label: (169, 204) pred: (169, 206) delta(pixel): 1
[2022-02-05 17:58:36] - [index:   5132] label: (84, 121) pred: (82, 122) delta(pixel): 2
[2022-02-05 17:58:36] - [index:   5133] label: (167, 205) pred: (168, 206) delta(pixel): 1
[2022-02-05 17:58:36] - [index:   5134] label: (167, 208) pred: (167, 207) delta(pixel): 1
[2022-02-05 17:58:36] - [index:   5135] label: (146, 191) pred: (146, 192) delta(pixel): 2
[2022-02-05 17:58:36] - [index:   5136] label: (92, 141) pred: (91, 143) delta(pixel): 2
[2022-02-05 17:58:36] - [index:   5137] label: (148, 183) pred: (149, 185) delta(pixel): 1
[2022-02-05 17:58:36] - [index:   5138] label: (132, 163) pred: (132, 164) delta(pixel): 1
[2022-02-05 17:58:36] - [index:   5139] label: (113, 154) pred: (113, 156) delta(pixel): 1
[2022-02-05 17:58:36] - [index:   5140] label: (158, 200) pred: (159, 201) delta(pixel): 1
[2022-02-05 17:58:36] - [index:   5141] label: (88, 147) pred: (87, 150) delta(pixel): 3
[2022-02-05 17:58:36] - [index:   5142] label: (113, 143) pred: (113, 145) delta(pixel): 1
[2022-02-05 17:58:36] - [index:   5143] label: (129, 168) pred: (128, 169) delta(pixel): 1
[2022-02-05 17:58:36] - [index:   5144] label: (152, 183) pred: (153, 185) delta(pixel): 2
[2022-02-05 17:58:36] - [index:   5145] label: (126, 161) pred: (126, 162) delta(pixel): 1
[2022-02-05 17:58:36] - [index:   5146] label: (123, 152) pred: (123, 154) delta(pixel): 2
[2022-02-05 17:58:36] - [index:   5147] label: (84, 121) pred: (83, 122) delta(pixel): 1
[2022-02-05 17:58:36] - [index:   5148] label: (121, 163) pred: (121, 164) delta(pixel): 1
[2022-02-05 17:58:36] - [index:   5149] label: (159, 197) pred: (161, 199) delta(pixel): 3
[2022-02-05 17:58:36] - [index:   5150] label: (132, 180) pred: (131, 181) delta(pixel): 2
[2022-02-05 17:58:36] - [index:   5151] label: (165, 198) pred: (165, 202) delta(pixel): 3
[2022-02-05 17:58:36] - [index:   5152] label: (131, 162) pred: (130, 162) delta(pixel): 0
[2022-02-05 17:58:36] - [index:   5153] label: (115, 159) pred: (115, 160) delta(pixel): 1
[2022-02-05 17:58:36] - [index:   5154] label: (112, 141) pred: (112, 143) delta(pixel): 2
[2022-02-05 17:58:36] - [index:   5155] label: (116, 148) pred: (116, 149) delta(pixel): 1
[2022-02-05 17:58:36] - [index:   5156] label: (83, 135) pred: (82, 137) delta(pixel): 3
[2022-02-05 17:58:36] - [index:   5157] label: (129, 165) pred: (128, 166) delta(pixel): 1
[2022-02-05 17:58:36] - [index:   5158] label: (114, 162) pred: (114, 164) delta(pixel): 1
[2022-02-05 17:58:36] - [index:   5159] label: (146, 176) pred: (146, 178) delta(pixel): 2
[2022-02-05 17:58:36] - [index:   5160] label: (138, 173) pred: (137, 174) delta(pixel): 2
[2022-02-05 17:58:36] - [index:   5161] label: (109, 153) pred: (109, 155) delta(pixel): 2
[2022-02-05 17:58:36] - [index:   5162] label: (131, 167) pred: (130, 168) delta(pixel): 1
[2022-02-05 17:58:36] - [index:   5163] label: (113, 148) pred: (113, 150) delta(pixel): 2
[2022-02-05 17:58:36] - [index:   5164] label: (139, 165) pred: (139, 167) delta(pixel): 2
[2022-02-05 17:58:36] - [index:   5165] label: (139, 165) pred: (139, 166) delta(pixel): 1
[2022-02-05 17:58:36] - [index:   5166] label: (140, 170) pred: (140, 171) delta(pixel): 1
[2022-02-05 17:58:36] - [index:   5167] label: (77, 125) pred: (76, 127) delta(pixel): 3
[2022-02-05 17:58:36] - [index:   5168] label: (167, 205) pred: (168, 206) delta(pixel): 1
[2022-02-05 17:58:36] - [index:   5169] label: (100, 138) pred: (99, 139) delta(pixel): 2
[2022-02-05 17:58:36] - [index:   5170] label: (82, 123) pred: (81, 124) delta(pixel): 1
[2022-02-05 17:58:36] - [index:   5171] label: (62, 108) pred: (61, 109) delta(pixel): 2
[2022-02-05 17:58:36] - [index:   5172] label: (163, 199) pred: (164, 201) delta(pixel): 3
[2022-02-05 17:58:36] - [index:   5173] label: (95, 140) pred: (94, 141) delta(pixel): 1
[2022-02-05 17:58:36] - [index:   5174] label: (115, 145) pred: (114, 146) delta(pixel): 1
[2022-02-05 17:58:36] - [index:   5175] label: (123, 174) pred: (123, 176) delta(pixel): 2
[2022-02-05 17:58:36] - [index:   5176] label: (83, 144) pred: (82, 146) delta(pixel): 3
[2022-02-05 17:58:36] - [index:   5177] label: (87, 126) pred: (86, 128) delta(pixel): 2
[2022-02-05 17:58:36] - [index:   5178] label: (91, 126) pred: (91, 127) delta(pixel): 1
[2022-02-05 17:58:36] - [index:   5179] label: (103, 149) pred: (102, 151) delta(pixel): 2
[2022-02-05 17:58:36] - [index:   5180] label: (113, 164) pred: (113, 165) delta(pixel): 1
[2022-02-05 17:58:36] - [index:   5181] label: (71, 109) pred: (71, 112) delta(pixel): 3
[2022-02-05 17:58:36] - [index:   5182] label: (99, 146) pred: (99, 147) delta(pixel): 2
[2022-02-05 17:58:36] - [index:   5183] label: (92, 131) pred: (91, 132) delta(pixel): 2
[2022-02-05 17:58:36] - [index:   5184] label: (152, 197) pred: (152, 197) delta(pixel): 0
[2022-02-05 17:58:36] - [index:   5185] label: (88, 153) pred: (87, 156) delta(pixel): 4
[2022-02-05 17:58:36] - [index:   5186] label: (155, 185) pred: (156, 188) delta(pixel): 2
[2022-02-05 17:58:36] - [index:   5187] label: (87, 123) pred: (87, 126) delta(pixel): 2
[2022-02-05 17:58:36] - [index:   5188] label: (117, 180) pred: (117, 182) delta(pixel): 1
[2022-02-05 17:58:36] - [index:   5189] label: (140, 185) pred: (139, 186) delta(pixel): 2
[2022-02-05 17:58:36] - [index:   5190] label: (126, 159) pred: (126, 160) delta(pixel): 1
[2022-02-05 17:58:36] - [index:   5191] label: (57, 99) pred: (57, 100) delta(pixel): 1
[2022-02-05 17:58:36] - [index:   5192] label: (145, 188) pred: (145, 190) delta(pixel): 2
[2022-02-05 17:58:36] - [index:   5193] label: (125, 155) pred: (124, 155) delta(pixel): 0
[2022-02-05 17:58:36] - [index:   5194] label: (104, 139) pred: (105, 142) delta(pixel): 2
[2022-02-05 17:58:36] - [index:   5195] label: (140, 185) pred: (140, 187) delta(pixel): 2
[2022-02-05 17:58:36] - [index:   5196] label: (132, 163) pred: (132, 165) delta(pixel): 1
[2022-02-05 17:58:36] - [index:   5197] label: (83, 144) pred: (81, 148) delta(pixel): 5
[2022-02-05 17:58:36] - [index:   5198] label: (106, 167) pred: (106, 169) delta(pixel): 2
[2022-02-05 17:58:36] - [index:   5199] label: (111, 146) pred: (110, 147) delta(pixel): 2
[2022-02-05 17:58:36] - [index:   5200] label: (155, 189) pred: (155, 191) delta(pixel): 3
[2022-02-05 17:58:36] - [index:   5201] label: (85, 148) pred: (84, 149) delta(pixel): 2
[2022-02-05 17:58:36] - [index:   5202] label: (102, 145) pred: (101, 146) delta(pixel): 2
[2022-02-05 17:58:36] - [index:   5203] label: (104, 143) pred: (103, 144) delta(pixel): 2
[2022-02-05 17:58:36] - [index:   5204] label: (162, 200) pred: (163, 202) delta(pixel): 1
[2022-02-05 17:58:36] - [index:   5205] label: (99, 146) pred: (98, 147) delta(pixel): 1
[2022-02-05 17:58:36] - [index:   5206] label: (112, 149) pred: (111, 150) delta(pixel): 1
[2022-02-05 17:58:36] - [index:   5207] label: (85, 119) pred: (84, 121) delta(pixel): 2
[2022-02-05 17:58:36] - [index:   5208] label: (132, 161) pred: (132, 163) delta(pixel): 1
[2022-02-05 17:58:36] - [index:   5209] label: (78, 120) pred: (77, 122) delta(pixel): 2
[2022-02-05 17:58:36] - [index:   5210] label: (87, 134) pred: (87, 135) delta(pixel): 1
[2022-02-05 17:58:36] - [index:   5211] label: (120, 153) pred: (119, 154) delta(pixel): 1
[2022-02-05 17:58:36] - [index:   5212] label: (56, 97) pred: (57, 99) delta(pixel): 3
[2022-02-05 17:58:36] - [index:   5213] label: (105, 170) pred: (105, 172) delta(pixel): 2
[2022-02-05 17:58:36] - [index:   5214] label: (96, 148) pred: (95, 149) delta(pixel): 2
[2022-02-05 17:58:36] - [index:   5215] label: (91, 124) pred: (90, 125) delta(pixel): 1
[2022-02-05 17:58:36] - [index:   5216] label: (71, 109) pred: (70, 110) delta(pixel): 2
[2022-02-05 17:58:36] - [index:   5217] label: (111, 158) pred: (111, 160) delta(pixel): 2
[2022-02-05 17:58:36] - [index:   5218] label: (143, 172) pred: (144, 173) delta(pixel): 1
[2022-02-05 17:58:36] - [index:   5219] label: (113, 149) pred: (112, 151) delta(pixel): 2
[2022-02-05 17:58:36] - [index:   5220] label: (130, 157) pred: (130, 159) delta(pixel): 1
[2022-02-05 17:58:36] - [index:   5221] label: (169, 206) pred: (169, 207) delta(pixel): 0
[2022-02-05 17:58:36] - [index:   5222] label: (77, 128) pred: (75, 130) delta(pixel): 3
[2022-02-05 17:58:36] - [index:   5223] label: (83, 139) pred: (82, 141) delta(pixel): 3
[2022-02-05 17:58:36] - [index:   5224] label: (100, 135) pred: (100, 136) delta(pixel): 1
[2022-02-05 17:58:36] - [index:   5225] label: (96, 130) pred: (95, 132) delta(pixel): 2
[2022-02-05 17:58:36] - [index:   5226] label: (145, 186) pred: (144, 187) delta(pixel): 1
[2022-02-05 17:58:36] - [index:   5227] label: (158, 200) pred: (159, 202) delta(pixel): 2
[2022-02-05 17:58:36] - [index:   5228] label: (134, 177) pred: (134, 179) delta(pixel): 2
[2022-02-05 17:58:36] - [index:   5229] label: (132, 160) pred: (131, 161) delta(pixel): 1
[2022-02-05 17:58:36] - [index:   5230] label: (116, 144) pred: (117, 146) delta(pixel): 2
[2022-02-05 17:58:36] - [index:   5231] label: (56, 97) pred: (57, 99) delta(pixel): 4
[2022-02-05 17:58:36] - [index:   5232] label: (101, 134) pred: (101, 136) delta(pixel): 1
[2022-02-05 17:58:36] - [index:   5233] label: (159, 198) pred: (160, 200) delta(pixel): 2
[2022-02-05 17:58:36] - [index:   5234] label: (113, 178) pred: (113, 181) delta(pixel): 2
[2022-02-05 17:58:36] - [index:   5235] label: (106, 142) pred: (106, 143) delta(pixel): 2
[2022-02-05 17:58:36] - [index:   5236] label: (124, 162) pred: (124, 163) delta(pixel): 1
[2022-02-05 17:58:36] - [index:   5237] label: (132, 162) pred: (132, 163) delta(pixel): 1
[2022-02-05 17:58:36] - [index:   5238] label: (148, 181) pred: (148, 183) delta(pixel): 2
[2022-02-05 17:58:36] - [index:   5239] label: (71, 119) pred: (70, 121) delta(pixel): 3
[2022-02-05 17:58:36] - [index:   5240] label: (153, 200) pred: (152, 200) delta(pixel): 1
[2022-02-05 17:58:36] - [index:   5241] label: (71, 119) pred: (70, 121) delta(pixel): 3
[2022-02-05 17:58:36] - [index:   5242] label: (83, 135) pred: (82, 137) delta(pixel): 2
[2022-02-05 17:58:36] - [index:   5243] label: (135, 167) pred: (135, 169) delta(pixel): 2
[2022-02-05 17:58:36] - [index:   5244] label: (78, 122) pred: (77, 125) delta(pixel): 2
[2022-02-05 17:58:36] - [index:   5245] label: (140, 170) pred: (139, 171) delta(pixel): 2
[2022-02-05 17:58:36] - [index:   5246] label: (148, 186) pred: (148, 188) delta(pixel): 2
[2022-02-05 17:58:36] - [index:   5247] label: (117, 164) pred: (117, 165) delta(pixel): 1
[2022-02-05 17:58:36] - [index:   5248] label: (117, 147) pred: (117, 147) delta(pixel): 1
[2022-02-05 17:58:36] - [index:   5249] label: (163, 197) pred: (164, 200) delta(pixel): 3
[2022-02-05 17:58:36] - [index:   5250] label: (90, 128) pred: (90, 129) delta(pixel): 1
[2022-02-05 17:58:36] - [index:   5251] label: (118, 145) pred: (118, 147) delta(pixel): 1
[2022-02-05 17:58:36] - [index:   5252] label: (130, 160) pred: (130, 160) delta(pixel): 0
[2022-02-05 17:58:36] - [index:   5253] label: (77, 125) pred: (75, 126) delta(pixel): 2
[2022-02-05 17:58:36] - [index:   5254] label: (82, 123) pred: (81, 125) delta(pixel): 3
[2022-02-05 17:58:36] - [index:   5255] label: (132, 159) pred: (132, 160) delta(pixel): 2
[2022-02-05 17:58:36] - [index:   5256] label: (132, 160) pred: (132, 161) delta(pixel): 1
[2022-02-05 17:58:36] - [index:   5257] label: (137, 170) pred: (137, 172) delta(pixel): 1
[2022-02-05 17:58:36] - [index:   5258] label: (126, 165) pred: (126, 166) delta(pixel): 1
[2022-02-05 17:58:36] - [index:   5259] label: (111, 145) pred: (112, 148) delta(pixel): 2
[2022-02-05 17:58:36] - [index:   5260] label: (167, 205) pred: (167, 206) delta(pixel): 0
[2022-02-05 17:58:36] - [index:   5261] label: (88, 138) pred: (87, 140) delta(pixel): 2
[2022-02-05 17:58:36] - [index:   5262] label: (135, 161) pred: (135, 162) delta(pixel): 0
[2022-02-05 17:58:36] - [index:   5263] label: (104, 140) pred: (104, 142) delta(pixel): 2
[2022-02-05 17:58:36] - [index:   5264] label: (121, 161) pred: (121, 163) delta(pixel): 2
[2022-02-05 17:58:36] - [index:   5265] label: (71, 114) pred: (69, 115) delta(pixel): 2
[2022-02-05 17:58:36] - [index:   5266] label: (120, 152) pred: (120, 154) delta(pixel): 1
[2022-02-05 17:58:36] - [index:   5267] label: (83, 135) pred: (82, 137) delta(pixel): 3
[2022-02-05 17:58:36] - [index:   5268] label: (96, 148) pred: (95, 150) delta(pixel): 2
[2022-02-05 17:58:36] - [index:   5269] label: (91, 152) pred: (89, 154) delta(pixel): 3
[2022-02-05 17:58:36] - [index:   5270] label: (130, 158) pred: (131, 160) delta(pixel): 2
[2022-02-05 17:58:36] - [index:   5271] label: (98, 130) pred: (99, 132) delta(pixel): 2
[2022-02-05 17:58:36] - [index:   5272] label: (94, 164) pred: (93, 166) delta(pixel): 2
[2022-02-05 17:58:36] - [index:   5273] label: (82, 123) pred: (81, 125) delta(pixel): 3
[2022-02-05 17:58:36] - [index:   5274] label: (160, 192) pred: (161, 195) delta(pixel): 4
[2022-02-05 17:58:36] - [index:   5275] label: (59, 103) pred: (58, 105) delta(pixel): 2
[2022-02-05 17:58:36] - [index:   5276] label: (79, 132) pred: (77, 132) delta(pixel): 2
[2022-02-05 17:58:36] - [index:   5277] label: (126, 176) pred: (126, 178) delta(pixel): 2
[2022-02-05 17:58:36] - [index:   5278] label: (85, 138) pred: (84, 139) delta(pixel): 2
[2022-02-05 17:58:36] - [index:   5279] label: (134, 163) pred: (134, 164) delta(pixel): 1
[2022-02-05 17:58:36] - [index:   5280] label: (81, 117) pred: (81, 118) delta(pixel): 1
[2022-02-05 17:58:36] - [index:   5281] label: (106, 136) pred: (105, 137) delta(pixel): 1
[2022-02-05 17:58:36] - [index:   5282] label: (132, 174) pred: (131, 176) delta(pixel): 2
[2022-02-05 17:58:36] - [index:   5283] label: (110, 170) pred: (110, 172) delta(pixel): 2
[2022-02-05 17:58:36] - [index:   5284] label: (91, 126) pred: (91, 127) delta(pixel): 1
[2022-02-05 17:58:36] - [index:   5285] label: (74, 117) pred: (73, 119) delta(pixel): 3
[2022-02-05 17:58:36] - [index:   5286] label: (77, 125) pred: (76, 126) delta(pixel): 2
[2022-02-05 17:58:36] - [index:   5287] label: (103, 136) pred: (104, 139) delta(pixel): 3
[2022-02-05 17:58:36] - [index:   5288] label: (129, 172) pred: (129, 174) delta(pixel): 1
[2022-02-05 17:58:36] - [index:   5289] label: (111, 150) pred: (110, 151) delta(pixel): 2
[2022-02-05 17:58:36] - [index:   5290] label: (154, 190) pred: (154, 191) delta(pixel): 1
[2022-02-05 17:58:36] - [index:   5291] label: (104, 153) pred: (104, 155) delta(pixel): 1
[2022-02-05 17:58:36] - [index:   5292] label: (113, 178) pred: (113, 180) delta(pixel): 2
[2022-02-05 17:58:36] - [index:   5293] label: (83, 125) pred: (82, 128) delta(pixel): 3
[2022-02-05 17:58:36] - [index:   5294] label: (134, 162) pred: (134, 163) delta(pixel): 1
[2022-02-05 17:58:36] - [index:   5295] label: (164, 196) pred: (164, 198) delta(pixel): 3
[2022-02-05 17:58:36] - [index:   5296] label: (90, 131) pred: (90, 132) delta(pixel): 1
[2022-02-05 17:58:36] - [index:   5297] label: (92, 145) pred: (91, 146) delta(pixel): 2
[2022-02-05 17:58:36] - [index:   5298] label: (66, 107) pred: (65, 108) delta(pixel): 2
[2022-02-05 17:58:36] - [index:   5299] label: (147, 184) pred: (147, 186) delta(pixel): 1
[2022-02-05 17:58:36] - [index:   5300] label: (94, 130) pred: (94, 132) delta(pixel): 2
[2022-02-05 17:58:36] - [index:   5301] label: (112, 141) pred: (113, 143) delta(pixel): 2
[2022-02-05 17:58:37] - [index:   5302] label: (137, 169) pred: (137, 171) delta(pixel): 2
[2022-02-05 17:58:37] - [index:   5303] label: (135, 184) pred: (135, 186) delta(pixel): 1
[2022-02-05 17:58:37] - [index:   5304] label: (87, 131) pred: (86, 131) delta(pixel): 1
[2022-02-05 17:58:37] - [index:   5305] label: (129, 161) pred: (128, 161) delta(pixel): 0
[2022-02-05 17:58:37] - [index:   5306] label: (117, 147) pred: (117, 148) delta(pixel): 1
[2022-02-05 17:58:37] - [index:   5307] label: (117, 166) pred: (117, 167) delta(pixel): 1
[2022-02-05 17:58:37] - [index:   5308] label: (98, 159) pred: (98, 162) delta(pixel): 3
[2022-02-05 17:58:37] - [index:   5309] label: (129, 170) pred: (129, 170) delta(pixel): 0
[2022-02-05 17:58:37] - [index:   5310] label: (156, 191) pred: (157, 193) delta(pixel): 3
[2022-02-05 17:58:37] - [index:   5311] label: (124, 157) pred: (124, 158) delta(pixel): 1
[2022-02-05 17:58:37] - [index:   5312] label: (119, 149) pred: (119, 151) delta(pixel): 2
[2022-02-05 17:58:37] - [index:   5313] label: (119, 158) pred: (118, 159) delta(pixel): 2
[2022-02-05 17:58:37] - [index:   5314] label: (161, 193) pred: (162, 195) delta(pixel): 3
[2022-02-05 17:58:37] - [index:   5315] label: (101, 164) pred: (100, 167) delta(pixel): 3
[2022-02-05 17:58:37] - [index:   5316] label: (156, 190) pred: (157, 192) delta(pixel): 2
[2022-02-05 17:58:37] - [index:   5317] label: (118, 150) pred: (118, 151) delta(pixel): 1
[2022-02-05 17:58:37] - [index:   5318] label: (59, 98) pred: (59, 100) delta(pixel): 2
[2022-02-05 17:58:37] - [index:   5319] label: (117, 147) pred: (118, 148) delta(pixel): 1
[2022-02-05 17:58:37] - [index:   5320] label: (139, 171) pred: (138, 173) delta(pixel): 2
[2022-02-05 17:58:37] - [index:   5321] label: (164, 196) pred: (164, 198) delta(pixel): 2
[2022-02-05 17:58:37] - [index:   5322] label: (111, 146) pred: (110, 148) delta(pixel): 2
[2022-02-05 17:58:37] - [index:   5323] label: (88, 126) pred: (88, 127) delta(pixel): 2
[2022-02-05 17:58:37] - [index:   5324] label: (114, 160) pred: (114, 162) delta(pixel): 1
[2022-02-05 17:58:37] - [index:   5325] label: (149, 185) pred: (150, 187) delta(pixel): 2
[2022-02-05 17:58:37] - [index:   5326] label: (97, 135) pred: (97, 137) delta(pixel): 1
[2022-02-05 17:58:37] - [index:   5327] label: (171, 209) pred: (170, 209) delta(pixel): 0
[2022-02-05 17:58:37] - [index:   5328] label: (84, 123) pred: (83, 124) delta(pixel): 2
[2022-02-05 17:58:37] - [index:   5329] label: (95, 143) pred: (95, 145) delta(pixel): 1
[2022-02-05 17:58:37] - [index:   5330] label: (111, 142) pred: (111, 144) delta(pixel): 1
[2022-02-05 17:58:37] - [index:   5331] label: (135, 161) pred: (135, 162) delta(pixel): 0
[2022-02-05 17:58:37] - [index:   5332] label: (145, 188) pred: (145, 190) delta(pixel): 2
[2022-02-05 17:58:37] - [index:   5333] label: (98, 142) pred: (98, 143) delta(pixel): 1
[2022-02-05 17:58:37] - [index:   5334] label: (116, 155) pred: (116, 157) delta(pixel): 2
[2022-02-05 17:58:37] - [index:   5335] label: (87, 128) pred: (87, 130) delta(pixel): 1
[2022-02-05 17:58:37] - [index:   5336] label: (85, 131) pred: (84, 132) delta(pixel): 2
[2022-02-05 17:58:37] - [index:   5337] label: (102, 134) pred: (102, 136) delta(pixel): 2
[2022-02-05 17:58:37] - [index:   5338] label: (167, 203) pred: (168, 205) delta(pixel): 2
[2022-02-05 17:58:37] - [index:   5339] label: (96, 128) pred: (96, 130) delta(pixel): 1
[2022-02-05 17:58:37] - [index:   5340] label: (78, 120) pred: (77, 122) delta(pixel): 2
[2022-02-05 17:58:37] - [index:   5341] label: (70, 110) pred: (69, 112) delta(pixel): 2
[2022-02-05 17:58:37] - [index:   5342] label: (134, 163) pred: (135, 164) delta(pixel): 1
[2022-02-05 17:58:37] - [index:   5343] label: (126, 168) pred: (125, 169) delta(pixel): 2
[2022-02-05 17:58:37] - [index:   5344] label: (141, 180) pred: (141, 182) delta(pixel): 2
[2022-02-05 17:58:37] - [index:   5345] label: (134, 164) pred: (134, 165) delta(pixel): 1
[2022-02-05 17:58:37] - [index:   5346] label: (82, 117) pred: (82, 118) delta(pixel): 1
[2022-02-05 17:58:37] - [index:   5347] label: (78, 120) pred: (77, 122) delta(pixel): 3
[2022-02-05 17:58:37] - [index:   5348] label: (105, 147) pred: (105, 149) delta(pixel): 1
[2022-02-05 17:58:37] - [index:   5349] label: (75, 125) pred: (74, 128) delta(pixel): 3
[2022-02-05 17:58:37] - [index:   5350] label: (70, 110) pred: (69, 112) delta(pixel): 3
[2022-02-05 17:58:37] - [index:   5351] label: (128, 159) pred: (129, 159) delta(pixel): 1
[2022-02-05 17:58:37] - [index:   5352] label: (116, 144) pred: (116, 145) delta(pixel): 1
[2022-02-05 17:58:37] - [index:   5353] label: (103, 149) pred: (102, 150) delta(pixel): 1
[2022-02-05 17:58:37] - [index:   5354] label: (140, 168) pred: (140, 169) delta(pixel): 1
[2022-02-05 17:58:37] - [index:   5355] label: (107, 141) pred: (106, 142) delta(pixel): 2
[2022-02-05 17:58:37] - [index:   5356] label: (110, 139) pred: (109, 141) delta(pixel): 2
[2022-02-05 17:58:37] - [index:   5357] label: (157, 202) pred: (157, 203) delta(pixel): 1
[2022-02-05 17:58:37] - [index:   5358] label: (165, 197) pred: (165, 200) delta(pixel): 3
[2022-02-05 17:58:37] - [index:   5359] label: (80, 140) pred: (79, 141) delta(pixel): 2
[2022-02-05 17:58:37] - [index:   5360] label: (169, 206) pred: (169, 207) delta(pixel): 0
[2022-02-05 17:58:37] - [index:   5361] label: (145, 186) pred: (144, 187) delta(pixel): 2
[2022-02-05 17:58:37] - [index:   5362] label: (74, 117) pred: (73, 118) delta(pixel): 2
[2022-02-05 17:58:37] - [index:   5363] label: (122, 183) pred: (121, 185) delta(pixel): 2
[2022-02-05 17:58:37] - [index:   5364] label: (100, 135) pred: (99, 136) delta(pixel): 1
[2022-02-05 17:58:37] - [index:   5365] label: (109, 147) pred: (109, 149) delta(pixel): 1
[2022-02-05 17:58:37] - [index:   5366] label: (99, 132) pred: (99, 134) delta(pixel): 2
[2022-02-05 17:58:37] - [index:   5367] label: (143, 179) pred: (143, 181) delta(pixel): 2
[2022-02-05 17:58:37] - [index:   5368] label: (59, 103) pred: (58, 105) delta(pixel): 2
[2022-02-05 17:58:37] - [index:   5369] label: (132, 163) pred: (132, 164) delta(pixel): 1
[2022-02-05 17:58:37] - [index:   5370] label: (61, 105) pred: (60, 106) delta(pixel): 1
[2022-02-05 17:58:37] - [index:   5371] label: (96, 148) pred: (96, 149) delta(pixel): 2
[2022-02-05 17:58:37] - [index:   5372] label: (108, 149) pred: (108, 151) delta(pixel): 2
[2022-02-05 17:58:37] - [index:   5373] label: (167, 203) pred: (167, 205) delta(pixel): 1
[2022-02-05 17:58:37] - [index:   5374] label: (132, 160) pred: (132, 161) delta(pixel): 1
[2022-02-05 17:58:37] - [index:   5375] label: (121, 164) pred: (121, 166) delta(pixel): 1
[2022-02-05 17:58:37] - [index:   5376] label: (127, 155) pred: (127, 156) delta(pixel): 1
[2022-02-05 17:58:37] - [index:   5377] label: (129, 165) pred: (128, 167) delta(pixel): 2
[2022-02-05 17:58:37] - [index:   5378] label: (118, 159) pred: (118, 161) delta(pixel): 2
[2022-02-05 17:58:37] - [index:   5379] label: (138, 175) pred: (137, 176) delta(pixel): 1
[2022-02-05 17:58:37] - [index:   5380] label: (134, 173) pred: (134, 175) delta(pixel): 1
[2022-02-05 17:58:37] - [index:   5381] label: (173, 207) pred: (172, 208) delta(pixel): 3
[2022-02-05 17:58:37] - [index:   5382] label: (128, 155) pred: (128, 156) delta(pixel): 1
[2022-02-05 17:58:37] - [index:   5383] label: (116, 144) pred: (116, 146) delta(pixel): 1
[2022-02-05 17:58:37] - [index:   5384] label: (100, 151) pred: (99, 152) delta(pixel): 2
[2022-02-05 17:58:37] - [index:   5385] label: (125, 151) pred: (125, 152) delta(pixel): 1
[2022-02-05 17:58:37] - [index:   5386] label: (90, 141) pred: (89, 143) delta(pixel): 2
[2022-02-05 17:58:37] - [index:   5387] label: (139, 171) pred: (139, 173) delta(pixel): 2
[2022-02-05 17:58:37] - [index:   5388] label: (93, 136) pred: (92, 138) delta(pixel): 2
[2022-02-05 17:58:37] - [index:   5389] label: (165, 198) pred: (165, 201) delta(pixel): 2
[2022-02-05 17:58:37] - [index:   5390] label: (85, 148) pred: (84, 149) delta(pixel): 2
[2022-02-05 17:58:37] - [index:   5391] label: (122, 157) pred: (121, 158) delta(pixel): 2
[2022-02-05 17:58:37] - [index:   5392] label: (136, 175) pred: (135, 176) delta(pixel): 2
[2022-02-05 17:58:37] - [index:   5393] label: (123, 152) pred: (123, 153) delta(pixel): 1
[2022-02-05 17:58:37] - [index:   5394] label: (135, 182) pred: (134, 183) delta(pixel): 2
[2022-02-05 17:58:37] - [index:   5395] label: (69, 108) pred: (66, 109) delta(pixel): 3
[2022-02-05 17:58:37] - [index:   5396] label: (155, 188) pred: (156, 190) delta(pixel): 2
[2022-02-05 17:58:37] - [index:   5397] label: (143, 181) pred: (142, 182) delta(pixel): 1
[2022-02-05 17:58:37] - [index:   5398] label: (130, 156) pred: (130, 157) delta(pixel): 1
[2022-02-05 17:58:37] - [index:   5399] label: (143, 172) pred: (143, 174) delta(pixel): 1
[2022-02-05 17:58:37] - [index:   5400] label: (143, 179) pred: (143, 181) delta(pixel): 2
[2022-02-05 17:58:37] - [index:   5401] label: (142, 177) pred: (142, 179) delta(pixel): 1
[2022-02-05 17:58:37] - [index:   5402] label: (158, 190) pred: (159, 193) delta(pixel): 3
[2022-02-05 17:58:37] - [index:   5403] label: (100, 135) pred: (99, 136) delta(pixel): 2
[2022-02-05 17:58:37] - [index:   5404] label: (139, 189) pred: (138, 191) delta(pixel): 2
[2022-02-05 17:58:37] - [index:   5405] label: (130, 157) pred: (131, 159) delta(pixel): 2
[2022-02-05 17:58:37] - [index:   5406] label: (104, 143) pred: (103, 145) delta(pixel): 2
[2022-02-05 17:58:37] - [index:   5407] label: (96, 148) pred: (95, 149) delta(pixel): 2
[2022-02-05 17:58:37] - [index:   5408] label: (79, 125) pred: (79, 126) delta(pixel): 2
[2022-02-05 17:58:37] - [index:   5409] label: (132, 175) pred: (131, 177) delta(pixel): 1
[2022-02-05 17:58:37] - [index:   5410] label: (83, 139) pred: (82, 141) delta(pixel): 2
[2022-02-05 17:58:37] - [index:   5411] label: (96, 136) pred: (95, 138) delta(pixel): 2
[2022-02-05 17:58:37] - [index:   5412] label: (150, 187) pred: (151, 190) delta(pixel): 2
[2022-02-05 17:58:37] - [index:   5413] label: (129, 168) pred: (128, 168) delta(pixel): 0
[2022-02-05 17:58:37] - [index:   5414] label: (160, 192) pred: (161, 195) delta(pixel): 4
[2022-02-05 17:58:37] - [index:   5415] label: (130, 155) pred: (130, 157) delta(pixel): 2
[2022-02-05 17:58:37] - [index:   5416] label: (129, 184) pred: (129, 186) delta(pixel): 2
[2022-02-05 17:58:37] - [index:   5417] label: (175, 210) pred: (173, 208) delta(pixel): 4
[2022-02-05 17:58:37] - [index:   5418] label: (154, 190) pred: (154, 192) delta(pixel): 1
[2022-02-05 17:58:37] - [index:   5419] label: (119, 174) pred: (118, 177) delta(pixel): 3
[2022-02-05 17:58:37] - [index:   5420] label: (142, 171) pred: (142, 173) delta(pixel): 1
[2022-02-05 17:58:37] - [index:   5421] label: (153, 191) pred: (153, 193) delta(pixel): 1
[2022-02-05 17:58:37] - [index:   5422] label: (105, 139) pred: (105, 141) delta(pixel): 2
[2022-02-05 17:58:37] - [index:   5423] label: (87, 123) pred: (86, 125) delta(pixel): 2
[2022-02-05 17:58:37] - [index:   5424] label: (110, 161) pred: (109, 163) delta(pixel): 1
[2022-02-05 17:58:37] - [index:   5425] label: (160, 201) pred: (161, 203) delta(pixel): 1
[2022-02-05 17:58:37] - [index:   5426] label: (114, 162) pred: (113, 163) delta(pixel): 1
[2022-02-05 17:58:37] - [index:   5427] label: (82, 123) pred: (81, 124) delta(pixel): 2
[2022-02-05 17:58:37] - [index:   5428] label: (116, 149) pred: (115, 150) delta(pixel): 1
[2022-02-05 17:58:37] - [index:   5429] label: (123, 168) pred: (123, 169) delta(pixel): 1
[2022-02-05 17:58:37] - [index:   5430] label: (133, 167) pred: (133, 168) delta(pixel): 0
[2022-02-05 17:58:37] - [index:   5431] label: (117, 180) pred: (117, 182) delta(pixel): 2
[2022-02-05 17:58:37] - [index:   5432] label: (170, 203) pred: (170, 206) delta(pixel): 2
[2022-02-05 17:58:37] - [index:   5433] label: (74, 111) pred: (73, 113) delta(pixel): 2
[2022-02-05 17:58:37] - [index:   5434] label: (159, 197) pred: (160, 199) delta(pixel): 3
[2022-02-05 17:58:37] - [index:   5435] label: (75, 125) pred: (74, 128) delta(pixel): 3
[2022-02-05 17:58:37] - [index:   5436] label: (116, 150) pred: (115, 151) delta(pixel): 1
[2022-02-05 17:58:37] - [index:   5437] label: (71, 114) pred: (69, 115) delta(pixel): 2
[2022-02-05 17:58:37] - [index:   5438] label: (148, 179) pred: (148, 181) delta(pixel): 2
[2022-02-05 17:58:37] - [index:   5439] label: (82, 123) pred: (81, 124) delta(pixel): 1
[2022-02-05 17:58:37] - [index:   5440] label: (151, 180) pred: (151, 182) delta(pixel): 2
[2022-02-05 17:58:37] - [index:   5441] label: (138, 186) pred: (137, 188) delta(pixel): 3
[2022-02-05 17:58:37] - [index:   5442] label: (132, 159) pred: (132, 160) delta(pixel): 1
[2022-02-05 17:58:37] - [index:   5443] label: (76, 114) pred: (74, 115) delta(pixel): 2
[2022-02-05 17:58:37] - [index:   5444] label: (98, 159) pred: (98, 163) delta(pixel): 4
[2022-02-05 17:58:37] - [index:   5445] label: (173, 207) pred: (172, 208) delta(pixel): 3
[2022-02-05 17:58:37] - [index:   5446] label: (95, 133) pred: (94, 135) delta(pixel): 2
[2022-02-05 17:58:37] - [index:   5447] label: (125, 156) pred: (124, 156) delta(pixel): 0
[2022-02-05 17:58:37] - [index:   5448] label: (132, 159) pred: (132, 161) delta(pixel): 1
[2022-02-05 17:58:37] - [index:   5449] label: (168, 202) pred: (168, 204) delta(pixel): 2
[2022-02-05 17:58:37] - [index:   5450] label: (117, 180) pred: (117, 183) delta(pixel): 2
[2022-02-05 17:58:37] - [index:   5451] label: (146, 191) pred: (146, 192) delta(pixel): 1
[2022-02-05 17:58:37] - [index:   5452] label: (118, 161) pred: (117, 162) delta(pixel): 1
[2022-02-05 17:58:37] - [index:   5453] label: (172, 210) pred: (171, 209) delta(pixel): 1
[2022-02-05 17:58:37] - [index:   5454] label: (99, 152) pred: (98, 154) delta(pixel): 2
[2022-02-05 17:58:37] - [index:   5455] label: (78, 120) pred: (77, 122) delta(pixel): 2
[2022-02-05 17:58:37] - [index:   5456] label: (132, 163) pred: (132, 165) delta(pixel): 1
[2022-02-05 17:58:37] - [index:   5457] label: (94, 164) pred: (93, 165) delta(pixel): 2
[2022-02-05 17:58:37] - [index:   5458] label: (120, 154) pred: (120, 156) delta(pixel): 2
[2022-02-05 17:58:37] - [index:   5459] label: (82, 117) pred: (82, 119) delta(pixel): 1
[2022-02-05 17:58:37] - [index:   5460] label: (126, 174) pred: (125, 176) delta(pixel): 2
[2022-02-05 17:58:37] - [index:   5461] label: (76, 132) pred: (74, 133) delta(pixel): 3
[2022-02-05 17:58:37] - [index:   5462] label: (140, 176) pred: (139, 177) delta(pixel): 1
[2022-02-05 17:58:37] - [index:   5463] label: (116, 157) pred: (115, 159) delta(pixel): 1
[2022-02-05 17:58:37] - [index:   5464] label: (87, 128) pred: (87, 130) delta(pixel): 1
[2022-02-05 17:58:37] - [index:   5465] label: (131, 168) pred: (130, 170) delta(pixel): 2
[2022-02-05 17:58:37] - [index:   5466] label: (148, 192) pred: (148, 194) delta(pixel): 2
[2022-02-05 17:58:37] - [index:   5467] label: (132, 158) pred: (132, 159) delta(pixel): 1
[2022-02-05 17:58:37] - [index:   5468] label: (135, 179) pred: (134, 181) delta(pixel): 2
[2022-02-05 17:58:37] - [index:   5469] label: (111, 146) pred: (109, 148) delta(pixel): 2
[2022-02-05 17:58:37] - [index:   5470] label: (155, 196) pred: (156, 198) delta(pixel): 2
[2022-02-05 17:58:37] - [index:   5471] label: (129, 160) pred: (129, 161) delta(pixel): 1
[2022-02-05 17:58:37] - [index:   5472] label: (125, 154) pred: (124, 154) delta(pixel): 1
[2022-02-05 17:58:37] - [index:   5473] label: (82, 121) pred: (82, 122) delta(pixel): 1
[2022-02-05 17:58:37] - [index:   5474] label: (74, 128) pred: (73, 130) delta(pixel): 3
[2022-02-05 17:58:37] - [index:   5475] label: (142, 177) pred: (142, 179) delta(pixel): 2
[2022-02-05 17:58:37] - [index:   5476] label: (101, 164) pred: (101, 167) delta(pixel): 3
[2022-02-05 17:58:37] - [index:   5477] label: (138, 183) pred: (137, 185) delta(pixel): 2
[2022-02-05 17:58:37] - [index:   5478] label: (130, 155) pred: (130, 157) delta(pixel): 1
[2022-02-05 17:58:37] - [index:   5479] label: (154, 186) pred: (155, 188) delta(pixel): 2
[2022-02-05 17:58:37] - [index:   5480] label: (79, 115) pred: (80, 117) delta(pixel): 3
[2022-02-05 17:58:37] - [index:   5481] label: (106, 136) pred: (106, 137) delta(pixel): 1
[2022-02-05 17:58:37] - [index:   5482] label: (91, 126) pred: (91, 127) delta(pixel): 1
[2022-02-05 17:58:37] - [index:   5483] label: (82, 121) pred: (81, 122) delta(pixel): 1
[2022-02-05 17:58:37] - [index:   5484] label: (137, 179) pred: (136, 180) delta(pixel): 1
[2022-02-05 17:58:37] - [index:   5485] label: (150, 184) pred: (151, 186) delta(pixel): 3
[2022-02-05 17:58:37] - [index:   5486] label: (122, 183) pred: (122, 185) delta(pixel): 2
[2022-02-05 17:58:38] - [index:   5487] label: (109, 154) pred: (108, 156) delta(pixel): 1
[2022-02-05 17:58:38] - [index:   5488] label: (117, 153) pred: (117, 155) delta(pixel): 2
[2022-02-05 17:58:38] - [index:   5489] label: (113, 178) pred: (113, 180) delta(pixel): 2
[2022-02-05 17:58:38] - [index:   5490] label: (98, 132) pred: (98, 134) delta(pixel): 1
[2022-02-05 17:58:38] - [index:   5491] label: (151, 180) pred: (151, 182) delta(pixel): 3
[2022-02-05 17:58:38] - [index:   5492] label: (129, 181) pred: (129, 183) delta(pixel): 2
[2022-02-05 17:58:38] - [index:   5493] label: (76, 114) pred: (75, 115) delta(pixel): 2
[2022-02-05 17:58:38] - [index:   5494] label: (118, 145) pred: (119, 147) delta(pixel): 2
[2022-02-05 17:58:38] - [index:   5495] label: (156, 190) pred: (157, 193) delta(pixel): 3
[2022-02-05 17:58:38] - [index:   5496] label: (90, 126) pred: (89, 127) delta(pixel): 2
[2022-02-05 17:58:38] - [index:   5497] label: (148, 197) pred: (147, 198) delta(pixel): 2
[2022-02-05 17:58:38] - [index:   5498] label: (66, 104) pred: (65, 105) delta(pixel): 2
[2022-02-05 17:58:38] - [index:   5499] label: (149, 182) pred: (150, 185) delta(pixel): 2
[2022-02-05 17:58:38] - [index:   5500] label: (101, 137) pred: (100, 139) delta(pixel): 2
[2022-02-05 17:58:38] - [index:   5501] label: (137, 165) pred: (138, 166) delta(pixel): 1
[2022-02-05 17:58:38] - [index:   5502] label: (110, 147) pred: (110, 149) delta(pixel): 2
[2022-02-05 17:58:38] - [index:   5503] label: (168, 202) pred: (168, 204) delta(pixel): 2
[2022-02-05 17:58:38] - [index:   5504] label: (94, 128) pred: (93, 130) delta(pixel): 2
[2022-02-05 17:58:38] - [index:   5505] label: (88, 147) pred: (87, 149) delta(pixel): 2
[2022-02-05 17:58:38] - [index:   5506] label: (113, 154) pred: (113, 156) delta(pixel): 1
[2022-02-05 17:58:38] - [index:   5507] label: (100, 151) pred: (99, 152) delta(pixel): 2
[2022-02-05 17:58:38] - [index:   5508] label: (121, 150) pred: (121, 151) delta(pixel): 1
[2022-02-05 17:58:38] - [index:   5509] label: (91, 134) pred: (90, 135) delta(pixel): 1
[2022-02-05 17:58:38] - [index:   5510] label: (112, 145) pred: (112, 147) delta(pixel): 2
[2022-02-05 17:58:38] - [index:   5511] label: (74, 117) pred: (73, 119) delta(pixel): 3
[2022-02-05 17:58:38] - [index:   5512] label: (145, 174) pred: (145, 175) delta(pixel): 1
[2022-02-05 17:58:38] - [index:   5513] label: (159, 193) pred: (161, 196) delta(pixel): 4
[2022-02-05 17:58:38] - [index:   5514] label: (171, 207) pred: (170, 208) delta(pixel): 1
[2022-02-05 17:58:38] - [index:   5515] label: (106, 136) pred: (107, 138) delta(pixel): 3
[2022-02-05 17:58:38] - [index:   5516] label: (91, 152) pred: (89, 154) delta(pixel): 3
[2022-02-05 17:58:38] - [index:   5517] label: (104, 136) pred: (104, 138) delta(pixel): 1
[2022-02-05 17:58:38] - [index:   5518] label: (107, 145) pred: (106, 146) delta(pixel): 1
[2022-02-05 17:58:38] - [index:   5519] label: (165, 198) pred: (165, 201) delta(pixel): 3
[2022-02-05 17:58:38] - [index:   5520] label: (74, 128) pred: (73, 131) delta(pixel): 3
[2022-02-05 17:58:38] - [index:   5521] label: (94, 144) pred: (93, 145) delta(pixel): 2
[2022-02-05 17:58:38] - [index:   5522] label: (146, 176) pred: (146, 178) delta(pixel): 1
[2022-02-05 17:58:38] - [index:   5523] label: (116, 157) pred: (115, 158) delta(pixel): 1
[2022-02-05 17:58:38] - [index:   5524] label: (136, 173) pred: (136, 175) delta(pixel): 1
[2022-02-05 17:58:38] - [index:   5525] label: (136, 165) pred: (137, 166) delta(pixel): 1
[2022-02-05 17:58:38] - [index:   5526] label: (130, 160) pred: (130, 160) delta(pixel): 0
[2022-02-05 17:58:38] - [index:   5527] label: (174, 211) pred: (172, 209) delta(pixel): 3
[2022-02-05 17:58:38] - [index:   5528] label: (139, 171) pred: (138, 172) delta(pixel): 1
[2022-02-05 17:58:38] - [index:   5529] label: (90, 141) pred: (89, 143) delta(pixel): 2
[2022-02-05 17:58:38] - [index:   5530] label: (154, 186) pred: (155, 189) delta(pixel): 3
[2022-02-05 17:58:38] - [index:   5531] label: (70, 122) pred: (69, 124) delta(pixel): 3
[2022-02-05 17:58:38] - [index:   5532] label: (165, 207) pred: (165, 207) delta(pixel): 0
[2022-02-05 17:58:38] - [index:   5533] label: (121, 163) pred: (121, 164) delta(pixel): 1
[2022-02-05 17:58:38] - [index:   5534] label: (96, 155) pred: (95, 157) delta(pixel): 3
[2022-02-05 17:58:38] - [index:   5535] label: (101, 134) pred: (100, 136) delta(pixel): 1
[2022-02-05 17:58:38] - [index:   5536] label: (123, 152) pred: (122, 153) delta(pixel): 1
[2022-02-05 17:58:38] - [index:   5537] label: (118, 152) pred: (118, 154) delta(pixel): 1
[2022-02-05 17:58:38] - [index:   5538] label: (144, 174) pred: (144, 175) delta(pixel): 1
[2022-02-05 17:58:38] - [index:   5539] label: (119, 148) pred: (120, 149) delta(pixel): 0
[2022-02-05 17:58:38] - [index:   5540] label: (120, 148) pred: (120, 149) delta(pixel): 2
[2022-02-05 17:58:38] - [index:   5541] label: (70, 110) pred: (69, 112) delta(pixel): 3
[2022-02-05 17:58:38] - [index:   5542] label: (60, 100) pred: (59, 102) delta(pixel): 2
[2022-02-05 17:58:38] - [index:   5543] label: (169, 203) pred: (169, 204) delta(pixel): 1
[2022-02-05 17:58:38] - [index:   5544] label: (142, 177) pred: (143, 179) delta(pixel): 2
[2022-02-05 17:58:38] - [index:   5545] label: (158, 194) pred: (160, 197) delta(pixel): 3
[2022-02-05 17:58:38] - [index:   5546] label: (129, 170) pred: (128, 171) delta(pixel): 1
[2022-02-05 17:58:38] - [index:   5547] label: (68, 109) pred: (66, 110) delta(pixel): 2
[2022-02-05 17:58:38] - [index:   5548] label: (100, 158) pred: (99, 160) delta(pixel): 3
[2022-02-05 17:58:38] - [index:   5549] label: (155, 188) pred: (155, 190) delta(pixel): 2
[2022-02-05 17:58:38] - [index:   5550] label: (103, 149) pred: (103, 150) delta(pixel): 1
[2022-02-05 17:58:38] - [index:   5551] label: (105, 136) pred: (106, 138) delta(pixel): 2
[2022-02-05 17:58:38] - [index:   5552] label: (143, 174) pred: (143, 175) delta(pixel): 2
[2022-02-05 17:58:38] - [index:   5553] label: (118, 150) pred: (118, 151) delta(pixel): 1
[2022-02-05 17:58:38] - [index:   5554] label: (123, 150) pred: (123, 151) delta(pixel): 0
[2022-02-05 17:58:38] - [index:   5555] label: (122, 154) pred: (122, 155) delta(pixel): 1
[2022-02-05 17:58:38] - [index:   5556] label: (155, 189) pred: (155, 190) delta(pixel): 2
[2022-02-05 17:58:38] - [index:   5557] label: (152, 197) pred: (152, 197) delta(pixel): 1
[2022-02-05 17:58:38] - [index:   5558] label: (117, 147) pred: (118, 148) delta(pixel): 2
[2022-02-05 17:58:38] - [index:   5559] label: (70, 122) pred: (68, 123) delta(pixel): 2
[2022-02-05 17:58:38] - [index:   5560] label: (82, 117) pred: (82, 119) delta(pixel): 1
[2022-02-05 17:58:38] - [index:   5561] label: (83, 131) pred: (82, 133) delta(pixel): 2
[2022-02-05 17:58:38] - [index:   5562] label: (119, 174) pred: (118, 177) delta(pixel): 3
[2022-02-05 17:58:38] - [index:   5563] label: (137, 164) pred: (137, 166) delta(pixel): 1
[2022-02-05 17:58:38] - [index:   5564] label: (131, 167) pred: (131, 168) delta(pixel): 1
[2022-02-05 17:58:38] - [index:   5565] label: (70, 122) pred: (69, 124) delta(pixel): 3
[2022-02-05 17:58:38] - [index:   5566] label: (98, 130) pred: (98, 132) delta(pixel): 2
[2022-02-05 17:58:38] - [index:   5567] label: (118, 161) pred: (117, 162) delta(pixel): 1
[2022-02-05 17:58:38] - [index:   5568] label: (76, 120) pred: (75, 122) delta(pixel): 3
[2022-02-05 17:58:38] - [index:   5569] label: (90, 128) pred: (90, 130) delta(pixel): 2
[2022-02-05 17:58:38] - [index:   5570] label: (146, 191) pred: (146, 193) delta(pixel): 2
[2022-02-05 17:58:38] - [index:   5571] label: (98, 130) pred: (97, 132) delta(pixel): 2
[2022-02-05 17:58:38] - [index:   5572] label: (119, 149) pred: (119, 150) delta(pixel): 1
[2022-02-05 17:58:38] - [index:   5573] label: (156, 195) pred: (157, 197) delta(pixel): 3
[2022-02-05 17:58:38] - [index:   5574] label: (91, 134) pred: (90, 135) delta(pixel): 2
[2022-02-05 17:58:38] - [index:   5575] label: (103, 134) pred: (103, 135) delta(pixel): 1
[2022-02-05 17:58:38] - [index:   5576] label: (65, 105) pred: (63, 106) delta(pixel): 2
[2022-02-05 17:58:38] - [index:   5577] label: (149, 181) pred: (149, 183) delta(pixel): 1
[2022-02-05 17:58:38] - [index:   5578] label: (103, 134) pred: (104, 136) delta(pixel): 3
[2022-02-05 17:58:38] - [index:   5579] label: (109, 139) pred: (110, 141) delta(pixel): 1
[2022-02-05 17:58:38] - [index:   5580] label: (154, 184) pred: (154, 186) delta(pixel): 2
[2022-02-05 17:58:38] - [index:   5581] label: (131, 167) pred: (130, 168) delta(pixel): 2
[2022-02-05 17:58:38] - [index:   5582] label: (151, 186) pred: (152, 189) delta(pixel): 3
[2022-02-05 17:58:38] - [index:   5583] label: (96, 139) pred: (96, 140) delta(pixel): 1
[2022-02-05 17:58:38] - [index:   5584] label: (131, 168) pred: (131, 169) delta(pixel): 1
[2022-02-05 17:58:38] - [index:   5585] label: (100, 167) pred: (99, 170) delta(pixel): 3
[2022-02-05 17:58:38] - [index:   5586] label: (106, 138) pred: (106, 141) delta(pixel): 2
[2022-02-05 17:58:38] - [index:   5587] label: (136, 164) pred: (136, 165) delta(pixel): 1
[2022-02-05 17:58:38] - [index:   5588] label: (103, 173) pred: (103, 175) delta(pixel): 2
[2022-02-05 17:58:38] - [index:   5589] label: (90, 126) pred: (89, 127) delta(pixel): 1
[2022-02-05 17:58:38] - [index:   5590] label: (103, 173) pred: (103, 174) delta(pixel): 1
[2022-02-05 17:58:38] - [index:   5591] label: (102, 134) pred: (102, 136) delta(pixel): 2
[2022-02-05 17:58:38] - [index:   5592] label: (117, 180) pred: (117, 182) delta(pixel): 1
[2022-02-05 17:58:38] - [index:   5593] label: (104, 160) pred: (104, 162) delta(pixel): 2
[2022-02-05 17:58:38] - [index:   5594] label: (150, 187) pred: (151, 190) delta(pixel): 3
[2022-02-05 17:58:38] - [index:   5595] label: (143, 186) pred: (142, 188) delta(pixel): 2
[2022-02-05 17:58:38] - [index:   5596] label: (123, 172) pred: (123, 174) delta(pixel): 2
[2022-02-05 17:58:38] - [index:   5597] label: (139, 171) pred: (138, 172) delta(pixel): 1
[2022-02-05 17:58:38] - [index:   5598] label: (118, 161) pred: (117, 161) delta(pixel): 1
[2022-02-05 17:58:38] - [index:   5599] label: (118, 145) pred: (119, 147) delta(pixel): 2
[2022-02-05 17:58:38] - [index:   5600] label: (73, 115) pred: (71, 116) delta(pixel): 2
[2022-02-05 17:58:38] - [index:   5601] label: (153, 191) pred: (153, 193) delta(pixel): 1
[2022-02-05 17:58:38] - [index:   5602] label: (127, 156) pred: (127, 158) delta(pixel): 1
[2022-02-05 17:58:38] - [index:   5603] label: (129, 172) pred: (129, 173) delta(pixel): 1
[2022-02-05 17:58:38] - [index:   5604] label: (172, 210) pred: (171, 209) delta(pixel): 1
[2022-02-05 17:58:38] - [index:   5605] label: (143, 181) pred: (144, 184) delta(pixel): 2
[2022-02-05 17:58:38] - [index:   5606] label: (58, 101) pred: (58, 103) delta(pixel): 2
[2022-02-05 17:58:38] - [index:   5607] label: (82, 123) pred: (81, 124) delta(pixel): 1
[2022-02-05 17:58:38] - [index:   5608] label: (60, 100) pred: (59, 102) delta(pixel): 2
[2022-02-05 17:58:38] - [index:   5609] label: (149, 179) pred: (149, 181) delta(pixel): 2
[2022-02-05 17:58:38] - [index:   5610] label: (126, 172) pred: (125, 173) delta(pixel): 1
[2022-02-05 17:58:38] - [index:   5611] label: (83, 128) pred: (83, 130) delta(pixel): 2
[2022-02-05 17:58:38] - [index:   5612] label: (125, 155) pred: (124, 155) delta(pixel): 0
[2022-02-05 17:58:38] - [index:   5613] label: (147, 182) pred: (146, 183) delta(pixel): 1
[2022-02-05 17:58:38] - [index:   5614] label: (147, 184) pred: (147, 185) delta(pixel): 1
[2022-02-05 17:58:38] - [index:   5615] label: (120, 152) pred: (121, 154) delta(pixel): 2
[2022-02-05 17:58:38] - [index:   5616] label: (130, 157) pred: (130, 158) delta(pixel): 1
[2022-02-05 17:58:38] - [index:   5617] label: (92, 131) pred: (91, 133) delta(pixel): 3
[2022-02-05 17:58:38] - [index:   5618] label: (137, 163) pred: (136, 164) delta(pixel): 1
[2022-02-05 17:58:38] - [index:   5619] label: (121, 149) pred: (122, 151) delta(pixel): 2
[2022-02-05 17:58:38] - [index:   5620] label: (155, 201) pred: (155, 202) delta(pixel): 1
[2022-02-05 17:58:38] - [index:   5621] label: (105, 152) pred: (105, 153) delta(pixel): 1
[2022-02-05 17:58:38] - [index:   5622] label: (57, 99) pred: (57, 101) delta(pixel): 2
[2022-02-05 17:58:38] - [index:   5623] label: (68, 114) pred: (66, 114) delta(pixel): 2
[2022-02-05 17:58:38] - [index:   5624] label: (128, 155) pred: (129, 156) delta(pixel): 1
[2022-02-05 17:58:38] - [index:   5625] label: (63, 110) pred: (62, 112) delta(pixel): 2
[2022-02-05 17:58:38] - [index:   5626] label: (121, 148) pred: (123, 151) delta(pixel): 3
[2022-02-05 17:58:38] - [index:   5627] label: (158, 196) pred: (158, 199) delta(pixel): 3
[2022-02-05 17:58:38] - [index:   5628] label: (121, 149) pred: (122, 151) delta(pixel): 2
[2022-02-05 17:58:38] - [index:   5629] label: (126, 159) pred: (127, 159) delta(pixel): 0
[2022-02-05 17:58:38] - [index:   5630] label: (146, 185) pred: (145, 186) delta(pixel): 2
[2022-02-05 17:58:38] - [index:   5631] label: (117, 154) pred: (117, 155) delta(pixel): 1
[2022-02-05 17:58:38] - [index:   5632] label: (101, 145) pred: (99, 146) delta(pixel): 2
[2022-02-05 17:58:38] - [index:   5633] label: (67, 116) pred: (65, 117) delta(pixel): 3
[2022-02-05 17:58:38] - [index:   5634] label: (141, 169) pred: (140, 170) delta(pixel): 1
[2022-02-05 17:58:38] - [index:   5635] label: (119, 149) pred: (119, 151) delta(pixel): 1
[2022-02-05 17:58:38] - [index:   5636] label: (147, 187) pred: (147, 189) delta(pixel): 1
[2022-02-05 17:58:38] - [index:   5637] label: (101, 145) pred: (99, 146) delta(pixel): 2
[2022-02-05 17:58:38] - [index:   5638] label: (74, 119) pred: (72, 121) delta(pixel): 2
[2022-02-05 17:58:38] - [index:   5639] label: (142, 182) pred: (142, 184) delta(pixel): 2
[2022-02-05 17:58:38] - [index:   5640] label: (112, 144) pred: (113, 146) delta(pixel): 2
[2022-02-05 17:58:38] - [index:   5641] label: (129, 165) pred: (128, 165) delta(pixel): 0
[2022-02-05 17:58:38] - [index:   5642] label: (152, 197) pred: (152, 197) delta(pixel): 0
[2022-02-05 17:58:38] - [index:   5643] label: (114, 143) pred: (113, 144) delta(pixel): 1
[2022-02-05 17:58:38] - [index:   5644] label: (148, 177) pred: (148, 179) delta(pixel): 2
[2022-02-05 17:58:38] - [index:   5645] label: (99, 132) pred: (99, 134) delta(pixel): 2
[2022-02-05 17:58:38] - [index:   5646] label: (147, 184) pred: (148, 185) delta(pixel): 1
[2022-02-05 17:58:38] - [index:   5647] label: (94, 130) pred: (94, 132) delta(pixel): 2
[2022-02-05 17:58:38] - [index:   5648] label: (143, 174) pred: (143, 176) delta(pixel): 2
[2022-02-05 17:58:38] - [index:   5649] label: (122, 155) pred: (122, 156) delta(pixel): 1
[2022-02-05 17:58:38] - [index:   5650] label: (74, 117) pred: (73, 119) delta(pixel): 2
[2022-02-05 17:58:38] - [index:   5651] label: (100, 158) pred: (99, 160) delta(pixel): 3
[2022-02-05 17:58:38] - [index:   5652] label: (112, 141) pred: (113, 143) delta(pixel): 3
[2022-02-05 17:58:38] - [index:   5653] label: (150, 191) pred: (149, 192) delta(pixel): 1
[2022-02-05 17:58:38] - [index:   5654] label: (167, 205) pred: (168, 206) delta(pixel): 0
[2022-02-05 17:58:38] - [index:   5655] label: (118, 152) pred: (117, 154) delta(pixel): 1
[2022-02-05 17:58:38] - [index:   5656] label: (126, 164) pred: (126, 166) delta(pixel): 1
[2022-02-05 17:58:38] - [index:   5657] label: (116, 149) pred: (116, 150) delta(pixel): 1
[2022-02-05 17:58:38] - [index:   5658] label: (122, 159) pred: (121, 160) delta(pixel): 1
[2022-02-05 17:58:38] - [index:   5659] label: (123, 174) pred: (122, 176) delta(pixel): 2
[2022-02-05 17:58:38] - [index:   5660] label: (146, 176) pred: (146, 178) delta(pixel): 2
[2022-02-05 17:58:39] - [index:   5661] label: (169, 204) pred: (169, 206) delta(pixel): 2
[2022-02-05 17:58:39] - [index:   5662] label: (121, 151) pred: (122, 153) delta(pixel): 2
[2022-02-05 17:58:39] - [index:   5663] label: (146, 180) pred: (146, 182) delta(pixel): 2
[2022-02-05 17:58:39] - [index:   5664] label: (135, 163) pred: (136, 164) delta(pixel): 1
[2022-02-05 17:58:39] - [index:   5665] label: (91, 158) pred: (90, 162) delta(pixel): 4
[2022-02-05 17:58:39] - [index:   5666] label: (112, 141) pred: (113, 143) delta(pixel): 3
[2022-02-05 17:58:39] - [index:   5667] label: (93, 128) pred: (92, 130) delta(pixel): 2
[2022-02-05 17:58:39] - [index:   5668] label: (153, 183) pred: (153, 184) delta(pixel): 2
[2022-02-05 17:58:39] - [index:   5669] label: (136, 191) pred: (135, 192) delta(pixel): 2
[2022-02-05 17:58:39] - [index:   5670] label: (85, 119) pred: (85, 121) delta(pixel): 2
[2022-02-05 17:58:39] - [index:   5671] label: (96, 130) pred: (95, 132) delta(pixel): 2
[2022-02-05 17:58:39] - [index:   5672] label: (103, 155) pred: (102, 156) delta(pixel): 2
[2022-02-05 17:58:39] - [index:   5673] label: (70, 110) pred: (69, 112) delta(pixel): 2
[2022-02-05 17:58:39] - [index:   5674] label: (121, 148) pred: (122, 150) delta(pixel): 2
[2022-02-05 17:58:39] - [index:   5675] label: (108, 144) pred: (107, 145) delta(pixel): 1
[2022-02-05 17:58:39] - [index:   5676] label: (162, 195) pred: (163, 198) delta(pixel): 3
[2022-02-05 17:58:39] - [index:   5677] label: (67, 106) pred: (65, 107) delta(pixel): 3
[2022-02-05 17:58:39] - [index:   5678] label: (134, 166) pred: (136, 167) delta(pixel): 1
[2022-02-05 17:58:39] - [index:   5679] label: (80, 140) pred: (79, 141) delta(pixel): 3
[2022-02-05 17:58:39] - [index:   5680] label: (87, 126) pred: (87, 128) delta(pixel): 2
[2022-02-05 17:58:39] - [index:   5681] label: (150, 180) pred: (150, 182) delta(pixel): 2
[2022-02-05 17:58:39] - [index:   5682] label: (144, 175) pred: (145, 177) delta(pixel): 2
[2022-02-05 17:58:39] - [index:   5683] label: (92, 126) pred: (92, 128) delta(pixel): 2
[2022-02-05 17:58:39] - [index:   5684] label: (119, 174) pred: (118, 177) delta(pixel): 3
[2022-02-05 17:58:39] - [index:   5685] label: (112, 157) pred: (112, 159) delta(pixel): 2
[2022-02-05 17:58:39] - [index:   5686] label: (119, 149) pred: (119, 150) delta(pixel): 1
[2022-02-05 17:58:39] - [index:   5687] label: (118, 159) pred: (118, 161) delta(pixel): 2
[2022-02-05 17:58:39] - [index:   5688] label: (118, 150) pred: (118, 151) delta(pixel): 1
[2022-02-05 17:58:39] - [index:   5689] label: (86, 143) pred: (84, 145) delta(pixel): 3
[2022-02-05 17:58:39] - [index:   5690] label: (81, 132) pred: (80, 133) delta(pixel): 2
[2022-02-05 17:58:39] - [index:   5691] label: (59, 98) pred: (59, 101) delta(pixel): 3
[2022-02-05 17:58:39] - [index:   5692] label: (88, 153) pred: (87, 157) delta(pixel): 4
[2022-02-05 17:58:39] - [index:   5693] label: (165, 197) pred: (165, 200) delta(pixel): 3
[2022-02-05 17:58:39] - [index:   5694] label: (104, 153) pred: (104, 155) delta(pixel): 1
[2022-02-05 17:58:39] - [index:   5695] label: (158, 188) pred: (158, 191) delta(pixel): 3
[2022-02-05 17:58:39] - [index:   5696] label: (69, 112) pred: (67, 113) delta(pixel): 3
[2022-02-05 17:58:39] - [index:   5697] label: (64, 103) pred: (63, 105) delta(pixel): 2
[2022-02-05 17:58:39] - [index:   5698] label: (126, 182) pred: (125, 184) delta(pixel): 2
[2022-02-05 17:58:39] - [index:   5699] label: (111, 145) pred: (110, 147) delta(pixel): 2
[2022-02-05 17:58:39] - [index:   5700] label: (106, 138) pred: (106, 140) delta(pixel): 2
[2022-02-05 17:58:39] - [index:   5701] label: (99, 138) pred: (98, 139) delta(pixel): 1
[2022-02-05 17:58:39] - [index:   5702] label: (132, 160) pred: (132, 162) delta(pixel): 1
[2022-02-05 17:58:39] - [index:   5703] label: (122, 180) pred: (121, 182) delta(pixel): 3
[2022-02-05 17:58:39] - [index:   5704] label: (132, 183) pred: (132, 185) delta(pixel): 2
[2022-02-05 17:58:39] - [index:   5705] label: (154, 190) pred: (154, 191) delta(pixel): 1
[2022-02-05 17:58:39] - [index:   5706] label: (114, 143) pred: (113, 144) delta(pixel): 1
[2022-02-05 17:58:39] - [index:   5707] label: (174, 211) pred: (172, 209) delta(pixel): 3
[2022-02-05 17:58:39] - [index:   5708] label: (106, 159) pred: (105, 160) delta(pixel): 2
[2022-02-05 17:58:39] - [index:   5709] label: (117, 148) pred: (116, 149) delta(pixel): 1
[2022-02-05 17:58:39] - [index:   5710] label: (112, 149) pred: (111, 150) delta(pixel): 1
[2022-02-05 17:58:39] - [index:   5711] label: (125, 153) pred: (124, 154) delta(pixel): 1
[2022-02-05 17:58:39] - [index:   5712] label: (78, 120) pred: (77, 122) delta(pixel): 2
[2022-02-05 17:58:39] - [index:   5713] label: (165, 200) pred: (165, 202) delta(pixel): 2
[2022-02-05 17:58:39] - [index:   5714] label: (139, 192) pred: (139, 194) delta(pixel): 2
[2022-02-05 17:58:39] - [index:   5715] label: (89, 137) pred: (89, 138) delta(pixel): 1
[2022-02-05 17:58:39] - [index:   5716] label: (83, 144) pred: (81, 147) delta(pixel): 4
[2022-02-05 17:58:39] - [index:   5717] label: (160, 195) pred: (161, 198) delta(pixel): 4
[2022-02-05 17:58:39] - [index:   5718] label: (153, 191) pred: (153, 193) delta(pixel): 2
[2022-02-05 17:58:39] - [index:   5719] label: (84, 119) pred: (83, 121) delta(pixel): 2
[2022-02-05 17:58:39] - [index:   5720] label: (82, 125) pred: (81, 128) delta(pixel): 3
[2022-02-05 17:58:39] - [index:   5721] label: (133, 166) pred: (132, 166) delta(pixel): 0
[2022-02-05 17:58:39] - [index:   5722] label: (116, 149) pred: (116, 150) delta(pixel): 1
[2022-02-05 17:58:39] - [index:   5723] label: (152, 186) pred: (153, 188) delta(pixel): 3
[2022-02-05 17:58:39] - [index:   5724] label: (115, 170) pred: (116, 172) delta(pixel): 2
[2022-02-05 17:58:39] - [index:   5725] label: (72, 125) pred: (71, 128) delta(pixel): 3
[2022-02-05 17:58:39] - [index:   5726] label: (137, 181) pred: (137, 183) delta(pixel): 2
[2022-02-05 17:58:39] - [index:   5727] label: (137, 169) pred: (136, 169) delta(pixel): 0
[2022-02-05 17:58:39] - [index:   5728] label: (111, 158) pred: (111, 160) delta(pixel): 2
[2022-02-05 17:58:39] - [index:   5729] label: (151, 182) pred: (151, 184) delta(pixel): 2
[2022-02-05 17:58:39] - [index:   5730] label: (121, 152) pred: (121, 153) delta(pixel): 2
[2022-02-05 17:58:39] - [index:   5731] label: (160, 203) pred: (159, 204) delta(pixel): 1
[2022-02-05 17:58:39] - [index:   5732] label: (105, 147) pred: (104, 148) delta(pixel): 2
[2022-02-05 17:58:39] - [index:   5733] label: (89, 128) pred: (88, 129) delta(pixel): 1
[2022-02-05 17:58:39] - [index:   5734] label: (145, 188) pred: (145, 190) delta(pixel): 1
[2022-02-05 17:58:39] - [index:   5735] label: (71, 114) pred: (69, 115) delta(pixel): 2
[2022-02-05 17:58:39] - [index:   5736] label: (151, 180) pred: (151, 183) delta(pixel): 3
[2022-02-05 17:58:39] - [index:   5737] label: (97, 135) pred: (96, 137) delta(pixel): 2
[2022-02-05 17:58:39] - [index:   5738] label: (138, 183) pred: (137, 185) delta(pixel): 2
[2022-02-05 17:58:39] - [index:   5739] label: (156, 199) pred: (157, 201) delta(pixel): 2
[2022-02-05 17:58:39] - [index:   5740] label: (108, 144) pred: (108, 145) delta(pixel): 1
[2022-02-05 17:58:39] - [index:   5741] label: (149, 179) pred: (149, 181) delta(pixel): 2
[2022-02-05 17:58:39] - [index:   5742] label: (103, 134) pred: (104, 136) delta(pixel): 3
[2022-02-05 17:58:39] - [index:   5743] label: (117, 147) pred: (116, 148) delta(pixel): 1
[2022-02-05 17:58:39] - [index:   5744] label: (69, 108) pred: (67, 109) delta(pixel): 2
[2022-02-05 17:58:39] - [index:   5745] label: (142, 173) pred: (142, 175) delta(pixel): 2
[2022-02-05 17:58:39] - [index:   5746] label: (145, 174) pred: (145, 176) delta(pixel): 2
[2022-02-05 17:58:39] - [index:   5747] label: (130, 157) pred: (131, 160) delta(pixel): 3
[2022-02-05 17:58:39] - [index:   5748] label: (157, 202) pred: (157, 204) delta(pixel): 1
[2022-02-05 17:58:39] - [index:   5749] label: (128, 154) pred: (129, 155) delta(pixel): 1
[2022-02-05 17:58:39] - [index:   5750] label: (115, 170) pred: (115, 172) delta(pixel): 2
[2022-02-05 17:58:39] - [index:   5751] label: (66, 111) pred: (64, 112) delta(pixel): 3
[2022-02-05 17:58:39] - [index:   5752] label: (162, 195) pred: (163, 197) delta(pixel): 3
[2022-02-05 17:58:39] - [index:   5753] label: (66, 104) pred: (65, 105) delta(pixel): 2
[2022-02-05 17:58:39] - [index:   5754] label: (62, 101) pred: (63, 105) delta(pixel): 4
[2022-02-05 17:58:39] - [index:   5755] label: (153, 183) pred: (154, 185) delta(pixel): 3
[2022-02-05 17:58:39] - [index:   5756] label: (147, 187) pred: (147, 189) delta(pixel): 1
[2022-02-05 17:58:39] - [index:   5757] label: (95, 128) pred: (96, 131) delta(pixel): 3
[2022-02-05 17:58:39] - [index:   5758] label: (81, 117) pred: (81, 119) delta(pixel): 2
[2022-02-05 17:58:39] - [index:   5759] label: (141, 188) pred: (140, 190) delta(pixel): 3
[2022-02-05 17:58:39] - [index:   5760] label: (119, 149) pred: (119, 150) delta(pixel): 1
[2022-02-05 17:58:39] - [index:   5761] label: (98, 135) pred: (97, 136) delta(pixel): 1
[2022-02-05 17:58:39] - [index:   5762] label: (124, 165) pred: (123, 167) delta(pixel): 2
[2022-02-05 17:58:39] - [index:   5763] label: (136, 175) pred: (135, 176) delta(pixel): 1
[2022-02-05 17:58:39] - [index:   5764] label: (145, 178) pred: (146, 180) delta(pixel): 2
[2022-02-05 17:58:39] - [index:   5765] label: (113, 149) pred: (111, 150) delta(pixel): 2
[2022-02-05 17:58:39] - [index:   5766] label: (161, 194) pred: (162, 197) delta(pixel): 3
[2022-02-05 17:58:39] - [index:   5767] label: (151, 193) pred: (150, 195) delta(pixel): 2
[2022-02-05 17:58:39] - [index:   5768] label: (166, 202) pred: (166, 204) delta(pixel): 2
[2022-02-05 17:58:39] - [index:   5769] label: (147, 178) pred: (146, 180) delta(pixel): 1
[2022-02-05 17:58:39] - [index:   5770] label: (91, 152) pred: (89, 154) delta(pixel): 3
[2022-02-05 17:58:39] - [index:   5771] label: (141, 174) pred: (141, 176) delta(pixel): 1
[2022-02-05 17:58:39] - [index:   5772] label: (136, 191) pred: (135, 193) delta(pixel): 3
[2022-02-05 17:58:39] - [index:   5773] label: (88, 126) pred: (88, 127) delta(pixel): 1
[2022-02-05 17:58:39] - [index:   5774] label: (64, 106) pred: (62, 107) delta(pixel): 2
[2022-02-05 17:58:39] - [index:   5775] label: (136, 191) pred: (136, 193) delta(pixel): 2
[2022-02-05 17:58:39] - [index:   5776] label: (114, 142) pred: (113, 143) delta(pixel): 1
[2022-02-05 17:58:39] - [index:   5777] label: (139, 167) pred: (139, 168) delta(pixel): 1
[2022-02-05 17:58:39] - [index:   5778] label: (157, 193) pred: (158, 195) delta(pixel): 2
[2022-02-05 17:58:39] - [index:   5779] label: (127, 154) pred: (128, 155) delta(pixel): 2
[2022-02-05 17:58:39] - [index:   5780] label: (160, 203) pred: (159, 204) delta(pixel): 1
[2022-02-05 17:58:39] - [index:   5781] label: (91, 128) pred: (91, 129) delta(pixel): 1
[2022-02-05 17:58:39] - [index:   5782] label: (165, 207) pred: (165, 207) delta(pixel): 0
[2022-02-05 17:58:39] - [index:   5783] label: (111, 145) pred: (111, 148) delta(pixel): 2
[2022-02-05 17:58:39] - [index:   5784] label: (102, 156) pred: (100, 157) delta(pixel): 2
[2022-02-05 17:58:39] - [index:   5785] label: (109, 140) pred: (108, 141) delta(pixel): 2
[2022-02-05 17:58:39] - [index:   5786] label: (129, 163) pred: (128, 164) delta(pixel): 1
[2022-02-05 17:58:39] - [index:   5787] label: (76, 118) pred: (75, 119) delta(pixel): 3
[2022-02-05 17:58:39] - [index:   5788] label: (145, 186) pred: (144, 187) delta(pixel): 1
[2022-02-05 17:58:39] - [index:   5789] label: (147, 180) pred: (147, 182) delta(pixel): 2
[2022-02-05 17:58:39] - [index:   5790] label: (134, 173) pred: (133, 174) delta(pixel): 1
[2022-02-05 17:58:39] - [index:   5791] label: (79, 125) pred: (78, 126) delta(pixel): 1
[2022-02-05 17:58:39] - [index:   5792] label: (121, 164) pred: (120, 166) delta(pixel): 1
[2022-02-05 17:58:39] - [index:   5793] label: (103, 137) pred: (102, 139) delta(pixel): 2
[2022-02-05 17:58:39] - [index:   5794] label: (127, 154) pred: (128, 155) delta(pixel): 2
[2022-02-05 17:58:39] - [index:   5795] label: (157, 189) pred: (157, 192) delta(pixel): 3
[2022-02-05 17:58:39] - [index:   5796] label: (130, 161) pred: (130, 162) delta(pixel): 1
[2022-02-05 17:58:39] - [index:   5797] label: (122, 157) pred: (121, 158) delta(pixel): 1
[2022-02-05 17:58:39] - [index:   5798] label: (122, 183) pred: (122, 184) delta(pixel): 1
[2022-02-05 17:58:39] - [index:   5799] label: (116, 155) pred: (116, 157) delta(pixel): 1
[2022-02-05 17:58:39] - [index:   5800] label: (118, 151) pred: (118, 152) delta(pixel): 1
[2022-02-05 17:58:39] - [index:   5801] label: (139, 178) pred: (139, 180) delta(pixel): 1
[2022-02-05 17:58:39] - [index:   5802] label: (172, 208) pred: (171, 209) delta(pixel): 1
[2022-02-05 17:58:39] - [index:   5803] label: (150, 198) pred: (150, 199) delta(pixel): 1
[2022-02-05 17:58:39] - [index:   5804] label: (176, 210) pred: (175, 209) delta(pixel): 2
[2022-02-05 17:58:39] - [index:   5805] label: (122, 157) pred: (122, 158) delta(pixel): 1
[2022-02-05 17:58:39] - [index:   5806] label: (136, 166) pred: (136, 168) delta(pixel): 1
[2022-02-05 17:58:39] - [index:   5807] label: (91, 128) pred: (91, 130) delta(pixel): 1
[2022-02-05 17:58:39] - [index:   5808] label: (138, 170) pred: (139, 172) delta(pixel): 2
[2022-02-05 17:58:39] - [index:   5809] label: (121, 151) pred: (121, 152) delta(pixel): 1
[2022-02-05 17:58:39] - [index:   5810] label: (81, 117) pred: (81, 118) delta(pixel): 1
[2022-02-05 17:58:39] - [index:   5811] label: (105, 170) pred: (105, 172) delta(pixel): 2
[2022-02-05 17:58:39] - [index:   5812] label: (154, 187) pred: (154, 189) delta(pixel): 3
[2022-02-05 17:58:39] - [index:   5813] label: (140, 169) pred: (140, 170) delta(pixel): 1
[2022-02-05 17:58:39] - [index:   5814] label: (103, 136) pred: (104, 139) delta(pixel): 3
[2022-02-05 17:58:39] - [index:   5815] label: (139, 168) pred: (139, 168) delta(pixel): 0
[2022-02-05 17:58:39] - [index:   5816] label: (107, 138) pred: (107, 140) delta(pixel): 1
[2022-02-05 17:58:39] - [index:   5817] label: (142, 173) pred: (142, 174) delta(pixel): 1
[2022-02-05 17:58:39] - [index:   5818] label: (175, 212) pred: (174, 209) delta(pixel): 4
[2022-02-05 17:58:39] - [index:   5819] label: (116, 157) pred: (115, 159) delta(pixel): 1
[2022-02-05 17:58:39] - [index:   5820] label: (143, 172) pred: (144, 173) delta(pixel): 1
[2022-02-05 17:58:39] - [index:   5821] label: (121, 148) pred: (122, 150) delta(pixel): 2
[2022-02-05 17:58:39] - [index:   5822] label: (127, 158) pred: (127, 159) delta(pixel): 1
[2022-02-05 17:58:39] - [index:   5823] label: (74, 117) pred: (73, 118) delta(pixel): 2
[2022-02-05 17:58:39] - [index:   5824] label: (87, 134) pred: (87, 135) delta(pixel): 1
[2022-02-05 17:58:39] - [index:   5825] label: (139, 171) pred: (138, 173) delta(pixel): 2
[2022-02-05 17:58:39] - [index:   5826] label: (109, 148) pred: (108, 150) delta(pixel): 1
[2022-02-05 17:58:39] - [index:   5827] label: (135, 161) pred: (136, 162) delta(pixel): 1
[2022-02-05 17:58:39] - [index:   5828] label: (92, 131) pred: (92, 132) delta(pixel): 1
[2022-02-05 17:58:39] - [index:   5829] label: (80, 123) pred: (79, 125) delta(pixel): 2
[2022-02-05 17:58:39] - [index:   5830] label: (75, 122) pred: (74, 124) delta(pixel): 3
[2022-02-05 17:58:39] - [index:   5831] label: (147, 178) pred: (146, 180) delta(pixel): 2
[2022-02-05 17:58:39] - [index:   5832] label: (100, 135) pred: (100, 136) delta(pixel): 1
[2022-02-05 17:58:39] - [index:   5833] label: (135, 171) pred: (135, 173) delta(pixel): 1
[2022-02-05 17:58:39] - [index:   5834] label: (142, 184) pred: (141, 185) delta(pixel): 2
[2022-02-05 17:58:39] - [index:   5835] label: (110, 161) pred: (109, 163) delta(pixel): 2
[2022-02-05 17:58:39] - [index:   5836] label: (134, 173) pred: (133, 175) delta(pixel): 2
[2022-02-05 17:58:39] - [index:   5837] label: (102, 134) pred: (102, 136) delta(pixel): 2
[2022-02-05 17:58:39] - [index:   5838] label: (106, 142) pred: (106, 143) delta(pixel): 2
[2022-02-05 17:58:39] - [index:   5839] label: (73, 115) pred: (71, 116) delta(pixel): 2
[2022-02-05 17:58:39] - [index:   5840] label: (83, 144) pred: (81, 147) delta(pixel): 4
[2022-02-05 17:58:40] - [index:   5841] label: (122, 180) pred: (122, 182) delta(pixel): 2
[2022-02-05 17:58:40] - [index:   5842] label: (121, 164) pred: (120, 165) delta(pixel): 1
[2022-02-05 17:58:40] - [index:   5843] label: (111, 167) pred: (111, 170) delta(pixel): 2
[2022-02-05 17:58:40] - [index:   5844] label: (125, 156) pred: (124, 156) delta(pixel): 0
[2022-02-05 17:58:40] - [index:   5845] label: (146, 176) pred: (146, 178) delta(pixel): 2
[2022-02-05 17:58:40] - [index:   5846] label: (114, 146) pred: (113, 147) delta(pixel): 2
[2022-02-05 17:58:40] - [index:   5847] label: (105, 139) pred: (105, 141) delta(pixel): 2
[2022-02-05 17:58:40] - [index:   5848] label: (146, 185) pred: (145, 186) delta(pixel): 2
[2022-02-05 17:58:40] - [index:   5849] label: (89, 128) pred: (88, 130) delta(pixel): 1
[2022-02-05 17:58:40] - [index:   5850] label: (79, 132) pred: (77, 133) delta(pixel): 2
[2022-02-05 17:58:40] - [index:   5851] label: (152, 186) pred: (153, 188) delta(pixel): 3
[2022-02-05 17:58:40] - [index:   5852] label: (89, 137) pred: (89, 138) delta(pixel): 1
[2022-02-05 17:58:40] - [index:   5853] label: (104, 148) pred: (104, 150) delta(pixel): 2
[2022-02-05 17:58:40] - [index:   5854] label: (118, 146) pred: (118, 148) delta(pixel): 1
[2022-02-05 17:58:40] - [index:   5855] label: (72, 125) pred: (71, 127) delta(pixel): 3
[2022-02-05 17:58:40] - [index:   5856] label: (76, 120) pred: (75, 121) delta(pixel): 2
[2022-02-05 17:58:40] - [index:   5857] label: (117, 164) pred: (117, 166) delta(pixel): 1
[2022-02-05 17:58:40] - [index:   5858] label: (88, 126) pred: (88, 127) delta(pixel): 1
[2022-02-05 17:58:40] - [index:   5859] label: (138, 173) pred: (137, 173) delta(pixel): 1
[2022-02-05 17:58:40] - [index:   5860] label: (154, 193) pred: (154, 195) delta(pixel): 1
[2022-02-05 17:58:40] - [index:   5861] label: (126, 172) pred: (125, 173) delta(pixel): 1
[2022-02-05 17:58:40] - [index:   5862] label: (129, 181) pred: (129, 183) delta(pixel): 2
[2022-02-05 17:58:40] - [index:   5863] label: (161, 198) pred: (162, 200) delta(pixel): 3
[2022-02-05 17:58:40] - [index:   5864] label: (89, 134) pred: (88, 135) delta(pixel): 1
[2022-02-05 17:58:40] - [index:   5865] label: (85, 128) pred: (84, 129) delta(pixel): 2
[2022-02-05 17:58:40] - [index:   5866] label: (149, 185) pred: (150, 188) delta(pixel): 2
[2022-02-05 17:58:40] - [index:   5867] label: (109, 139) pred: (110, 141) delta(pixel): 1
[2022-02-05 17:58:40] - [index:   5868] label: (74, 119) pred: (72, 122) delta(pixel): 3
[2022-02-05 17:58:40] - [index:   5869] label: (132, 162) pred: (132, 164) delta(pixel): 1
[2022-02-05 17:58:40] - [index:   5870] label: (98, 130) pred: (97, 131) delta(pixel): 1
[2022-02-05 17:58:40] - [index:   5871] label: (148, 192) pred: (147, 194) delta(pixel): 2
[2022-02-05 17:58:40] - [index:   5872] label: (160, 191) pred: (161, 194) delta(pixel): 4
[2022-02-05 17:58:40] - [index:   5873] label: (126, 165) pred: (126, 167) delta(pixel): 2
[2022-02-05 17:58:40] - [index:   5874] label: (94, 164) pred: (94, 166) delta(pixel): 2
[2022-02-05 17:58:40] - [index:   5875] label: (131, 167) pred: (130, 168) delta(pixel): 1
[2022-02-05 17:58:40] - [index:   5876] label: (89, 134) pred: (88, 136) delta(pixel): 2
[2022-02-05 17:58:40] - [index:   5877] label: (167, 203) pred: (168, 205) delta(pixel): 1
[2022-02-05 17:58:40] - [index:   5878] label: (80, 140) pred: (79, 141) delta(pixel): 2
[2022-02-05 17:58:40] - [index:   5879] label: (139, 173) pred: (139, 174) delta(pixel): 1
[2022-02-05 17:58:40] - [index:   5880] label: (170, 203) pred: (170, 205) delta(pixel): 2
[2022-02-05 17:58:40] - [index:   5881] label: (97, 139) pred: (97, 140) delta(pixel): 1
[2022-02-05 17:58:40] - [index:   5882] label: (179, 214) pred: (176, 210) delta(pixel): 8
[2022-02-05 17:58:40] - [index:   5883] label: (97, 135) pred: (96, 137) delta(pixel): 2
[2022-02-05 17:58:40] - [index:   5884] label: (92, 131) pred: (91, 132) delta(pixel): 1
[2022-02-05 17:58:40] - [index:   5885] label: (114, 147) pred: (112, 148) delta(pixel): 2
[2022-02-05 17:58:40] - [index:   5886] label: (95, 128) pred: (95, 130) delta(pixel): 2
[2022-02-05 17:58:40] - [index:   5887] label: (142, 184) pred: (142, 186) delta(pixel): 2
[2022-02-05 17:58:40] - [index:   5888] label: (118, 151) pred: (118, 152) delta(pixel): 1
[2022-02-05 17:58:40] - [index:   5889] label: (71, 114) pred: (69, 115) delta(pixel): 2
[2022-02-05 17:58:40] - [index:   5890] label: (125, 155) pred: (124, 155) delta(pixel): 0
[2022-02-05 17:58:40] - [index:   5891] label: (132, 183) pred: (132, 185) delta(pixel): 2
[2022-02-05 17:58:40] - [index:   5892] label: (122, 157) pred: (121, 158) delta(pixel): 1
[2022-02-05 17:58:40] - [index:   5893] label: (110, 160) pred: (110, 161) delta(pixel): 1
[2022-02-05 17:58:40] - [index:   5894] label: (120, 170) pred: (120, 172) delta(pixel): 2
[2022-02-05 17:58:40] - [index:   5895] label: (141, 169) pred: (140, 170) delta(pixel): 1
[2022-02-05 17:58:40] - [index:   5896] label: (137, 170) pred: (136, 171) delta(pixel): 1
[2022-02-05 17:58:40] - [index:   5897] label: (96, 155) pred: (94, 156) delta(pixel): 2
[2022-02-05 17:58:40] - [index:   5898] label: (128, 161) pred: (128, 163) delta(pixel): 1
[2022-02-05 17:58:40] - [index:   5899] label: (129, 184) pred: (129, 186) delta(pixel): 2
[2022-02-05 17:58:40] - [index:   5900] label: (141, 169) pred: (141, 170) delta(pixel): 1
[2022-02-05 17:58:40] - [index:   5901] label: (88, 126) pred: (88, 127) delta(pixel): 1
[2022-02-05 17:58:40] - [index:   5902] label: (137, 163) pred: (137, 165) delta(pixel): 1
[2022-02-05 17:58:40] - [index:   5903] label: (128, 159) pred: (129, 160) delta(pixel): 2
[2022-02-05 17:58:40] - [index:   5904] label: (133, 166) pred: (133, 167) delta(pixel): 1
[2022-02-05 17:58:40] - [index:   5905] label: (108, 137) pred: (108, 138) delta(pixel): 1
[2022-02-05 17:58:40] - [index:   5906] label: (133, 170) pred: (133, 172) delta(pixel): 2
[2022-02-05 17:58:40] - [index:   5907] label: (134, 175) pred: (133, 176) delta(pixel): 1
[2022-02-05 17:58:40] - [index:   5908] label: (144, 175) pred: (145, 177) delta(pixel): 2
[2022-02-05 17:58:40] - [index:   5909] label: (69, 112) pred: (67, 113) delta(pixel): 2
[2022-02-05 17:58:40] - [index:   5910] label: (91, 126) pred: (90, 127) delta(pixel): 2
[2022-02-05 17:58:40] - [index:   5911] label: (93, 150) pred: (91, 153) delta(pixel): 3
[2022-02-05 17:58:40] - [index:   5912] label: (158, 200) pred: (159, 202) delta(pixel): 2
[2022-02-05 17:58:40] - [index:   5913] label: (148, 177) pred: (148, 179) delta(pixel): 2
[2022-02-05 17:58:40] - [index:   5914] label: (123, 151) pred: (123, 151) delta(pixel): 0
[2022-02-05 17:58:40] - [index:   5915] label: (129, 181) pred: (129, 183) delta(pixel): 3
[2022-02-05 17:58:40] - [index:   5916] label: (110, 173) pred: (109, 174) delta(pixel): 2
[2022-02-05 17:58:40] - [index:   5917] label: (134, 166) pred: (135, 167) delta(pixel): 1
[2022-02-05 17:58:40] - [index:   5918] label: (76, 112) pred: (76, 114) delta(pixel): 2
[2022-02-05 17:58:40] - [index:   5919] label: (114, 162) pred: (114, 163) delta(pixel): 1
[2022-02-05 17:58:40] - [index:   5920] label: (141, 180) pred: (141, 182) delta(pixel): 1
[2022-02-05 17:58:40] - [index:   5921] label: (110, 161) pred: (109, 163) delta(pixel): 1
[2022-02-05 17:58:40] - [index:   5922] label: (76, 118) pred: (75, 119) delta(pixel): 3
[2022-02-05 17:58:40] - [index:   5923] label: (153, 185) pred: (154, 187) delta(pixel): 3
[2022-02-05 17:58:40] - [index:   5924] label: (99, 152) pred: (98, 154) delta(pixel): 2
[2022-02-05 17:58:40] - [index:   5925] label: (153, 195) pred: (152, 196) delta(pixel): 1
[2022-02-05 17:58:40] - [index:   5926] label: (126, 160) pred: (126, 161) delta(pixel): 1
[2022-02-05 17:58:40] - [index:   5927] label: (107, 141) pred: (107, 143) delta(pixel): 1
[2022-02-05 17:58:40] - [index:   5928] label: (101, 145) pred: (99, 147) delta(pixel): 2
[2022-02-05 17:58:40] - [index:   5929] label: (94, 130) pred: (93, 132) delta(pixel): 2
[2022-02-05 17:58:40] - [index:   5930] label: (133, 189) pred: (132, 191) delta(pixel): 2
[2022-02-05 17:58:40] - [index:   5931] label: (117, 153) pred: (117, 155) delta(pixel): 2
[2022-02-05 17:58:40] - [index:   5932] label: (111, 142) pred: (110, 143) delta(pixel): 1
[2022-02-05 17:58:40] - [index:   5933] label: (152, 189) pred: (152, 191) delta(pixel): 2
[2022-02-05 17:58:40] - [index:   5934] label: (160, 195) pred: (161, 198) delta(pixel): 4
[2022-02-05 17:58:40] - [index:   5935] label: (127, 155) pred: (127, 157) delta(pixel): 1
[2022-02-05 17:58:40] - [index:   5936] label: (155, 185) pred: (155, 187) delta(pixel): 2
[2022-02-05 17:58:40] - [index:   5937] label: (132, 157) pred: (132, 159) delta(pixel): 3
[2022-02-05 17:58:40] - [index:   5938] label: (105, 136) pred: (106, 138) delta(pixel): 2
[2022-02-05 17:58:40] - [index:   5939] label: (101, 137) pred: (100, 139) delta(pixel): 2
[2022-02-05 17:58:40] - [index:   5940] label: (149, 182) pred: (149, 185) delta(pixel): 2
[2022-02-05 17:58:40] - [index:   5941] label: (140, 170) pred: (140, 171) delta(pixel): 1
[2022-02-05 17:58:40] - [index:   5942] label: (95, 140) pred: (94, 142) delta(pixel): 2
[2022-02-05 17:58:40] - [index:   5943] label: (96, 130) pred: (96, 133) delta(pixel): 3
[2022-02-05 17:58:40] - [index:   5944] label: (54, 95) pred: (58, 100) delta(pixel): 8
[2022-02-05 17:58:40] - [index:   5945] label: (145, 178) pred: (145, 179) delta(pixel): 1
[2022-02-05 17:58:40] - [index:   5946] label: (90, 131) pred: (90, 133) delta(pixel): 2
[2022-02-05 17:58:40] - [index:   5947] label: (134, 162) pred: (134, 163) delta(pixel): 1
[2022-02-05 17:58:40] - [index:   5948] label: (125, 155) pred: (124, 155) delta(pixel): 1
[2022-02-05 17:58:40] - [index:   5949] label: (95, 128) pred: (95, 130) delta(pixel): 2
[2022-02-05 17:58:40] - [index:   5950] label: (119, 148) pred: (120, 149) delta(pixel): 1
[2022-02-05 17:58:40] - [index:   5951] label: (109, 143) pred: (108, 144) delta(pixel): 2
[2022-02-05 17:58:40] - [index:   5952] label: (152, 197) pred: (151, 198) delta(pixel): 2
[2022-02-05 17:58:40] - [index:   5953] label: (129, 163) pred: (128, 164) delta(pixel): 1
[2022-02-05 17:58:40] - [index:   5954] label: (146, 176) pred: (146, 177) delta(pixel): 1
[2022-02-05 17:58:40] - [index:   5955] label: (111, 167) pred: (111, 170) delta(pixel): 2
[2022-02-05 17:58:40] - [index:   5956] label: (62, 104) pred: (61, 105) delta(pixel): 2
[2022-02-05 17:58:40] - [index:   5957] label: (105, 147) pred: (104, 149) delta(pixel): 2
[2022-02-05 17:58:40] - [index:   5958] label: (143, 179) pred: (143, 181) delta(pixel): 2
[2022-02-05 17:58:40] - [index:   5959] label: (114, 146) pred: (115, 147) delta(pixel): 1
[2022-02-05 17:58:40] - [index:   5960] label: (144, 192) pred: (144, 194) delta(pixel): 1
[2022-02-05 17:58:40] - [index:   5961] label: (153, 188) pred: (153, 190) delta(pixel): 2
[2022-02-05 17:58:40] - [index:   5962] label: (72, 125) pred: (71, 127) delta(pixel): 3
[2022-02-05 17:58:40] - [index:   5963] label: (95, 128) pred: (96, 131) delta(pixel): 3
[2022-02-05 17:58:40] - [index:   5964] label: (77, 116) pred: (76, 118) delta(pixel): 2
[2022-02-05 17:58:40] - [index:   5965] label: (102, 134) pred: (101, 136) delta(pixel): 1
[2022-02-05 17:58:40] - [index:   5966] label: (70, 116) pred: (68, 118) delta(pixel): 3
[2022-02-05 17:58:40] - [index:   5967] label: (87, 134) pred: (87, 135) delta(pixel): 1
[2022-02-05 17:58:40] - [index:   5968] label: (138, 176) pred: (138, 177) delta(pixel): 0
[2022-02-05 17:58:40] - [index:   5969] label: (91, 152) pred: (90, 155) delta(pixel): 3
[2022-02-05 17:58:40] - [index:   5970] label: (111, 146) pred: (110, 148) delta(pixel): 2
[2022-02-05 17:58:40] - [index:   5971] label: (83, 125) pred: (82, 127) delta(pixel): 2
[2022-02-05 17:58:40] - [index:   5972] label: (134, 165) pred: (134, 166) delta(pixel): 1
[2022-02-05 17:58:40] - [index:   5973] label: (113, 149) pred: (112, 150) delta(pixel): 2
[2022-02-05 17:58:40] - [index:   5974] label: (162, 200) pred: (163, 202) delta(pixel): 2
[2022-02-05 17:58:40] - [index:   5975] label: (62, 104) pred: (61, 106) delta(pixel): 2
[2022-02-05 17:58:40] - [index:   5976] label: (154, 187) pred: (154, 188) delta(pixel): 1
[2022-02-05 17:58:40] - [index:   5977] label: (136, 187) pred: (135, 189) delta(pixel): 2
[2022-02-05 17:58:40] - [index:   5978] label: (151, 186) pred: (151, 188) delta(pixel): 2
[2022-02-05 17:58:40] - [index:   5979] label: (145, 174) pred: (145, 175) delta(pixel): 1
[2022-02-05 17:58:40] - [index:   5980] label: (105, 139) pred: (105, 141) delta(pixel): 2
[2022-02-05 17:58:40] - [index:   5981] label: (151, 186) pred: (152, 189) delta(pixel): 3
[2022-02-05 17:58:40] - [index:   5982] label: (139, 189) pred: (138, 191) delta(pixel): 2
[2022-02-05 17:58:40] - [index:   5983] label: (84, 121) pred: (83, 122) delta(pixel): 1
[2022-02-05 17:58:40] - [index:   5984] label: (101, 134) pred: (100, 136) delta(pixel): 2
[2022-02-05 17:58:40] - [index:   5985] label: (143, 172) pred: (143, 173) delta(pixel): 1
[2022-02-05 17:58:40] - [index:   5986] label: (151, 193) pred: (150, 195) delta(pixel): 2
[2022-02-05 17:58:40] - [index:   5987] label: (91, 152) pred: (89, 154) delta(pixel): 3
[2022-02-05 17:58:40] - [index:   5988] label: (155, 201) pred: (155, 202) delta(pixel): 0
[2022-02-05 17:58:40] - [index:   5989] label: (127, 156) pred: (127, 156) delta(pixel): 0
[2022-02-05 17:58:40] - [index:   5990] label: (104, 140) pred: (104, 142) delta(pixel): 2
[2022-02-05 17:58:40] - [index:   5991] label: (89, 134) pred: (89, 136) delta(pixel): 2
[2022-02-05 17:58:40] - [index:   5992] label: (101, 145) pred: (100, 147) delta(pixel): 2
[2022-02-05 17:58:40] - [index:   5993] label: (144, 175) pred: (145, 176) delta(pixel): 1
[2022-02-05 17:58:40] - [index:   5994] label: (100, 135) pred: (100, 136) delta(pixel): 1
[2022-02-05 17:58:40] - [index:   5995] label: (122, 177) pred: (122, 179) delta(pixel): 2
[2022-02-05 17:58:40] - [index:   5996] label: (97, 143) pred: (97, 145) delta(pixel): 2
[2022-02-05 17:58:40] - [index:   5997] label: (156, 195) pred: (157, 197) delta(pixel): 2
[2022-02-05 17:58:40] - [index:   5998] label: (84, 121) pred: (83, 122) delta(pixel): 1
[2022-02-05 17:58:40] - [index:   5999] label: (167, 205) pred: (168, 206) delta(pixel): 0
[2022-02-05 17:58:40] - [index:   6000] label: (141, 188) pred: (140, 190) delta(pixel): 3
[2022-02-05 17:58:40] - [index:   6001] label: (93, 130) pred: (93, 132) delta(pixel): 1
[2022-02-05 17:58:40] - [index:   6002] label: (160, 192) pred: (161, 194) delta(pixel): 3
[2022-02-05 17:58:40] - [index:   6003] label: (130, 159) pred: (131, 161) delta(pixel): 2
[2022-02-05 17:58:40] - [index:   6004] label: (68, 119) pred: (66, 120) delta(pixel): 3
[2022-02-05 17:58:40] - [index:   6005] label: (108, 149) pred: (108, 151) delta(pixel): 2
[2022-02-05 17:58:40] - [index:   6006] label: (166, 199) pred: (167, 202) delta(pixel): 2
[2022-02-05 17:58:40] - [index:   6007] label: (111, 146) pred: (110, 148) delta(pixel): 2
[2022-02-05 17:58:40] - [index:   6008] label: (79, 132) pred: (77, 133) delta(pixel): 3
[2022-02-05 17:58:40] - [index:   6009] label: (106, 167) pred: (106, 169) delta(pixel): 2
[2022-02-05 17:58:40] - [index:   6010] label: (111, 145) pred: (111, 148) delta(pixel): 2
[2022-02-05 17:58:40] - [index:   6011] label: (113, 178) pred: (113, 181) delta(pixel): 2
[2022-02-05 17:58:40] - [index:   6012] label: (158, 190) pred: (159, 193) delta(pixel): 3
[2022-02-05 17:58:40] - [index:   6013] label: (69, 108) pred: (66, 109) delta(pixel): 3
[2022-02-05 17:58:40] - [index:   6014] label: (124, 159) pred: (124, 161) delta(pixel): 1
[2022-02-05 17:58:40] - [index:   6015] label: (144, 174) pred: (145, 175) delta(pixel): 2
[2022-02-05 17:58:40] - [index:   6016] label: (124, 156) pred: (124, 157) delta(pixel): 1
[2022-02-05 17:58:40] - [index:   6017] label: (143, 171) pred: (143, 173) delta(pixel): 1
[2022-02-05 17:58:40] - [index:   6018] label: (131, 170) pred: (131, 171) delta(pixel): 1
[2022-02-05 17:58:40] - [index:   6019] label: (82, 125) pred: (81, 126) delta(pixel): 1
[2022-02-05 17:58:40] - [index:   6020] label: (80, 118) pred: (80, 120) delta(pixel): 2
[2022-02-05 17:58:40] - [index:   6021] label: (117, 147) pred: (117, 148) delta(pixel): 1
[2022-02-05 17:58:40] - [index:   6022] label: (162, 202) pred: (162, 204) delta(pixel): 1
[2022-02-05 17:58:40] - [index:   6023] label: (76, 120) pred: (75, 122) delta(pixel): 3
[2022-02-05 17:58:40] - [index:   6024] label: (155, 196) pred: (155, 198) delta(pixel): 1
[2022-02-05 17:58:40] - [index:   6025] label: (134, 164) pred: (135, 164) delta(pixel): 1
[2022-02-05 17:58:40] - [index:   6026] label: (108, 144) pred: (108, 146) delta(pixel): 1
[2022-02-05 17:58:40] - [index:   6027] label: (92, 126) pred: (91, 127) delta(pixel): 2
[2022-02-05 17:58:40] - [index:   6028] label: (146, 175) pred: (147, 176) delta(pixel): 1
[2022-02-05 17:58:40] - [index:   6029] label: (148, 179) pred: (148, 181) delta(pixel): 1
[2022-02-05 17:58:41] - [index:   6030] label: (145, 175) pred: (145, 177) delta(pixel): 1
[2022-02-05 17:58:41] - [index:   6031] label: (142, 173) pred: (142, 175) delta(pixel): 2
[2022-02-05 17:58:41] - [index:   6032] label: (120, 154) pred: (120, 156) delta(pixel): 2
[2022-02-05 17:58:41] - [index:   6033] label: (141, 174) pred: (141, 176) delta(pixel): 1
[2022-02-05 17:58:41] - [index:   6034] label: (143, 175) pred: (144, 176) delta(pixel): 2
[2022-02-05 17:58:41] - [index:   6035] label: (145, 188) pred: (145, 190) delta(pixel): 2
[2022-02-05 17:58:41] - [index:   6036] label: (148, 181) pred: (147, 183) delta(pixel): 2
[2022-02-05 17:58:41] - [index:   6037] label: (150, 184) pred: (151, 187) delta(pixel): 3
[2022-02-05 17:58:41] - [index:   6038] label: (111, 146) pred: (110, 148) delta(pixel): 2
[2022-02-05 17:58:41] - [index:   6039] label: (130, 159) pred: (131, 161) delta(pixel): 2
[2022-02-05 17:58:41] - [index:   6040] label: (103, 155) pred: (102, 156) delta(pixel): 2
[2022-02-05 17:58:41] - [index:   6041] label: (88, 122) pred: (89, 124) delta(pixel): 4
[2022-02-05 17:58:41] - [index:   6042] label: (129, 181) pred: (128, 182) delta(pixel): 1
[2022-02-05 17:58:41] - [index:   6043] label: (145, 181) pred: (144, 182) delta(pixel): 2
[2022-02-05 17:58:41] - [index:   6044] label: (116, 157) pred: (115, 159) delta(pixel): 1
[2022-02-05 17:58:41] - [index:   6045] label: (59, 98) pred: (59, 101) delta(pixel): 3
[2022-02-05 17:58:41] - [index:   6046] label: (115, 150) pred: (114, 151) delta(pixel): 1
[2022-02-05 17:58:41] - [index:   6047] label: (70, 110) pred: (69, 112) delta(pixel): 3
[2022-02-05 17:58:41] - [index:   6048] label: (96, 133) pred: (96, 135) delta(pixel): 2
[2022-02-05 17:58:41] - [index:   6049] label: (87, 134) pred: (87, 135) delta(pixel): 1
[2022-02-05 17:58:41] - [index:   6050] label: (128, 158) pred: (129, 159) delta(pixel): 1
[2022-02-05 17:58:41] - [index:   6051] label: (136, 165) pred: (136, 166) delta(pixel): 1
[2022-02-05 17:58:41] - [index:   6052] label: (156, 190) pred: (157, 192) delta(pixel): 2
[2022-02-05 17:58:41] - [index:   6053] label: (100, 158) pred: (99, 160) delta(pixel): 3
[2022-02-05 17:58:41] - [index:   6054] label: (126, 161) pred: (126, 163) delta(pixel): 1
[2022-02-05 17:58:41] - [index:   6055] label: (128, 155) pred: (129, 157) delta(pixel): 1
[2022-02-05 17:58:41] - [index:   6056] label: (106, 159) pred: (105, 161) delta(pixel): 2
[2022-02-05 17:58:41] - [index:   6057] label: (99, 141) pred: (99, 143) delta(pixel): 2
[2022-02-05 17:58:41] - [index:   6058] label: (151, 186) pred: (152, 189) delta(pixel): 2
[2022-02-05 17:58:41] - [index:   6059] label: (148, 186) pred: (148, 188) delta(pixel): 2
[2022-02-05 17:58:41] - [index:   6060] label: (83, 125) pred: (83, 127) delta(pixel): 1
[2022-02-05 17:58:41] - [index:   6061] label: (144, 174) pred: (144, 175) delta(pixel): 1
[2022-02-05 17:58:41] - [index:   6062] label: (128, 156) pred: (129, 157) delta(pixel): 1
[2022-02-05 17:58:41] - [index:   6063] label: (124, 162) pred: (124, 163) delta(pixel): 1
[2022-02-05 17:58:41] - [index:   6064] label: (94, 133) pred: (93, 135) delta(pixel): 2
[2022-02-05 17:58:41] - [index:   6065] label: (155, 196) pred: (155, 198) delta(pixel): 2
[2022-02-05 17:58:41] - [index:   6066] label: (167, 208) pred: (167, 207) delta(pixel): 0
[2022-02-05 17:58:41] - [index:   6067] label: (163, 205) pred: (163, 206) delta(pixel): 0
[2022-02-05 17:58:41] - [index:   6068] label: (140, 178) pred: (140, 179) delta(pixel): 1
[2022-02-05 17:58:41] - [index:   6069] label: (121, 150) pred: (122, 151) delta(pixel): 2
[2022-02-05 17:58:41] - [index:   6070] label: (119, 148) pred: (120, 150) delta(pixel): 2
[2022-02-05 17:58:41] - [index:   6071] label: (102, 134) pred: (102, 136) delta(pixel): 2
[2022-02-05 17:58:41] - [index:   6072] label: (132, 175) pred: (131, 177) delta(pixel): 2
[2022-02-05 17:58:41] - [index:   6073] label: (162, 202) pred: (162, 204) delta(pixel): 1
[2022-02-05 17:58:41] - [index:   6074] label: (96, 155) pred: (95, 156) delta(pixel): 2
[2022-02-05 17:58:41] - [index:   6075] label: (126, 159) pred: (127, 160) delta(pixel): 1
[2022-02-05 17:58:41] - [index:   6076] label: (62, 108) pred: (61, 108) delta(pixel): 2
[2022-02-05 17:58:41] - [index:   6077] label: (102, 156) pred: (101, 157) delta(pixel): 2
[2022-02-05 17:58:41] - [index:   6078] label: (93, 150) pred: (91, 153) delta(pixel): 3
[2022-02-05 17:58:41] - [index:   6079] label: (101, 137) pred: (101, 139) delta(pixel): 2
[2022-02-05 17:58:41] - [index:   6080] label: (89, 131) pred: (89, 132) delta(pixel): 1
[2022-02-05 17:58:41] - [index:   6081] label: (137, 181) pred: (137, 183) delta(pixel): 1
[2022-02-05 17:58:41] - [index:   6082] label: (67, 116) pred: (65, 117) delta(pixel): 2
[2022-02-05 17:58:41] - [index:   6083] label: (151, 190) pred: (151, 192) delta(pixel): 2
[2022-02-05 17:58:41] - [index:   6084] label: (131, 162) pred: (130, 163) delta(pixel): 1
[2022-02-05 17:58:41] - [index:   6085] label: (131, 164) pred: (130, 164) delta(pixel): 1
[2022-02-05 17:58:41] - [index:   6086] label: (114, 160) pred: (114, 162) delta(pixel): 1
[2022-02-05 17:58:41] - [index:   6087] label: (129, 168) pred: (128, 169) delta(pixel): 0
[2022-02-05 17:58:41] - [index:   6088] label: (78, 120) pred: (77, 122) delta(pixel): 2
[2022-02-05 17:58:41] - [index:   6089] label: (80, 118) pred: (80, 120) delta(pixel): 1
[2022-02-05 17:58:41] - [index:   6090] label: (161, 194) pred: (162, 197) delta(pixel): 3
[2022-02-05 17:58:41] - [index:   6091] label: (170, 203) pred: (170, 205) delta(pixel): 2
[2022-02-05 17:58:41] - [index:   6092] label: (137, 165) pred: (137, 166) delta(pixel): 0
[2022-02-05 17:58:41] - [index:   6093] label: (174, 209) pred: (172, 209) delta(pixel): 1
[2022-02-05 17:58:41] - [index:   6094] label: (168, 200) pred: (168, 202) delta(pixel): 1
[2022-02-05 17:58:41] - [index:   6095] label: (133, 170) pred: (134, 172) delta(pixel): 2
[2022-02-05 17:58:41] - [index:   6096] label: (81, 135) pred: (80, 137) delta(pixel): 2
[2022-02-05 17:58:41] - [index:   6097] label: (98, 135) pred: (98, 137) delta(pixel): 2
[2022-02-05 17:58:41] - [index:   6098] label: (96, 128) pred: (97, 130) delta(pixel): 3
[2022-02-05 17:58:41] - [index:   6099] label: (118, 151) pred: (118, 152) delta(pixel): 1
[2022-02-05 17:58:41] - [index:   6100] label: (157, 192) pred: (158, 195) delta(pixel): 3
[2022-02-05 17:58:41] - [index:   6101] label: (96, 136) pred: (95, 137) delta(pixel): 2
[2022-02-05 17:58:41] - [index:   6102] label: (132, 158) pred: (132, 158) delta(pixel): 0
[2022-02-05 17:58:41] - [index:   6103] label: (90, 131) pred: (90, 132) delta(pixel): 1
[2022-02-05 17:58:41] - [index:   6104] label: (125, 154) pred: (124, 154) delta(pixel): 0
[2022-02-05 17:58:41] - [index:   6105] label: (137, 165) pred: (137, 166) delta(pixel): 1
[2022-02-05 17:58:41] - [index:   6106] label: (94, 144) pred: (93, 146) delta(pixel): 2
[2022-02-05 17:58:41] - [index:   6107] label: (104, 153) pred: (104, 155) delta(pixel): 1
[2022-02-05 17:58:41] - [index:   6108] label: (90, 126) pred: (89, 128) delta(pixel): 2
[2022-02-05 17:58:41] - [index:   6109] label: (141, 169) pred: (141, 170) delta(pixel): 1
[2022-02-05 17:58:41] - [index:   6110] label: (107, 157) pred: (106, 159) delta(pixel): 2
[2022-02-05 17:58:41] - [index:   6111] label: (158, 191) pred: (159, 194) delta(pixel): 3
[2022-02-05 17:58:41] - [index:   6112] label: (98, 147) pred: (97, 148) delta(pixel): 1
[2022-02-05 17:58:41] - [index:   6113] label: (127, 158) pred: (126, 159) delta(pixel): 1
[2022-02-05 17:58:41] - [index:   6114] label: (120, 168) pred: (120, 170) delta(pixel): 2
[2022-02-05 17:58:41] - [index:   6115] label: (103, 134) pred: (104, 136) delta(pixel): 3
[2022-02-05 17:58:41] - [index:   6116] label: (144, 183) pred: (143, 185) delta(pixel): 2
[2022-02-05 17:58:41] - [index:   6117] label: (115, 150) pred: (115, 152) delta(pixel): 2
[2022-02-05 17:58:41] - [index:   6118] label: (136, 191) pred: (136, 192) delta(pixel): 2
[2022-02-05 17:58:41] - [index:   6119] label: (137, 163) pred: (136, 164) delta(pixel): 1
[2022-02-05 17:58:41] - [index:   6120] label: (87, 121) pred: (87, 124) delta(pixel): 2
[2022-02-05 17:58:41] - [index:   6121] label: (172, 208) pred: (171, 209) delta(pixel): 2
[2022-02-05 17:58:41] - [index:   6122] label: (129, 172) pred: (129, 174) delta(pixel): 2
[2022-02-05 17:58:41] - [index:   6123] label: (101, 134) pred: (101, 136) delta(pixel): 1
[2022-02-05 17:58:41] - [index:   6124] label: (103, 144) pred: (102, 145) delta(pixel): 2
[2022-02-05 17:58:41] - [index:   6125] label: (108, 144) pred: (108, 145) delta(pixel): 1
[2022-02-05 17:58:41] - [index:   6126] label: (138, 186) pred: (137, 188) delta(pixel): 2
[2022-02-05 17:58:41] - [index:   6127] label: (114, 143) pred: (113, 144) delta(pixel): 1
[2022-02-05 17:58:41] - [index:   6128] label: (155, 189) pred: (155, 191) delta(pixel): 2
[2022-02-05 17:58:41] - [index:   6129] label: (136, 166) pred: (136, 168) delta(pixel): 1
[2022-02-05 17:58:41] - [index:   6130] label: (79, 116) pred: (78, 118) delta(pixel): 1
[2022-02-05 17:58:41] - [index:   6131] label: (65, 105) pred: (63, 106) delta(pixel): 2
[2022-02-05 17:58:41] - [index:   6132] label: (132, 178) pred: (131, 179) delta(pixel): 2
[2022-02-05 17:58:41] - [index:   6133] label: (91, 137) pred: (90, 139) delta(pixel): 2
[2022-02-05 17:58:41] - [index:   6134] label: (117, 148) pred: (117, 149) delta(pixel): 1
[2022-02-05 17:58:41] - [index:   6135] label: (121, 150) pred: (121, 151) delta(pixel): 1
[2022-02-05 17:58:41] - [index:   6136] label: (114, 147) pred: (113, 149) delta(pixel): 2
[2022-02-05 17:58:41] - [index:   6137] label: (121, 164) pred: (120, 166) delta(pixel): 1
[2022-02-05 17:58:41] - [index:   6138] label: (80, 120) pred: (79, 122) delta(pixel): 2
[2022-02-05 17:58:41] - [index:   6139] label: (143, 175) pred: (144, 177) delta(pixel): 2
[2022-02-05 17:58:41] - [index:   6140] label: (76, 118) pred: (75, 119) delta(pixel): 2
[2022-02-05 17:58:41] - [index:   6141] label: (129, 163) pred: (129, 165) delta(pixel): 2
[2022-02-05 17:58:41] - [index:   6142] label: (162, 196) pred: (163, 199) delta(pixel): 3
[2022-02-05 17:58:41] - [index:   6143] label: (132, 157) pred: (132, 159) delta(pixel): 2
[2022-02-05 17:58:41] - [index:   6144] label: (137, 170) pred: (137, 171) delta(pixel): 1
[2022-02-05 17:58:41] - [index:   6145] label: (148, 178) pred: (147, 179) delta(pixel): 2
[2022-02-05 17:58:41] - [index:   6146] label: (119, 156) pred: (119, 158) delta(pixel): 2
[2022-02-05 17:58:41] - [index:   6147] label: (146, 176) pred: (146, 178) delta(pixel): 1
[2022-02-05 17:58:41] - [index:   6148] label: (79, 125) pred: (79, 127) delta(pixel): 2
[2022-02-05 17:58:41] - [index:   6149] label: (106, 138) pred: (105, 140) delta(pixel): 2
[2022-02-05 17:58:41] - [index:   6150] label: (119, 149) pred: (119, 150) delta(pixel): 1
[2022-02-05 17:58:41] - [index:   6151] label: (132, 163) pred: (132, 164) delta(pixel): 1
[2022-02-05 17:58:41] - [index:   6152] label: (135, 167) pred: (135, 169) delta(pixel): 2
[2022-02-05 17:58:41] - [index:   6153] label: (123, 174) pred: (122, 177) delta(pixel): 3
[2022-02-05 17:58:41] - [index:   6154] label: (133, 189) pred: (133, 191) delta(pixel): 2
[2022-02-05 17:58:41] - [index:   6155] label: (82, 125) pred: (81, 127) delta(pixel): 2
[2022-02-05 17:58:41] - [index:   6156] label: (154, 190) pred: (154, 191) delta(pixel): 1
[2022-02-05 17:58:41] - [index:   6157] label: (106, 136) pred: (105, 137) delta(pixel): 2
[2022-02-05 17:58:41] - [index:   6158] label: (102, 134) pred: (101, 135) delta(pixel): 1
[2022-02-05 17:58:41] - [index:   6159] label: (154, 190) pred: (154, 192) delta(pixel): 2
[2022-02-05 17:58:41] - [index:   6160] label: (151, 190) pred: (151, 191) delta(pixel): 1
[2022-02-05 17:58:41] - [index:   6161] label: (119, 172) pred: (119, 175) delta(pixel): 2
[2022-02-05 17:58:41] - [index:   6162] label: (133, 170) pred: (133, 171) delta(pixel): 1
[2022-02-05 17:58:41] - [index:   6163] label: (104, 153) pred: (104, 155) delta(pixel): 1
[2022-02-05 17:58:41] - [index:   6164] label: (140, 185) pred: (139, 187) delta(pixel): 2
[2022-02-05 17:58:41] - [index:   6165] label: (60, 100) pred: (59, 102) delta(pixel): 2
[2022-02-05 17:58:41] - [index:   6166] label: (66, 111) pred: (64, 112) delta(pixel): 3
[2022-02-05 17:58:41] - [index:   6167] label: (163, 199) pred: (163, 201) delta(pixel): 2
[2022-02-05 17:58:41] - [index:   6168] label: (65, 109) pred: (63, 110) delta(pixel): 2
[2022-02-05 17:58:41] - [index:   6169] label: (130, 157) pred: (130, 158) delta(pixel): 1
[2022-02-05 17:58:41] - [index:   6170] label: (111, 145) pred: (111, 148) delta(pixel): 2
[2022-02-05 17:58:41] - [index:   6171] label: (119, 172) pred: (119, 174) delta(pixel): 2
[2022-02-05 17:58:41] - [index:   6172] label: (80, 123) pred: (79, 124) delta(pixel): 2
[2022-02-05 17:58:41] - [index:   6173] label: (99, 138) pred: (98, 139) delta(pixel): 1
[2022-02-05 17:58:41] - [index:   6174] label: (165, 198) pred: (165, 201) delta(pixel): 3
[2022-02-05 17:58:41] - [index:   6175] label: (124, 165) pred: (123, 167) delta(pixel): 2
[2022-02-05 17:58:41] - [index:   6176] label: (161, 193) pred: (162, 195) delta(pixel): 3
[2022-02-05 17:58:41] - [index:   6177] label: (161, 198) pred: (162, 200) delta(pixel): 3
[2022-02-05 17:58:41] - [index:   6178] label: (145, 175) pred: (146, 177) delta(pixel): 2
[2022-02-05 17:58:41] - [index:   6179] label: (107, 157) pred: (107, 159) delta(pixel): 2
[2022-02-05 17:58:41] - [index:   6180] label: (119, 158) pred: (118, 160) delta(pixel): 2
[2022-02-05 17:58:41] - [index:   6181] label: (145, 181) pred: (144, 181) delta(pixel): 1
[2022-02-05 17:58:41] - [index:   6182] label: (129, 170) pred: (128, 171) delta(pixel): 1
[2022-02-05 17:58:41] - [index:   6183] label: (94, 164) pred: (93, 164) delta(pixel): 1
[2022-02-05 17:58:41] - [index:   6184] label: (130, 158) pred: (131, 160) delta(pixel): 1
[2022-02-05 17:58:41] - [index:   6185] label: (91, 124) pred: (90, 125) delta(pixel): 1
[2022-02-05 17:58:41] - [index:   6186] label: (60, 100) pred: (60, 103) delta(pixel): 3
[2022-02-05 17:58:41] - [index:   6187] label: (85, 138) pred: (84, 139) delta(pixel): 2
[2022-02-05 17:58:41] - [index:   6188] label: (70, 122) pred: (68, 123) delta(pixel): 3
[2022-02-05 17:58:41] - [index:   6189] label: (144, 174) pred: (145, 175) delta(pixel): 2
[2022-02-05 17:58:41] - [index:   6190] label: (95, 143) pred: (95, 144) delta(pixel): 1
[2022-02-05 17:58:41] - [index:   6191] label: (73, 109) pred: (72, 111) delta(pixel): 2
[2022-02-05 17:58:41] - [index:   6192] label: (107, 150) pred: (106, 151) delta(pixel): 1
[2022-02-05 17:58:41] - [index:   6193] label: (130, 159) pred: (131, 160) delta(pixel): 1
[2022-02-05 17:58:41] - [index:   6194] label: (79, 115) pred: (79, 117) delta(pixel): 2
[2022-02-05 17:58:41] - [index:   6195] label: (146, 191) pred: (146, 192) delta(pixel): 1
[2022-02-05 17:58:41] - [index:   6196] label: (117, 147) pred: (117, 149) delta(pixel): 1
[2022-02-05 17:58:41] - [index:   6197] label: (89, 137) pred: (89, 138) delta(pixel): 1
[2022-02-05 17:58:41] - [index:   6198] label: (128, 155) pred: (129, 156) delta(pixel): 0
[2022-02-05 17:58:41] - [index:   6199] label: (77, 125) pred: (76, 126) delta(pixel): 3
[2022-02-05 17:58:41] - [index:   6200] label: (110, 152) pred: (109, 153) delta(pixel): 2
[2022-02-05 17:58:41] - [index:   6201] label: (122, 159) pred: (121, 160) delta(pixel): 1
[2022-02-05 17:58:41] - [index:   6202] label: (83, 128) pred: (82, 130) delta(pixel): 2
[2022-02-05 17:58:41] - [index:   6203] label: (138, 183) pred: (137, 185) delta(pixel): 2
[2022-02-05 17:58:41] - [index:   6204] label: (105, 170) pred: (105, 172) delta(pixel): 2
[2022-02-05 17:58:41] - [index:   6205] label: (93, 128) pred: (92, 129) delta(pixel): 1
[2022-02-05 17:58:41] - [index:   6206] label: (153, 185) pred: (153, 187) delta(pixel): 2
[2022-02-05 17:58:41] - [index:   6207] label: (141, 188) pred: (140, 190) delta(pixel): 2
[2022-02-05 17:58:41] - [index:   6208] label: (163, 205) pred: (164, 206) delta(pixel): 0
[2022-02-05 17:58:41] - [index:   6209] label: (122, 159) pred: (121, 160) delta(pixel): 1
[2022-02-05 17:58:41] - [index:   6210] label: (129, 170) pred: (129, 171) delta(pixel): 1
[2022-02-05 17:58:41] - [index:   6211] label: (128, 157) pred: (129, 157) delta(pixel): 0
[2022-02-05 17:58:41] - [index:   6212] label: (91, 137) pred: (90, 138) delta(pixel): 1
[2022-02-05 17:58:41] - [index:   6213] label: (61, 102) pred: (60, 104) delta(pixel): 3
[2022-02-05 17:58:41] - [index:   6214] label: (119, 156) pred: (119, 158) delta(pixel): 2
[2022-02-05 17:58:41] - [index:   6215] label: (129, 165) pred: (128, 167) delta(pixel): 1
[2022-02-05 17:58:42] - [index:   6216] label: (117, 164) pred: (117, 166) delta(pixel): 1
[2022-02-05 17:58:42] - [index:   6217] label: (112, 144) pred: (113, 146) delta(pixel): 2
[2022-02-05 17:58:42] - [index:   6218] label: (85, 123) pred: (84, 125) delta(pixel): 3
[2022-02-05 17:58:42] - [index:   6219] label: (103, 173) pred: (103, 175) delta(pixel): 2
[2022-02-05 17:58:42] - [index:   6220] label: (99, 141) pred: (99, 143) delta(pixel): 2
[2022-02-05 17:58:42] - [index:   6221] label: (68, 119) pred: (66, 120) delta(pixel): 3
[2022-02-05 17:58:42] - [index:   6222] label: (147, 194) pred: (146, 196) delta(pixel): 2
[2022-02-05 17:58:42] - [index:   6223] label: (111, 150) pred: (111, 152) delta(pixel): 2
[2022-02-05 17:58:42] - [index:   6224] label: (145, 183) pred: (145, 184) delta(pixel): 1
[2022-02-05 17:58:42] - [index:   6225] label: (172, 206) pred: (170, 207) delta(pixel): 2
[2022-02-05 17:58:42] - [index:   6226] label: (94, 133) pred: (93, 135) delta(pixel): 2
[2022-02-05 17:58:42] - [index:   6227] label: (160, 191) pred: (161, 193) delta(pixel): 3
[2022-02-05 17:58:42] - [index:   6228] label: (91, 158) pred: (90, 162) delta(pixel): 5
[2022-02-05 17:58:42] - [index:   6229] label: (133, 165) pred: (132, 165) delta(pixel): 0
[2022-02-05 17:58:42] - [index:   6230] label: (84, 119) pred: (83, 120) delta(pixel): 1
[2022-02-05 17:58:42] - [index:   6231] label: (109, 148) pred: (108, 150) delta(pixel): 2
[2022-02-05 17:58:42] - [index:   6232] label: (124, 157) pred: (124, 158) delta(pixel): 1
[2022-02-05 17:58:42] - [index:   6233] label: (179, 214) pred: (176, 210) delta(pixel): 7
[2022-02-05 17:58:42] - [index:   6234] label: (118, 177) pred: (118, 180) delta(pixel): 3
[2022-02-05 17:58:42] - [index:   6235] label: (143, 172) pred: (144, 174) delta(pixel): 1
[2022-02-05 17:58:42] - [index:   6236] label: (135, 182) pred: (135, 184) delta(pixel): 2
[2022-02-05 17:58:42] - [index:   6237] label: (158, 190) pred: (159, 193) delta(pixel): 3
[2022-02-05 17:58:42] - [index:   6238] label: (167, 205) pred: (167, 206) delta(pixel): 0
[2022-02-05 17:58:42] - [index:   6239] label: (148, 192) pred: (148, 194) delta(pixel): 2
[2022-02-05 17:58:42] - [index:   6240] label: (83, 139) pred: (82, 141) delta(pixel): 3
[2022-02-05 17:58:42] - [index:   6241] label: (160, 191) pred: (161, 193) delta(pixel): 3
[2022-02-05 17:58:42] - [index:   6242] label: (135, 161) pred: (135, 162) delta(pixel): 1
[2022-02-05 17:58:42] - [index:   6243] label: (153, 188) pred: (154, 190) delta(pixel): 3
[2022-02-05 17:58:42] - [index:   6244] label: (57, 99) pred: (57, 101) delta(pixel): 2
[2022-02-05 17:58:42] - [index:   6245] label: (96, 136) pred: (95, 138) delta(pixel): 2
[2022-02-05 17:58:42] - [index:   6246] label: (126, 179) pred: (125, 181) delta(pixel): 2
[2022-02-05 17:58:42] - [index:   6247] label: (137, 164) pred: (137, 165) delta(pixel): 1
[2022-02-05 17:58:42] - [index:   6248] label: (67, 106) pred: (66, 108) delta(pixel): 3
[2022-02-05 17:58:42] - [index:   6249] label: (108, 163) pred: (108, 165) delta(pixel): 2
[2022-02-05 17:58:42] - [index:   6250] label: (97, 130) pred: (96, 132) delta(pixel): 2
[2022-02-05 17:58:42] - [index:   6251] label: (95, 149) pred: (94, 151) delta(pixel): 2
[2022-02-05 17:58:42] - [index:   6252] label: (99, 132) pred: (98, 133) delta(pixel): 1
[2022-02-05 17:58:42] - [index:   6253] label: (166, 202) pred: (165, 205) delta(pixel): 2
[2022-02-05 17:58:42] - [index:   6254] label: (85, 148) pred: (84, 151) delta(pixel): 4
[2022-02-05 17:58:42] - [index:   6255] label: (93, 140) pred: (92, 141) delta(pixel): 2
[2022-02-05 17:58:42] - [index:   6256] label: (83, 144) pred: (81, 147) delta(pixel): 4
[2022-02-05 17:58:42] - [index:   6257] label: (83, 139) pred: (82, 141) delta(pixel): 3
[2022-02-05 17:58:42] - [index:   6258] label: (128, 155) pred: (129, 156) delta(pixel): 1
[2022-02-05 17:58:42] - [index:   6259] label: (150, 187) pred: (151, 190) delta(pixel): 3
[2022-02-05 17:58:42] - [index:   6260] label: (117, 147) pred: (117, 148) delta(pixel): 1
[2022-02-05 17:58:42] - [index:   6261] label: (105, 142) pred: (105, 144) delta(pixel): 2
[2022-02-05 17:58:42] - [index:   6262] label: (114, 160) pred: (115, 162) delta(pixel): 1
[2022-02-05 17:58:42] - [index:   6263] label: (157, 192) pred: (158, 195) delta(pixel): 3
[2022-02-05 17:58:42] - [index:   6264] label: (143, 175) pred: (144, 177) delta(pixel): 2
[2022-02-05 17:58:42] - [index:   6265] label: (120, 152) pred: (121, 154) delta(pixel): 2
[2022-02-05 17:58:42] - [index:   6266] label: (118, 161) pred: (117, 161) delta(pixel): 1
[2022-02-05 17:58:42] - [index:   6267] label: (98, 170) pred: (98, 172) delta(pixel): 2
[2022-02-05 17:58:42] - [index:   6268] label: (106, 146) pred: (106, 148) delta(pixel): 1
[2022-02-05 17:58:42] - [index:   6269] label: (163, 197) pred: (164, 200) delta(pixel): 3
[2022-02-05 17:58:42] - [index:   6270] label: (86, 143) pred: (84, 145) delta(pixel): 3
[2022-02-05 17:58:42] - [index:   6271] label: (85, 131) pred: (84, 132) delta(pixel): 2
[2022-02-05 17:58:42] - [index:   6272] label: (129, 167) pred: (128, 168) delta(pixel): 1
[2022-02-05 17:58:42] - [index:   6273] label: (63, 110) pred: (62, 112) delta(pixel): 2
[2022-02-05 17:58:42] - [index:   6274] label: (80, 140) pred: (80, 143) delta(pixel): 3
[2022-02-05 17:58:42] - [index:   6275] label: (143, 171) pred: (144, 172) delta(pixel): 1
[2022-02-05 17:58:42] - [index:   6276] label: (122, 156) pred: (121, 157) delta(pixel): 1
[2022-02-05 17:58:42] - [index:   6277] label: (135, 162) pred: (135, 163) delta(pixel): 0
[2022-02-05 17:58:42] - [index:   6278] label: (94, 128) pred: (93, 130) delta(pixel): 2
[2022-02-05 17:58:42] - [index:   6279] label: (96, 136) pred: (96, 138) delta(pixel): 2
[2022-02-05 17:58:42] - [index:   6280] label: (154, 198) pred: (154, 199) delta(pixel): 1
[2022-02-05 17:58:42] - [index:   6281] label: (127, 156) pred: (127, 157) delta(pixel): 1
[2022-02-05 17:58:42] - [index:   6282] label: (133, 166) pred: (133, 167) delta(pixel): 1
[2022-02-05 17:58:42] - [index:   6283] label: (130, 161) pred: (130, 162) delta(pixel): 0
[2022-02-05 17:58:42] - [index:   6284] label: (166, 201) pred: (166, 203) delta(pixel): 2
[2022-02-05 17:58:42] - [index:   6285] label: (160, 201) pred: (161, 202) delta(pixel): 1
[2022-02-05 17:58:42] - [index:   6286] label: (95, 143) pred: (95, 145) delta(pixel): 1
[2022-02-05 17:58:42] - [index:   6287] label: (136, 187) pred: (135, 190) delta(pixel): 3
[2022-02-05 17:58:42] - [index:   6288] label: (115, 145) pred: (115, 146) delta(pixel): 1
[2022-02-05 17:58:42] - [index:   6289] label: (156, 199) pred: (157, 200) delta(pixel): 1
[2022-02-05 17:58:42] - [index:   6290] label: (98, 135) pred: (97, 137) delta(pixel): 2
[2022-02-05 17:58:42] - [index:   6291] label: (135, 182) pred: (135, 184) delta(pixel): 2
[2022-02-05 17:58:42] - [index:   6292] label: (105, 147) pred: (104, 149) delta(pixel): 2
[2022-02-05 17:58:42] - [index:   6293] label: (102, 156) pred: (100, 158) delta(pixel): 2
[2022-02-05 17:58:42] - [index:   6294] label: (128, 155) pred: (129, 156) delta(pixel): 1
[2022-02-05 17:58:42] - [index:   6295] label: (83, 125) pred: (83, 126) delta(pixel): 1
[2022-02-05 17:58:42] - [index:   6296] label: (120, 155) pred: (119, 156) delta(pixel): 1
[2022-02-05 17:58:42] - [index:   6297] label: (96, 130) pred: (95, 132) delta(pixel): 2
[2022-02-05 17:58:42] - [index:   6298] label: (175, 210) pred: (173, 208) delta(pixel): 3
[2022-02-05 17:58:42] - [index:   6299] label: (96, 139) pred: (96, 141) delta(pixel): 1
[2022-02-05 17:58:42] - [index:   6300] label: (80, 123) pred: (79, 125) delta(pixel): 2
[2022-02-05 17:58:42] - [index:   6301] label: (94, 130) pred: (93, 132) delta(pixel): 3
[2022-02-05 17:58:42] - [index:   6302] label: (147, 184) pred: (147, 185) delta(pixel): 1
[2022-02-05 17:58:42] - [index:   6303] label: (120, 152) pred: (121, 154) delta(pixel): 1
[2022-02-05 17:58:42] - [index:   6304] label: (155, 196) pred: (156, 198) delta(pixel): 2
[2022-02-05 17:58:42] - [index:   6305] label: (107, 145) pred: (107, 147) delta(pixel): 1
[2022-02-05 17:58:42] - [index:   6306] label: (157, 197) pred: (157, 199) delta(pixel): 2
[2022-02-05 17:58:42] - [index:   6307] label: (124, 157) pred: (124, 158) delta(pixel): 0
[2022-02-05 17:58:42] - [index:   6308] label: (123, 172) pred: (123, 174) delta(pixel): 2
[2022-02-05 17:58:42] - [index:   6309] label: (123, 151) pred: (123, 151) delta(pixel): 0
[2022-02-05 17:58:42] - [index:   6310] label: (91, 134) pred: (90, 135) delta(pixel): 2
[2022-02-05 17:58:42] - [index:   6311] label: (126, 170) pred: (125, 171) delta(pixel): 2
[2022-02-05 17:58:42] - [index:   6312] label: (111, 167) pred: (111, 170) delta(pixel): 2
[2022-02-05 17:58:42] - [index:   6313] label: (143, 181) pred: (142, 183) delta(pixel): 2
[2022-02-05 17:58:42] - [index:   6314] label: (93, 150) pred: (92, 153) delta(pixel): 4
[2022-02-05 17:58:42] - [index:   6315] label: (130, 157) pred: (130, 159) delta(pixel): 1
[2022-02-05 17:58:42] - [index:   6316] label: (138, 166) pred: (138, 168) delta(pixel): 1
[2022-02-05 17:58:42] - [index:   6317] label: (114, 160) pred: (114, 161) delta(pixel): 1
[2022-02-05 17:58:42] - [index:   6318] label: (85, 138) pred: (84, 139) delta(pixel): 2
[2022-02-05 17:58:42] - [index:   6319] label: (83, 125) pred: (82, 127) delta(pixel): 3
[2022-02-05 17:58:42] - [index:   6320] label: (75, 125) pred: (74, 127) delta(pixel): 3
[2022-02-05 17:58:42] - [index:   6321] label: (98, 135) pred: (97, 137) delta(pixel): 2
[2022-02-05 17:58:42] - [index:   6322] label: (126, 165) pred: (125, 166) delta(pixel): 1
[2022-02-05 17:58:42] - [index:   6323] label: (85, 128) pred: (84, 130) delta(pixel): 2
[2022-02-05 17:58:42] - [index:   6324] label: (157, 197) pred: (157, 199) delta(pixel): 2
[2022-02-05 17:58:42] - [index:   6325] label: (143, 186) pred: (142, 188) delta(pixel): 2
[2022-02-05 17:58:42] - [index:   6326] label: (122, 154) pred: (122, 155) delta(pixel): 1
[2022-02-05 17:58:42] - [index:   6327] label: (128, 157) pred: (129, 158) delta(pixel): 1
[2022-02-05 17:58:42] - [index:   6328] label: (150, 198) pred: (150, 200) delta(pixel): 1
[2022-02-05 17:58:42] - [index:   6329] label: (128, 155) pred: (129, 156) delta(pixel): 2
[2022-02-05 17:58:42] - [index:   6330] label: (133, 165) pred: (132, 166) delta(pixel): 1
[2022-02-05 17:58:42] - [index:   6331] label: (162, 196) pred: (163, 199) delta(pixel): 3
[2022-02-05 17:58:42] - [index:   6332] label: (123, 150) pred: (124, 152) delta(pixel): 3
[2022-02-05 17:58:42] - [index:   6333] label: (66, 111) pred: (65, 112) delta(pixel): 2
[2022-02-05 17:58:42] - [index:   6334] label: (131, 166) pred: (130, 167) delta(pixel): 2
[2022-02-05 17:58:42] - [index:   6335] label: (122, 154) pred: (122, 154) delta(pixel): 1
[2022-02-05 17:58:42] - [index:   6336] label: (150, 198) pred: (151, 199) delta(pixel): 1
[2022-02-05 17:58:42] - [index:   6337] label: (127, 155) pred: (127, 156) delta(pixel): 2
[2022-02-05 17:58:42] - [index:   6338] label: (115, 170) pred: (115, 172) delta(pixel): 2
[2022-02-05 17:58:42] - [index:   6339] label: (146, 185) pred: (145, 186) delta(pixel): 2
[2022-02-05 17:58:42] - [index:   6340] label: (104, 148) pred: (104, 150) delta(pixel): 2
[2022-02-05 17:58:42] - [index:   6341] label: (160, 192) pred: (161, 195) delta(pixel): 3
[2022-02-05 17:58:42] - [index:   6342] label: (136, 164) pred: (136, 164) delta(pixel): 1
[2022-02-05 17:58:42] - [index:   6343] label: (87, 134) pred: (87, 135) delta(pixel): 1
[2022-02-05 17:58:42] - [index:   6344] label: (147, 194) pred: (146, 196) delta(pixel): 2
[2022-02-05 17:58:42] - [index:   6345] label: (157, 193) pred: (158, 195) delta(pixel): 3
[2022-02-05 17:58:42] - [index:   6346] label: (113, 154) pred: (113, 156) delta(pixel): 1
[2022-02-05 17:58:42] - [index:   6347] label: (83, 135) pred: (82, 137) delta(pixel): 2
[2022-02-05 17:58:42] - [index:   6348] label: (152, 197) pred: (151, 197) delta(pixel): 1
[2022-02-05 17:58:42] - [index:   6349] label: (81, 117) pred: (81, 118) delta(pixel): 1
[2022-02-05 17:58:42] - [index:   6350] label: (122, 177) pred: (122, 179) delta(pixel): 2
[2022-02-05 17:58:42] - [index:   6351] label: (82, 119) pred: (82, 120) delta(pixel): 1
[2022-02-05 17:58:42] - [index:   6352] label: (150, 187) pred: (151, 190) delta(pixel): 3
[2022-02-05 17:58:42] - [index:   6353] label: (98, 159) pred: (97, 162) delta(pixel): 3
[2022-02-05 17:58:42] - [index:   6354] label: (128, 157) pred: (129, 158) delta(pixel): 1
[2022-02-05 17:58:42] - [index:   6355] label: (114, 175) pred: (114, 177) delta(pixel): 2
[2022-02-05 17:58:42] - [index:   6356] label: (66, 107) pred: (64, 108) delta(pixel): 3
[2022-02-05 17:58:42] - [index:   6357] label: (120, 166) pred: (120, 167) delta(pixel): 1
[2022-02-05 17:58:42] - [index:   6358] label: (139, 167) pred: (140, 169) delta(pixel): 3
[2022-02-05 17:58:42] - [index:   6359] label: (80, 118) pred: (80, 120) delta(pixel): 1
[2022-02-05 17:58:42] - [index:   6360] label: (136, 173) pred: (135, 175) delta(pixel): 2
[2022-02-05 17:58:42] - [index:   6361] label: (144, 175) pred: (145, 177) delta(pixel): 2
[2022-02-05 17:58:42] - [index:   6362] label: (142, 177) pred: (143, 179) delta(pixel): 2
[2022-02-05 17:58:42] - [index:   6363] label: (129, 165) pred: (128, 166) delta(pixel): 1
[2022-02-05 17:58:42] - [index:   6364] label: (124, 156) pred: (124, 157) delta(pixel): 1
[2022-02-05 17:58:42] - [index:   6365] label: (148, 197) pred: (147, 198) delta(pixel): 2
[2022-02-05 17:58:42] - [index:   6366] label: (128, 155) pred: (129, 157) delta(pixel): 1
[2022-02-05 17:58:42] - [index:   6367] label: (127, 155) pred: (127, 156) delta(pixel): 1
[2022-02-05 17:58:42] - [index:   6368] label: (108, 156) pred: (107, 157) delta(pixel): 2
[2022-02-05 17:58:42] - [index:   6369] label: (125, 152) pred: (125, 153) delta(pixel): 0
[2022-02-05 17:58:42] - [index:   6370] label: (157, 189) pred: (157, 192) delta(pixel): 3
[2022-02-05 17:58:42] - [index:   6371] label: (100, 138) pred: (99, 140) delta(pixel): 2
[2022-02-05 17:58:42] - [index:   6372] label: (89, 131) pred: (88, 133) delta(pixel): 2
[2022-02-05 17:58:42] - [index:   6373] label: (121, 150) pred: (121, 151) delta(pixel): 1
[2022-02-05 17:58:42] - [index:   6374] label: (72, 111) pred: (71, 112) delta(pixel): 2
[2022-02-05 17:58:42] - [index:   6375] label: (134, 175) pred: (133, 175) delta(pixel): 1
[2022-02-05 17:58:42] - [index:   6376] label: (99, 138) pred: (98, 139) delta(pixel): 1
[2022-02-05 17:58:42] - [index:   6377] label: (109, 140) pred: (109, 141) delta(pixel): 1
[2022-02-05 17:58:42] - [index:   6378] label: (106, 142) pred: (106, 143) delta(pixel): 2
[2022-02-05 17:58:42] - [index:   6379] label: (163, 197) pred: (164, 199) delta(pixel): 2
[2022-02-05 17:58:42] - [index:   6380] label: (82, 125) pred: (81, 128) delta(pixel): 3
[2022-02-05 17:58:42] - [index:   6381] label: (102, 134) pred: (102, 136) delta(pixel): 1
[2022-02-05 17:58:42] - [index:   6382] label: (145, 183) pred: (145, 184) delta(pixel): 1
[2022-02-05 17:58:42] - [index:   6383] label: (79, 115) pred: (79, 117) delta(pixel): 2
[2022-02-05 17:58:42] - [index:   6384] label: (133, 165) pred: (132, 165) delta(pixel): 0
[2022-02-05 17:58:42] - [index:   6385] label: (124, 156) pred: (124, 157) delta(pixel): 0
[2022-02-05 17:58:42] - [index:   6386] label: (92, 145) pred: (91, 147) delta(pixel): 2
[2022-02-05 17:58:42] - [index:   6387] label: (129, 160) pred: (128, 159) delta(pixel): 0
[2022-02-05 17:58:42] - [index:   6388] label: (67, 116) pred: (65, 117) delta(pixel): 3
[2022-02-05 17:58:42] - [index:   6389] label: (102, 145) pred: (101, 146) delta(pixel): 2
[2022-02-05 17:58:42] - [index:   6390] label: (142, 173) pred: (142, 175) delta(pixel): 2
[2022-02-05 17:58:42] - [index:   6391] label: (144, 177) pred: (144, 179) delta(pixel): 1
[2022-02-05 17:58:42] - [index:   6392] label: (54, 95) pred: (57, 99) delta(pixel): 6
[2022-02-05 17:58:42] - [index:   6393] label: (135, 163) pred: (136, 164) delta(pixel): 1
[2022-02-05 17:58:42] - [index:   6394] label: (116, 157) pred: (116, 159) delta(pixel): 1
[2022-02-05 17:58:42] - [index:   6395] label: (127, 155) pred: (127, 156) delta(pixel): 1
[2022-02-05 17:58:43] - [index:   6396] label: (116, 144) pred: (115, 146) delta(pixel): 1
[2022-02-05 17:58:43] - [index:   6397] label: (87, 131) pred: (87, 131) delta(pixel): 1
[2022-02-05 17:58:43] - [index:   6398] label: (122, 158) pred: (121, 158) delta(pixel): 1
[2022-02-05 17:58:43] - [index:   6399] label: (98, 159) pred: (97, 161) delta(pixel): 3
[2022-02-05 17:58:43] - [index:   6400] label: (121, 150) pred: (121, 151) delta(pixel): 0
[2022-02-05 17:58:43] - [index:   6401] label: (136, 164) pred: (136, 165) delta(pixel): 1
[2022-02-05 17:58:43] - [index:   6402] label: (121, 148) pred: (122, 150) delta(pixel): 2
[2022-02-05 17:58:43] - [index:   6403] label: (129, 163) pred: (128, 165) delta(pixel): 2
[2022-02-05 17:58:43] - [index:   6404] label: (105, 143) pred: (104, 144) delta(pixel): 2
[2022-02-05 17:58:43] - [index:   6405] label: (77, 116) pred: (76, 118) delta(pixel): 3
[2022-02-05 17:58:43] - [index:   6406] label: (130, 157) pred: (130, 158) delta(pixel): 1
[2022-02-05 17:58:43] - [index:   6407] label: (169, 204) pred: (169, 205) delta(pixel): 1
[2022-02-05 17:58:43] - [index:   6408] label: (124, 162) pred: (123, 163) delta(pixel): 1
[2022-02-05 17:58:43] - [index:   6409] label: (97, 161) pred: (96, 165) delta(pixel): 4
[2022-02-05 17:58:43] - [index:   6410] label: (123, 168) pred: (123, 169) delta(pixel): 1
[2022-02-05 17:58:43] - [index:   6411] label: (106, 146) pred: (106, 148) delta(pixel): 1
[2022-02-05 17:58:43] - [index:   6412] label: (123, 150) pred: (123, 151) delta(pixel): 1
[2022-02-05 17:58:43] - [index:   6413] label: (130, 157) pred: (130, 158) delta(pixel): 2
[2022-02-05 17:58:43] - [index:   6414] label: (133, 189) pred: (132, 190) delta(pixel): 2
[2022-02-05 17:58:43] - [index:   6415] label: (121, 151) pred: (121, 153) delta(pixel): 2
[2022-02-05 17:58:43] - [index:   6416] label: (92, 133) pred: (91, 135) delta(pixel): 2
[2022-02-05 17:58:43] - [index:   6417] label: (123, 152) pred: (122, 153) delta(pixel): 0
[2022-02-05 17:58:43] - [index:   6418] label: (174, 211) pred: (172, 209) delta(pixel): 3
[2022-02-05 17:58:43] - [index:   6419] label: (134, 161) pred: (134, 162) delta(pixel): 1
[2022-02-05 17:58:43] - [index:   6420] label: (91, 124) pred: (90, 125) delta(pixel): 1
[2022-02-05 17:58:43] - [index:   6421] label: (145, 188) pred: (145, 190) delta(pixel): 2
[2022-02-05 17:58:43] - [index:   6422] label: (154, 190) pred: (154, 192) delta(pixel): 2
[2022-02-05 17:58:43] - [index:   6423] label: (148, 197) pred: (147, 199) delta(pixel): 2
[2022-02-05 17:58:43] - [index:   6424] label: (82, 117) pred: (82, 119) delta(pixel): 1
[2022-02-05 17:58:43] - [index:   6425] label: (109, 139) pred: (109, 141) delta(pixel): 1
[2022-02-05 17:58:43] - [index:   6426] label: (127, 157) pred: (126, 158) delta(pixel): 0
[2022-02-05 17:58:43] - [index:   6427] label: (57, 99) pred: (58, 100) delta(pixel): 2
[2022-02-05 17:58:43] - [index:   6428] label: (156, 187) pred: (156, 190) delta(pixel): 2
[2022-02-05 17:58:43] - [index:   6429] label: (93, 130) pred: (92, 132) delta(pixel): 3
[2022-02-05 17:58:43] - [index:   6430] label: (122, 155) pred: (122, 156) delta(pixel): 1
[2022-02-05 17:58:43] - [index:   6431] label: (131, 166) pred: (130, 167) delta(pixel): 2
[2022-02-05 17:58:43] - [index:   6432] label: (97, 130) pred: (96, 132) delta(pixel): 1
[2022-02-05 17:58:43] - [index:   6433] label: (168, 202) pred: (168, 203) delta(pixel): 2
[2022-02-05 17:58:43] - [index:   6434] label: (134, 172) pred: (133, 173) delta(pixel): 2
[2022-02-05 17:58:43] - [index:   6435] label: (147, 176) pred: (147, 178) delta(pixel): 2
[2022-02-05 17:58:43] - [index:   6436] label: (102, 140) pred: (101, 142) delta(pixel): 2
[2022-02-05 17:58:43] - [index:   6437] label: (102, 134) pred: (101, 136) delta(pixel): 2
[2022-02-05 17:58:43] - [index:   6438] label: (121, 150) pred: (122, 151) delta(pixel): 2
[2022-02-05 17:58:43] - [index:   6439] label: (138, 169) pred: (138, 170) delta(pixel): 1
[2022-02-05 17:58:43] - [index:   6440] label: (133, 186) pred: (132, 188) delta(pixel): 2
[2022-02-05 17:58:43] - [index:   6441] label: (79, 116) pred: (79, 119) delta(pixel): 2
[2022-02-05 17:58:43] - [index:   6442] label: (132, 159) pred: (133, 161) delta(pixel): 2
[2022-02-05 17:58:43] - [index:   6443] label: (127, 157) pred: (127, 158) delta(pixel): 1
[2022-02-05 17:58:43] - [index:   6444] label: (129, 178) pred: (129, 180) delta(pixel): 2
[2022-02-05 17:58:43] - [index:   6445] label: (97, 130) pred: (97, 133) delta(pixel): 3
[2022-02-05 17:58:43] - [index:   6446] label: (92, 126) pred: (92, 128) delta(pixel): 2
[2022-02-05 17:58:43] - [index:   6447] label: (142, 170) pred: (142, 172) delta(pixel): 1
[2022-02-05 17:58:43] - [index:   6448] label: (169, 206) pred: (169, 207) delta(pixel): 1
[2022-02-05 17:58:43] - [index:   6449] label: (111, 142) pred: (111, 143) delta(pixel): 1
[2022-02-05 17:58:43] - [index:   6450] label: (146, 175) pred: (147, 176) delta(pixel): 1
[2022-02-05 17:58:43] - [index:   6451] label: (108, 163) pred: (107, 164) delta(pixel): 2
[2022-02-05 17:58:43] - [index:   6452] label: (126, 185) pred: (125, 187) delta(pixel): 2
[2022-02-05 17:58:43] - [index:   6453] label: (131, 164) pred: (130, 165) delta(pixel): 2
[2022-02-05 17:58:43] - [index:   6454] label: (99, 135) pred: (99, 136) delta(pixel): 1
[2022-02-05 17:58:43] - [index:   6455] label: (81, 132) pred: (80, 133) delta(pixel): 2
[2022-02-05 17:58:43] - [index:   6456] label: (91, 128) pred: (91, 129) delta(pixel): 1
[2022-02-05 17:58:43] - [index:   6457] label: (85, 148) pred: (85, 151) delta(pixel): 3
[2022-02-05 17:58:43] - [index:   6458] label: (119, 158) pred: (118, 160) delta(pixel): 2
[2022-02-05 17:58:43] - [index:   6459] label: (129, 176) pred: (129, 178) delta(pixel): 1
[2022-02-05 17:58:43] - [index:   6460] label: (149, 179) pred: (149, 180) delta(pixel): 1
[2022-02-05 17:58:43] - [index:   6461] label: (87, 123) pred: (87, 126) delta(pixel): 2
[2022-02-05 17:58:43] - [index:   6462] label: (104, 160) pred: (104, 163) delta(pixel): 2
[2022-02-05 17:58:43] - [index:   6463] label: (149, 185) pred: (150, 187) delta(pixel): 2
[2022-02-05 17:58:43] - [index:   6464] label: (114, 147) pred: (112, 148) delta(pixel): 1
[2022-02-05 17:58:43] - [index:   6465] label: (136, 187) pred: (135, 190) delta(pixel): 2
[2022-02-05 17:58:43] - [index:   6466] label: (81, 135) pred: (79, 137) delta(pixel): 3
[2022-02-05 17:58:43] - [index:   6467] label: (175, 212) pred: (174, 209) delta(pixel): 4
[2022-02-05 17:58:43] - [index:   6468] label: (166, 204) pred: (166, 205) delta(pixel): 1
[2022-02-05 17:58:43] - [index:   6469] label: (119, 149) pred: (119, 151) delta(pixel): 1
[2022-02-05 17:58:43] - [index:   6470] label: (100, 135) pred: (99, 136) delta(pixel): 1
[2022-02-05 17:58:43] - [index:   6471] label: (139, 165) pred: (139, 168) delta(pixel): 3
[2022-02-05 17:58:43] - [index:   6472] label: (118, 145) pred: (118, 148) delta(pixel): 2
[2022-02-05 17:58:43] - [index:   6473] label: (109, 148) pred: (108, 150) delta(pixel): 2
[2022-02-05 17:58:43] - [index:   6474] label: (140, 168) pred: (140, 168) delta(pixel): 0
[2022-02-05 17:58:43] - [index:   6475] label: (141, 173) pred: (140, 174) delta(pixel): 1
[2022-02-05 17:58:43] - [index:   6476] label: (114, 152) pred: (114, 154) delta(pixel): 1
[2022-02-05 17:58:43] - [index:   6477] label: (149, 179) pred: (149, 181) delta(pixel): 1
[2022-02-05 17:58:43] - [index:   6478] label: (56, 97) pred: (56, 99) delta(pixel): 3
[2022-02-05 17:58:43] - [index:   6479] label: (102, 137) pred: (101, 139) delta(pixel): 2
[2022-02-05 17:58:43] - [index:   6480] label: (86, 143) pred: (84, 145) delta(pixel): 3
[2022-02-05 17:58:43] - [index:   6481] label: (107, 138) pred: (107, 139) delta(pixel): 2
[2022-02-05 17:58:43] - [index:   6482] label: (60, 100) pred: (59, 102) delta(pixel): 2
[2022-02-05 17:58:43] - [index:   6483] label: (115, 159) pred: (115, 160) delta(pixel): 1
[2022-02-05 17:58:43] - [index:   6484] label: (137, 165) pred: (138, 166) delta(pixel): 1
[2022-02-05 17:58:43] - [index:   6485] label: (111, 158) pred: (111, 160) delta(pixel): 2
[2022-02-05 17:58:43] - [index:   6486] label: (109, 143) pred: (109, 145) delta(pixel): 1
[2022-02-05 17:58:43] - [index:   6487] label: (138, 183) pred: (137, 185) delta(pixel): 2
[2022-02-05 17:58:43] - [index:   6488] label: (133, 168) pred: (133, 170) delta(pixel): 1
[2022-02-05 17:58:43] - [index:   6489] label: (79, 116) pred: (78, 118) delta(pixel): 2
[2022-02-05 17:58:43] - [index:   6490] label: (141, 173) pred: (140, 174) delta(pixel): 1
[2022-02-05 17:58:43] - [index:   6491] label: (154, 184) pred: (154, 186) delta(pixel): 2
[2022-02-05 17:58:43] - [index:   6492] label: (115, 145) pred: (115, 146) delta(pixel): 1
[2022-02-05 17:58:43] - [index:   6493] label: (67, 116) pred: (65, 117) delta(pixel): 2
[2022-02-05 17:58:43] - [index:   6494] label: (112, 165) pred: (112, 168) delta(pixel): 2
[2022-02-05 17:58:43] - [index:   6495] label: (65, 109) pred: (63, 109) delta(pixel): 2
[2022-02-05 17:58:43] - [index:   6496] label: (57, 99) pred: (57, 100) delta(pixel): 1
[2022-02-05 17:58:43] - [index:   6497] label: (159, 197) pred: (161, 198) delta(pixel): 2
[2022-02-05 17:58:43] - [index:   6498] label: (171, 209) pred: (170, 209) delta(pixel): 1
[2022-02-05 17:58:43] - [index:   6499] label: (129, 170) pred: (128, 171) delta(pixel): 1
[2022-02-05 17:58:43] - [index:   6500] label: (108, 149) pred: (108, 151) delta(pixel): 2
[2022-02-05 17:58:43] - [index:   6501] label: (139, 165) pred: (139, 167) delta(pixel): 2
[2022-02-05 17:58:43] - [index:   6502] label: (116, 144) pred: (116, 145) delta(pixel): 1
[2022-02-05 17:58:43] - [index:   6503] label: (78, 122) pred: (77, 125) delta(pixel): 3
[2022-02-05 17:58:43] - [index:   6504] label: (112, 155) pred: (113, 157) delta(pixel): 2
[2022-02-05 17:58:43] - [index:   6505] label: (125, 156) pred: (124, 156) delta(pixel): 0
[2022-02-05 17:58:43] - [index:   6506] label: (136, 175) pred: (135, 175) delta(pixel): 1
[2022-02-05 17:58:43] - [index:   6507] label: (99, 146) pred: (99, 147) delta(pixel): 1
[2022-02-05 17:58:43] - [index:   6508] label: (165, 198) pred: (165, 202) delta(pixel): 3
[2022-02-05 17:58:43] - [index:   6509] label: (113, 154) pred: (114, 156) delta(pixel): 2
[2022-02-05 17:58:43] - [index:   6510] label: (147, 187) pred: (147, 189) delta(pixel): 1
[2022-02-05 17:58:43] - [index:   6511] label: (109, 153) pred: (109, 154) delta(pixel): 2
[2022-02-05 17:58:43] - [index:   6512] label: (118, 145) pred: (118, 147) delta(pixel): 1
[2022-02-05 17:58:43] - [index:   6513] label: (126, 172) pred: (125, 173) delta(pixel): 2
[2022-02-05 17:58:43] - [index:   6514] label: (90, 124) pred: (90, 126) delta(pixel): 2
[2022-02-05 17:58:43] - [index:   6515] label: (128, 155) pred: (129, 157) delta(pixel): 2
[2022-02-05 17:58:43] - [index:   6516] label: (125, 151) pred: (125, 152) delta(pixel): 1
[2022-02-05 17:58:43] - [index:   6517] label: (134, 172) pred: (133, 173) delta(pixel): 2
[2022-02-05 17:58:43] - [index:   6518] label: (76, 120) pred: (75, 121) delta(pixel): 2
[2022-02-05 17:58:43] - [index:   6519] label: (153, 195) pred: (152, 196) delta(pixel): 1
[2022-02-05 17:58:43] - [index:   6520] label: (122, 177) pred: (122, 179) delta(pixel): 2
[2022-02-05 17:58:43] - [index:   6521] label: (61, 105) pred: (59, 106) delta(pixel): 2
[2022-02-05 17:58:43] - [index:   6522] label: (125, 154) pred: (124, 155) delta(pixel): 1
[2022-02-05 17:58:43] - [index:   6523] label: (112, 141) pred: (112, 142) delta(pixel): 1
[2022-02-05 17:58:43] - [index:   6524] label: (129, 167) pred: (128, 168) delta(pixel): 2
[2022-02-05 17:58:43] - [index:   6525] label: (146, 175) pred: (147, 176) delta(pixel): 2
[2022-02-05 17:58:43] - [index:   6526] label: (134, 165) pred: (135, 166) delta(pixel): 1
[2022-02-05 17:58:43] - [index:   6527] label: (98, 130) pred: (98, 132) delta(pixel): 1
[2022-02-05 17:58:43] - [index:   6528] label: (122, 159) pred: (121, 161) delta(pixel): 2
[2022-02-05 17:58:43] - [index:   6529] label: (138, 166) pred: (138, 167) delta(pixel): 1
[2022-02-05 17:58:43] - [index:   6530] label: (137, 164) pred: (137, 165) delta(pixel): 0
[2022-02-05 17:58:43] - [index:   6531] label: (80, 120) pred: (79, 122) delta(pixel): 2
[2022-02-05 17:58:43] - [index:   6532] label: (95, 149) pred: (94, 151) delta(pixel): 2
[2022-02-05 17:58:43] - [index:   6533] label: (102, 145) pred: (101, 146) delta(pixel): 2
[2022-02-05 17:58:43] - [index:   6534] label: (136, 191) pred: (135, 192) delta(pixel): 2
[2022-02-05 17:58:43] - [index:   6535] label: (134, 164) pred: (134, 165) delta(pixel): 1
[2022-02-05 17:58:43] - [index:   6536] label: (63, 110) pred: (62, 112) delta(pixel): 2
[2022-02-05 17:58:43] - [index:   6537] label: (106, 159) pred: (105, 161) delta(pixel): 2
[2022-02-05 17:58:43] - [index:   6538] label: (130, 160) pred: (131, 162) delta(pixel): 1
[2022-02-05 17:58:43] - [index:   6539] label: (154, 186) pred: (155, 188) delta(pixel): 2
[2022-02-05 17:58:43] - [index:   6540] label: (148, 186) pred: (148, 188) delta(pixel): 1
[2022-02-05 17:58:43] - [index:   6541] label: (120, 166) pred: (120, 168) delta(pixel): 2
[2022-02-05 17:58:43] - [index:   6542] label: (142, 191) pred: (141, 193) delta(pixel): 2
[2022-02-05 17:58:43] - [index:   6543] label: (153, 188) pred: (153, 190) delta(pixel): 2
[2022-02-05 17:58:43] - [index:   6544] label: (123, 152) pred: (123, 153) delta(pixel): 1
[2022-02-05 17:58:43] - [index:   6545] label: (160, 192) pred: (161, 195) delta(pixel): 3
[2022-02-05 17:58:43] - [index:   6546] label: (105, 142) pred: (105, 144) delta(pixel): 2
[2022-02-05 17:58:43] - [index:   6547] label: (154, 198) pred: (154, 199) delta(pixel): 1
[2022-02-05 17:58:43] - [index:   6548] label: (104, 136) pred: (105, 139) delta(pixel): 3
[2022-02-05 17:58:43] - [index:   6549] label: (68, 119) pred: (66, 120) delta(pixel): 3
[2022-02-05 17:58:43] - [index:   6550] label: (143, 189) pred: (143, 191) delta(pixel): 1
[2022-02-05 17:58:43] - [index:   6551] label: (108, 176) pred: (108, 177) delta(pixel): 2
[2022-02-05 17:58:43] - [index:   6552] label: (71, 109) pred: (70, 110) delta(pixel): 2
[2022-02-05 17:58:43] - [index:   6553] label: (149, 188) pred: (149, 190) delta(pixel): 2
[2022-02-05 17:58:43] - [index:   6554] label: (130, 159) pred: (131, 161) delta(pixel): 2
[2022-02-05 17:58:43] - [index:   6555] label: (147, 182) pred: (146, 184) delta(pixel): 2
[2022-02-05 17:58:43] - [index:   6556] label: (142, 182) pred: (141, 184) delta(pixel): 2
[2022-02-05 17:58:43] - [index:   6557] label: (124, 158) pred: (124, 159) delta(pixel): 1
[2022-02-05 17:58:43] - [index:   6558] label: (69, 112) pred: (67, 113) delta(pixel): 2
[2022-02-05 17:58:43] - [index:   6559] label: (136, 173) pred: (135, 175) delta(pixel): 2
[2022-02-05 17:58:43] - [index:   6560] label: (129, 167) pred: (128, 168) delta(pixel): 1
[2022-02-05 17:58:43] - [index:   6561] label: (123, 152) pred: (124, 153) delta(pixel): 2
[2022-02-05 17:58:43] - [index:   6562] label: (137, 171) pred: (136, 172) delta(pixel): 1
[2022-02-05 17:58:43] - [index:   6563] label: (144, 174) pred: (144, 175) delta(pixel): 2
[2022-02-05 17:58:43] - [index:   6564] label: (97, 153) pred: (96, 155) delta(pixel): 2
[2022-02-05 17:58:43] - [index:   6565] label: (113, 164) pred: (113, 166) delta(pixel): 2
[2022-02-05 17:58:43] - [index:   6566] label: (71, 114) pred: (69, 115) delta(pixel): 2
[2022-02-05 17:58:43] - [index:   6567] label: (85, 134) pred: (85, 137) delta(pixel): 2
[2022-02-05 17:58:43] - [index:   6568] label: (118, 159) pred: (117, 160) delta(pixel): 1
[2022-02-05 17:58:43] - [index:   6569] label: (69, 107) pred: (69, 109) delta(pixel): 2
[2022-02-05 17:58:43] - [index:   6570] label: (139, 171) pred: (138, 173) delta(pixel): 2
[2022-02-05 17:58:43] - [index:   6571] label: (160, 192) pred: (161, 194) delta(pixel): 3
[2022-02-05 17:58:43] - [index:   6572] label: (122, 155) pred: (122, 156) delta(pixel): 1
[2022-02-05 17:58:43] - [index:   6573] label: (81, 135) pred: (79, 137) delta(pixel): 3
[2022-02-05 17:58:43] - [index:   6574] label: (93, 128) pred: (92, 129) delta(pixel): 1
[2022-02-05 17:58:43] - [index:   6575] label: (98, 130) pred: (98, 132) delta(pixel): 2
[2022-02-05 17:58:43] - [index:   6576] label: (83, 125) pred: (82, 127) delta(pixel): 2
[2022-02-05 17:58:43] - [index:   6577] label: (139, 180) pred: (139, 182) delta(pixel): 2
[2022-02-05 17:58:43] - [index:   6578] label: (88, 142) pred: (86, 144) delta(pixel): 2
[2022-02-05 17:58:43] - [index:   6579] label: (158, 200) pred: (159, 202) delta(pixel): 1
[2022-02-05 17:58:43] - [index:   6580] label: (96, 139) pred: (96, 141) delta(pixel): 1
[2022-02-05 17:58:43] - [index:   6581] label: (137, 177) pred: (136, 178) delta(pixel): 2
[2022-02-05 17:58:43] - [index:   6582] label: (101, 145) pred: (100, 147) delta(pixel): 2
[2022-02-05 17:58:44] - [index:   6583] label: (117, 164) pred: (117, 166) delta(pixel): 1
[2022-02-05 17:58:44] - [index:   6584] label: (91, 152) pred: (89, 154) delta(pixel): 3
[2022-02-05 17:58:44] - [index:   6585] label: (121, 160) pred: (121, 162) delta(pixel): 1
[2022-02-05 17:58:44] - [index:   6586] label: (123, 170) pred: (123, 171) delta(pixel): 1
[2022-02-05 17:58:44] - [index:   6587] label: (123, 152) pred: (123, 152) delta(pixel): 1
[2022-02-05 17:58:44] - [index:   6588] label: (172, 210) pred: (171, 210) delta(pixel): 1
[2022-02-05 17:58:44] - [index:   6589] label: (68, 109) pred: (66, 111) delta(pixel): 2
[2022-02-05 17:58:44] - [index:   6590] label: (108, 137) pred: (108, 139) delta(pixel): 1
[2022-02-05 17:58:44] - [index:   6591] label: (124, 156) pred: (124, 156) delta(pixel): 0
[2022-02-05 17:58:44] - [index:   6592] label: (144, 192) pred: (144, 194) delta(pixel): 1
[2022-02-05 17:58:44] - [index:   6593] label: (74, 119) pred: (72, 121) delta(pixel): 2
[2022-02-05 17:58:44] - [index:   6594] label: (135, 182) pred: (135, 183) delta(pixel): 2
[2022-02-05 17:58:44] - [index:   6595] label: (150, 191) pred: (150, 193) delta(pixel): 2
[2022-02-05 17:58:44] - [index:   6596] label: (134, 163) pred: (134, 164) delta(pixel): 1
[2022-02-05 17:58:44] - [index:   6597] label: (142, 177) pred: (143, 180) delta(pixel): 3
[2022-02-05 17:58:44] - [index:   6598] label: (140, 168) pred: (141, 169) delta(pixel): 2
[2022-02-05 17:58:44] - [index:   6599] label: (106, 159) pred: (105, 161) delta(pixel): 2
[2022-02-05 17:58:44] - [index:   6600] label: (112, 155) pred: (113, 158) delta(pixel): 2
[2022-02-05 17:58:44] - [index:   6601] label: (138, 176) pred: (138, 177) delta(pixel): 1
[2022-02-05 17:58:44] - [index:   6602] label: (122, 157) pred: (122, 158) delta(pixel): 1
[2022-02-05 17:58:44] - [index:   6603] label: (161, 198) pred: (162, 200) delta(pixel): 3
[2022-02-05 17:58:44] - [index:   6604] label: (88, 138) pred: (86, 139) delta(pixel): 2
[2022-02-05 17:58:44] - [index:   6605] label: (109, 143) pred: (109, 145) delta(pixel): 1
[2022-02-05 17:58:44] - [index:   6606] label: (145, 188) pred: (145, 190) delta(pixel): 2
[2022-02-05 17:58:44] - [index:   6607] label: (131, 163) pred: (130, 164) delta(pixel): 1
[2022-02-05 17:58:44] - [index:   6608] label: (140, 171) pred: (140, 173) delta(pixel): 1
[2022-02-05 17:58:44] - [index:   6609] label: (151, 180) pred: (151, 182) delta(pixel): 2
[2022-02-05 17:58:44] - [index:   6610] label: (169, 204) pred: (169, 206) delta(pixel): 1
[2022-02-05 17:58:44] - [index:   6611] label: (66, 104) pred: (65, 106) delta(pixel): 2
[2022-02-05 17:58:44] - [index:   6612] label: (152, 189) pred: (153, 191) delta(pixel): 3
[2022-02-05 17:58:44] - [index:   6613] label: (115, 151) pred: (114, 153) delta(pixel): 2
[2022-02-05 17:58:44] - [index:   6614] label: (115, 150) pred: (115, 152) delta(pixel): 1
[2022-02-05 17:58:44] - [index:   6615] label: (123, 170) pred: (123, 172) delta(pixel): 1
[2022-02-05 17:58:44] - [index:   6616] label: (167, 203) pred: (168, 205) delta(pixel): 1
[2022-02-05 17:58:44] - [index:   6617] label: (146, 176) pred: (146, 178) delta(pixel): 1
[2022-02-05 17:58:44] - [index:   6618] label: (134, 161) pred: (134, 162) delta(pixel): 1
[2022-02-05 17:58:44] - [index:   6619] label: (159, 193) pred: (160, 196) delta(pixel): 3
[2022-02-05 17:58:44] - [index:   6620] label: (159, 193) pred: (161, 196) delta(pixel): 4
[2022-02-05 17:58:44] - [index:   6621] label: (115, 151) pred: (114, 153) delta(pixel): 2
[2022-02-05 17:58:44] - [index:   6622] label: (109, 154) pred: (108, 156) delta(pixel): 2
[2022-02-05 17:58:44] - [index:   6623] label: (133, 189) pred: (132, 191) delta(pixel): 2
[2022-02-05 17:58:44] - [index:   6624] label: (127, 153) pred: (128, 155) delta(pixel): 2
[2022-02-05 17:58:44] - [index:   6625] label: (124, 161) pred: (123, 161) delta(pixel): 1
[2022-02-05 17:58:44] - [index:   6626] label: (129, 167) pred: (128, 168) delta(pixel): 1
[2022-02-05 17:58:44] - [index:   6627] label: (155, 185) pred: (155, 187) delta(pixel): 2
[2022-02-05 17:58:44] - [index:   6628] label: (141, 169) pred: (141, 170) delta(pixel): 1
[2022-02-05 17:58:44] - [index:   6629] label: (88, 138) pred: (87, 139) delta(pixel): 1
[2022-02-05 17:58:44] - [index:   6630] label: (131, 166) pred: (130, 167) delta(pixel): 1
[2022-02-05 17:58:44] - [index:   6631] label: (94, 130) pred: (94, 132) delta(pixel): 2
[2022-02-05 17:58:44] - [index:   6632] label: (157, 197) pred: (157, 198) delta(pixel): 1
[2022-02-05 17:58:44] - [index:   6633] label: (85, 134) pred: (84, 136) delta(pixel): 2
[2022-02-05 17:58:44] - [index:   6634] label: (166, 202) pred: (166, 204) delta(pixel): 1
[2022-02-05 17:58:44] - [index:   6635] label: (113, 143) pred: (114, 145) delta(pixel): 2
[2022-02-05 17:58:44] - [index:   6636] label: (114, 152) pred: (114, 154) delta(pixel): 1
[2022-02-05 17:58:44] - [index:   6637] label: (174, 209) pred: (172, 209) delta(pixel): 1
[2022-02-05 17:58:44] - [index:   6638] label: (111, 146) pred: (109, 147) delta(pixel): 2
[2022-02-05 17:58:44] - [index:   6639] label: (124, 156) pred: (124, 156) delta(pixel): 0
[2022-02-05 17:58:44] - [index:   6640] label: (165, 197) pred: (165, 200) delta(pixel): 3
[2022-02-05 17:58:44] - [index:   6641] label: (116, 150) pred: (115, 151) delta(pixel): 1
[2022-02-05 17:58:44] - [index:   6642] label: (113, 149) pred: (112, 151) delta(pixel): 2
[2022-02-05 17:58:44] - [index:   6643] label: (56, 97) pred: (57, 99) delta(pixel): 3
[2022-02-05 17:58:44] - [index:   6644] label: (117, 147) pred: (117, 147) delta(pixel): 0
[2022-02-05 17:58:44] - [index:   6645] label: (129, 161) pred: (129, 162) delta(pixel): 1
[2022-02-05 17:58:44] - [index:   6646] label: (154, 186) pred: (155, 188) delta(pixel): 2
[2022-02-05 17:58:44] - [index:   6647] label: (139, 180) pred: (139, 181) delta(pixel): 1
[2022-02-05 17:58:44] - [index:   6648] label: (129, 172) pred: (129, 173) delta(pixel): 1
[2022-02-05 17:58:44] - [index:   6649] label: (87, 121) pred: (87, 124) delta(pixel): 3
[2022-02-05 17:58:44] - [index:   6650] label: (87, 123) pred: (86, 125) delta(pixel): 2
[2022-02-05 17:58:44] - [index:   6651] label: (85, 123) pred: (85, 125) delta(pixel): 2
[2022-02-05 17:58:44] - [index:   6652] label: (103, 155) pred: (103, 156) delta(pixel): 1
[2022-02-05 17:58:44] - [index:   6653] label: (70, 110) pred: (69, 112) delta(pixel): 3
[2022-02-05 17:58:44] - [index:   6654] label: (74, 113) pred: (73, 114) delta(pixel): 1
[2022-02-05 17:58:44] - [index:   6655] label: (162, 195) pred: (163, 198) delta(pixel): 3
[2022-02-05 17:58:44] - [index:   6656] label: (101, 164) pred: (100, 167) delta(pixel): 3
[2022-02-05 17:58:44] - [index:   6657] label: (117, 148) pred: (116, 149) delta(pixel): 1
[2022-02-05 17:58:44] - [index:   6658] label: (80, 118) pred: (80, 120) delta(pixel): 1
[2022-02-05 17:58:44] - [index:   6659] label: (69, 107) pred: (68, 109) delta(pixel): 4
[2022-02-05 17:58:44] - [index:   6660] label: (105, 152) pred: (105, 153) delta(pixel): 1
[2022-02-05 17:58:44] - [index:   6661] label: (105, 139) pred: (104, 140) delta(pixel): 2
[2022-02-05 17:58:44] - [index:   6662] label: (107, 150) pred: (107, 152) delta(pixel): 1
[2022-02-05 17:58:44] - [index:   6663] label: (104, 139) pred: (104, 142) delta(pixel): 2
[2022-02-05 17:58:44] - [index:   6664] label: (128, 156) pred: (129, 157) delta(pixel): 1
[2022-02-05 17:58:44] - [index:   6665] label: (73, 122) pred: (71, 123) delta(pixel): 3
[2022-02-05 17:58:44] - [index:   6666] label: (126, 160) pred: (126, 161) delta(pixel): 1
[2022-02-05 17:58:44] - [index:   6667] label: (67, 116) pred: (65, 117) delta(pixel): 3
[2022-02-05 17:58:44] - [index:   6668] label: (156, 199) pred: (156, 200) delta(pixel): 1
[2022-02-05 17:58:44] - [index:   6669] label: (106, 151) pred: (106, 152) delta(pixel): 1
[2022-02-05 17:58:44] - [index:   6670] label: (143, 186) pred: (142, 188) delta(pixel): 2
[2022-02-05 17:58:44] - [index:   6671] label: (130, 160) pred: (131, 161) delta(pixel): 1
[2022-02-05 17:58:44] - [index:   6672] label: (79, 128) pred: (78, 130) delta(pixel): 2
[2022-02-05 17:58:44] - [index:   6673] label: (140, 183) pred: (139, 184) delta(pixel): 2
[2022-02-05 17:58:44] - [index:   6674] label: (76, 114) pred: (75, 115) delta(pixel): 2
[2022-02-05 17:58:44] - [index:   6675] label: (117, 180) pred: (117, 183) delta(pixel): 2
[2022-02-05 17:58:44] - [index:   6676] label: (91, 128) pred: (90, 129) delta(pixel): 2
[2022-02-05 17:58:44] - [index:   6677] label: (113, 149) pred: (112, 151) delta(pixel): 2
[2022-02-05 17:58:44] - [index:   6678] label: (155, 201) pred: (155, 202) delta(pixel): 0
[2022-02-05 17:58:44] - [index:   6679] label: (155, 192) pred: (155, 194) delta(pixel): 1
[2022-02-05 17:58:44] - [index:   6680] label: (167, 208) pred: (167, 207) delta(pixel): 0
[2022-02-05 17:58:44] - [index:   6681] label: (126, 174) pred: (125, 176) delta(pixel): 2
[2022-02-05 17:58:44] - [index:   6682] label: (172, 206) pred: (170, 207) delta(pixel): 2
[2022-02-05 17:58:44] - [index:   6683] label: (146, 180) pred: (145, 181) delta(pixel): 2
[2022-02-05 17:58:44] - [index:   6684] label: (172, 208) pred: (171, 209) delta(pixel): 1
[2022-02-05 17:58:44] - [index:   6685] label: (152, 183) pred: (153, 185) delta(pixel): 3
[2022-02-05 17:58:44] - [index:   6686] label: (116, 150) pred: (115, 150) delta(pixel): 1
[2022-02-05 17:58:44] - [index:   6687] label: (170, 205) pred: (170, 207) delta(pixel): 2
[2022-02-05 17:58:44] - [index:   6688] label: (114, 142) pred: (114, 144) delta(pixel): 1
[2022-02-05 17:58:44] - [index:   6689] label: (109, 140) pred: (109, 141) delta(pixel): 1
[2022-02-05 17:58:44] - [index:   6690] label: (114, 143) pred: (113, 144) delta(pixel): 1
[2022-02-05 17:58:44] - [index:   6691] label: (137, 177) pred: (136, 178) delta(pixel): 1
[2022-02-05 17:58:44] - [index:   6692] label: (158, 196) pred: (159, 198) delta(pixel): 3
[2022-02-05 17:58:44] - [index:   6693] label: (112, 155) pred: (113, 157) delta(pixel): 2
[2022-02-05 17:58:44] - [index:   6694] label: (177, 213) pred: (175, 209) delta(pixel): 5
[2022-02-05 17:58:44] - [index:   6695] label: (123, 168) pred: (123, 169) delta(pixel): 1
[2022-02-05 17:58:44] - [index:   6696] label: (80, 140) pred: (80, 142) delta(pixel): 2
[2022-02-05 17:58:44] - [index:   6697] label: (127, 156) pred: (127, 157) delta(pixel): 1
[2022-02-05 17:58:44] - [index:   6698] label: (81, 135) pred: (80, 137) delta(pixel): 2
[2022-02-05 17:58:44] - [index:   6699] label: (111, 142) pred: (112, 143) delta(pixel): 2
[2022-02-05 17:58:44] - [index:   6700] label: (142, 194) pred: (142, 195) delta(pixel): 2
[2022-02-05 17:58:44] - [index:   6701] label: (145, 181) pred: (144, 182) delta(pixel): 2
[2022-02-05 17:58:44] - [index:   6702] label: (132, 162) pred: (132, 164) delta(pixel): 1
[2022-02-05 17:58:44] - [index:   6703] label: (85, 119) pred: (85, 121) delta(pixel): 2
[2022-02-05 17:58:44] - [index:   6704] label: (78, 136) pred: (77, 138) delta(pixel): 3
[2022-02-05 17:58:44] - [index:   6705] label: (152, 192) pred: (152, 193) delta(pixel): 1
[2022-02-05 17:58:44] - [index:   6706] label: (62, 104) pred: (61, 105) delta(pixel): 2
[2022-02-05 17:58:44] - [index:   6707] label: (120, 147) pred: (121, 149) delta(pixel): 2
[2022-02-05 17:58:44] - [index:   6708] label: (155, 192) pred: (155, 194) delta(pixel): 2
[2022-02-05 17:58:44] - [index:   6709] label: (118, 150) pred: (118, 151) delta(pixel): 1
[2022-02-05 17:58:44] - [index:   6710] label: (65, 113) pred: (63, 115) delta(pixel): 3
[2022-02-05 17:58:44] - [index:   6711] label: (113, 143) pred: (114, 145) delta(pixel): 3
[2022-02-05 17:58:44] - [index:   6712] label: (117, 147) pred: (117, 148) delta(pixel): 1
[2022-02-05 17:58:44] - [index:   6713] label: (111, 158) pred: (111, 160) delta(pixel): 2
[2022-02-05 17:58:44] - [index:   6714] label: (109, 140) pred: (108, 141) delta(pixel): 1
[2022-02-05 17:58:44] - [index:   6715] label: (85, 134) pred: (84, 136) delta(pixel): 2
[2022-02-05 17:58:44] - [index:   6716] label: (59, 98) pred: (59, 100) delta(pixel): 2
[2022-02-05 17:58:44] - [index:   6717] label: (126, 179) pred: (125, 181) delta(pixel): 2
[2022-02-05 17:58:44] - [index:   6718] label: (103, 136) pred: (104, 139) delta(pixel): 3
[2022-02-05 17:58:44] - [index:   6719] label: (118, 159) pred: (117, 160) delta(pixel): 1
[2022-02-05 17:58:44] - [index:   6720] label: (121, 164) pred: (121, 166) delta(pixel): 2
[2022-02-05 17:58:44] - [index:   6721] label: (120, 155) pred: (120, 157) delta(pixel): 2
[2022-02-05 17:58:44] - [index:   6722] label: (145, 181) pred: (145, 183) delta(pixel): 2
[2022-02-05 17:58:44] - [index:   6723] label: (131, 164) pred: (130, 165) delta(pixel): 1
[2022-02-05 17:58:44] - [index:   6724] label: (112, 149) pred: (111, 150) delta(pixel): 1
[2022-02-05 17:58:44] - [index:   6725] label: (123, 174) pred: (123, 176) delta(pixel): 2
[2022-02-05 17:58:44] - [index:   6726] label: (126, 168) pred: (125, 170) delta(pixel): 2
[2022-02-05 17:58:44] - [index:   6727] label: (88, 142) pred: (87, 144) delta(pixel): 2
[2022-02-05 17:58:44] - [index:   6728] label: (115, 172) pred: (115, 174) delta(pixel): 2
[2022-02-05 17:58:44] - [index:   6729] label: (153, 188) pred: (153, 190) delta(pixel): 2
[2022-02-05 17:58:44] - [index:   6730] label: (172, 210) pred: (172, 210) delta(pixel): 1
[2022-02-05 17:58:44] - [index:   6731] label: (94, 136) pred: (93, 138) delta(pixel): 3
[2022-02-05 17:58:44] - [index:   6732] label: (165, 207) pred: (165, 206) delta(pixel): 1
[2022-02-05 17:58:44] - [index:   6733] label: (139, 189) pred: (138, 192) delta(pixel): 3
[2022-02-05 17:58:44] - [index:   6734] label: (103, 144) pred: (102, 145) delta(pixel): 2
[2022-02-05 17:58:44] - [index:   6735] label: (142, 173) pred: (143, 174) delta(pixel): 1
[2022-02-05 17:58:44] - [index:   6736] label: (108, 156) pred: (107, 157) delta(pixel): 2
[2022-02-05 17:58:44] - [index:   6737] label: (143, 171) pred: (143, 172) delta(pixel): 1
[2022-02-05 17:58:44] - [index:   6738] label: (168, 202) pred: (168, 204) delta(pixel): 2
[2022-02-05 17:58:44] - [index:   6739] label: (82, 119) pred: (82, 120) delta(pixel): 2
[2022-02-05 17:58:44] - [index:   6740] label: (87, 121) pred: (87, 124) delta(pixel): 2
[2022-02-05 17:58:44] - [index:   6741] label: (142, 182) pred: (141, 183) delta(pixel): 1
[2022-02-05 17:58:44] - [index:   6742] label: (64, 103) pred: (62, 104) delta(pixel): 1
[2022-02-05 17:58:44] - [index:   6743] label: (143, 181) pred: (143, 183) delta(pixel): 2
[2022-02-05 17:58:44] - [index:   6744] label: (96, 136) pred: (95, 138) delta(pixel): 2
[2022-02-05 17:58:44] - [index:   6745] label: (129, 176) pred: (129, 178) delta(pixel): 2
[2022-02-05 17:58:44] - [index:   6746] label: (158, 188) pred: (158, 191) delta(pixel): 2
[2022-02-05 17:58:44] - [index:   6747] label: (117, 164) pred: (117, 166) delta(pixel): 1
[2022-02-05 17:58:44] - [index:   6748] label: (127, 156) pred: (127, 157) delta(pixel): 1
[2022-02-05 17:58:44] - [index:   6749] label: (160, 203) pred: (159, 204) delta(pixel): 1
[2022-02-05 17:58:44] - [index:   6750] label: (100, 138) pred: (99, 139) delta(pixel): 1
[2022-02-05 17:58:44] - [index:   6751] label: (161, 193) pred: (162, 195) delta(pixel): 3
[2022-02-05 17:58:44] - [index:   6752] label: (154, 198) pred: (154, 199) delta(pixel): 1
[2022-02-05 17:58:44] - [index:   6753] label: (101, 137) pred: (100, 139) delta(pixel): 2
[2022-02-05 17:58:44] - [index:   6754] label: (73, 115) pred: (71, 116) delta(pixel): 2
[2022-02-05 17:58:44] - [index:   6755] label: (126, 160) pred: (126, 161) delta(pixel): 1
[2022-02-05 17:58:44] - [index:   6756] label: (133, 167) pred: (133, 168) delta(pixel): 0
[2022-02-05 17:58:44] - [index:   6757] label: (139, 165) pred: (139, 166) delta(pixel): 1
[2022-02-05 17:58:44] - [index:   6758] label: (168, 200) pred: (168, 202) delta(pixel): 2
[2022-02-05 17:58:44] - [index:   6759] label: (99, 138) pred: (98, 139) delta(pixel): 2
[2022-02-05 17:58:44] - [index:   6760] label: (160, 192) pred: (161, 194) delta(pixel): 3
[2022-02-05 17:58:44] - [index:   6761] label: (106, 138) pred: (105, 140) delta(pixel): 2
[2022-02-05 17:58:44] - [index:   6762] label: (145, 183) pred: (145, 184) delta(pixel): 1
[2022-02-05 17:58:44] - [index:   6763] label: (176, 210) pred: (175, 209) delta(pixel): 3
[2022-02-05 17:58:45] - [index:   6764] label: (68, 114) pred: (66, 115) delta(pixel): 3
[2022-02-05 17:58:45] - [index:   6765] label: (162, 204) pred: (161, 205) delta(pixel): 0
[2022-02-05 17:58:45] - [index:   6766] label: (111, 142) pred: (111, 143) delta(pixel): 1
[2022-02-05 17:58:45] - [index:   6767] label: (119, 158) pred: (118, 159) delta(pixel): 2
[2022-02-05 17:58:45] - [index:   6768] label: (137, 170) pred: (137, 172) delta(pixel): 2
[2022-02-05 17:58:45] - [index:   6769] label: (166, 199) pred: (166, 202) delta(pixel): 2
[2022-02-05 17:58:45] - [index:   6770] label: (98, 147) pred: (97, 148) delta(pixel): 1
[2022-02-05 17:58:45] - [index:   6771] label: (166, 201) pred: (166, 203) delta(pixel): 2
[2022-02-05 17:58:45] - [index:   6772] label: (74, 128) pred: (73, 131) delta(pixel): 3
[2022-02-05 17:58:45] - [index:   6773] label: (136, 165) pred: (136, 166) delta(pixel): 1
[2022-02-05 17:58:45] - [index:   6774] label: (136, 166) pred: (136, 168) delta(pixel): 2
[2022-02-05 17:58:45] - [index:   6775] label: (135, 162) pred: (135, 163) delta(pixel): 1
[2022-02-05 17:58:45] - [index:   6776] label: (86, 143) pred: (84, 144) delta(pixel): 3
[2022-02-05 17:58:45] - [index:   6777] label: (138, 170) pred: (138, 171) delta(pixel): 1
[2022-02-05 17:58:45] - [index:   6778] label: (114, 175) pred: (114, 177) delta(pixel): 2
[2022-02-05 17:58:45] - [index:   6779] label: (140, 170) pred: (140, 171) delta(pixel): 1
[2022-02-05 17:58:45] - [index:   6780] label: (117, 164) pred: (117, 166) delta(pixel): 2
[2022-02-05 17:58:45] - [index:   6781] label: (123, 166) pred: (122, 167) delta(pixel): 1
[2022-02-05 17:58:45] - [index:   6782] label: (144, 175) pred: (145, 177) delta(pixel): 2
[2022-02-05 17:58:45] - [index:   6783] label: (131, 170) pred: (131, 171) delta(pixel): 1
[2022-02-05 17:58:45] - [index:   6784] label: (140, 169) pred: (140, 170) delta(pixel): 1
[2022-02-05 17:58:45] - [index:   6785] label: (66, 104) pred: (65, 105) delta(pixel): 2
[2022-02-05 17:58:45] - [index:   6786] label: (103, 137) pred: (102, 139) delta(pixel): 2
[2022-02-05 17:58:45] - [index:   6787] label: (78, 118) pred: (78, 120) delta(pixel): 3
[2022-02-05 17:58:45] - [index:   6788] label: (70, 110) pred: (69, 113) delta(pixel): 3
[2022-02-05 17:58:45] - [index:   6789] label: (139, 180) pred: (139, 182) delta(pixel): 2
[2022-02-05 17:58:45] - [index:   6790] label: (138, 173) pred: (137, 173) delta(pixel): 1
[2022-02-05 17:58:45] - [index:   6791] label: (129, 174) pred: (129, 175) delta(pixel): 1
[2022-02-05 17:58:45] - [index:   6792] label: (175, 210) pred: (174, 208) delta(pixel): 2
[2022-02-05 17:58:45] - [index:   6793] label: (119, 149) pred: (120, 150) delta(pixel): 2
[2022-02-05 17:58:45] - [index:   6794] label: (146, 175) pred: (147, 177) delta(pixel): 2
[2022-02-05 17:58:45] - [index:   6795] label: (149, 195) pred: (149, 196) delta(pixel): 1
[2022-02-05 17:58:45] - [index:   6796] label: (121, 150) pred: (122, 151) delta(pixel): 2
[2022-02-05 17:58:45] - [index:   6797] label: (142, 171) pred: (141, 173) delta(pixel): 1
[2022-02-05 17:58:45] - [index:   6798] label: (76, 112) pred: (75, 114) delta(pixel): 3
[2022-02-05 17:58:45] - [index:   6799] label: (165, 200) pred: (165, 203) delta(pixel): 2
[2022-02-05 17:58:45] - [index:   6800] label: (97, 153) pred: (97, 155) delta(pixel): 2
[2022-02-05 17:58:45] - [index:   6801] label: (150, 184) pred: (151, 187) delta(pixel): 3
[2022-02-05 17:58:45] - [index:   6802] label: (92, 126) pred: (92, 128) delta(pixel): 2
[2022-02-05 17:58:45] - [index:   6803] label: (118, 151) pred: (118, 152) delta(pixel): 1
[2022-02-05 17:58:45] - [index:   6804] label: (160, 201) pred: (160, 203) delta(pixel): 1
[2022-02-05 17:58:45] - [index:   6805] label: (93, 136) pred: (91, 138) delta(pixel): 2
[2022-02-05 17:58:45] - [index:   6806] label: (158, 194) pred: (160, 197) delta(pixel): 3
[2022-02-05 17:58:45] - [index:   6807] label: (142, 170) pred: (143, 171) delta(pixel): 1
[2022-02-05 17:58:45] - [index:   6808] label: (65, 113) pred: (63, 115) delta(pixel): 3
[2022-02-05 17:58:45] - [index:   6809] label: (134, 164) pred: (134, 165) delta(pixel): 1
[2022-02-05 17:58:45] - [index:   6810] label: (60, 100) pred: (60, 102) delta(pixel): 2
[2022-02-05 17:58:45] - [index:   6811] label: (126, 165) pred: (126, 165) delta(pixel): 1
[2022-02-05 17:58:45] - [index:   6812] label: (106, 167) pred: (106, 169) delta(pixel): 2
[2022-02-05 17:58:45] - [index:   6813] label: (105, 170) pred: (105, 172) delta(pixel): 1
[2022-02-05 17:58:45] - [index:   6814] label: (129, 160) pred: (129, 159) delta(pixel): 0
[2022-02-05 17:58:45] - [index:   6815] label: (113, 164) pred: (113, 166) delta(pixel): 2
[2022-02-05 17:58:45] - [index:   6816] label: (130, 155) pred: (130, 157) delta(pixel): 1
[2022-02-05 17:58:45] - [index:   6817] label: (104, 140) pred: (103, 141) delta(pixel): 2
[2022-02-05 17:58:45] - [index:   6818] label: (132, 175) pred: (131, 177) delta(pixel): 1
[2022-02-05 17:58:45] - [index:   6819] label: (169, 206) pred: (169, 207) delta(pixel): 0
[2022-02-05 17:58:45] - [index:   6820] label: (115, 170) pred: (115, 172) delta(pixel): 3
[2022-02-05 17:58:45] - [index:   6821] label: (115, 145) pred: (115, 147) delta(pixel): 1
[2022-02-05 17:58:45] - [index:   6822] label: (125, 155) pred: (124, 156) delta(pixel): 1
[2022-02-05 17:58:45] - [index:   6823] label: (123, 152) pred: (123, 153) delta(pixel): 0
[2022-02-05 17:58:45] - [index:   6824] label: (87, 123) pred: (86, 125) delta(pixel): 2
[2022-02-05 17:58:45] - [index:   6825] label: (135, 171) pred: (135, 172) delta(pixel): 0
[2022-02-05 17:58:45] - [index:   6826] label: (84, 119) pred: (83, 120) delta(pixel): 1
[2022-02-05 17:58:45] - [index:   6827] label: (100, 138) pred: (99, 139) delta(pixel): 2
[2022-02-05 17:58:45] - [index:   6828] label: (170, 205) pred: (170, 207) delta(pixel): 2
[2022-02-05 17:58:45] - [index:   6829] label: (138, 170) pred: (138, 171) delta(pixel): 1
[2022-02-05 17:58:45] - [index:   6830] label: (98, 132) pred: (98, 134) delta(pixel): 1
[2022-02-05 17:58:45] - [index:   6831] label: (59, 103) pred: (58, 105) delta(pixel): 2
[2022-02-05 17:58:45] - [index:   6832] label: (98, 170) pred: (98, 172) delta(pixel): 2
[2022-02-05 17:58:45] - [index:   6833] label: (110, 139) pred: (110, 141) delta(pixel): 1
[2022-02-05 17:58:45] - [index:   6834] label: (124, 158) pred: (124, 159) delta(pixel): 1
[2022-02-05 17:58:45] - [index:   6835] label: (168, 200) pred: (168, 202) delta(pixel): 1
[2022-02-05 17:58:45] - [index:   6836] label: (125, 155) pred: (124, 155) delta(pixel): 1
[2022-02-05 17:58:45] - [index:   6837] label: (145, 186) pred: (144, 187) delta(pixel): 2
[2022-02-05 17:58:45] - [index:   6838] label: (148, 186) pred: (148, 188) delta(pixel): 2
[2022-02-05 17:58:45] - [index:   6839] label: (117, 162) pred: (117, 164) delta(pixel): 1
[2022-02-05 17:58:45] - [index:   6840] label: (142, 170) pred: (142, 171) delta(pixel): 1
[2022-02-05 17:58:45] - [index:   6841] label: (79, 132) pred: (77, 132) delta(pixel): 2
[2022-02-05 17:58:45] - [index:   6842] label: (87, 128) pred: (87, 130) delta(pixel): 2
[2022-02-05 17:58:45] - [index:   6843] label: (110, 147) pred: (110, 149) delta(pixel): 2
[2022-02-05 17:58:45] - [index:   6844] label: (154, 198) pred: (154, 199) delta(pixel): 1
[2022-02-05 17:58:45] - [index:   6845] label: (112, 145) pred: (112, 147) delta(pixel): 2
[2022-02-05 17:58:45] - [index:   6846] label: (166, 202) pred: (166, 204) delta(pixel): 1
[2022-02-05 17:58:45] - [index:   6847] label: (177, 213) pred: (175, 209) delta(pixel): 5
[2022-02-05 17:58:45] - [index:   6848] label: (127, 157) pred: (127, 158) delta(pixel): 1
[2022-02-05 17:58:45] - [index:   6849] label: (162, 202) pred: (162, 204) delta(pixel): 1
[2022-02-05 17:58:45] - [index:   6850] label: (104, 153) pred: (104, 155) delta(pixel): 1
[2022-02-05 17:58:45] - [index:   6851] label: (112, 141) pred: (113, 143) delta(pixel): 3
[2022-02-05 17:58:45] - [index:   6852] label: (98, 142) pred: (98, 143) delta(pixel): 1
[2022-02-05 17:58:45] - [index:   6853] label: (134, 177) pred: (133, 178) delta(pixel): 1
[2022-02-05 17:58:45] - [index:   6854] label: (110, 147) pred: (110, 149) delta(pixel): 2
[2022-02-05 17:58:45] - [index:   6855] label: (157, 197) pred: (158, 199) delta(pixel): 3
[2022-02-05 17:58:45] - [index:   6856] label: (132, 159) pred: (132, 160) delta(pixel): 0
[2022-02-05 17:58:45] - [index:   6857] label: (113, 154) pred: (114, 156) delta(pixel): 2
[2022-02-05 17:58:45] - [index:   6858] label: (119, 172) pred: (119, 174) delta(pixel): 2
[2022-02-05 17:58:45] - [index:   6859] label: (164, 203) pred: (164, 205) delta(pixel): 1
[2022-02-05 17:58:45] - [index:   6860] label: (85, 148) pred: (84, 150) delta(pixel): 2
[2022-02-05 17:58:45] - [index:   6861] label: (177, 213) pred: (175, 210) delta(pixel): 4
[2022-02-05 17:58:45] - [index:   6862] label: (142, 194) pred: (142, 196) delta(pixel): 2
[2022-02-05 17:58:45] - [index:   6863] label: (60, 100) pred: (60, 103) delta(pixel): 2
[2022-02-05 17:58:45] - [index:   6864] label: (112, 149) pred: (112, 152) delta(pixel): 2
[2022-02-05 17:58:45] - [index:   6865] label: (133, 186) pred: (133, 188) delta(pixel): 2
[2022-02-05 17:58:45] - [index:   6866] label: (88, 126) pred: (88, 127) delta(pixel): 2
[2022-02-05 17:58:45] - [index:   6867] label: (69, 108) pred: (67, 109) delta(pixel): 2
[2022-02-05 17:58:45] - [index:   6868] label: (115, 172) pred: (115, 174) delta(pixel): 2
[2022-02-05 17:58:45] - [index:   6869] label: (142, 176) pred: (142, 177) delta(pixel): 1
[2022-02-05 17:58:45] - [index:   6870] label: (151, 184) pred: (152, 185) delta(pixel): 2
[2022-02-05 17:58:45] - [index:   6871] label: (154, 186) pred: (155, 188) delta(pixel): 2
[2022-02-05 17:58:45] - [index:   6872] label: (94, 156) pred: (92, 158) delta(pixel): 3
[2022-02-05 17:58:45] - [index:   6873] label: (152, 189) pred: (153, 191) delta(pixel): 2
[2022-02-05 17:58:45] - [index:   6874] label: (111, 146) pred: (110, 148) delta(pixel): 2
[2022-02-05 17:58:45] - [index:   6875] label: (116, 149) pred: (115, 149) delta(pixel): 0
[2022-02-05 17:58:45] - [index:   6876] label: (156, 187) pred: (156, 189) delta(pixel): 2
[2022-02-05 17:58:45] - [index:   6877] label: (156, 195) pred: (157, 196) delta(pixel): 2
[2022-02-05 17:58:45] - [index:   6878] label: (91, 128) pred: (91, 130) delta(pixel): 1
[2022-02-05 17:58:45] - [index:   6879] label: (104, 139) pred: (105, 142) delta(pixel): 2
[2022-02-05 17:58:45] - [index:   6880] label: (91, 124) pred: (91, 126) delta(pixel): 2
[2022-02-05 17:58:45] - [index:   6881] label: (135, 162) pred: (136, 164) delta(pixel): 2
[2022-02-05 17:58:45] - [index:   6882] label: (172, 206) pred: (171, 208) delta(pixel): 2
[2022-02-05 17:58:45] - [index:   6883] label: (66, 107) pred: (65, 108) delta(pixel): 2
[2022-02-05 17:58:45] - [index:   6884] label: (100, 132) pred: (100, 134) delta(pixel): 1
[2022-02-05 17:58:45] - [index:   6885] label: (129, 178) pred: (129, 180) delta(pixel): 2
[2022-02-05 17:58:45] - [index:   6886] label: (59, 98) pred: (59, 101) delta(pixel): 3
[2022-02-05 17:58:45] - [index:   6887] label: (159, 193) pred: (160, 196) delta(pixel): 3
[2022-02-05 17:58:45] - [index:   6888] label: (60, 100) pred: (61, 103) delta(pixel): 3
[2022-02-05 17:58:45] - [index:   6889] label: (85, 126) pred: (85, 127) delta(pixel): 2
[2022-02-05 17:58:45] - [index:   6890] label: (142, 194) pred: (142, 195) delta(pixel): 1
[2022-02-05 17:58:45] - [index:   6891] label: (117, 162) pred: (117, 163) delta(pixel): 1
[2022-02-05 17:58:45] - [index:   6892] label: (94, 130) pred: (94, 132) delta(pixel): 2
[2022-02-05 17:58:45] - [index:   6893] label: (121, 160) pred: (121, 162) delta(pixel): 1
[2022-02-05 17:58:45] - [index:   6894] label: (114, 152) pred: (114, 154) delta(pixel): 2
[2022-02-05 17:58:45] - [index:   6895] label: (103, 136) pred: (103, 137) delta(pixel): 1
[2022-02-05 17:58:45] - [index:   6896] label: (129, 165) pred: (128, 167) delta(pixel): 2
[2022-02-05 17:58:45] - [index:   6897] label: (73, 109) pred: (72, 111) delta(pixel): 2
[2022-02-05 17:58:45] - [index:   6898] label: (61, 102) pred: (60, 104) delta(pixel): 2
[2022-02-05 17:58:45] - [index:   6899] label: (148, 179) pred: (148, 181) delta(pixel): 1
[2022-02-05 17:58:45] - [index:   6900] label: (107, 165) pred: (107, 167) delta(pixel): 2
[2022-02-05 17:58:45] - [index:   6901] label: (103, 162) pred: (103, 165) delta(pixel): 3
[2022-02-05 17:58:45] - [index:   6902] label: (114, 143) pred: (113, 143) delta(pixel): 0
[2022-02-05 17:58:45] - [index:   6903] label: (143, 189) pred: (143, 191) delta(pixel): 2
[2022-02-05 17:58:45] - [index:   6904] label: (92, 141) pred: (90, 142) delta(pixel): 2
[2022-02-05 17:58:45] - [index:   6905] label: (147, 187) pred: (147, 189) delta(pixel): 1
[2022-02-05 17:58:45] - [index:   6906] label: (91, 128) pred: (91, 129) delta(pixel): 2
[2022-02-05 17:58:45] - [index:   6907] label: (129, 187) pred: (130, 189) delta(pixel): 2
[2022-02-05 17:58:45] - [index:   6908] label: (111, 146) pred: (110, 148) delta(pixel): 2
[2022-02-05 17:58:45] - [index:   6909] label: (118, 161) pred: (117, 161) delta(pixel): 1
[2022-02-05 17:58:45] - [index:   6910] label: (124, 165) pred: (123, 166) delta(pixel): 1
[2022-02-05 17:58:45] - [index:   6911] label: (105, 136) pred: (106, 138) delta(pixel): 3
[2022-02-05 17:58:45] - [index:   6912] label: (101, 137) pred: (100, 138) delta(pixel): 1
[2022-02-05 17:58:45] - [index:   6913] label: (90, 146) pred: (90, 148) delta(pixel): 2
[2022-02-05 17:58:45] - [index:   6914] label: (137, 179) pred: (137, 180) delta(pixel): 1
[2022-02-05 17:58:45] - [index:   6915] label: (117, 164) pred: (117, 166) delta(pixel): 1
[2022-02-05 17:58:45] - [index:   6916] label: (145, 177) pred: (145, 179) delta(pixel): 2
[2022-02-05 17:58:45] - [index:   6917] label: (139, 167) pred: (139, 167) delta(pixel): 0
[2022-02-05 17:58:45] - [index:   6918] label: (143, 175) pred: (144, 177) delta(pixel): 2
[2022-02-05 17:58:45] - [index:   6919] label: (129, 163) pred: (128, 164) delta(pixel): 1
[2022-02-05 17:58:45] - [index:   6920] label: (119, 149) pred: (119, 151) delta(pixel): 2
[2022-02-05 17:58:45] - [index:   6921] label: (118, 159) pred: (117, 161) delta(pixel): 2
[2022-02-05 17:58:45] - [index:   6922] label: (130, 159) pred: (130, 160) delta(pixel): 1
[2022-02-05 17:58:45] - [index:   6923] label: (169, 204) pred: (169, 206) delta(pixel): 2
[2022-02-05 17:58:45] - [index:   6924] label: (67, 106) pred: (66, 107) delta(pixel): 2
[2022-02-05 17:58:45] - [index:   6925] label: (100, 135) pred: (99, 136) delta(pixel): 2
[2022-02-05 17:58:45] - [index:   6926] label: (152, 186) pred: (153, 188) delta(pixel): 2
[2022-02-05 17:58:45] - [index:   6927] label: (140, 178) pred: (140, 179) delta(pixel): 1
[2022-02-05 17:58:45] - [index:   6928] label: (111, 142) pred: (110, 143) delta(pixel): 0
[2022-02-05 17:58:45] - [index:   6929] label: (63, 110) pred: (62, 111) delta(pixel): 2
[2022-02-05 17:58:45] - [index:   6930] label: (132, 163) pred: (132, 164) delta(pixel): 0
[2022-02-05 17:58:45] - [index:   6931] label: (179, 214) pred: (176, 210) delta(pixel): 7
[2022-02-05 17:58:45] - [index:   6932] label: (139, 192) pred: (139, 194) delta(pixel): 2
[2022-02-05 17:58:45] - [index:   6933] label: (121, 164) pred: (120, 166) delta(pixel): 1
[2022-02-05 17:58:45] - [index:   6934] label: (158, 191) pred: (158, 194) delta(pixel): 3
[2022-02-05 17:58:45] - [index:   6935] label: (136, 173) pred: (136, 175) delta(pixel): 1
[2022-02-05 17:58:45] - [index:   6936] label: (126, 170) pred: (125, 171) delta(pixel): 2
[2022-02-05 17:58:45] - [index:   6937] label: (84, 123) pred: (83, 125) delta(pixel): 1
[2022-02-05 17:58:45] - [index:   6938] label: (101, 134) pred: (100, 136) delta(pixel): 2
[2022-02-05 17:58:45] - [index:   6939] label: (170, 203) pred: (170, 205) delta(pixel): 2
[2022-02-05 17:58:45] - [index:   6940] label: (167, 203) pred: (168, 205) delta(pixel): 1
[2022-02-05 17:58:45] - [index:   6941] label: (80, 140) pred: (79, 141) delta(pixel): 2
[2022-02-05 17:58:45] - [index:   6942] label: (138, 166) pred: (138, 167) delta(pixel): 1
[2022-02-05 17:58:45] - [index:   6943] label: (146, 180) pred: (146, 182) delta(pixel): 1
[2022-02-05 17:58:45] - [index:   6944] label: (143, 179) pred: (142, 181) delta(pixel): 2
[2022-02-05 17:58:45] - [index:   6945] label: (110, 170) pred: (110, 172) delta(pixel): 2
[2022-02-05 17:58:45] - [index:   6946] label: (95, 149) pred: (94, 151) delta(pixel): 2
[2022-02-05 17:58:46] - [index:   6947] label: (85, 138) pred: (84, 141) delta(pixel): 3
[2022-02-05 17:58:46] - [index:   6948] label: (97, 153) pred: (96, 155) delta(pixel): 2
[2022-02-05 17:58:46] - [index:   6949] label: (82, 117) pred: (82, 119) delta(pixel): 1
[2022-02-05 17:58:46] - [index:   6950] label: (81, 128) pred: (80, 130) delta(pixel): 2
[2022-02-05 17:58:46] - [index:   6951] label: (104, 153) pred: (104, 155) delta(pixel): 1
[2022-02-05 17:58:46] - [index:   6952] label: (109, 148) pred: (108, 150) delta(pixel): 2
[2022-02-05 17:58:46] - [index:   6953] label: (78, 114) pred: (77, 116) delta(pixel): 2
[2022-02-05 17:58:46] - [index:   6954] label: (128, 154) pred: (128, 155) delta(pixel): 1
[2022-02-05 17:58:46] - [index:   6955] label: (83, 144) pred: (81, 147) delta(pixel): 4
[2022-02-05 17:58:46] - [index:   6956] label: (112, 141) pred: (112, 143) delta(pixel): 2
[2022-02-05 17:58:46] - [index:   6957] label: (98, 159) pred: (97, 163) delta(pixel): 4
[2022-02-05 17:58:46] - [index:   6958] label: (100, 135) pred: (100, 136) delta(pixel): 2
[2022-02-05 17:58:46] - [index:   6959] label: (117, 147) pred: (117, 148) delta(pixel): 1
[2022-02-05 17:58:46] - [index:   6960] label: (96, 133) pred: (96, 134) delta(pixel): 1
[2022-02-05 17:58:46] - [index:   6961] label: (117, 180) pred: (117, 182) delta(pixel): 1
[2022-02-05 17:58:46] - [index:   6962] label: (144, 174) pred: (144, 175) delta(pixel): 2
[2022-02-05 17:58:46] - [index:   6963] label: (132, 159) pred: (132, 161) delta(pixel): 1
[2022-02-05 17:58:46] - [index:   6964] label: (170, 205) pred: (170, 206) delta(pixel): 1
[2022-02-05 17:58:46] - [index:   6965] label: (126, 166) pred: (125, 167) delta(pixel): 1
[2022-02-05 17:58:46] - [index:   6966] label: (103, 140) pred: (102, 142) delta(pixel): 2
[2022-02-05 17:58:46] - [index:   6967] label: (110, 152) pred: (109, 152) delta(pixel): 1
[2022-02-05 17:58:46] - [index:   6968] label: (141, 174) pred: (141, 176) delta(pixel): 1
[2022-02-05 17:58:46] - [index:   6969] label: (142, 184) pred: (142, 186) delta(pixel): 2
[2022-02-05 17:58:46] - [index:   6970] label: (117, 162) pred: (117, 163) delta(pixel): 1
[2022-02-05 17:58:46] - [index:   6971] label: (123, 152) pred: (123, 153) delta(pixel): 0
[2022-02-05 17:58:46] - [index:   6972] label: (133, 167) pred: (133, 168) delta(pixel): 0
[2022-02-05 17:58:46] - [index:   6973] label: (152, 189) pred: (152, 190) delta(pixel): 1
[2022-02-05 17:58:46] - [index:   6974] label: (133, 189) pred: (132, 191) delta(pixel): 2
[2022-02-05 17:58:46] - [index:   6975] label: (79, 128) pred: (78, 129) delta(pixel): 1
[2022-02-05 17:58:46] - [index:   6976] label: (107, 141) pred: (106, 141) delta(pixel): 2
[2022-02-05 17:58:46] - [index:   6977] label: (99, 132) pred: (98, 133) delta(pixel): 1
[2022-02-05 17:58:46] - [index:   6978] label: (121, 151) pred: (121, 152) delta(pixel): 1
[2022-02-05 17:58:46] - [index:   6979] label: (124, 159) pred: (124, 161) delta(pixel): 1
[2022-02-05 17:58:46] - [index:   6980] label: (61, 105) pred: (59, 106) delta(pixel): 2
[2022-02-05 17:58:46] - [index:   6981] label: (118, 151) pred: (118, 152) delta(pixel): 1
[2022-02-05 17:58:46] - [index:   6982] label: (144, 177) pred: (144, 179) delta(pixel): 2
[2022-02-05 17:58:46] - [index:   6983] label: (94, 136) pred: (94, 138) delta(pixel): 2
[2022-02-05 17:58:46] - [index:   6984] label: (152, 186) pred: (153, 188) delta(pixel): 3
[2022-02-05 17:58:46] - [index:   6985] label: (106, 146) pred: (105, 147) delta(pixel): 2
[2022-02-05 17:58:46] - [index:   6986] label: (87, 126) pred: (87, 128) delta(pixel): 2
[2022-02-05 17:58:46] - [index:   6987] label: (173, 207) pred: (171, 208) delta(pixel): 2
[2022-02-05 17:58:46] - [index:   6988] label: (129, 187) pred: (130, 189) delta(pixel): 2
[2022-02-05 17:58:46] - [index:   6989] label: (161, 193) pred: (162, 195) delta(pixel): 3
[2022-02-05 17:58:46] - [index:   6990] label: (109, 143) pred: (109, 144) delta(pixel): 1
[2022-02-05 17:58:46] - [index:   6991] label: (103, 149) pred: (103, 150) delta(pixel): 1
[2022-02-05 17:58:46] - [index:   6992] label: (124, 165) pred: (124, 166) delta(pixel): 1
[2022-02-05 17:58:46] - [index:   6993] label: (129, 172) pred: (129, 173) delta(pixel): 1
[2022-02-05 17:58:46] - [index:   6994] label: (172, 208) pred: (171, 209) delta(pixel): 1
[2022-02-05 17:58:46] - [index:   6995] label: (154, 186) pred: (155, 188) delta(pixel): 2
[2022-02-05 17:58:46] - [index:   6996] label: (161, 194) pred: (162, 197) delta(pixel): 4
[2022-02-05 17:58:46] - [index:   6997] label: (73, 115) pred: (72, 116) delta(pixel): 1
[2022-02-05 17:58:46] - [index:   6998] label: (140, 178) pred: (140, 179) delta(pixel): 1
[2022-02-05 17:58:46] - [index:   6999] label: (148, 181) pred: (148, 183) delta(pixel): 1
[2022-02-05 17:58:46] - [index:   7000] label: (78, 136) pred: (76, 137) delta(pixel): 3
[2022-02-05 17:58:46] - [index:   7001] label: (145, 196) pred: (144, 196) delta(pixel): 2
[2022-02-05 17:58:46] - [index:   7002] label: (79, 115) pred: (80, 117) delta(pixel): 2
[2022-02-05 17:58:46] - [index:   7003] label: (166, 202) pred: (165, 205) delta(pixel): 2
[2022-02-05 17:58:46] - [index:   7004] label: (99, 135) pred: (98, 136) delta(pixel): 2
[2022-02-05 17:58:46] - [index:   7005] label: (116, 156) pred: (116, 158) delta(pixel): 1
[2022-02-05 17:58:46] - [index:   7006] label: (132, 159) pred: (132, 160) delta(pixel): 0
[2022-02-05 17:58:46] - [index:   7007] label: (116, 155) pred: (116, 156) delta(pixel): 1
[2022-02-05 17:58:46] - [index:   7008] label: (73, 115) pred: (71, 116) delta(pixel): 2
[2022-02-05 17:58:46] - [index:   7009] label: (85, 148) pred: (84, 150) delta(pixel): 3
[2022-02-05 17:58:46] - [index:   7010] label: (123, 172) pred: (122, 174) delta(pixel): 2
[2022-02-05 17:58:46] - [index:   7011] label: (114, 152) pred: (114, 154) delta(pixel): 1
[2022-02-05 17:58:46] - [index:   7012] label: (165, 197) pred: (165, 200) delta(pixel): 2
[2022-02-05 17:58:46] - [index:   7013] label: (139, 167) pred: (139, 168) delta(pixel): 1
[2022-02-05 17:58:46] - [index:   7014] label: (84, 121) pred: (83, 123) delta(pixel): 1
[2022-02-05 17:58:46] - [index:   7015] label: (119, 174) pred: (118, 177) delta(pixel): 3
[2022-02-05 17:58:46] - [index:   7016] label: (169, 204) pred: (169, 206) delta(pixel): 1
[2022-02-05 17:58:46] - [index:   7017] label: (99, 132) pred: (98, 133) delta(pixel): 1
[2022-02-05 17:58:46] - [index:   7018] label: (82, 121) pred: (82, 122) delta(pixel): 1
[2022-02-05 17:58:46] - [index:   7019] label: (96, 155) pred: (95, 156) delta(pixel): 2
[2022-02-05 17:58:46] - [index:   7020] label: (126, 166) pred: (125, 167) delta(pixel): 0
[2022-02-05 17:58:46] - [index:   7021] label: (153, 191) pred: (153, 192) delta(pixel): 1
[2022-02-05 17:58:46] - [index:   7022] label: (131, 166) pred: (130, 167) delta(pixel): 1
[2022-02-05 17:58:46] - [index:   7023] label: (104, 143) pred: (104, 145) delta(pixel): 2
[2022-02-05 17:58:46] - [index:   7024] label: (81, 117) pred: (81, 119) delta(pixel): 1
[2022-02-05 17:58:46] - [index:   7025] label: (139, 173) pred: (139, 173) delta(pixel): 0
[2022-02-05 17:58:46] - [index:   7026] label: (110, 160) pred: (110, 162) delta(pixel): 2
[2022-02-05 17:58:46] - [index:   7027] label: (146, 185) pred: (145, 186) delta(pixel): 2
[2022-02-05 17:58:46] - [index:   7028] label: (113, 154) pred: (113, 156) delta(pixel): 2
[2022-02-05 17:58:46] - [index:   7029] label: (93, 150) pred: (91, 152) delta(pixel): 3
[2022-02-05 17:58:46] - [index:   7030] label: (118, 161) pred: (117, 162) delta(pixel): 1
[2022-02-05 17:58:46] - [index:   7031] label: (157, 189) pred: (157, 191) delta(pixel): 2
[2022-02-05 17:58:46] - [index:   7032] label: (119, 157) pred: (119, 159) delta(pixel): 2
[2022-02-05 17:58:46] - [index:   7033] label: (108, 149) pred: (108, 151) delta(pixel): 1
[2022-02-05 17:58:46] - [index:   7034] label: (165, 200) pred: (165, 202) delta(pixel): 2
[2022-02-05 17:58:46] - [index:   7035] label: (58, 101) pred: (58, 104) delta(pixel): 3
[2022-02-05 17:58:46] - [index:   7036] label: (133, 186) pred: (132, 188) delta(pixel): 2
[2022-02-05 17:58:46] - [index:   7037] label: (123, 152) pred: (124, 154) delta(pixel): 2
[2022-02-05 17:58:46] - [index:   7038] label: (162, 196) pred: (163, 198) delta(pixel): 2
[2022-02-05 17:58:46] - [index:   7039] label: (134, 166) pred: (135, 168) delta(pixel): 2
[2022-02-05 17:58:46] - [index:   7040] label: (54, 95) pred: (58, 98) delta(pixel): 6
[2022-02-05 17:58:46] - [index:   7041] label: (97, 139) pred: (97, 140) delta(pixel): 1
[2022-02-05 17:58:46] - [index:   7042] label: (124, 163) pred: (123, 164) delta(pixel): 1
[2022-02-05 17:58:46] - [index:   7043] label: (68, 114) pred: (66, 114) delta(pixel): 2
[2022-02-05 17:58:46] - [index:   7044] label: (126, 159) pred: (127, 160) delta(pixel): 0
[2022-02-05 17:58:46] - [index:   7045] label: (136, 187) pred: (135, 190) delta(pixel): 2
[2022-02-05 17:58:46] - [index:   7046] label: (170, 203) pred: (170, 205) delta(pixel): 2
[2022-02-05 17:58:46] - [index:   7047] label: (58, 101) pred: (58, 102) delta(pixel): 1
[2022-02-05 17:58:46] - [index:   7048] label: (120, 147) pred: (120, 149) delta(pixel): 2
[2022-02-05 17:58:46] - [index:   7049] label: (85, 138) pred: (84, 140) delta(pixel): 3
[2022-02-05 17:58:46] - [index:   7050] label: (87, 126) pred: (86, 128) delta(pixel): 2
[2022-02-05 17:58:46] - [index:   7051] label: (106, 151) pred: (106, 153) delta(pixel): 1
[2022-02-05 17:58:46] - [index:   7052] label: (108, 144) pred: (108, 145) delta(pixel): 1
[2022-02-05 17:58:46] - [index:   7053] label: (124, 157) pred: (124, 158) delta(pixel): 1
[2022-02-05 17:58:46] - [index:   7054] label: (77, 116) pred: (76, 118) delta(pixel): 3
[2022-02-05 17:58:46] - [index:   7055] label: (136, 175) pred: (135, 176) delta(pixel): 1
[2022-02-05 17:58:46] - [index:   7056] label: (99, 141) pred: (99, 143) delta(pixel): 1
[2022-02-05 17:58:46] - [index:   7057] label: (79, 132) pred: (78, 135) delta(pixel): 3
[2022-02-05 17:58:46] - [index:   7058] label: (76, 132) pred: (74, 133) delta(pixel): 3
[2022-02-05 17:58:46] - [index:   7059] label: (101, 145) pred: (100, 147) delta(pixel): 2
[2022-02-05 17:58:46] - [index:   7060] label: (127, 153) pred: (127, 155) delta(pixel): 2
[2022-02-05 17:58:46] - [index:   7061] label: (79, 116) pred: (79, 119) delta(pixel): 2
[2022-02-05 17:58:46] - [index:   7062] label: (98, 135) pred: (98, 137) delta(pixel): 2
[2022-02-05 17:58:46] - [index:   7063] label: (166, 204) pred: (165, 205) delta(pixel): 1
[2022-02-05 17:58:46] - [index:   7064] label: (100, 138) pred: (99, 139) delta(pixel): 2
[2022-02-05 17:58:46] - [index:   7065] label: (87, 134) pred: (87, 136) delta(pixel): 2
[2022-02-05 17:58:46] - [index:   7066] label: (157, 189) pred: (157, 192) delta(pixel): 3
[2022-02-05 17:58:46] - [index:   7067] label: (129, 165) pred: (128, 167) delta(pixel): 2
[2022-02-05 17:58:46] - [index:   7068] label: (154, 198) pred: (154, 199) delta(pixel): 1
[2022-02-05 17:58:46] - [index:   7069] label: (119, 149) pred: (119, 150) delta(pixel): 1
[2022-02-05 17:58:46] - [index:   7070] label: (100, 132) pred: (100, 134) delta(pixel): 1
[2022-02-05 17:58:46] - [index:   7071] label: (94, 128) pred: (94, 130) delta(pixel): 2
[2022-02-05 17:58:46] - [index:   7072] label: (96, 130) pred: (95, 132) delta(pixel): 2
[2022-02-05 17:58:46] - [index:   7073] label: (143, 171) pred: (143, 173) delta(pixel): 1
[2022-02-05 17:58:46] - [index:   7074] label: (85, 121) pred: (85, 123) delta(pixel): 2
[2022-02-05 17:58:46] - [index:   7075] label: (147, 194) pred: (146, 195) delta(pixel): 2
[2022-02-05 17:58:46] - [index:   7076] label: (153, 183) pred: (154, 184) delta(pixel): 2
[2022-02-05 17:58:46] - [index:   7077] label: (91, 137) pred: (90, 138) delta(pixel): 2
[2022-02-05 17:58:46] - [index:   7078] label: (108, 140) pred: (108, 141) delta(pixel): 1
[2022-02-05 17:58:46] - [index:   7079] label: (134, 165) pred: (135, 167) delta(pixel): 2
[2022-02-05 17:58:46] - [index:   7080] label: (158, 196) pred: (159, 197) delta(pixel): 2
[2022-02-05 17:58:46] - [index:   7081] label: (100, 151) pred: (100, 153) delta(pixel): 2
[2022-02-05 17:58:46] - [index:   7082] label: (104, 140) pred: (104, 142) delta(pixel): 2
[2022-02-05 17:58:46] - [index:   7083] label: (155, 188) pred: (156, 190) delta(pixel): 2
[2022-02-05 17:58:46] - [index:   7084] label: (156, 187) pred: (156, 189) delta(pixel): 1
[2022-02-05 17:58:46] - [index:   7085] label: (132, 178) pred: (131, 179) delta(pixel): 2
[2022-02-05 17:58:46] - [index:   7086] label: (114, 146) pred: (114, 147) delta(pixel): 1
[2022-02-05 17:58:46] - [index:   7087] label: (85, 119) pred: (85, 121) delta(pixel): 2
[2022-02-05 17:58:46] - [index:   7088] label: (117, 166) pred: (117, 167) delta(pixel): 1
[2022-02-05 17:58:46] - [index:   7089] label: (142, 171) pred: (142, 173) delta(pixel): 1
[2022-02-05 17:58:46] - [index:   7090] label: (104, 140) pred: (104, 142) delta(pixel): 2
[2022-02-05 17:58:46] - [index:   7091] label: (134, 177) pred: (134, 178) delta(pixel): 1
[2022-02-05 17:58:46] - [index:   7092] label: (127, 153) pred: (128, 155) delta(pixel): 2
[2022-02-05 17:58:46] - [index:   7093] label: (172, 208) pred: (171, 209) delta(pixel): 1
[2022-02-05 17:58:46] - [index:   7094] label: (130, 159) pred: (130, 159) delta(pixel): 0
[2022-02-05 17:58:46] - [index:   7095] label: (114, 153) pred: (114, 155) delta(pixel): 2
[2022-02-05 17:58:46] - [index:   7096] label: (136, 187) pred: (135, 190) delta(pixel): 3
[2022-02-05 17:58:46] - [index:   7097] label: (111, 151) pred: (110, 152) delta(pixel): 1
[2022-02-05 17:58:46] - [index:   7098] label: (158, 200) pred: (159, 202) delta(pixel): 2
[2022-02-05 17:58:46] - [index:   7099] label: (176, 210) pred: (175, 209) delta(pixel): 3
[2022-02-05 17:58:46] - [index:   7100] label: (145, 196) pred: (144, 197) delta(pixel): 2
[2022-02-05 17:58:46] - [index:   7101] label: (158, 191) pred: (158, 194) delta(pixel): 2
[2022-02-05 17:58:46] - [index:   7102] label: (170, 203) pred: (170, 205) delta(pixel): 2
[2022-02-05 17:58:46] - [index:   7103] label: (150, 180) pred: (150, 183) delta(pixel): 2
[2022-02-05 17:58:46] - [index:   7104] label: (71, 114) pred: (69, 116) delta(pixel): 3
[2022-02-05 17:58:46] - [index:   7105] label: (170, 203) pred: (170, 205) delta(pixel): 2
[2022-02-05 17:58:46] - [index:   7106] label: (94, 164) pred: (94, 166) delta(pixel): 2
[2022-02-05 17:58:46] - [index:   7107] label: (165, 197) pred: (165, 200) delta(pixel): 2
[2022-02-05 17:58:46] - [index:   7108] label: (85, 126) pred: (84, 127) delta(pixel): 2
[2022-02-05 17:58:46] - [index:   7109] label: (108, 156) pred: (107, 157) delta(pixel): 1
[2022-02-05 17:58:46] - [index:   7110] label: (73, 109) pred: (72, 111) delta(pixel): 2
[2022-02-05 17:58:46] - [index:   7111] label: (127, 154) pred: (127, 155) delta(pixel): 1
[2022-02-05 17:58:46] - [index:   7112] label: (101, 164) pred: (101, 167) delta(pixel): 3
[2022-02-05 17:58:46] - [index:   7113] label: (136, 167) pred: (137, 169) delta(pixel): 1
[2022-02-05 17:58:46] - [index:   7114] label: (157, 193) pred: (158, 195) delta(pixel): 3
[2022-02-05 17:58:46] - [index:   7115] label: (107, 138) pred: (107, 140) delta(pixel): 2
[2022-02-05 17:58:46] - [index:   7116] label: (107, 145) pred: (107, 147) delta(pixel): 1
[2022-02-05 17:58:46] - [index:   7117] label: (133, 166) pred: (132, 166) delta(pixel): 0
[2022-02-05 17:58:46] - [index:   7118] label: (140, 170) pred: (139, 171) delta(pixel): 1
[2022-02-05 17:58:46] - [index:   7119] label: (168, 202) pred: (168, 204) delta(pixel): 2
[2022-02-05 17:58:46] - [index:   7120] label: (111, 142) pred: (111, 143) delta(pixel): 1
[2022-02-05 17:58:46] - [index:   7121] label: (130, 158) pred: (131, 159) delta(pixel): 1
[2022-02-05 17:58:46] - [index:   7122] label: (154, 198) pred: (154, 199) delta(pixel): 1
[2022-02-05 17:58:46] - [index:   7123] label: (140, 169) pred: (140, 171) delta(pixel): 2
[2022-02-05 17:58:46] - [index:   7124] label: (113, 148) pred: (113, 150) delta(pixel): 2
[2022-02-05 17:58:46] - [index:   7125] label: (139, 192) pred: (139, 194) delta(pixel): 2
[2022-02-05 17:58:46] - [index:   7126] label: (84, 123) pred: (82, 125) delta(pixel): 2
[2022-02-05 17:58:46] - [index:   7127] label: (150, 191) pred: (150, 193) delta(pixel): 2
[2022-02-05 17:58:47] - [index:   7128] label: (109, 147) pred: (108, 149) delta(pixel): 2
[2022-02-05 17:58:47] - [index:   7129] label: (74, 128) pred: (73, 131) delta(pixel): 3
[2022-02-05 17:58:47] - [index:   7130] label: (126, 174) pred: (125, 175) delta(pixel): 2
[2022-02-05 17:58:47] - [index:   7131] label: (119, 156) pred: (119, 158) delta(pixel): 2
[2022-02-05 17:58:47] - [index:   7132] label: (121, 160) pred: (121, 162) delta(pixel): 1
[2022-02-05 17:58:47] - [index:   7133] label: (136, 167) pred: (137, 168) delta(pixel): 0
[2022-02-05 17:58:47] - [index:   7134] label: (133, 167) pred: (132, 168) delta(pixel): 1
[2022-02-05 17:58:47] - [index:   7135] label: (108, 156) pred: (107, 157) delta(pixel): 2
[2022-02-05 17:58:47] - [index:   7136] label: (122, 157) pred: (122, 158) delta(pixel): 1
[2022-02-05 17:58:47] - [index:   7137] label: (152, 192) pred: (152, 194) delta(pixel): 1
[2022-02-05 17:58:47] - [index:   7138] label: (127, 158) pred: (127, 160) delta(pixel): 1
[2022-02-05 17:58:47] - [index:   7139] label: (124, 158) pred: (124, 159) delta(pixel): 1
[2022-02-05 17:58:47] - [index:   7140] label: (149, 179) pred: (149, 181) delta(pixel): 2
[2022-02-05 17:58:47] - [index:   7141] label: (142, 194) pred: (141, 195) delta(pixel): 2
[2022-02-05 17:58:47] - [index:   7142] label: (114, 147) pred: (113, 148) delta(pixel): 2
[2022-02-05 17:58:47] - [index:   7143] label: (76, 118) pred: (75, 119) delta(pixel): 3
[2022-02-05 17:58:47] - [index:   7144] label: (132, 163) pred: (132, 165) delta(pixel): 1
[2022-02-05 17:58:47] - [index:   7145] label: (145, 175) pred: (146, 177) delta(pixel): 2
[2022-02-05 17:58:47] - [index:   7146] label: (126, 165) pred: (126, 166) delta(pixel): 1
[2022-02-05 17:58:47] - [index:   7147] label: (165, 200) pred: (165, 203) delta(pixel): 3
[2022-02-05 17:58:47] - [index:   7148] label: (90, 126) pred: (89, 127) delta(pixel): 2
[2022-02-05 17:58:47] - [index:   7149] label: (129, 178) pred: (129, 180) delta(pixel): 2
[2022-02-05 17:58:47] - [index:   7150] label: (122, 177) pred: (122, 179) delta(pixel): 2
[2022-02-05 17:58:47] - [index:   7151] label: (145, 196) pred: (144, 197) delta(pixel): 2
[2022-02-05 17:58:47] - [index:   7152] label: (67, 106) pred: (65, 107) delta(pixel): 2
[2022-02-05 17:58:47] - [index:   7153] label: (126, 179) pred: (124, 180) delta(pixel): 2
[2022-02-05 17:58:47] - [index:   7154] label: (122, 154) pred: (122, 154) delta(pixel): 1
[2022-02-05 17:58:47] - [index:   7155] label: (121, 150) pred: (122, 152) delta(pixel): 2
[2022-02-05 17:58:47] - [index:   7156] label: (93, 150) pred: (91, 152) delta(pixel): 3
[2022-02-05 17:58:47] - [index:   7157] label: (131, 168) pred: (131, 169) delta(pixel): 0
[2022-02-05 17:58:47] - [index:   7158] label: (95, 128) pred: (95, 130) delta(pixel): 2
[2022-02-05 17:58:47] - [index:   7159] label: (107, 141) pred: (106, 141) delta(pixel): 1
[2022-02-05 17:58:47] - [index:   7160] label: (62, 104) pred: (61, 104) delta(pixel): 1
[2022-02-05 17:58:47] - [index:   7161] label: (89, 134) pred: (88, 135) delta(pixel): 1
[2022-02-05 17:58:47] - [index:   7162] label: (164, 203) pred: (164, 205) delta(pixel): 1
[2022-02-05 17:58:47] - [index:   7163] label: (94, 144) pred: (93, 146) delta(pixel): 2
[2022-02-05 17:58:47] - [index:   7164] label: (112, 144) pred: (112, 146) delta(pixel): 1
[2022-02-05 17:58:47] - [index:   7165] label: (111, 142) pred: (111, 144) delta(pixel): 1
[2022-02-05 17:58:47] - [index:   7166] label: (147, 187) pred: (147, 188) delta(pixel): 1
[2022-02-05 17:58:47] - [index:   7167] label: (129, 164) pred: (128, 164) delta(pixel): 1
[2022-02-05 17:58:47] - [index:   7168] label: (110, 152) pred: (110, 154) delta(pixel): 2
[2022-02-05 17:58:47] - [index:   7169] label: (97, 135) pred: (97, 137) delta(pixel): 2
[2022-02-05 17:58:47] - [index:   7170] label: (129, 168) pred: (128, 170) delta(pixel): 1
[2022-02-05 17:58:47] - [index:   7171] label: (73, 115) pred: (71, 116) delta(pixel): 2
[2022-02-05 17:58:47] - [index:   7172] label: (70, 116) pred: (68, 118) delta(pixel): 3
[2022-02-05 17:58:47] - [index:   7173] label: (172, 206) pred: (170, 207) delta(pixel): 2
[2022-02-05 17:58:47] - [index:   7174] label: (119, 148) pred: (120, 150) delta(pixel): 1
[2022-02-05 17:58:47] - [index:   7175] label: (91, 137) pred: (90, 138) delta(pixel): 1
[2022-02-05 17:58:47] - [index:   7176] label: (128, 157) pred: (129, 158) delta(pixel): 1
[2022-02-05 17:58:47] - [index:   7177] label: (106, 146) pred: (106, 147) delta(pixel): 1
[2022-02-05 17:58:47] - [index:   7178] label: (87, 134) pred: (87, 135) delta(pixel): 1
[2022-02-05 17:58:47] - [index:   7179] label: (106, 167) pred: (105, 170) delta(pixel): 3
[2022-02-05 17:58:47] - [index:   7180] label: (119, 157) pred: (119, 159) delta(pixel): 2
[2022-02-05 17:58:47] - [index:   7181] label: (80, 123) pred: (79, 123) delta(pixel): 1
[2022-02-05 17:58:47] - [index:   7182] label: (64, 103) pred: (63, 105) delta(pixel): 1
[2022-02-05 17:58:47] - [index:   7183] label: (83, 144) pred: (82, 146) delta(pixel): 3
[2022-02-05 17:58:47] - [index:   7184] label: (116, 148) pred: (116, 149) delta(pixel): 1
[2022-02-05 17:58:47] - [index:   7185] label: (125, 155) pred: (124, 156) delta(pixel): 1
[2022-02-05 17:58:47] - [index:   7186] label: (107, 138) pred: (106, 139) delta(pixel): 2
[2022-02-05 17:58:47] - [index:   7187] label: (143, 175) pred: (143, 177) delta(pixel): 1
[2022-02-05 17:58:47] - [index:   7188] label: (121, 149) pred: (122, 150) delta(pixel): 1
[2022-02-05 17:58:47] - [index:   7189] label: (115, 145) pred: (114, 146) delta(pixel): 1
[2022-02-05 17:58:47] - [index:   7190] label: (123, 166) pred: (122, 167) delta(pixel): 1
[2022-02-05 17:58:47] - [index:   7191] label: (139, 178) pred: (138, 179) delta(pixel): 1
[2022-02-05 17:58:47] - [index:   7192] label: (120, 155) pred: (120, 157) delta(pixel): 2
[2022-02-05 17:58:47] - [index:   7193] label: (68, 109) pred: (65, 110) delta(pixel): 3
[2022-02-05 17:58:47] - [index:   7194] label: (150, 191) pred: (150, 192) delta(pixel): 1
[2022-02-05 17:58:47] - [index:   7195] label: (121, 151) pred: (120, 152) delta(pixel): 1
[2022-02-05 17:58:47] - [index:   7196] label: (85, 134) pred: (84, 136) delta(pixel): 2
[2022-02-05 17:58:47] - [index:   7197] label: (130, 159) pred: (131, 159) delta(pixel): 0
[2022-02-05 17:58:47] - [index:   7198] label: (158, 196) pred: (158, 198) delta(pixel): 2
[2022-02-05 17:58:47] - [index:   7199] label: (86, 143) pred: (84, 146) delta(pixel): 3
[2022-02-05 17:58:47] - [index:   7200] label: (137, 171) pred: (136, 172) delta(pixel): 1
[2022-02-05 17:58:47] - [index:   7201] label: (123, 168) pred: (122, 168) delta(pixel): 1
[2022-02-05 17:58:47] - [index:   7202] label: (128, 161) pred: (128, 163) delta(pixel): 1
[2022-02-05 17:58:47] - [index:   7203] label: (147, 176) pred: (147, 177) delta(pixel): 1
[2022-02-05 17:58:47] - [index:   7204] label: (94, 133) pred: (93, 135) delta(pixel): 2
[2022-02-05 17:58:47] - [index:   7205] label: (131, 163) pred: (130, 165) delta(pixel): 1
[2022-02-05 17:58:47] - [index:   7206] label: (149, 182) pred: (150, 185) delta(pixel): 2
[2022-02-05 17:58:47] - [index:   7207] label: (90, 131) pred: (90, 133) delta(pixel): 2
[2022-02-05 17:58:47] - [index:   7208] label: (138, 183) pred: (137, 185) delta(pixel): 2
[2022-02-05 17:58:47] - [index:   7209] label: (79, 128) pred: (78, 131) delta(pixel): 3
[2022-02-05 17:58:47] - [index:   7210] label: (74, 111) pred: (73, 113) delta(pixel): 2
[2022-02-05 17:58:47] - [index:   7211] label: (128, 157) pred: (129, 157) delta(pixel): 0
[2022-02-05 17:58:47] - [index:   7212] label: (124, 163) pred: (123, 164) delta(pixel): 2
[2022-02-05 17:58:47] - [index:   7213] label: (134, 164) pred: (135, 164) delta(pixel): 1
[2022-02-05 17:58:47] - [index:   7214] label: (125, 152) pred: (125, 154) delta(pixel): 1
[2022-02-05 17:58:47] - [index:   7215] label: (143, 189) pred: (143, 191) delta(pixel): 2
[2022-02-05 17:58:47] - [index:   7216] label: (138, 173) pred: (137, 174) delta(pixel): 2
[2022-02-05 17:58:47] - [index:   7217] label: (152, 192) pred: (151, 193) delta(pixel): 1
[2022-02-05 17:58:47] - [index:   7218] label: (88, 142) pred: (86, 144) delta(pixel): 3
[2022-02-05 17:58:47] - [index:   7219] label: (166, 204) pred: (166, 205) delta(pixel): 0
[2022-02-05 17:58:47] - [index:   7220] label: (172, 208) pred: (171, 209) delta(pixel): 1
[2022-02-05 17:58:47] - [index:   7221] label: (144, 177) pred: (144, 179) delta(pixel): 2
[2022-02-05 17:58:47] - [index:   7222] label: (97, 135) pred: (96, 137) delta(pixel): 2
[2022-02-05 17:58:47] - [index:   7223] label: (150, 187) pred: (151, 190) delta(pixel): 2
[2022-02-05 17:58:47] - [index:   7224] label: (115, 145) pred: (114, 146) delta(pixel): 1
[2022-02-05 17:58:47] - [index:   7225] label: (159, 193) pred: (160, 196) delta(pixel): 3
[2022-02-05 17:58:47] - [index:   7226] label: (94, 133) pred: (93, 135) delta(pixel): 3
[2022-02-05 17:58:47] - [index:   7227] label: (158, 194) pred: (160, 196) delta(pixel): 3
[2022-02-05 17:58:47] - [index:   7228] label: (104, 140) pred: (104, 142) delta(pixel): 2
[2022-02-05 17:58:47] - [index:   7229] label: (153, 183) pred: (154, 184) delta(pixel): 2
[2022-02-05 17:58:47] - [index:   7230] label: (119, 157) pred: (119, 159) delta(pixel): 2
[2022-02-05 17:58:47] - [index:   7231] label: (125, 152) pred: (125, 153) delta(pixel): 1
[2022-02-05 17:58:47] - [index:   7232] label: (92, 131) pred: (91, 132) delta(pixel): 2
[2022-02-05 17:58:47] - [index:   7233] label: (132, 162) pred: (132, 163) delta(pixel): 0
[2022-02-05 17:58:47] - [index:   7234] label: (118, 152) pred: (117, 153) delta(pixel): 1
[2022-02-05 17:58:47] - [index:   7235] label: (129, 181) pred: (129, 183) delta(pixel): 2
[2022-02-05 17:58:47] - [index:   7236] label: (126, 166) pred: (126, 168) delta(pixel): 2
[2022-02-05 17:58:47] - [index:   7237] label: (127, 154) pred: (127, 155) delta(pixel): 1
[2022-02-05 17:58:47] - [index:   7238] label: (143, 181) pred: (142, 182) delta(pixel): 1
[2022-02-05 17:58:47] - [index:   7239] label: (116, 168) pred: (116, 169) delta(pixel): 1
[2022-02-05 17:58:47] - [index:   7240] label: (144, 192) pred: (143, 193) delta(pixel): 1
[2022-02-05 17:58:47] - [index:   7241] label: (71, 119) pred: (70, 122) delta(pixel): 3
[2022-02-05 17:58:47] - [index:   7242] label: (93, 126) pred: (93, 128) delta(pixel): 2
[2022-02-05 17:58:47] - [index:   7243] label: (71, 119) pred: (70, 119) delta(pixel): 2
[2022-02-05 17:58:47] - [index:   7244] label: (99, 146) pred: (99, 147) delta(pixel): 1
[2022-02-05 17:58:47] - [index:   7245] label: (145, 183) pred: (145, 184) delta(pixel): 2
[2022-02-05 17:58:47] - [index:   7246] label: (122, 158) pred: (121, 159) delta(pixel): 2
[2022-02-05 17:58:47] - [index:   7247] label: (123, 166) pred: (123, 167) delta(pixel): 1
[2022-02-05 17:58:47] - [index:   7248] label: (103, 134) pred: (103, 135) delta(pixel): 1
[2022-02-05 17:58:47] - [index:   7249] label: (119, 174) pred: (118, 177) delta(pixel): 3
[2022-02-05 17:58:47] - [index:   7250] label: (140, 174) pred: (139, 175) delta(pixel): 1
[2022-02-05 17:58:47] - [index:   7251] label: (171, 209) pred: (170, 209) delta(pixel): 1
[2022-02-05 17:58:47] - [index:   7252] label: (104, 139) pred: (104, 141) delta(pixel): 2
[2022-02-05 17:58:47] - [index:   7253] label: (131, 166) pred: (130, 166) delta(pixel): 1
[2022-02-05 17:58:47] - [index:   7254] label: (123, 172) pred: (123, 174) delta(pixel): 1
[2022-02-05 17:58:47] - [index:   7255] label: (119, 174) pred: (118, 177) delta(pixel): 3
[2022-02-05 17:58:47] - [index:   7256] label: (160, 201) pred: (160, 202) delta(pixel): 1
[2022-02-05 17:58:47] - [index:   7257] label: (103, 136) pred: (103, 138) delta(pixel): 1
[2022-02-05 17:58:47] - [index:   7258] label: (139, 171) pred: (138, 172) delta(pixel): 1
[2022-02-05 17:58:47] - [index:   7259] label: (122, 158) pred: (121, 159) delta(pixel): 1
[2022-02-05 17:58:47] - [index:   7260] label: (134, 163) pred: (135, 164) delta(pixel): 1
[2022-02-05 17:58:47] - [index:   7261] label: (117, 153) pred: (117, 155) delta(pixel): 1
[2022-02-05 17:58:47] - [index:   7262] label: (79, 128) pred: (78, 129) delta(pixel): 1
[2022-02-05 17:58:47] - [index:   7263] label: (123, 150) pred: (125, 152) delta(pixel): 3
[2022-02-05 17:58:47] - [index:   7264] label: (110, 139) pred: (110, 141) delta(pixel): 2
[2022-02-05 17:58:47] - [index:   7265] label: (78, 120) pred: (77, 122) delta(pixel): 2
[2022-02-05 17:58:47] - [index:   7266] label: (149, 181) pred: (149, 183) delta(pixel): 2
[2022-02-05 17:58:47] - [index:   7267] label: (70, 122) pred: (68, 122) delta(pixel): 2
[2022-02-05 17:58:47] - [index:   7268] label: (132, 163) pred: (132, 165) delta(pixel): 1
[2022-02-05 17:58:47] - [index:   7269] label: (148, 179) pred: (148, 181) delta(pixel): 2
[2022-02-05 17:58:47] - [index:   7270] label: (153, 188) pred: (153, 190) delta(pixel): 2
[2022-02-05 17:58:47] - [index:   7271] label: (155, 188) pred: (156, 190) delta(pixel): 2
[2022-02-05 17:58:47] - [index:   7272] label: (129, 170) pred: (129, 171) delta(pixel): 0
[2022-02-05 17:58:47] - [index:   7273] label: (160, 192) pred: (161, 194) delta(pixel): 2
[2022-02-05 17:58:47] - [index:   7274] label: (118, 152) pred: (118, 154) delta(pixel): 1
[2022-02-05 17:58:47] - [index:   7275] label: (91, 128) pred: (91, 129) delta(pixel): 1
[2022-02-05 17:58:47] - [index:   7276] label: (162, 202) pred: (162, 204) delta(pixel): 1
[2022-02-05 17:58:47] - [index:   7277] label: (95, 128) pred: (96, 131) delta(pixel): 3
[2022-02-05 17:58:47] - [index:   7278] label: (107, 138) pred: (106, 140) delta(pixel): 1
[2022-02-05 17:58:47] - [index:   7279] label: (97, 139) pred: (97, 140) delta(pixel): 1
[2022-02-05 17:58:47] - [index:   7280] label: (101, 134) pred: (100, 135) delta(pixel): 2
[2022-02-05 17:58:47] - [index:   7281] label: (147, 178) pred: (147, 180) delta(pixel): 2
[2022-02-05 17:58:47] - [index:   7282] label: (89, 131) pred: (88, 133) delta(pixel): 2
[2022-02-05 17:58:47] - [index:   7283] label: (169, 208) pred: (169, 208) delta(pixel): 1
[2022-02-05 17:58:47] - [index:   7284] label: (71, 112) pred: (70, 114) delta(pixel): 2
[2022-02-05 17:58:47] - [index:   7285] label: (155, 196) pred: (155, 198) delta(pixel): 1
[2022-02-05 17:58:47] - [index:   7286] label: (139, 167) pred: (139, 168) delta(pixel): 1
[2022-02-05 17:58:47] - [index:   7287] label: (126, 162) pred: (126, 164) delta(pixel): 1
[2022-02-05 17:58:47] - [index:   7288] label: (108, 149) pred: (107, 150) delta(pixel): 2
[2022-02-05 17:58:47] - [index:   7289] label: (96, 139) pred: (96, 140) delta(pixel): 1
[2022-02-05 17:58:47] - [index:   7290] label: (140, 168) pred: (140, 169) delta(pixel): 1
[2022-02-05 17:58:47] - [index:   7291] label: (133, 168) pred: (133, 170) delta(pixel): 1
[2022-02-05 17:58:47] - [index:   7292] label: (104, 148) pred: (104, 149) delta(pixel): 1
[2022-02-05 17:58:47] - [index:   7293] label: (116, 155) pred: (116, 156) delta(pixel): 1
[2022-02-05 17:58:47] - [index:   7294] label: (151, 193) pred: (150, 195) delta(pixel): 2
[2022-02-05 17:58:47] - [index:   7295] label: (162, 202) pred: (163, 204) delta(pixel): 1
[2022-02-05 17:58:47] - [index:   7296] label: (122, 157) pred: (122, 158) delta(pixel): 1
[2022-02-05 17:58:47] - [index:   7297] label: (94, 136) pred: (93, 138) delta(pixel): 2
[2022-02-05 17:58:47] - [index:   7298] label: (163, 199) pred: (164, 201) delta(pixel): 2
[2022-02-05 17:58:47] - [index:   7299] label: (82, 123) pred: (81, 125) delta(pixel): 2
[2022-02-05 17:58:47] - [index:   7300] label: (143, 171) pred: (143, 172) delta(pixel): 1
[2022-02-05 17:58:47] - [index:   7301] label: (149, 185) pred: (150, 188) delta(pixel): 2
[2022-02-05 17:58:47] - [index:   7302] label: (118, 151) pred: (118, 152) delta(pixel): 1
[2022-02-05 17:58:47] - [index:   7303] label: (109, 143) pred: (109, 145) delta(pixel): 1
[2022-02-05 17:58:47] - [index:   7304] label: (114, 143) pred: (114, 144) delta(pixel): 2
[2022-02-05 17:58:47] - [index:   7305] label: (134, 172) pred: (134, 173) delta(pixel): 1
[2022-02-05 17:58:47] - [index:   7306] label: (120, 170) pred: (120, 172) delta(pixel): 2
[2022-02-05 17:58:47] - [index:   7307] label: (123, 166) pred: (123, 168) delta(pixel): 1
[2022-02-05 17:58:47] - [index:   7308] label: (116, 144) pred: (116, 145) delta(pixel): 0
[2022-02-05 17:58:47] - [index:   7309] label: (89, 137) pred: (89, 139) delta(pixel): 2
[2022-02-05 17:58:48] - [index:   7310] label: (88, 122) pred: (89, 124) delta(pixel): 4
[2022-02-05 17:58:48] - [index:   7311] label: (146, 180) pred: (146, 182) delta(pixel): 1
[2022-02-05 17:58:48] - [index:   7312] label: (85, 123) pred: (85, 125) delta(pixel): 2
[2022-02-05 17:58:48] - [index:   7313] label: (132, 162) pred: (132, 163) delta(pixel): 1
[2022-02-05 17:58:48] - [index:   7314] label: (114, 147) pred: (114, 148) delta(pixel): 2
[2022-02-05 17:58:48] - [index:   7315] label: (132, 157) pred: (132, 158) delta(pixel): 0
[2022-02-05 17:58:48] - [index:   7316] label: (143, 174) pred: (143, 176) delta(pixel): 2
[2022-02-05 17:58:48] - [index:   7317] label: (69, 108) pred: (67, 110) delta(pixel): 3
[2022-02-05 17:58:48] - [index:   7318] label: (88, 153) pred: (87, 156) delta(pixel): 3
[2022-02-05 17:58:48] - [index:   7319] label: (97, 153) pred: (97, 155) delta(pixel): 2
[2022-02-05 17:58:48] - [index:   7320] label: (152, 183) pred: (153, 185) delta(pixel): 3
[2022-02-05 17:58:48] - [index:   7321] label: (149, 182) pred: (149, 185) delta(pixel): 2
[2022-02-05 17:58:48] - [index:   7322] label: (136, 164) pred: (136, 165) delta(pixel): 1
[2022-02-05 17:58:48] - [index:   7323] label: (151, 186) pred: (152, 189) delta(pixel): 3
[2022-02-05 17:58:48] - [index:   7324] label: (126, 174) pred: (125, 175) delta(pixel): 1
[2022-02-05 17:58:48] - [index:   7325] label: (116, 148) pred: (115, 149) delta(pixel): 1
[2022-02-05 17:58:48] - [index:   7326] label: (136, 191) pred: (135, 193) delta(pixel): 3
[2022-02-05 17:58:48] - [index:   7327] label: (79, 116) pred: (78, 118) delta(pixel): 2
[2022-02-05 17:58:48] - [index:   7328] label: (126, 179) pred: (125, 181) delta(pixel): 3
[2022-02-05 17:58:48] - [index:   7329] label: (91, 134) pred: (90, 136) delta(pixel): 2
[2022-02-05 17:58:48] - [index:   7330] label: (123, 174) pred: (122, 176) delta(pixel): 2
[2022-02-05 17:58:48] - [index:   7331] label: (153, 195) pred: (153, 196) delta(pixel): 2
[2022-02-05 17:58:48] - [index:   7332] label: (137, 163) pred: (137, 164) delta(pixel): 1
[2022-02-05 17:58:48] - [index:   7333] label: (122, 183) pred: (122, 185) delta(pixel): 2
[2022-02-05 17:58:48] - [index:   7334] label: (93, 136) pred: (91, 138) delta(pixel): 2
[2022-02-05 17:58:48] - [index:   7335] label: (142, 173) pred: (142, 175) delta(pixel): 2
[2022-02-05 17:58:48] - [index:   7336] label: (70, 122) pred: (68, 123) delta(pixel): 2
[2022-02-05 17:58:48] - [index:   7337] label: (160, 195) pred: (161, 198) delta(pixel): 4
[2022-02-05 17:58:48] - [index:   7338] label: (118, 161) pred: (117, 162) delta(pixel): 1
[2022-02-05 17:58:48] - [index:   7339] label: (125, 151) pred: (125, 153) delta(pixel): 1
[2022-02-05 17:58:48] - [index:   7340] label: (111, 146) pred: (109, 148) delta(pixel): 3
[2022-02-05 17:58:48] - [index:   7341] label: (139, 180) pred: (139, 182) delta(pixel): 2
[2022-02-05 17:58:48] - [index:   7342] label: (109, 148) pred: (108, 150) delta(pixel): 2
[2022-02-05 17:58:48] - [index:   7343] label: (142, 184) pred: (142, 186) delta(pixel): 2
[2022-02-05 17:58:48] - [index:   7344] label: (142, 171) pred: (142, 173) delta(pixel): 2
[2022-02-05 17:58:48] - [index:   7345] label: (102, 134) pred: (101, 136) delta(pixel): 2
[2022-02-05 17:58:48] - [index:   7346] label: (83, 128) pred: (82, 130) delta(pixel): 3
[2022-02-05 17:58:48] - [index:   7347] label: (169, 208) pred: (168, 208) delta(pixel): 1
[2022-02-05 17:58:48] - [index:   7348] label: (118, 177) pred: (117, 179) delta(pixel): 2
[2022-02-05 17:58:48] - [index:   7349] label: (163, 205) pred: (164, 206) delta(pixel): 0
[2022-02-05 17:58:48] - [index:   7350] label: (110, 152) pred: (109, 154) delta(pixel): 2
[2022-02-05 17:58:48] - [index:   7351] label: (153, 183) pred: (154, 185) delta(pixel): 3
[2022-02-05 17:58:48] - [index:   7352] label: (88, 147) pred: (87, 149) delta(pixel): 2
[2022-02-05 17:58:48] - [index:   7353] label: (136, 167) pred: (137, 169) delta(pixel): 1
[2022-02-05 17:58:48] - [index:   7354] label: (134, 173) pred: (134, 175) delta(pixel): 2
[2022-02-05 17:58:48] - [index:   7355] label: (135, 179) pred: (134, 181) delta(pixel): 2
[2022-02-05 17:58:48] - [index:   7356] label: (107, 145) pred: (106, 147) delta(pixel): 2
[2022-02-05 17:58:48] - [index:   7357] label: (85, 134) pred: (84, 136) delta(pixel): 2
[2022-02-05 17:58:48] - [index:   7358] label: (140, 169) pred: (139, 170) delta(pixel): 1
[2022-02-05 17:58:48] - [index:   7359] label: (134, 173) pred: (134, 175) delta(pixel): 2
[2022-02-05 17:58:48] - [index:   7360] label: (123, 172) pred: (123, 174) delta(pixel): 2
[2022-02-05 17:58:48] - [index:   7361] label: (156, 191) pred: (156, 194) delta(pixel): 3
[2022-02-05 17:58:48] - [index:   7362] label: (89, 137) pred: (89, 139) delta(pixel): 1
[2022-02-05 17:58:48] - [index:   7363] label: (125, 156) pred: (124, 155) delta(pixel): 0
[2022-02-05 17:58:48] - [index:   7364] label: (121, 151) pred: (121, 153) delta(pixel): 2
[2022-02-05 17:58:48] - [index:   7365] label: (129, 178) pred: (128, 180) delta(pixel): 2
[2022-02-05 17:58:48] - [index:   7366] label: (179, 214) pred: (176, 210) delta(pixel): 8
[2022-02-05 17:58:48] - [index:   7367] label: (79, 116) pred: (78, 118) delta(pixel): 2
[2022-02-05 17:58:48] - [index:   7368] label: (81, 117) pred: (80, 119) delta(pixel): 2
[2022-02-05 17:58:48] - [index:   7369] label: (82, 121) pred: (82, 122) delta(pixel): 1
[2022-02-05 17:58:48] - [index:   7370] label: (129, 187) pred: (129, 189) delta(pixel): 2
[2022-02-05 17:58:48] - [index:   7371] label: (162, 195) pred: (163, 197) delta(pixel): 2
[2022-02-05 17:58:48] - [index:   7372] label: (69, 107) pred: (69, 109) delta(pixel): 2
[2022-02-05 17:58:48] - [index:   7373] label: (93, 126) pred: (93, 128) delta(pixel): 2
[2022-02-05 17:58:48] - [index:   7374] label: (135, 182) pred: (135, 184) delta(pixel): 2
[2022-02-05 17:58:48] - [index:   7375] label: (134, 164) pred: (135, 165) delta(pixel): 1
[2022-02-05 17:58:48] - [index:   7376] label: (129, 165) pred: (128, 166) delta(pixel): 2
[2022-02-05 17:58:48] - [index:   7377] label: (118, 152) pred: (118, 153) delta(pixel): 1
[2022-02-05 17:58:48] - [index:   7378] label: (128, 161) pred: (129, 163) delta(pixel): 1
[2022-02-05 17:58:48] - [index:   7379] label: (161, 198) pred: (162, 200) delta(pixel): 3
[2022-02-05 17:58:48] - [index:   7380] label: (99, 146) pred: (98, 148) delta(pixel): 2
[2022-02-05 17:58:48] - [index:   7381] label: (147, 182) pred: (146, 183) delta(pixel): 1
[2022-02-05 17:58:48] - [index:   7382] label: (141, 180) pred: (142, 182) delta(pixel): 2
[2022-02-05 17:58:48] - [index:   7383] label: (112, 155) pred: (112, 157) delta(pixel): 1
[2022-02-05 17:58:48] - [index:   7384] label: (78, 118) pred: (78, 120) delta(pixel): 2
[2022-02-05 17:58:48] - [index:   7385] label: (62, 108) pred: (60, 108) delta(pixel): 2
[2022-02-05 17:58:48] - [index:   7386] label: (98, 130) pred: (98, 131) delta(pixel): 1
[2022-02-05 17:58:48] - [index:   7387] label: (92, 126) pred: (92, 128) delta(pixel): 2
[2022-02-05 17:58:48] - [index:   7388] label: (114, 152) pred: (114, 153) delta(pixel): 1
[2022-02-05 17:58:48] - [index:   7389] label: (93, 128) pred: (92, 130) delta(pixel): 1
[2022-02-05 17:58:48] - [index:   7390] label: (60, 100) pred: (59, 102) delta(pixel): 2
[2022-02-05 17:58:48] - [index:   7391] label: (151, 180) pred: (152, 182) delta(pixel): 2
[2022-02-05 17:58:48] - [index:   7392] label: (64, 103) pred: (63, 105) delta(pixel): 1
[2022-02-05 17:58:48] - [index:   7393] label: (118, 150) pred: (119, 151) delta(pixel): 1
[2022-02-05 17:58:48] - [index:   7394] label: (103, 162) pred: (103, 164) delta(pixel): 2
[2022-02-05 17:58:48] - [index:   7395] label: (142, 170) pred: (143, 172) delta(pixel): 1
[2022-02-05 17:58:48] - [index:   7396] label: (117, 153) pred: (118, 155) delta(pixel): 2
[2022-02-05 17:58:48] - [index:   7397] label: (153, 183) pred: (154, 185) delta(pixel): 3
[2022-02-05 17:58:48] - [index:   7398] label: (158, 196) pred: (159, 198) delta(pixel): 3
[2022-02-05 17:58:48] - [index:   7399] label: (139, 180) pred: (138, 182) delta(pixel): 2
[2022-02-05 17:58:48] - [index:   7400] label: (76, 118) pred: (75, 119) delta(pixel): 3
[2022-02-05 17:58:48] - [index:   7401] label: (122, 159) pred: (121, 161) delta(pixel): 2
[2022-02-05 17:58:48] - [index:   7402] label: (134, 165) pred: (135, 167) delta(pixel): 2
[2022-02-05 17:58:48] - [index:   7403] label: (69, 107) pred: (69, 109) delta(pixel): 3
[2022-02-05 17:58:48] - [index:   7404] label: (153, 188) pred: (154, 190) delta(pixel): 3
[2022-02-05 17:58:48] - [index:   7405] label: (97, 139) pred: (97, 140) delta(pixel): 1
[2022-02-05 17:58:48] - [index:   7406] label: (85, 123) pred: (84, 125) delta(pixel): 2
[2022-02-05 17:58:48] - [index:   7407] label: (116, 168) pred: (116, 170) delta(pixel): 2
[2022-02-05 17:58:48] - [index:   7408] label: (121, 161) pred: (121, 163) delta(pixel): 1
[2022-02-05 17:58:48] - [index:   7409] label: (128, 158) pred: (129, 158) delta(pixel): 1
[2022-02-05 17:58:48] - [index:   7410] label: (103, 173) pred: (103, 174) delta(pixel): 1
[2022-02-05 17:58:48] - [index:   7411] label: (141, 180) pred: (141, 182) delta(pixel): 2
[2022-02-05 17:58:48] - [index:   7412] label: (105, 170) pred: (105, 173) delta(pixel): 3
[2022-02-05 17:58:48] - [index:   7413] label: (131, 163) pred: (130, 164) delta(pixel): 1
[2022-02-05 17:58:48] - [index:   7414] label: (133, 165) pred: (132, 165) delta(pixel): 0
[2022-02-05 17:58:48] - [index:   7415] label: (121, 152) pred: (121, 153) delta(pixel): 1
[2022-02-05 17:58:48] - [index:   7416] label: (106, 146) pred: (105, 147) delta(pixel): 1
[2022-02-05 17:58:48] - [index:   7417] label: (98, 159) pred: (97, 162) delta(pixel): 3
[2022-02-05 17:58:48] - [index:   7418] label: (124, 159) pred: (124, 161) delta(pixel): 1
[2022-02-05 17:58:48] - [index:   7419] label: (63, 110) pred: (62, 111) delta(pixel): 2
[2022-02-05 17:58:48] - [index:   7420] label: (157, 192) pred: (158, 195) delta(pixel): 3
[2022-02-05 17:58:48] - [index:   7421] label: (134, 161) pred: (134, 162) delta(pixel): 1
[2022-02-05 17:58:48] - [index:   7422] label: (142, 173) pred: (142, 175) delta(pixel): 2
[2022-02-05 17:58:48] - [index:   7423] label: (102, 137) pred: (101, 139) delta(pixel): 2
[2022-02-05 17:58:48] - [index:   7424] label: (85, 119) pred: (84, 121) delta(pixel): 3
[2022-02-05 17:58:48] - [index:   7425] label: (109, 153) pred: (109, 155) delta(pixel): 1
[2022-02-05 17:58:48] - [index:   7426] label: (111, 150) pred: (111, 152) delta(pixel): 1
[2022-02-05 17:58:48] - [index:   7427] label: (155, 185) pred: (156, 188) delta(pixel): 3
[2022-02-05 17:58:48] - [index:   7428] label: (88, 142) pred: (86, 144) delta(pixel): 3
[2022-02-05 17:58:48] - [index:   7429] label: (120, 168) pred: (119, 169) delta(pixel): 1
[2022-02-05 17:58:48] - [index:   7430] label: (84, 121) pred: (83, 122) delta(pixel): 1
[2022-02-05 17:58:48] - [index:   7431] label: (85, 123) pred: (84, 125) delta(pixel): 3
[2022-02-05 17:58:48] - [index:   7432] label: (152, 189) pred: (152, 190) delta(pixel): 1
[2022-02-05 17:58:48] - [index:   7433] label: (76, 118) pred: (75, 120) delta(pixel): 3
[2022-02-05 17:58:48] - [index:   7434] label: (145, 178) pred: (146, 180) delta(pixel): 2
[2022-02-05 17:58:48] - [index:   7435] label: (100, 158) pred: (99, 160) delta(pixel): 3
[2022-02-05 17:58:48] - [index:   7436] label: (129, 160) pred: (128, 160) delta(pixel): 0
[2022-02-05 17:58:48] - [index:   7437] label: (97, 139) pred: (97, 140) delta(pixel): 1
[2022-02-05 17:58:48] - [index:   7438] label: (96, 133) pred: (96, 135) delta(pixel): 2
[2022-02-05 17:58:48] - [index:   7439] label: (147, 189) pred: (148, 191) delta(pixel): 2
[2022-02-05 17:58:48] - [index:   7440] label: (66, 111) pred: (64, 113) delta(pixel): 3
[2022-02-05 17:58:48] - [index:   7441] label: (117, 164) pred: (116, 165) delta(pixel): 1
[2022-02-05 17:58:48] - [index:   7442] label: (135, 167) pred: (135, 168) delta(pixel): 1
[2022-02-05 17:58:48] - [index:   7443] label: (118, 146) pred: (118, 147) delta(pixel): 1
[2022-02-05 17:58:48] - [index:   7444] label: (123, 153) pred: (122, 154) delta(pixel): 1
[2022-02-05 17:58:48] - [index:   7445] label: (77, 125) pred: (76, 126) delta(pixel): 2
[2022-02-05 17:58:48] - [index:   7446] label: (110, 139) pred: (110, 141) delta(pixel): 2
[2022-02-05 17:58:48] - [index:   7447] label: (59, 103) pred: (58, 105) delta(pixel): 2
[2022-02-05 17:58:48] - [index:   7448] label: (127, 153) pred: (127, 155) delta(pixel): 2
[2022-02-05 17:58:48] - [index:   7449] label: (149, 182) pred: (150, 185) delta(pixel): 2
[2022-02-05 17:58:48] - [index:   7450] label: (172, 208) pred: (171, 209) delta(pixel): 1
[2022-02-05 17:58:48] - [index:   7451] label: (136, 164) pred: (136, 165) delta(pixel): 1
[2022-02-05 17:58:48] - [index:   7452] label: (127, 156) pred: (127, 156) delta(pixel): 0
[2022-02-05 17:58:48] - [index:   7453] label: (136, 187) pred: (135, 190) delta(pixel): 3
[2022-02-05 17:58:48] - [index:   7454] label: (83, 139) pred: (82, 140) delta(pixel): 2
[2022-02-05 17:58:48] - [index:   7455] label: (82, 117) pred: (82, 118) delta(pixel): 1
[2022-02-05 17:58:48] - [index:   7456] label: (109, 143) pred: (109, 145) delta(pixel): 1
[2022-02-05 17:58:48] - [index:   7457] label: (142, 184) pred: (142, 186) delta(pixel): 2
[2022-02-05 17:58:48] - [index:   7458] label: (123, 150) pred: (124, 152) delta(pixel): 2
[2022-02-05 17:58:48] - [index:   7459] label: (90, 126) pred: (90, 127) delta(pixel): 1
[2022-02-05 17:58:48] - [index:   7460] label: (71, 112) pred: (70, 113) delta(pixel): 2
[2022-02-05 17:58:48] - [index:   7461] label: (117, 148) pred: (117, 149) delta(pixel): 1
[2022-02-05 17:58:48] - [index:   7462] label: (142, 171) pred: (142, 173) delta(pixel): 1
[2022-02-05 17:58:48] - [index:   7463] label: (132, 163) pred: (132, 164) delta(pixel): 0
[2022-02-05 17:58:48] - [index:   7464] label: (120, 148) pred: (120, 149) delta(pixel): 1
[2022-02-05 17:58:48] - [index:   7465] label: (90, 124) pred: (89, 125) delta(pixel): 2
[2022-02-05 17:58:48] - [index:   7466] label: (125, 156) pred: (124, 157) delta(pixel): 1
[2022-02-05 17:58:48] - [index:   7467] label: (93, 126) pred: (93, 128) delta(pixel): 2
[2022-02-05 17:58:48] - [index:   7468] label: (132, 163) pred: (132, 165) delta(pixel): 1
[2022-02-05 17:58:48] - [index:   7469] label: (142, 191) pred: (141, 193) delta(pixel): 2
[2022-02-05 17:58:48] - [index:   7470] label: (133, 186) pred: (133, 188) delta(pixel): 2
[2022-02-05 17:58:48] - [index:   7471] label: (152, 189) pred: (152, 191) delta(pixel): 2
[2022-02-05 17:58:48] - [index:   7472] label: (98, 142) pred: (98, 144) delta(pixel): 1
[2022-02-05 17:58:48] - [index:   7473] label: (176, 210) pred: (175, 209) delta(pixel): 3
[2022-02-05 17:58:48] - [index:   7474] label: (168, 200) pred: (168, 202) delta(pixel): 2
[2022-02-05 17:58:48] - [index:   7475] label: (100, 138) pred: (99, 139) delta(pixel): 1
[2022-02-05 17:58:48] - [index:   7476] label: (67, 106) pred: (66, 107) delta(pixel): 2
[2022-02-05 17:58:48] - [index:   7477] label: (119, 157) pred: (119, 159) delta(pixel): 2
[2022-02-05 17:58:48] - [index:   7478] label: (161, 199) pred: (162, 201) delta(pixel): 2
[2022-02-05 17:58:48] - [index:   7479] label: (90, 124) pred: (90, 126) delta(pixel): 2
[2022-02-05 17:58:48] - [index:   7480] label: (114, 152) pred: (114, 154) delta(pixel): 2
[2022-02-05 17:58:48] - [index:   7481] label: (125, 154) pred: (125, 155) delta(pixel): 1
[2022-02-05 17:58:48] - [index:   7482] label: (78, 122) pred: (77, 124) delta(pixel): 2
[2022-02-05 17:58:48] - [index:   7483] label: (120, 152) pred: (120, 154) delta(pixel): 1
[2022-02-05 17:58:48] - [index:   7484] label: (139, 180) pred: (139, 182) delta(pixel): 2
[2022-02-05 17:58:48] - [index:   7485] label: (109, 153) pred: (109, 155) delta(pixel): 2
[2022-02-05 17:58:48] - [index:   7486] label: (131, 167) pred: (131, 167) delta(pixel): 0
[2022-02-05 17:58:48] - [index:   7487] label: (124, 165) pred: (123, 167) delta(pixel): 2
[2022-02-05 17:58:48] - [index:   7488] label: (149, 195) pred: (149, 196) delta(pixel): 1
[2022-02-05 17:58:48] - [index:   7489] label: (65, 109) pred: (63, 110) delta(pixel): 2
[2022-02-05 17:58:48] - [index:   7490] label: (92, 133) pred: (91, 135) delta(pixel): 2
[2022-02-05 17:58:48] - [index:   7491] label: (157, 189) pred: (157, 192) delta(pixel): 3
[2022-02-05 17:58:49] - [index:   7492] label: (143, 179) pred: (143, 181) delta(pixel): 2
[2022-02-05 17:58:49] - [index:   7493] label: (173, 207) pred: (171, 208) delta(pixel): 3
[2022-02-05 17:58:49] - [index:   7494] label: (132, 175) pred: (131, 177) delta(pixel): 2
[2022-02-05 17:58:49] - [index:   7495] label: (134, 162) pred: (133, 163) delta(pixel): 1
[2022-02-05 17:58:49] - [index:   7496] label: (114, 162) pred: (113, 163) delta(pixel): 2
[2022-02-05 17:58:49] - [index:   7497] label: (97, 139) pred: (97, 140) delta(pixel): 2
[2022-02-05 17:58:49] - [index:   7498] label: (109, 143) pred: (109, 144) delta(pixel): 2
[2022-02-05 17:58:49] - [index:   7499] label: (162, 202) pred: (162, 204) delta(pixel): 1
[2022-02-05 17:58:49] - [index:   7500] label: (135, 171) pred: (135, 173) delta(pixel): 2
[2022-02-05 17:58:49] - [index:   7501] label: (106, 159) pred: (105, 161) delta(pixel): 2
[2022-02-05 17:58:49] - [index:   7502] label: (97, 133) pred: (96, 134) delta(pixel): 2
[2022-02-05 17:58:49] - [index:   7503] label: (173, 207) pred: (172, 208) delta(pixel): 3
[2022-02-05 17:58:49] - [index:   7504] label: (136, 166) pred: (137, 168) delta(pixel): 2
[2022-02-05 17:58:49] - [index:   7505] label: (100, 132) pred: (100, 133) delta(pixel): 1
[2022-02-05 17:58:49] - [index:   7506] label: (116, 148) pred: (116, 149) delta(pixel): 1
[2022-02-05 17:58:49] - [index:   7507] label: (62, 108) pred: (61, 108) delta(pixel): 1
[2022-02-05 17:58:49] - [index:   7508] label: (146, 180) pred: (146, 182) delta(pixel): 1
[2022-02-05 17:58:49] - [index:   7509] label: (91, 128) pred: (91, 130) delta(pixel): 1
[2022-02-05 17:58:49] - [index:   7510] label: (146, 191) pred: (146, 193) delta(pixel): 2
[2022-02-05 17:58:49] - [index:   7511] label: (109, 139) pred: (110, 141) delta(pixel): 1
[2022-02-05 17:58:49] - [index:   7512] label: (178, 213) pred: (176, 210) delta(pixel): 5
[2022-02-05 17:58:49] - [index:   7513] label: (117, 153) pred: (117, 155) delta(pixel): 2
[2022-02-05 17:58:49] - [index:   7514] label: (130, 155) pred: (130, 157) delta(pixel): 2
[2022-02-05 17:58:49] - [index:   7515] label: (153, 183) pred: (154, 184) delta(pixel): 2
[2022-02-05 17:58:49] - [index:   7516] label: (133, 167) pred: (133, 168) delta(pixel): 1
[2022-02-05 17:58:49] - [index:   7517] label: (118, 152) pred: (118, 154) delta(pixel): 1
[2022-02-05 17:58:49] - [index:   7518] label: (103, 137) pred: (103, 139) delta(pixel): 2
[2022-02-05 17:58:49] - [index:   7519] label: (108, 176) pred: (108, 177) delta(pixel): 2
[2022-02-05 17:58:49] - [index:   7520] label: (139, 180) pred: (139, 182) delta(pixel): 1
[2022-02-05 17:58:49] - [index:   7521] label: (140, 171) pred: (140, 173) delta(pixel): 2
[2022-02-05 17:58:49] - [index:   7522] label: (140, 178) pred: (141, 180) delta(pixel): 2
[2022-02-05 17:58:49] - [index:   7523] label: (75, 125) pred: (73, 127) delta(pixel): 3
[2022-02-05 17:58:49] - [index:   7524] label: (118, 145) pred: (118, 147) delta(pixel): 1
[2022-02-05 17:58:49] - [index:   7525] label: (75, 122) pred: (74, 124) delta(pixel): 3
[2022-02-05 17:58:49] - [index:   7526] label: (96, 136) pred: (95, 138) delta(pixel): 2
[2022-02-05 17:58:49] - [index:   7527] label: (103, 140) pred: (102, 142) delta(pixel): 2
[2022-02-05 17:58:49] - [index:   7528] label: (143, 171) pred: (143, 173) delta(pixel): 2
[2022-02-05 17:58:49] - [index:   7529] label: (102, 140) pred: (101, 142) delta(pixel): 2
[2022-02-05 17:58:49] - [index:   7530] label: (138, 170) pred: (138, 171) delta(pixel): 1
[2022-02-05 17:58:49] - [index:   7531] label: (125, 155) pred: (124, 156) delta(pixel): 1
[2022-02-05 17:58:49] - [index:   7532] label: (159, 193) pred: (160, 195) delta(pixel): 3
[2022-02-05 17:58:49] - [index:   7533] label: (109, 143) pred: (109, 145) delta(pixel): 1
[2022-02-05 17:58:49] - [index:   7534] label: (134, 163) pred: (134, 165) delta(pixel): 2
[2022-02-05 17:58:49] - [index:   7535] label: (144, 172) pred: (145, 173) delta(pixel): 1
[2022-02-05 17:58:49] - [index:   7536] label: (103, 134) pred: (104, 135) delta(pixel): 1
[2022-02-05 17:58:49] - [index:   7537] label: (103, 162) pred: (102, 164) delta(pixel): 2
[2022-02-05 17:58:49] - [index:   7538] label: (153, 200) pred: (153, 200) delta(pixel): 0
[2022-02-05 17:58:49] - [index:   7539] label: (126, 185) pred: (125, 188) delta(pixel): 3
[2022-02-05 17:58:49] - [index:   7540] label: (138, 186) pred: (138, 188) delta(pixel): 2
[2022-02-05 17:58:49] - [index:   7541] label: (106, 146) pred: (105, 148) delta(pixel): 2
[2022-02-05 17:58:49] - [index:   7542] label: (76, 120) pred: (75, 122) delta(pixel): 3
[2022-02-05 17:58:49] - [index:   7543] label: (117, 162) pred: (117, 164) delta(pixel): 1
[2022-02-05 17:58:49] - [index:   7544] label: (85, 121) pred: (84, 123) delta(pixel): 3
[2022-02-05 17:58:49] - [index:   7545] label: (162, 200) pred: (163, 202) delta(pixel): 2
[2022-02-05 17:58:49] - [index:   7546] label: (117, 147) pred: (116, 148) delta(pixel): 1
[2022-02-05 17:58:49] - [index:   7547] label: (102, 145) pred: (101, 146) delta(pixel): 2
[2022-02-05 17:58:49] - [index:   7548] label: (72, 117) pred: (71, 118) delta(pixel): 2
[2022-02-05 17:58:49] - [index:   7549] label: (96, 139) pred: (96, 141) delta(pixel): 2
[2022-02-05 17:58:49] - [index:   7550] label: (81, 132) pred: (80, 132) delta(pixel): 2
[2022-02-05 17:58:49] - [index:   7551] label: (88, 126) pred: (88, 127) delta(pixel): 2
[2022-02-05 17:58:49] - [index:   7552] label: (128, 155) pred: (129, 156) delta(pixel): 1
[2022-02-05 17:58:49] - [index:   7553] label: (112, 141) pred: (113, 143) delta(pixel): 3
[2022-02-05 17:58:49] - [index:   7554] label: (141, 188) pred: (140, 190) delta(pixel): 2
[2022-02-05 17:58:49] - [index:   7555] label: (147, 182) pred: (146, 183) delta(pixel): 1
[2022-02-05 17:58:49] - [index:   7556] label: (135, 182) pred: (134, 183) delta(pixel): 2
[2022-02-05 17:58:49] - [index:   7557] label: (137, 164) pred: (137, 165) delta(pixel): 1
[2022-02-05 17:58:49] - [index:   7558] label: (90, 131) pred: (90, 132) delta(pixel): 2
[2022-02-05 17:58:49] - [index:   7559] label: (99, 146) pred: (99, 148) delta(pixel): 2
[2022-02-05 17:58:49] - [index:   7560] label: (131, 167) pred: (130, 168) delta(pixel): 1
[2022-02-05 17:58:49] - [index:   7561] label: (112, 141) pred: (112, 142) delta(pixel): 0
[2022-02-05 17:58:49] - [index:   7562] label: (98, 170) pred: (98, 172) delta(pixel): 2
[2022-02-05 17:58:49] - [index:   7563] label: (136, 173) pred: (135, 174) delta(pixel): 1
[2022-02-05 17:58:49] - [index:   7564] label: (146, 175) pred: (147, 176) delta(pixel): 1
[2022-02-05 17:58:49] - [index:   7565] label: (133, 189) pred: (132, 190) delta(pixel): 2
[2022-02-05 17:58:49] - [index:   7566] label: (102, 150) pred: (101, 151) delta(pixel): 1
[2022-02-05 17:58:49] - [index:   7567] label: (75, 125) pred: (74, 128) delta(pixel): 4
[2022-02-05 17:58:49] - [index:   7568] label: (108, 176) pred: (108, 177) delta(pixel): 2
[2022-02-05 17:58:49] - [index:   7569] label: (119, 172) pred: (119, 174) delta(pixel): 2
[2022-02-05 17:58:49] - [index:   7570] label: (143, 174) pred: (143, 176) delta(pixel): 2
[2022-02-05 17:58:49] - [index:   7571] label: (144, 174) pred: (144, 175) delta(pixel): 2
[2022-02-05 17:58:49] - [index:   7572] label: (72, 111) pred: (71, 112) delta(pixel): 1
[2022-02-05 17:58:49] - [index:   7573] label: (79, 115) pred: (80, 117) delta(pixel): 4
[2022-02-05 17:58:49] - [index:   7574] label: (139, 180) pred: (139, 183) delta(pixel): 2
[2022-02-05 17:58:49] - [index:   7575] label: (79, 132) pred: (78, 135) delta(pixel): 3
[2022-02-05 17:58:49] - [index:   7576] label: (68, 114) pred: (66, 115) delta(pixel): 3
[2022-02-05 17:58:49] - [index:   7577] label: (66, 104) pred: (65, 105) delta(pixel): 2
[2022-02-05 17:58:49] - [index:   7578] label: (129, 181) pred: (129, 183) delta(pixel): 2
[2022-02-05 17:58:49] - [index:   7579] label: (126, 160) pred: (126, 161) delta(pixel): 1
[2022-02-05 17:58:49] - [index:   7580] label: (146, 176) pred: (146, 179) delta(pixel): 2
[2022-02-05 17:58:49] - [index:   7581] label: (145, 174) pred: (145, 175) delta(pixel): 2
[2022-02-05 17:58:49] - [index:   7582] label: (126, 172) pred: (125, 174) delta(pixel): 2
[2022-02-05 17:58:49] - [index:   7583] label: (107, 157) pred: (106, 159) delta(pixel): 2
[2022-02-05 17:58:49] - [index:   7584] label: (88, 147) pred: (87, 149) delta(pixel): 2
[2022-02-05 17:58:49] - [index:   7585] label: (136, 191) pred: (135, 192) delta(pixel): 2
[2022-02-05 17:58:49] - [index:   7586] label: (172, 206) pred: (170, 207) delta(pixel): 2
[2022-02-05 17:58:49] - [index:   7587] label: (77, 128) pred: (75, 130) delta(pixel): 3
[2022-02-05 17:58:49] - [index:   7588] label: (107, 145) pred: (106, 146) delta(pixel): 2
[2022-02-05 17:58:49] - [index:   7589] label: (121, 148) pred: (122, 150) delta(pixel): 2
[2022-02-05 17:58:49] - [index:   7590] label: (76, 118) pred: (75, 119) delta(pixel): 2
[2022-02-05 17:58:49] - [index:   7591] label: (85, 148) pred: (84, 150) delta(pixel): 3
[2022-02-05 17:58:49] - [index:   7592] label: (108, 163) pred: (108, 165) delta(pixel): 2
[2022-02-05 17:58:49] - [index:   7593] label: (151, 190) pred: (151, 191) delta(pixel): 1
[2022-02-05 17:58:49] - [index:   7594] label: (126, 185) pred: (125, 187) delta(pixel): 2
[2022-02-05 17:58:49] - [index:   7595] label: (123, 153) pred: (122, 154) delta(pixel): 1
[2022-02-05 17:58:49] - [index:   7596] label: (122, 180) pred: (123, 182) delta(pixel): 2
[2022-02-05 17:58:49] - [index:   7597] label: (155, 192) pred: (155, 194) delta(pixel): 1
[2022-02-05 17:58:49] - [index:   7598] label: (132, 158) pred: (132, 159) delta(pixel): 1
[2022-02-05 17:58:49] - [index:   7599] label: (116, 149) pred: (116, 150) delta(pixel): 1
[2022-02-05 17:58:49] - [index:   7600] label: (117, 162) pred: (117, 164) delta(pixel): 1
[2022-02-05 17:58:49] - [index:   7601] label: (77, 128) pred: (75, 130) delta(pixel): 3
[2022-02-05 17:58:49] - [index:   7602] label: (166, 201) pred: (167, 203) delta(pixel): 2
[2022-02-05 17:58:49] - [index:   7603] label: (90, 124) pred: (90, 126) delta(pixel): 3
[2022-02-05 17:58:49] - [index:   7604] label: (154, 184) pred: (154, 186) delta(pixel): 2
[2022-02-05 17:58:49] - [index:   7605] label: (129, 184) pred: (129, 186) delta(pixel): 2
[2022-02-05 17:58:49] - [index:   7606] label: (114, 142) pred: (114, 144) delta(pixel): 2
[2022-02-05 17:58:49] - [index:   7607] label: (100, 132) pred: (100, 133) delta(pixel): 1
[2022-02-05 17:58:49] - [index:   7608] label: (107, 141) pred: (106, 141) delta(pixel): 2
[2022-02-05 17:58:49] - [index:   7609] label: (154, 193) pred: (154, 195) delta(pixel): 1
[2022-02-05 17:58:49] - [index:   7610] label: (168, 202) pred: (168, 204) delta(pixel): 2
[2022-02-05 17:58:49] - [index:   7611] label: (56, 97) pred: (56, 99) delta(pixel): 2
[2022-02-05 17:58:49] - [index:   7612] label: (94, 144) pred: (93, 146) delta(pixel): 2
[2022-02-05 17:58:49] - [index:   7613] label: (128, 156) pred: (129, 157) delta(pixel): 1
[2022-02-05 17:58:49] - [index:   7614] label: (136, 187) pred: (135, 189) delta(pixel): 2
[2022-02-05 17:58:49] - [index:   7615] label: (75, 115) pred: (74, 117) delta(pixel): 2
[2022-02-05 17:58:49] - [index:   7616] label: (152, 192) pred: (151, 194) delta(pixel): 2
[2022-02-05 17:58:49] - [index:   7617] label: (126, 176) pred: (125, 177) delta(pixel): 2
[2022-02-05 17:58:49] - [index:   7618] label: (79, 115) pred: (80, 117) delta(pixel): 3
[2022-02-05 17:58:49] - [index:   7619] label: (137, 165) pred: (138, 167) delta(pixel): 2
[2022-02-05 17:58:49] - [index:   7620] label: (155, 196) pred: (155, 198) delta(pixel): 2
[2022-02-05 17:58:49] - [index:   7621] label: (157, 197) pred: (158, 199) delta(pixel): 2
[2022-02-05 17:58:49] - [index:   7622] label: (108, 137) pred: (107, 138) delta(pixel): 1
[2022-02-05 17:58:49] - [index:   7623] label: (121, 152) pred: (121, 153) delta(pixel): 2
[2022-02-05 17:58:49] - [index:   7624] label: (140, 171) pred: (140, 173) delta(pixel): 2
[2022-02-05 17:58:49] - [index:   7625] label: (137, 179) pred: (136, 180) delta(pixel): 1
[2022-02-05 17:58:49] - [index:   7626] label: (134, 166) pred: (135, 168) delta(pixel): 1
[2022-02-05 17:58:49] - [index:   7627] label: (134, 165) pred: (135, 167) delta(pixel): 2
[2022-02-05 17:58:49] - [index:   7628] label: (123, 170) pred: (122, 171) delta(pixel): 1
[2022-02-05 17:58:49] - [index:   7629] label: (120, 148) pred: (121, 150) delta(pixel): 3
[2022-02-05 17:58:49] - [index:   7630] label: (120, 147) pred: (121, 149) delta(pixel): 3
[2022-02-05 17:58:49] - [index:   7631] label: (91, 128) pred: (91, 129) delta(pixel): 1
[2022-02-05 17:58:49] - [index:   7632] label: (104, 160) pred: (104, 163) delta(pixel): 2
[2022-02-05 17:58:49] - [index:   7633] label: (133, 160) pred: (133, 161) delta(pixel): 1
[2022-02-05 17:58:49] - [index:   7634] label: (95, 128) pred: (95, 130) delta(pixel): 2
[2022-02-05 17:58:49] - [index:   7635] label: (99, 141) pred: (98, 143) delta(pixel): 2
[2022-02-05 17:58:49] - [index:   7636] label: (143, 186) pred: (142, 188) delta(pixel): 2
[2022-02-05 17:58:49] - [index:   7637] label: (145, 177) pred: (145, 179) delta(pixel): 2
[2022-02-05 17:58:49] - [index:   7638] label: (61, 102) pred: (60, 104) delta(pixel): 2
[2022-02-05 17:58:49] - [index:   7639] label: (121, 160) pred: (121, 161) delta(pixel): 1
[2022-02-05 17:58:49] - [index:   7640] label: (98, 130) pred: (99, 132) delta(pixel): 2
[2022-02-05 17:58:49] - [index:   7641] label: (95, 143) pred: (95, 145) delta(pixel): 2
[2022-02-05 17:58:49] - [index:   7642] label: (85, 128) pred: (84, 130) delta(pixel): 2
[2022-02-05 17:58:49] - [index:   7643] label: (96, 155) pred: (95, 157) delta(pixel): 3
[2022-02-05 17:58:49] - [index:   7644] label: (138, 173) pred: (137, 174) delta(pixel): 2
[2022-02-05 17:58:49] - [index:   7645] label: (160, 203) pred: (159, 204) delta(pixel): 1
[2022-02-05 17:58:49] - [index:   7646] label: (66, 111) pred: (65, 113) delta(pixel): 3
[2022-02-05 17:58:49] - [index:   7647] label: (134, 166) pred: (135, 168) delta(pixel): 1
[2022-02-05 17:58:49] - [index:   7648] label: (162, 200) pred: (163, 202) delta(pixel): 2
[2022-02-05 17:58:49] - [index:   7649] label: (131, 164) pred: (130, 165) delta(pixel): 1
[2022-02-05 17:58:49] - [index:   7650] label: (107, 138) pred: (106, 139) delta(pixel): 2
[2022-02-05 17:58:49] - [index:   7651] label: (117, 166) pred: (117, 168) delta(pixel): 1
[2022-02-05 17:58:49] - [index:   7652] label: (141, 174) pred: (141, 176) delta(pixel): 1
[2022-02-05 17:58:49] - [index:   7653] label: (128, 157) pred: (129, 158) delta(pixel): 1
[2022-02-05 17:58:49] - [index:   7654] label: (135, 179) pred: (134, 181) delta(pixel): 2
[2022-02-05 17:58:49] - [index:   7655] label: (133, 168) pred: (133, 170) delta(pixel): 1
[2022-02-05 17:58:49] - [index:   7656] label: (163, 194) pred: (163, 197) delta(pixel): 3
[2022-02-05 17:58:49] - [index:   7657] label: (135, 184) pred: (135, 186) delta(pixel): 2
[2022-02-05 17:58:49] - [index:   7658] label: (83, 128) pred: (82, 129) delta(pixel): 2
[2022-02-05 17:58:49] - [index:   7659] label: (131, 164) pred: (130, 165) delta(pixel): 1
[2022-02-05 17:58:49] - [index:   7660] label: (130, 161) pred: (130, 162) delta(pixel): 1
[2022-02-05 17:58:49] - [index:   7661] label: (65, 113) pred: (64, 114) delta(pixel): 2
[2022-02-05 17:58:49] - [index:   7662] label: (147, 180) pred: (147, 181) delta(pixel): 2
[2022-02-05 17:58:49] - [index:   7663] label: (108, 176) pred: (108, 178) delta(pixel): 2
[2022-02-05 17:58:49] - [index:   7664] label: (100, 132) pred: (99, 133) delta(pixel): 2
[2022-02-05 17:58:49] - [index:   7665] label: (147, 194) pred: (146, 195) delta(pixel): 2
[2022-02-05 17:58:49] - [index:   7666] label: (98, 159) pred: (97, 161) delta(pixel): 3
[2022-02-05 17:58:49] - [index:   7667] label: (112, 149) pred: (112, 152) delta(pixel): 2
[2022-02-05 17:58:49] - [index:   7668] label: (128, 161) pred: (128, 162) delta(pixel): 1
[2022-02-05 17:58:49] - [index:   7669] label: (79, 132) pred: (77, 133) delta(pixel): 2
[2022-02-05 17:58:49] - [index:   7670] label: (108, 137) pred: (108, 138) delta(pixel): 1
[2022-02-05 17:58:49] - [index:   7671] label: (108, 163) pred: (108, 165) delta(pixel): 2
[2022-02-05 17:58:49] - [index:   7672] label: (115, 159) pred: (115, 160) delta(pixel): 1
[2022-02-05 17:58:49] - [index:   7673] label: (98, 142) pred: (98, 144) delta(pixel): 1
[2022-02-05 17:58:49] - [index:   7674] label: (73, 115) pred: (71, 116) delta(pixel): 2
[2022-02-05 17:58:50] - [index:   7675] label: (140, 168) pred: (140, 169) delta(pixel): 1
[2022-02-05 17:58:50] - [index:   7676] label: (81, 135) pred: (80, 137) delta(pixel): 2
[2022-02-05 17:58:50] - [index:   7677] label: (96, 155) pred: (95, 157) delta(pixel): 2
[2022-02-05 17:58:50] - [index:   7678] label: (104, 140) pred: (103, 142) delta(pixel): 2
[2022-02-05 17:58:50] - [index:   7679] label: (97, 143) pred: (97, 144) delta(pixel): 2
[2022-02-05 17:58:50] - [index:   7680] label: (147, 180) pred: (147, 181) delta(pixel): 1
[2022-02-05 17:58:50] - [index:   7681] label: (112, 155) pred: (113, 157) delta(pixel): 2
[2022-02-05 17:58:50] - [index:   7682] label: (106, 167) pred: (106, 169) delta(pixel): 2
[2022-02-05 17:58:50] - [index:   7683] label: (104, 136) pred: (105, 138) delta(pixel): 3
[2022-02-05 17:58:50] - [index:   7684] label: (113, 148) pred: (113, 150) delta(pixel): 2
[2022-02-05 17:58:50] - [index:   7685] label: (138, 183) pred: (137, 184) delta(pixel): 1
[2022-02-05 17:58:50] - [index:   7686] label: (117, 147) pred: (117, 148) delta(pixel): 1
[2022-02-05 17:58:50] - [index:   7687] label: (138, 167) pred: (138, 169) delta(pixel): 1
[2022-02-05 17:58:50] - [index:   7688] label: (141, 169) pred: (140, 170) delta(pixel): 1
[2022-02-05 17:58:50] - [index:   7689] label: (123, 170) pred: (123, 171) delta(pixel): 1
[2022-02-05 17:58:50] - [index:   7690] label: (94, 130) pred: (94, 132) delta(pixel): 2
[2022-02-05 17:58:50] - [index:   7691] label: (150, 191) pred: (150, 193) delta(pixel): 2
[2022-02-05 17:58:50] - [index:   7692] label: (129, 174) pred: (129, 176) delta(pixel): 1
[2022-02-05 17:58:50] - [index:   7693] label: (171, 207) pred: (170, 208) delta(pixel): 1
[2022-02-05 17:58:50] - [index:   7694] label: (72, 111) pred: (71, 112) delta(pixel): 2
[2022-02-05 17:58:50] - [index:   7695] label: (91, 128) pred: (91, 130) delta(pixel): 1
[2022-02-05 17:58:50] - [index:   7696] label: (131, 167) pred: (130, 168) delta(pixel): 1
[2022-02-05 17:58:50] - [index:   7697] label: (64, 106) pred: (62, 107) delta(pixel): 1
[2022-02-05 17:58:50] - [index:   7698] label: (112, 144) pred: (113, 146) delta(pixel): 2
[2022-02-05 17:58:50] - [index:   7699] label: (110, 152) pred: (109, 154) delta(pixel): 2
[2022-02-05 17:58:50] - [index:   7700] label: (152, 192) pred: (152, 194) delta(pixel): 1
[2022-02-05 17:58:50] - [index:   7701] label: (136, 166) pred: (137, 167) delta(pixel): 1
[2022-02-05 17:58:50] - [index:   7702] label: (115, 145) pred: (115, 146) delta(pixel): 1
[2022-02-05 17:58:50] - [index:   7703] label: (158, 190) pred: (159, 193) delta(pixel): 3
[2022-02-05 17:58:50] - [index:   7704] label: (126, 170) pred: (126, 171) delta(pixel): 1
[2022-02-05 17:58:50] - [index:   7705] label: (63, 110) pred: (62, 111) delta(pixel): 2
[2022-02-05 17:58:50] - [index:   7706] label: (124, 156) pred: (124, 156) delta(pixel): 0
[2022-02-05 17:58:50] - [index:   7707] label: (134, 177) pred: (134, 179) delta(pixel): 2
[2022-02-05 17:58:50] - [index:   7708] label: (135, 170) pred: (135, 172) delta(pixel): 1
[2022-02-05 17:58:50] - [index:   7709] label: (148, 192) pred: (148, 193) delta(pixel): 1
[2022-02-05 17:58:50] - [index:   7710] label: (138, 173) pred: (137, 174) delta(pixel): 1
[2022-02-05 17:58:50] - [index:   7711] label: (126, 172) pred: (125, 173) delta(pixel): 2
[2022-02-05 17:58:50] - [index:   7712] label: (167, 203) pred: (168, 205) delta(pixel): 1
[2022-02-05 17:58:50] - [index:   7713] label: (150, 198) pred: (150, 199) delta(pixel): 0
[2022-02-05 17:58:50] - [index:   7714] label: (96, 133) pred: (96, 134) delta(pixel): 2
[2022-02-05 17:58:50] - [index:   7715] label: (74, 119) pred: (72, 122) delta(pixel): 3
[2022-02-05 17:58:50] - [index:   7716] label: (122, 177) pred: (122, 180) delta(pixel): 3
[2022-02-05 17:58:50] - [index:   7717] label: (141, 188) pred: (140, 190) delta(pixel): 3
[2022-02-05 17:58:50] - [index:   7718] label: (127, 156) pred: (127, 158) delta(pixel): 2
[2022-02-05 17:58:50] - [index:   7719] label: (170, 205) pred: (170, 206) delta(pixel): 1
[2022-02-05 17:58:50] - [index:   7720] label: (142, 184) pred: (142, 186) delta(pixel): 2
[2022-02-05 17:58:50] - [index:   7721] label: (149, 181) pred: (149, 183) delta(pixel): 2
[2022-02-05 17:58:50] - [index:   7722] label: (127, 155) pred: (127, 156) delta(pixel): 2
[2022-02-05 17:58:50] - [index:   7723] label: (129, 168) pred: (128, 169) delta(pixel): 1
[2022-02-05 17:58:50] - [index:   7724] label: (115, 151) pred: (114, 152) delta(pixel): 1
[2022-02-05 17:58:50] - [index:   7725] label: (111, 167) pred: (111, 170) delta(pixel): 2
[2022-02-05 17:58:50] - [index:   7726] label: (146, 191) pred: (146, 193) delta(pixel): 2
[2022-02-05 17:58:50] - [index:   7727] label: (163, 197) pred: (164, 200) delta(pixel): 3
[2022-02-05 17:58:50] - [index:   7728] label: (142, 170) pred: (142, 172) delta(pixel): 2
[2022-02-05 17:58:50] - [index:   7729] label: (139, 171) pred: (138, 173) delta(pixel): 1
[2022-02-05 17:58:50] - [index:   7730] label: (98, 159) pred: (97, 162) delta(pixel): 4
[2022-02-05 17:58:50] - [index:   7731] label: (135, 169) pred: (135, 169) delta(pixel): 0
[2022-02-05 17:58:50] - [index:   7732] label: (137, 177) pred: (136, 178) delta(pixel): 1
[2022-02-05 17:58:50] - [index:   7733] label: (131, 167) pred: (130, 168) delta(pixel): 2
[2022-02-05 17:58:50] - [index:   7734] label: (156, 199) pred: (156, 200) delta(pixel): 1
[2022-02-05 17:58:50] - [index:   7735] label: (77, 116) pred: (76, 117) delta(pixel): 2
[2022-02-05 17:58:50] - [index:   7736] label: (96, 148) pred: (95, 149) delta(pixel): 2
[2022-02-05 17:58:50] - [index:   7737] label: (58, 101) pred: (58, 102) delta(pixel): 1
[2022-02-05 17:58:50] - [index:   7738] label: (115, 172) pred: (115, 174) delta(pixel): 2
[2022-02-05 17:58:50] - [index:   7739] label: (100, 151) pred: (99, 152) delta(pixel): 2
[2022-02-05 17:58:50] - [index:   7740] label: (139, 171) pred: (139, 173) delta(pixel): 2
[2022-02-05 17:58:50] - [index:   7741] label: (150, 184) pred: (151, 187) delta(pixel): 2
[2022-02-05 17:58:50] - [index:   7742] label: (147, 184) pred: (148, 185) delta(pixel): 1
[2022-02-05 17:58:50] - [index:   7743] label: (79, 128) pred: (78, 129) delta(pixel): 1
[2022-02-05 17:58:50] - [index:   7744] label: (98, 142) pred: (98, 143) delta(pixel): 1
[2022-02-05 17:58:50] - [index:   7745] label: (138, 166) pred: (138, 168) delta(pixel): 1
[2022-02-05 17:58:50] - [index:   7746] label: (59, 103) pred: (58, 105) delta(pixel): 2
[2022-02-05 17:58:50] - [index:   7747] label: (59, 98) pred: (59, 100) delta(pixel): 2
[2022-02-05 17:58:50] - [index:   7748] label: (105, 152) pred: (105, 154) delta(pixel): 1
[2022-02-05 17:58:50] - [index:   7749] label: (134, 172) pred: (134, 173) delta(pixel): 1
[2022-02-05 17:58:50] - [index:   7750] label: (146, 185) pred: (145, 186) delta(pixel): 1
[2022-02-05 17:58:50] - [index:   7751] label: (125, 153) pred: (124, 154) delta(pixel): 1
[2022-02-05 17:58:50] - [index:   7752] label: (78, 122) pred: (76, 124) delta(pixel): 2
[2022-02-05 17:58:50] - [index:   7753] label: (141, 174) pred: (141, 175) delta(pixel): 1
[2022-02-05 17:58:50] - [index:   7754] label: (130, 161) pred: (130, 161) delta(pixel): 0
[2022-02-05 17:58:50] - [index:   7755] label: (162, 200) pred: (163, 202) delta(pixel): 1
[2022-02-05 17:58:50] - [index:   7756] label: (73, 115) pred: (71, 116) delta(pixel): 2
[2022-02-05 17:58:50] - [index:   7757] label: (93, 136) pred: (92, 138) delta(pixel): 2
[2022-02-05 17:58:50] - [index:   7758] label: (71, 109) pred: (71, 111) delta(pixel): 2
[2022-02-05 17:58:50] - [index:   7759] label: (67, 116) pred: (65, 117) delta(pixel): 2
[2022-02-05 17:58:50] - [index:   7760] label: (97, 139) pred: (97, 140) delta(pixel): 1
[2022-02-05 17:58:50] - [index:   7761] label: (62, 108) pred: (60, 108) delta(pixel): 2
[2022-02-05 17:58:50] - [index:   7762] label: (153, 195) pred: (152, 196) delta(pixel): 1
[2022-02-05 17:58:50] - [index:   7763] label: (151, 193) pred: (150, 195) delta(pixel): 2
[2022-02-05 17:58:50] - [index:   7764] label: (123, 170) pred: (123, 172) delta(pixel): 1
[2022-02-05 17:58:50] - [index:   7765] label: (105, 142) pred: (105, 144) delta(pixel): 2
[2022-02-05 17:58:50] - [index:   7766] label: (102, 150) pred: (101, 151) delta(pixel): 1
[2022-02-05 17:58:50] - [index:   7767] label: (79, 125) pred: (79, 126) delta(pixel): 1
[2022-02-05 17:58:50] - [index:   7768] label: (83, 144) pred: (82, 146) delta(pixel): 3
[2022-02-05 17:58:50] - [index:   7769] label: (165, 207) pred: (165, 207) delta(pixel): 0
[2022-02-05 17:58:50] - [index:   7770] label: (123, 172) pred: (122, 174) delta(pixel): 2
[2022-02-05 17:58:50] - [index:   7771] label: (130, 157) pred: (131, 159) delta(pixel): 1
[2022-02-05 17:58:50] - [index:   7772] label: (109, 143) pred: (108, 145) delta(pixel): 1
[2022-02-05 17:58:50] - [index:   7773] label: (77, 116) pred: (76, 117) delta(pixel): 2
[2022-02-05 17:58:50] - [index:   7774] label: (138, 167) pred: (138, 170) delta(pixel): 2
[2022-02-05 17:58:50] - [index:   7775] label: (97, 130) pred: (97, 133) delta(pixel): 3
[2022-02-05 17:58:50] - [index:   7776] label: (119, 148) pred: (120, 149) delta(pixel): 1
[2022-02-05 17:58:50] - [index:   7777] label: (132, 180) pred: (132, 181) delta(pixel): 2
[2022-02-05 17:58:50] - [index:   7778] label: (129, 160) pred: (129, 161) delta(pixel): 2
[2022-02-05 17:58:50] - [index:   7779] label: (114, 175) pred: (114, 177) delta(pixel): 2
[2022-02-05 17:58:50] - [index:   7780] label: (94, 144) pred: (93, 145) delta(pixel): 1
[2022-02-05 17:58:50] - [index:   7781] label: (145, 174) pred: (145, 175) delta(pixel): 1
[2022-02-05 17:58:50] - [index:   7782] label: (144, 183) pred: (143, 185) delta(pixel): 2
[2022-02-05 17:58:50] - [index:   7783] label: (104, 136) pred: (105, 138) delta(pixel): 2
[2022-02-05 17:58:50] - [index:   7784] label: (121, 150) pred: (122, 151) delta(pixel): 2
[2022-02-05 17:58:50] - [index:   7785] label: (169, 206) pred: (169, 207) delta(pixel): 0
[2022-02-05 17:58:50] - [index:   7786] label: (87, 131) pred: (87, 132) delta(pixel): 1
[2022-02-05 17:58:50] - [index:   7787] label: (141, 169) pred: (140, 170) delta(pixel): 2
[2022-02-05 17:58:50] - [index:   7788] label: (145, 175) pred: (145, 177) delta(pixel): 1
[2022-02-05 17:58:50] - [index:   7789] label: (96, 136) pred: (95, 137) delta(pixel): 2
[2022-02-05 17:58:50] - [index:   7790] label: (127, 157) pred: (127, 158) delta(pixel): 1
[2022-02-05 17:58:50] - [index:   7791] label: (146, 191) pred: (146, 193) delta(pixel): 2
[2022-02-05 17:58:50] - [index:   7792] label: (138, 169) pred: (138, 169) delta(pixel): 0
[2022-02-05 17:58:50] - [index:   7793] label: (110, 173) pred: (109, 174) delta(pixel): 2
[2022-02-05 17:58:50] - [index:   7794] label: (153, 188) pred: (154, 190) delta(pixel): 3
[2022-02-05 17:58:50] - [index:   7795] label: (133, 165) pred: (132, 165) delta(pixel): 0
[2022-02-05 17:58:50] - [index:   7796] label: (97, 161) pred: (96, 165) delta(pixel): 3
[2022-02-05 17:58:50] - [index:   7797] label: (158, 191) pred: (159, 194) delta(pixel): 3
[2022-02-05 17:58:50] - [index:   7798] label: (70, 122) pred: (68, 123) delta(pixel): 2
[2022-02-05 17:58:50] - [index:   7799] label: (154, 187) pred: (154, 189) delta(pixel): 3
[2022-02-05 17:58:50] - [index:   7800] label: (100, 158) pred: (99, 160) delta(pixel): 3
[2022-02-05 17:58:50] - [index:   7801] label: (153, 185) pred: (154, 187) delta(pixel): 3
[2022-02-05 17:58:50] - [index:   7802] label: (127, 157) pred: (127, 158) delta(pixel): 1
[2022-02-05 17:58:50] - [index:   7803] label: (87, 131) pred: (87, 132) delta(pixel): 1
[2022-02-05 17:58:50] - [index:   7804] label: (118, 159) pred: (117, 160) delta(pixel): 1
[2022-02-05 17:58:50] - [index:   7805] label: (136, 173) pred: (135, 175) delta(pixel): 2
[2022-02-05 17:58:50] - [index:   7806] label: (162, 204) pred: (161, 205) delta(pixel): 1
[2022-02-05 17:58:50] - [index:   7807] label: (111, 145) pred: (110, 147) delta(pixel): 2
[2022-02-05 17:58:50] - [index:   7808] label: (121, 164) pred: (121, 166) delta(pixel): 1
[2022-02-05 17:58:50] - [index:   7809] label: (155, 185) pred: (155, 187) delta(pixel): 2
[2022-02-05 17:58:50] - [index:   7810] label: (170, 203) pred: (170, 206) delta(pixel): 2
[2022-02-05 17:58:50] - [index:   7811] label: (139, 173) pred: (139, 174) delta(pixel): 2
[2022-02-05 17:58:50] - [index:   7812] label: (76, 118) pred: (75, 119) delta(pixel): 2
[2022-02-05 17:58:50] - [index:   7813] label: (72, 117) pred: (71, 119) delta(pixel): 3
[2022-02-05 17:58:50] - [index:   7814] label: (115, 151) pred: (114, 152) delta(pixel): 1
[2022-02-05 17:58:50] - [index:   7815] label: (90, 128) pred: (90, 129) delta(pixel): 1
[2022-02-05 17:58:50] - [index:   7816] label: (134, 173) pred: (134, 175) delta(pixel): 1
[2022-02-05 17:58:50] - [index:   7817] label: (133, 189) pred: (132, 190) delta(pixel): 2
[2022-02-05 17:58:50] - [index:   7818] label: (135, 182) pred: (135, 184) delta(pixel): 2
[2022-02-05 17:58:50] - [index:   7819] label: (106, 159) pred: (105, 161) delta(pixel): 2
[2022-02-05 17:58:50] - [index:   7820] label: (64, 103) pred: (63, 105) delta(pixel): 2
[2022-02-05 17:58:50] - [index:   7821] label: (104, 148) pred: (104, 149) delta(pixel): 1
[2022-02-05 17:58:50] - [index:   7822] label: (136, 187) pred: (135, 190) delta(pixel): 3
[2022-02-05 17:58:50] - [index:   7823] label: (130, 157) pred: (130, 159) delta(pixel): 1
[2022-02-05 17:58:50] - [index:   7824] label: (96, 148) pred: (95, 149) delta(pixel): 2
[2022-02-05 17:58:50] - [index:   7825] label: (143, 175) pred: (143, 177) delta(pixel): 1
[2022-02-05 17:58:50] - [index:   7826] label: (117, 147) pred: (118, 148) delta(pixel): 2
[2022-02-05 17:58:50] - [index:   7827] label: (98, 147) pred: (97, 148) delta(pixel): 1
[2022-02-05 17:58:50] - [index:   7828] label: (90, 126) pred: (90, 127) delta(pixel): 1
[2022-02-05 17:58:50] - [index:   7829] label: (79, 132) pred: (78, 135) delta(pixel): 3
[2022-02-05 17:58:50] - [index:   7830] label: (113, 149) pred: (113, 151) delta(pixel): 2
[2022-02-05 17:58:50] - [index:   7831] label: (133, 186) pred: (132, 188) delta(pixel): 2
[2022-02-05 17:58:50] - [index:   7832] label: (122, 177) pred: (123, 179) delta(pixel): 2
[2022-02-05 17:58:50] - [index:   7833] label: (84, 121) pred: (83, 123) delta(pixel): 2
[2022-02-05 17:58:50] - [index:   7834] label: (100, 132) pred: (100, 134) delta(pixel): 1
[2022-02-05 17:58:50] - [index:   7835] label: (114, 142) pred: (114, 144) delta(pixel): 2
[2022-02-05 17:58:50] - [index:   7836] label: (79, 132) pred: (78, 134) delta(pixel): 3
[2022-02-05 17:58:50] - [index:   7837] label: (98, 159) pred: (97, 162) delta(pixel): 3
[2022-02-05 17:58:50] - [index:   7838] label: (125, 153) pred: (125, 154) delta(pixel): 0
[2022-02-05 17:58:50] - [index:   7839] label: (141, 173) pred: (140, 174) delta(pixel): 1
[2022-02-05 17:58:50] - [index:   7840] label: (133, 159) pred: (133, 160) delta(pixel): 1
[2022-02-05 17:58:50] - [index:   7841] label: (125, 155) pred: (124, 155) delta(pixel): 0
[2022-02-05 17:58:50] - [index:   7842] label: (99, 132) pred: (99, 134) delta(pixel): 2
[2022-02-05 17:58:50] - [index:   7843] label: (98, 142) pred: (98, 143) delta(pixel): 1
[2022-02-05 17:58:50] - [index:   7844] label: (74, 111) pred: (73, 113) delta(pixel): 2
[2022-02-05 17:58:50] - [index:   7845] label: (120, 168) pred: (120, 170) delta(pixel): 2
[2022-02-05 17:58:50] - [index:   7846] label: (80, 118) pred: (80, 119) delta(pixel): 1
[2022-02-05 17:58:50] - [index:   7847] label: (83, 125) pred: (83, 126) delta(pixel): 1
[2022-02-05 17:58:50] - [index:   7848] label: (152, 197) pred: (151, 198) delta(pixel): 1
[2022-02-05 17:58:50] - [index:   7849] label: (149, 182) pred: (150, 185) delta(pixel): 2
[2022-02-05 17:58:50] - [index:   7850] label: (116, 149) pred: (116, 150) delta(pixel): 1
[2022-02-05 17:58:50] - [index:   7851] label: (123, 170) pred: (123, 172) delta(pixel): 1
[2022-02-05 17:58:50] - [index:   7852] label: (132, 159) pred: (132, 160) delta(pixel): 0
[2022-02-05 17:58:50] - [index:   7853] label: (116, 150) pred: (115, 151) delta(pixel): 1
[2022-02-05 17:58:50] - [index:   7854] label: (62, 101) pred: (62, 103) delta(pixel): 2
[2022-02-05 17:58:50] - [index:   7855] label: (111, 146) pred: (110, 148) delta(pixel): 2
[2022-02-05 17:58:50] - [index:   7856] label: (145, 177) pred: (146, 179) delta(pixel): 2
[2022-02-05 17:58:50] - [index:   7857] label: (95, 140) pred: (94, 141) delta(pixel): 1
[2022-02-05 17:58:50] - [index:   7858] label: (156, 195) pred: (157, 196) delta(pixel): 2
[2022-02-05 17:58:51] - [index:   7859] label: (129, 172) pred: (128, 173) delta(pixel): 1
[2022-02-05 17:58:51] - [index:   7860] label: (140, 170) pred: (139, 171) delta(pixel): 2
[2022-02-05 17:58:51] - [index:   7861] label: (75, 125) pred: (74, 127) delta(pixel): 3
[2022-02-05 17:58:51] - [index:   7862] label: (107, 165) pred: (106, 167) delta(pixel): 3
[2022-02-05 17:58:51] - [index:   7863] label: (146, 175) pred: (147, 177) delta(pixel): 2
[2022-02-05 17:58:51] - [index:   7864] label: (107, 138) pred: (107, 139) delta(pixel): 1
[2022-02-05 17:58:51] - [index:   7865] label: (151, 184) pred: (152, 186) delta(pixel): 2
[2022-02-05 17:58:51] - [index:   7866] label: (143, 174) pred: (143, 176) delta(pixel): 2
[2022-02-05 17:58:51] - [index:   7867] label: (153, 188) pred: (154, 190) delta(pixel): 3
[2022-02-05 17:58:51] - [index:   7868] label: (114, 146) pred: (114, 147) delta(pixel): 1
[2022-02-05 17:58:51] - [index:   7869] label: (81, 135) pred: (79, 137) delta(pixel): 2
[2022-02-05 17:58:51] - [index:   7870] label: (121, 164) pred: (121, 166) delta(pixel): 1
[2022-02-05 17:58:51] - [index:   7871] label: (76, 114) pred: (75, 115) delta(pixel): 2
[2022-02-05 17:58:51] - [index:   7872] label: (121, 150) pred: (121, 151) delta(pixel): 0
[2022-02-05 17:58:51] - [index:   7873] label: (132, 160) pred: (132, 161) delta(pixel): 1
[2022-02-05 17:58:51] - [index:   7874] label: (146, 185) pred: (146, 186) delta(pixel): 1
[2022-02-05 17:58:51] - [index:   7875] label: (155, 201) pred: (155, 202) delta(pixel): 0
[2022-02-05 17:58:51] - [index:   7876] label: (85, 138) pred: (84, 139) delta(pixel): 2
[2022-02-05 17:58:51] - [index:   7877] label: (166, 199) pred: (166, 202) delta(pixel): 2
[2022-02-05 17:58:51] - [index:   7878] label: (159, 197) pred: (161, 199) delta(pixel): 3
[2022-02-05 17:58:51] - [index:   7879] label: (107, 138) pred: (106, 139) delta(pixel): 2
[2022-02-05 17:58:51] - [index:   7880] label: (113, 164) pred: (113, 165) delta(pixel): 2
[2022-02-05 17:58:51] - [index:   7881] label: (79, 115) pred: (80, 117) delta(pixel): 2
[2022-02-05 17:58:51] - [index:   7882] label: (111, 142) pred: (111, 143) delta(pixel): 1
[2022-02-05 17:58:51] - [index:   7883] label: (130, 161) pred: (130, 162) delta(pixel): 1
[2022-02-05 17:58:51] - [index:   7884] label: (126, 162) pred: (126, 163) delta(pixel): 1
[2022-02-05 17:58:51] - [index:   7885] label: (118, 151) pred: (118, 152) delta(pixel): 1
[2022-02-05 17:58:51] - [index:   7886] label: (98, 130) pred: (97, 132) delta(pixel): 2
[2022-02-05 17:58:51] - [index:   7887] label: (116, 144) pred: (117, 146) delta(pixel): 2
[2022-02-05 17:58:51] - [index:   7888] label: (79, 128) pred: (78, 129) delta(pixel): 2
[2022-02-05 17:58:51] - [index:   7889] label: (118, 161) pred: (117, 162) delta(pixel): 1
[2022-02-05 17:58:51] - [index:   7890] label: (156, 191) pred: (156, 193) delta(pixel): 2
[2022-02-05 17:58:51] - [index:   7891] label: (115, 150) pred: (114, 152) delta(pixel): 2
[2022-02-05 17:58:51] - [index:   7892] label: (131, 167) pred: (131, 167) delta(pixel): 0
[2022-02-05 17:58:51] - [index:   7893] label: (123, 168) pred: (123, 169) delta(pixel): 1
[2022-02-05 17:58:51] - [index:   7894] label: (129, 172) pred: (129, 173) delta(pixel): 1
[2022-02-05 17:58:51] - [index:   7895] label: (124, 156) pred: (124, 156) delta(pixel): 0
[2022-02-05 17:58:51] - [index:   7896] label: (149, 185) pred: (150, 187) delta(pixel): 2
[2022-02-05 17:58:51] - [index:   7897] label: (137, 164) pred: (137, 165) delta(pixel): 1
[2022-02-05 17:58:51] - [index:   7898] label: (114, 162) pred: (114, 163) delta(pixel): 1
[2022-02-05 17:58:51] - [index:   7899] label: (144, 174) pred: (145, 176) delta(pixel): 3
[2022-02-05 17:58:51] - [index:   7900] label: (117, 148) pred: (116, 148) delta(pixel): 1
[2022-02-05 17:58:51] - [index:   7901] label: (141, 170) pred: (141, 172) delta(pixel): 2
[2022-02-05 17:58:51] - [index:   7902] label: (101, 134) pred: (101, 136) delta(pixel): 1
[2022-02-05 17:58:51] - [index:   7903] label: (123, 152) pred: (122, 152) delta(pixel): 1
[2022-02-05 17:58:51] - [index:   7904] label: (111, 142) pred: (111, 144) delta(pixel): 2
[2022-02-05 17:58:51] - [index:   7905] label: (169, 204) pred: (169, 206) delta(pixel): 1
[2022-02-05 17:58:51] - [index:   7906] label: (99, 135) pred: (99, 137) delta(pixel): 2
[2022-02-05 17:58:51] - [index:   7907] label: (98, 142) pred: (98, 144) delta(pixel): 1
[2022-02-05 17:58:51] - [index:   7908] label: (104, 153) pred: (104, 155) delta(pixel): 1
[2022-02-05 17:58:51] - [index:   7909] label: (101, 134) pred: (101, 136) delta(pixel): 1
[2022-02-05 17:58:51] - [index:   7910] label: (154, 198) pred: (154, 199) delta(pixel): 1
[2022-02-05 17:58:51] - [index:   7911] label: (135, 184) pred: (135, 186) delta(pixel): 1
[2022-02-05 17:58:51] - [index:   7912] label: (117, 164) pred: (117, 166) delta(pixel): 1
[2022-02-05 17:58:51] - [index:   7913] label: (76, 114) pred: (74, 115) delta(pixel): 2
[2022-02-05 17:58:51] - [index:   7914] label: (115, 150) pred: (115, 152) delta(pixel): 2
[2022-02-05 17:58:51] - [index:   7915] label: (161, 199) pred: (161, 201) delta(pixel): 2
[2022-02-05 17:58:51] - [index:   7916] label: (122, 177) pred: (122, 179) delta(pixel): 2
[2022-02-05 17:58:51] - [index:   7917] label: (85, 131) pred: (84, 132) delta(pixel): 2
[2022-02-05 17:58:51] - [index:   7918] label: (126, 159) pred: (127, 160) delta(pixel): 1
[2022-02-05 17:58:51] - [index:   7919] label: (152, 189) pred: (152, 190) delta(pixel): 1
[2022-02-05 17:58:51] - [index:   7920] label: (139, 165) pred: (139, 167) delta(pixel): 2
[2022-02-05 17:58:51] - [index:   7921] label: (116, 144) pred: (116, 145) delta(pixel): 1
[2022-02-05 17:58:51] - [index:   7922] label: (95, 149) pred: (93, 150) delta(pixel): 2
[2022-02-05 17:58:51] - [index:   7923] label: (128, 155) pred: (129, 156) delta(pixel): 2
[2022-02-05 17:58:51] - [index:   7924] label: (127, 154) pred: (128, 155) delta(pixel): 2
[2022-02-05 17:58:51] - [index:   7925] label: (120, 153) pred: (120, 155) delta(pixel): 1
[2022-02-05 17:58:51] - [index:   7926] label: (147, 180) pred: (147, 181) delta(pixel): 1
[2022-02-05 17:58:51] - [index:   7927] label: (105, 139) pred: (105, 141) delta(pixel): 2
[2022-02-05 17:58:51] - [index:   7928] label: (66, 107) pred: (65, 108) delta(pixel): 2
[2022-02-05 17:58:51] - [index:   7929] label: (92, 145) pred: (91, 147) delta(pixel): 2
[2022-02-05 17:58:51] - [index:   7930] label: (123, 152) pred: (124, 154) delta(pixel): 2
[2022-02-05 17:58:51] - [index:   7931] label: (99, 146) pred: (98, 147) delta(pixel): 1
[2022-02-05 17:58:51] - [index:   7932] label: (96, 136) pred: (95, 137) delta(pixel): 2
[2022-02-05 17:58:51] - [index:   7933] label: (134, 165) pred: (135, 166) delta(pixel): 1
[2022-02-05 17:58:51] - [index:   7934] label: (164, 201) pred: (165, 204) delta(pixel): 3
[2022-02-05 17:58:51] - [index:   7935] label: (165, 198) pred: (165, 201) delta(pixel): 3
[2022-02-05 17:58:51] - [index:   7936] label: (124, 162) pred: (123, 163) delta(pixel): 1
[2022-02-05 17:58:51] - [index:   7937] label: (165, 198) pred: (165, 200) delta(pixel): 2
[2022-02-05 17:58:51] - [index:   7938] label: (102, 134) pred: (101, 136) delta(pixel): 2
[2022-02-05 17:58:51] - [index:   7939] label: (96, 155) pred: (95, 156) delta(pixel): 2
[2022-02-05 17:58:51] - [index:   7940] label: (97, 161) pred: (96, 164) delta(pixel): 3
[2022-02-05 17:58:51] - [index:   7941] label: (91, 134) pred: (91, 135) delta(pixel): 1
[2022-02-05 17:58:51] - [index:   7942] label: (74, 111) pred: (73, 113) delta(pixel): 2
[2022-02-05 17:58:51] - [index:   7943] label: (141, 173) pred: (141, 174) delta(pixel): 1
[2022-02-05 17:58:51] - [index:   7944] label: (142, 184) pred: (142, 186) delta(pixel): 1
[2022-02-05 17:58:51] - [index:   7945] label: (129, 187) pred: (129, 189) delta(pixel): 2
[2022-02-05 17:58:51] - [index:   7946] label: (107, 138) pred: (106, 139) delta(pixel): 1
[2022-02-05 17:58:51] - [index:   7947] label: (125, 154) pred: (125, 154) delta(pixel): 0
[2022-02-05 17:58:51] - [index:   7948] label: (155, 201) pred: (155, 202) delta(pixel): 1
[2022-02-05 17:58:51] - [index:   7949] label: (130, 157) pred: (130, 158) delta(pixel): 1
[2022-02-05 17:58:51] - [index:   7950] label: (117, 153) pred: (117, 155) delta(pixel): 2
[2022-02-05 17:58:51] - [index:   7951] label: (150, 198) pred: (150, 200) delta(pixel): 1
[2022-02-05 17:58:51] - [index:   7952] label: (150, 187) pred: (151, 190) delta(pixel): 2
[2022-02-05 17:58:51] - [index:   7953] label: (161, 194) pred: (161, 196) delta(pixel): 2
[2022-02-05 17:58:51] - [index:   7954] label: (145, 181) pred: (145, 183) delta(pixel): 2
[2022-02-05 17:58:51] - [index:   7955] label: (139, 167) pred: (139, 168) delta(pixel): 2
[2022-02-05 17:58:51] - [index:   7956] label: (130, 161) pred: (131, 163) delta(pixel): 2
[2022-02-05 17:58:51] - [index:   7957] label: (151, 182) pred: (151, 184) delta(pixel): 2
[2022-02-05 17:58:51] - [index:   7958] label: (167, 205) pred: (168, 206) delta(pixel): 0
[2022-02-05 17:58:51] - [index:   7959] label: (113, 143) pred: (113, 145) delta(pixel): 1
[2022-02-05 17:58:51] - [index:   7960] label: (147, 187) pred: (147, 189) delta(pixel): 1
[2022-02-05 17:58:51] - [index:   7961] label: (109, 154) pred: (108, 156) delta(pixel): 2
[2022-02-05 17:58:51] - [index:   7962] label: (137, 171) pred: (137, 173) delta(pixel): 1
[2022-02-05 17:58:51] - [index:   7963] label: (69, 112) pred: (67, 113) delta(pixel): 2
[2022-02-05 17:58:51] - [index:   7964] label: (137, 165) pred: (138, 167) delta(pixel): 1
[2022-02-05 17:58:51] - [index:   7965] label: (149, 181) pred: (149, 183) delta(pixel): 2
[2022-02-05 17:58:51] - [index:   7966] label: (102, 134) pred: (102, 136) delta(pixel): 1
[2022-02-05 17:58:51] - [index:   7967] label: (137, 181) pred: (137, 183) delta(pixel): 1
[2022-02-05 17:58:51] - [index:   7968] label: (154, 186) pred: (155, 188) delta(pixel): 2
[2022-02-05 17:58:51] - [index:   7969] label: (85, 148) pred: (84, 149) delta(pixel): 2
[2022-02-05 17:58:51] - [index:   7970] label: (127, 155) pred: (127, 156) delta(pixel): 1
[2022-02-05 17:58:51] - [index:   7971] label: (155, 201) pred: (155, 202) delta(pixel): 1
[2022-02-05 17:58:51] - [index:   7972] label: (79, 115) pred: (80, 117) delta(pixel): 3
[2022-02-05 17:58:51] - [index:   7973] label: (165, 200) pred: (165, 202) delta(pixel): 2
[2022-02-05 17:58:51] - [index:   7974] label: (105, 142) pred: (105, 144) delta(pixel): 2
[2022-02-05 17:58:51] - [index:   7975] label: (83, 128) pred: (82, 130) delta(pixel): 2
[2022-02-05 17:58:51] - [index:   7976] label: (133, 168) pred: (133, 170) delta(pixel): 1
[2022-02-05 17:58:51] - [index:   7977] label: (140, 168) pred: (140, 169) delta(pixel): 1
[2022-02-05 17:58:51] - [index:   7978] label: (133, 189) pred: (132, 190) delta(pixel): 2
[2022-02-05 17:58:51] - [index:   7979] label: (126, 182) pred: (125, 184) delta(pixel): 2
[2022-02-05 17:58:51] - [index:   7980] label: (103, 134) pred: (104, 136) delta(pixel): 3
[2022-02-05 17:58:51] - [index:   7981] label: (138, 166) pred: (138, 168) delta(pixel): 1
[2022-02-05 17:58:51] - [index:   7982] label: (147, 182) pred: (146, 183) delta(pixel): 1
[2022-02-05 17:58:51] - [index:   7983] label: (126, 182) pred: (125, 184) delta(pixel): 2
[2022-02-05 17:58:51] - [index:   7984] label: (146, 175) pred: (147, 176) delta(pixel): 2
[2022-02-05 17:58:51] - [index:   7985] label: (123, 150) pred: (124, 152) delta(pixel): 2
[2022-02-05 17:58:51] - [index:   7986] label: (135, 184) pred: (134, 186) delta(pixel): 2
[2022-02-05 17:58:51] - [index:   7987] label: (133, 160) pred: (133, 161) delta(pixel): 0
[2022-02-05 17:58:51] - [index:   7988] label: (133, 166) pred: (132, 166) delta(pixel): 0
[2022-02-05 17:58:51] - [index:   7989] label: (118, 152) pred: (118, 154) delta(pixel): 1
[2022-02-05 17:58:51] - [index:   7990] label: (56, 97) pred: (57, 99) delta(pixel): 3
[2022-02-05 17:58:51] - [index:   7991] label: (155, 201) pred: (155, 201) delta(pixel): 0
[2022-02-05 17:58:51] - [index:   7992] label: (85, 128) pred: (84, 129) delta(pixel): 2
[2022-02-05 17:58:51] - [index:   7993] label: (140, 176) pred: (139, 177) delta(pixel): 1
[2022-02-05 17:58:51] - [index:   7994] label: (115, 159) pred: (115, 160) delta(pixel): 1
[2022-02-05 17:58:51] - [index:   7995] label: (103, 134) pred: (104, 136) delta(pixel): 2
[2022-02-05 17:58:51] - [index:   7996] label: (105, 152) pred: (105, 153) delta(pixel): 1
[2022-02-05 17:58:51] - [index:   7997] label: (132, 174) pred: (131, 175) delta(pixel): 1
[2022-02-05 17:58:51] - [index:   7998] label: (90, 128) pred: (89, 130) delta(pixel): 2
[2022-02-05 17:58:51] - [index:   7999] label: (134, 173) pred: (133, 174) delta(pixel): 1
[2022-02-05 17:58:51] - [index:   8000] label: (85, 128) pred: (84, 130) delta(pixel): 2
[2022-02-05 17:58:51] - [index:   8001] label: (126, 176) pred: (125, 178) delta(pixel): 3
[2022-02-05 17:58:51] - [index:   8002] label: (132, 183) pred: (132, 185) delta(pixel): 2
[2022-02-05 17:58:51] - [index:   8003] label: (94, 130) pred: (94, 132) delta(pixel): 2
[2022-02-05 17:58:51] - [index:   8004] label: (134, 177) pred: (134, 178) delta(pixel): 1
[2022-02-05 17:58:51] - [index:   8005] label: (69, 112) pred: (67, 113) delta(pixel): 2
[2022-02-05 17:58:51] - [index:   8006] label: (104, 153) pred: (104, 155) delta(pixel): 1
[2022-02-05 17:58:51] - [index:   8007] label: (88, 147) pred: (87, 149) delta(pixel): 2
[2022-02-05 17:58:51] - [index:   8008] label: (133, 165) pred: (132, 166) delta(pixel): 1
[2022-02-05 17:58:51] - [index:   8009] label: (170, 203) pred: (170, 206) delta(pixel): 2
[2022-02-05 17:58:51] - [index:   8010] label: (99, 132) pred: (99, 134) delta(pixel): 1
[2022-02-05 17:58:51] - [index:   8011] label: (76, 114) pred: (74, 115) delta(pixel): 2
[2022-02-05 17:58:51] - [index:   8012] label: (92, 145) pred: (91, 147) delta(pixel): 2
[2022-02-05 17:58:51] - [index:   8013] label: (122, 158) pred: (121, 158) delta(pixel): 1
[2022-02-05 17:58:51] - [index:   8014] label: (164, 203) pred: (164, 204) delta(pixel): 0
[2022-02-05 17:58:51] - [index:   8015] label: (148, 178) pred: (147, 179) delta(pixel): 1
[2022-02-05 17:58:51] - [index:   8016] label: (80, 118) pred: (80, 120) delta(pixel): 1
[2022-02-05 17:58:51] - [index:   8017] label: (135, 167) pred: (135, 169) delta(pixel): 1
[2022-02-05 17:58:51] - [index:   8018] label: (123, 152) pred: (123, 153) delta(pixel): 0
[2022-02-05 17:58:51] - [index:   8019] label: (117, 153) pred: (118, 155) delta(pixel): 2
[2022-02-05 17:58:51] - [index:   8020] label: (125, 151) pred: (125, 153) delta(pixel): 1
[2022-02-05 17:58:51] - [index:   8021] label: (75, 125) pred: (74, 128) delta(pixel): 3
[2022-02-05 17:58:51] - [index:   8022] label: (135, 169) pred: (135, 170) delta(pixel): 2
[2022-02-05 17:58:51] - [index:   8023] label: (60, 100) pred: (60, 103) delta(pixel): 3
[2022-02-05 17:58:51] - [index:   8024] label: (123, 168) pred: (122, 169) delta(pixel): 1
[2022-02-05 17:58:51] - [index:   8025] label: (149, 181) pred: (149, 183) delta(pixel): 2
[2022-02-05 17:58:51] - [index:   8026] label: (139, 171) pred: (138, 173) delta(pixel): 2
[2022-02-05 17:58:51] - [index:   8027] label: (167, 208) pred: (168, 207) delta(pixel): 0
[2022-02-05 17:58:51] - [index:   8028] label: (129, 181) pred: (129, 183) delta(pixel): 2
[2022-02-05 17:58:51] - [index:   8029] label: (140, 170) pred: (140, 171) delta(pixel): 1
[2022-02-05 17:58:51] - [index:   8030] label: (131, 167) pred: (130, 168) delta(pixel): 1
[2022-02-05 17:58:51] - [index:   8031] label: (92, 133) pred: (92, 135) delta(pixel): 1
[2022-02-05 17:58:51] - [index:   8032] label: (112, 155) pred: (113, 157) delta(pixel): 2
[2022-02-05 17:58:51] - [index:   8033] label: (128, 157) pred: (129, 158) delta(pixel): 2
[2022-02-05 17:58:51] - [index:   8034] label: (87, 123) pred: (87, 126) delta(pixel): 2
[2022-02-05 17:58:51] - [index:   8035] label: (87, 123) pred: (87, 126) delta(pixel): 2
[2022-02-05 17:58:51] - [index:   8036] label: (146, 191) pred: (145, 193) delta(pixel): 2
[2022-02-05 17:58:51] - [index:   8037] label: (147, 184) pred: (147, 185) delta(pixel): 1
[2022-02-05 17:58:51] - [index:   8038] label: (104, 148) pred: (104, 150) delta(pixel): 2
[2022-02-05 17:58:51] - [index:   8039] label: (103, 144) pred: (102, 145) delta(pixel): 2
[2022-02-05 17:58:51] - [index:   8040] label: (174, 209) pred: (172, 209) delta(pixel): 1
[2022-02-05 17:58:51] - [index:   8041] label: (57, 99) pred: (57, 101) delta(pixel): 2
[2022-02-05 17:58:51] - [index:   8042] label: (118, 146) pred: (119, 148) delta(pixel): 3
[2022-02-05 17:58:52] - [index:   8043] label: (141, 169) pred: (141, 170) delta(pixel): 1
[2022-02-05 17:58:52] - [index:   8044] label: (77, 116) pred: (76, 118) delta(pixel): 3
[2022-02-05 17:58:52] - [index:   8045] label: (147, 182) pred: (146, 183) delta(pixel): 1
[2022-02-05 17:58:52] - [index:   8046] label: (134, 164) pred: (135, 164) delta(pixel): 1
[2022-02-05 17:58:52] - [index:   8047] label: (106, 167) pred: (106, 170) delta(pixel): 2
[2022-02-05 17:58:52] - [index:   8048] label: (87, 123) pred: (87, 126) delta(pixel): 2
[2022-02-05 17:58:52] - [index:   8049] label: (90, 141) pred: (89, 143) delta(pixel): 2
[2022-02-05 17:58:52] - [index:   8050] label: (121, 151) pred: (120, 151) delta(pixel): 0
[2022-02-05 17:58:52] - [index:   8051] label: (123, 152) pred: (123, 153) delta(pixel): 0
[2022-02-05 17:58:52] - [index:   8052] label: (101, 132) pred: (100, 134) delta(pixel): 2
[2022-02-05 17:58:52] - [index:   8053] label: (90, 131) pred: (90, 133) delta(pixel): 2
[2022-02-05 17:58:52] - [index:   8054] label: (164, 196) pred: (164, 199) delta(pixel): 3
[2022-02-05 17:58:52] - [index:   8055] label: (118, 152) pred: (118, 154) delta(pixel): 1
[2022-02-05 17:58:52] - [index:   8056] label: (165, 198) pred: (166, 201) delta(pixel): 3
[2022-02-05 17:58:52] - [index:   8057] label: (127, 153) pred: (127, 155) delta(pixel): 1
[2022-02-05 17:58:52] - [index:   8058] label: (129, 160) pred: (129, 161) delta(pixel): 1
[2022-02-05 17:58:52] - [index:   8059] label: (155, 189) pred: (155, 191) delta(pixel): 2
[2022-02-05 17:58:52] - [index:   8060] label: (105, 139) pred: (105, 141) delta(pixel): 2
[2022-02-05 17:58:52] - [index:   8061] label: (161, 194) pred: (162, 196) delta(pixel): 3
[2022-02-05 17:58:52] - [index:   8062] label: (126, 185) pred: (125, 187) delta(pixel): 2
[2022-02-05 17:58:52] - [index:   8063] label: (100, 132) pred: (99, 133) delta(pixel): 1
[2022-02-05 17:58:52] - [index:   8064] label: (140, 170) pred: (140, 171) delta(pixel): 1
[2022-02-05 17:58:52] - [index:   8065] label: (94, 164) pred: (94, 166) delta(pixel): 3
[2022-02-05 17:58:52] - [index:   8066] label: (96, 136) pred: (95, 138) delta(pixel): 3
[2022-02-05 17:58:52] - [index:   8067] label: (137, 179) pred: (137, 180) delta(pixel): 1
[2022-02-05 17:58:52] - [index:   8068] label: (145, 175) pred: (146, 177) delta(pixel): 2
[2022-02-05 17:58:52] - [index:   8069] label: (130, 159) pred: (131, 159) delta(pixel): 0
[2022-02-05 17:58:52] - [index:   8070] label: (89, 128) pred: (88, 130) delta(pixel): 1
[2022-02-05 17:58:52] - [index:   8071] label: (91, 158) pred: (90, 160) delta(pixel): 3
[2022-02-05 17:58:52] - [index:   8072] label: (165, 198) pred: (165, 201) delta(pixel): 2
[2022-02-05 17:58:52] - [index:   8073] label: (113, 148) pred: (113, 150) delta(pixel): 2
[2022-02-05 17:58:52] - [index:   8074] label: (118, 152) pred: (118, 154) delta(pixel): 1
[2022-02-05 17:58:52] - [index:   8075] label: (126, 182) pred: (125, 184) delta(pixel): 3
[2022-02-05 17:58:52] - [index:   8076] label: (139, 192) pred: (139, 195) delta(pixel): 2
[2022-02-05 17:58:52] - [index:   8077] label: (127, 155) pred: (127, 157) delta(pixel): 2
[2022-02-05 17:58:52] - [index:   8078] label: (156, 195) pred: (157, 196) delta(pixel): 2
[2022-02-05 17:58:52] - [index:   8079] label: (121, 148) pred: (123, 151) delta(pixel): 3
[2022-02-05 17:58:52] - [index:   8080] label: (117, 147) pred: (118, 148) delta(pixel): 1
[2022-02-05 17:58:52] - [index:   8081] label: (154, 193) pred: (154, 195) delta(pixel): 1
[2022-02-05 17:58:52] - [index:   8082] label: (74, 117) pred: (73, 119) delta(pixel): 3
[2022-02-05 17:58:52] - [index:   8083] label: (142, 173) pred: (143, 173) delta(pixel): 1
[2022-02-05 17:58:52] - [index:   8084] label: (127, 152) pred: (127, 154) delta(pixel): 2
[2022-02-05 17:58:52] - [index:   8085] label: (111, 151) pred: (110, 152) delta(pixel): 1
[2022-02-05 17:58:52] - [index:   8086] label: (105, 142) pred: (105, 144) delta(pixel): 2
[2022-02-05 17:58:52] - [index:   8087] label: (129, 170) pred: (128, 171) delta(pixel): 2
[2022-02-05 17:58:52] - [index:   8088] label: (97, 139) pred: (97, 140) delta(pixel): 2
[2022-02-05 17:58:52] - [index:   8089] label: (123, 170) pred: (122, 171) delta(pixel): 1
[2022-02-05 17:58:52] - [index:   8090] label: (146, 185) pred: (145, 186) delta(pixel): 2
[2022-02-05 17:58:52] - [index:   8091] label: (104, 140) pred: (104, 142) delta(pixel): 2
[2022-02-05 17:58:52] - [index:   8092] label: (117, 148) pred: (116, 148) delta(pixel): 1
[2022-02-05 17:58:52] - [index:   8093] label: (95, 133) pred: (95, 135) delta(pixel): 2
[2022-02-05 17:58:52] - [index:   8094] label: (80, 140) pred: (79, 141) delta(pixel): 2
[2022-02-05 17:58:52] - [index:   8095] label: (173, 207) pred: (171, 208) delta(pixel): 3
[2022-02-05 17:58:52] - [index:   8096] label: (107, 145) pred: (107, 147) delta(pixel): 1
[2022-02-05 17:58:52] - [index:   8097] label: (158, 200) pred: (159, 202) delta(pixel): 2
[2022-02-05 17:58:52] - [index:   8098] label: (140, 171) pred: (140, 173) delta(pixel): 1
[2022-02-05 17:58:52] - [index:   8099] label: (129, 164) pred: (128, 165) delta(pixel): 1
[2022-02-05 17:58:52] - [index:   8100] label: (135, 182) pred: (135, 184) delta(pixel): 1
[2022-02-05 17:58:52] - [index:   8101] label: (172, 206) pred: (170, 207) delta(pixel): 2
[2022-02-05 17:58:52] - [index:   8102] label: (95, 140) pred: (94, 142) delta(pixel): 2
[2022-02-05 17:58:52] - [index:   8103] label: (95, 133) pred: (94, 135) delta(pixel): 3
[2022-02-05 17:58:52] - [index:   8104] label: (123, 153) pred: (123, 155) delta(pixel): 1
[2022-02-05 17:58:52] - [index:   8105] label: (70, 116) pred: (68, 118) delta(pixel): 3
[2022-02-05 17:58:52] - [index:   8106] label: (122, 157) pred: (122, 158) delta(pixel): 1
[2022-02-05 17:58:52] - [index:   8107] label: (96, 128) pred: (96, 130) delta(pixel): 1
[2022-02-05 17:58:52] - [index:   8108] label: (142, 184) pred: (142, 185) delta(pixel): 1
[2022-02-05 17:58:52] - [index:   8109] label: (111, 167) pred: (111, 169) delta(pixel): 2
[2022-02-05 17:58:52] - [index:   8110] label: (137, 179) pred: (136, 179) delta(pixel): 1
[2022-02-05 17:58:52] - [index:   8111] label: (151, 186) pred: (152, 189) delta(pixel): 3
[2022-02-05 17:58:52] - [index:   8112] label: (74, 111) pred: (73, 113) delta(pixel): 2
[2022-02-05 17:58:52] - [index:   8113] label: (132, 157) pred: (132, 158) delta(pixel): 1
[2022-02-05 17:58:52] - [index:   8114] label: (133, 160) pred: (133, 161) delta(pixel): 1
[2022-02-05 17:58:52] - [index:   8115] label: (115, 151) pred: (114, 153) delta(pixel): 2
[2022-02-05 17:58:52] - [index:   8116] label: (68, 114) pred: (66, 115) delta(pixel): 3
[2022-02-05 17:58:52] - [index:   8117] label: (118, 161) pred: (117, 162) delta(pixel): 1
[2022-02-05 17:58:52] - [index:   8118] label: (91, 134) pred: (90, 135) delta(pixel): 1
[2022-02-05 17:58:52] - [index:   8119] label: (129, 187) pred: (130, 189) delta(pixel): 2
[2022-02-05 17:58:52] - [index:   8120] label: (132, 163) pred: (132, 165) delta(pixel): 1
[2022-02-05 17:58:52] - [index:   8121] label: (129, 184) pred: (129, 186) delta(pixel): 2
[2022-02-05 17:58:52] - [index:   8122] label: (77, 125) pred: (76, 127) delta(pixel): 3
[2022-02-05 17:58:52] - [index:   8123] label: (128, 155) pred: (129, 157) delta(pixel): 2
[2022-02-05 17:58:52] - [index:   8124] label: (61, 102) pred: (60, 104) delta(pixel): 2
[2022-02-05 17:58:52] - [index:   8125] label: (126, 166) pred: (126, 167) delta(pixel): 1
[2022-02-05 17:58:52] - [index:   8126] label: (115, 170) pred: (116, 172) delta(pixel): 2
[2022-02-05 17:58:52] - [index:   8127] label: (172, 210) pred: (171, 209) delta(pixel): 1
[2022-02-05 17:58:52] - [index:   8128] label: (115, 145) pred: (115, 146) delta(pixel): 1
[2022-02-05 17:58:52] - [index:   8129] label: (115, 145) pred: (114, 146) delta(pixel): 1
[2022-02-05 17:58:52] - [index:   8130] label: (91, 158) pred: (90, 161) delta(pixel): 3
[2022-02-05 17:58:52] - [index:   8131] label: (72, 125) pred: (71, 127) delta(pixel): 3
[2022-02-05 17:58:52] - [index:   8132] label: (114, 147) pred: (113, 148) delta(pixel): 2
[2022-02-05 17:58:52] - [index:   8133] label: (141, 180) pred: (141, 182) delta(pixel): 1
[2022-02-05 17:58:52] - [index:   8134] label: (158, 191) pred: (158, 194) delta(pixel): 3
[2022-02-05 17:58:52] - [index:   8135] label: (98, 132) pred: (98, 134) delta(pixel): 1
[2022-02-05 17:58:52] - [index:   8136] label: (104, 160) pred: (104, 162) delta(pixel): 2
[2022-02-05 17:58:52] - [index:   8137] label: (166, 201) pred: (166, 203) delta(pixel): 1
[2022-02-05 17:58:52] - [index:   8138] label: (129, 178) pred: (129, 180) delta(pixel): 2
[2022-02-05 17:58:52] - [index:   8139] label: (71, 109) pred: (70, 111) delta(pixel): 2
[2022-02-05 17:58:52] - [index:   8140] label: (59, 98) pred: (58, 100) delta(pixel): 1
[2022-02-05 17:58:52] - [index:   8141] label: (164, 203) pred: (164, 205) delta(pixel): 1
[2022-02-05 17:58:52] - [index:   8142] label: (164, 203) pred: (164, 205) delta(pixel): 1
[2022-02-05 17:58:52] - [index:   8143] label: (135, 170) pred: (135, 172) delta(pixel): 1
[2022-02-05 17:58:52] - [index:   8144] label: (156, 187) pred: (156, 190) delta(pixel): 2
[2022-02-05 17:58:52] - [index:   8145] label: (143, 186) pred: (142, 188) delta(pixel): 2
[2022-02-05 17:58:52] - [index:   8146] label: (102, 150) pred: (101, 151) delta(pixel): 1
[2022-02-05 17:58:52] - [index:   8147] label: (129, 178) pred: (128, 180) delta(pixel): 2
[2022-02-05 17:58:52] - [index:   8148] label: (102, 140) pred: (101, 143) delta(pixel): 2
[2022-02-05 17:58:52] - [index:   8149] label: (113, 164) pred: (113, 165) delta(pixel): 2
[2022-02-05 17:58:52] - [index:   8150] label: (109, 153) pred: (109, 155) delta(pixel): 2
[2022-02-05 17:58:52] - [index:   8151] label: (127, 155) pred: (128, 156) delta(pixel): 1
[2022-02-05 17:58:52] - [index:   8152] label: (100, 167) pred: (99, 169) delta(pixel): 3
[2022-02-05 17:58:52] - [index:   8153] label: (103, 144) pred: (102, 145) delta(pixel): 2
[2022-02-05 17:58:52] - [index:   8154] label: (130, 161) pred: (130, 162) delta(pixel): 1
[2022-02-05 17:58:52] - [index:   8155] label: (78, 118) pred: (77, 120) delta(pixel): 2
[2022-02-05 17:58:52] - [index:   8156] label: (118, 177) pred: (117, 179) delta(pixel): 2
[2022-02-05 17:58:52] - [index:   8157] label: (94, 133) pred: (93, 135) delta(pixel): 2
[2022-02-05 17:58:52] - [index:   8158] label: (121, 149) pred: (122, 151) delta(pixel): 1
[2022-02-05 17:58:52] - [index:   8159] label: (113, 164) pred: (113, 165) delta(pixel): 2
[2022-02-05 17:58:52] - [index:   8160] label: (126, 179) pred: (125, 181) delta(pixel): 2
[2022-02-05 17:58:52] - [index:   8161] label: (156, 191) pred: (156, 193) delta(pixel): 2
[2022-02-05 17:58:52] - [index:   8162] label: (80, 120) pred: (79, 122) delta(pixel): 2
[2022-02-05 17:58:52] - [index:   8163] label: (154, 184) pred: (155, 187) delta(pixel): 3
[2022-02-05 17:58:52] - [index:   8164] label: (172, 210) pred: (171, 209) delta(pixel): 2
[2022-02-05 17:58:52] - [index:   8165] label: (125, 153) pred: (124, 154) delta(pixel): 1
[2022-02-05 17:58:52] - [index:   8166] label: (162, 200) pred: (163, 202) delta(pixel): 2
[2022-02-05 17:58:52] - [index:   8167] label: (131, 166) pred: (130, 166) delta(pixel): 1
[2022-02-05 17:58:52] - [index:   8168] label: (116, 157) pred: (115, 159) delta(pixel): 1
[2022-02-05 17:58:52] - [index:   8169] label: (64, 106) pred: (62, 107) delta(pixel): 1
[2022-02-05 17:58:52] - [index:   8170] label: (120, 154) pred: (119, 155) delta(pixel): 1
[2022-02-05 17:58:52] - [index:   8171] label: (145, 174) pred: (145, 175) delta(pixel): 1
[2022-02-05 17:58:52] - [index:   8172] label: (140, 174) pred: (139, 175) delta(pixel): 1
[2022-02-05 17:58:52] - [index:   8173] label: (125, 155) pred: (124, 155) delta(pixel): 1
[2022-02-05 17:58:52] - [index:   8174] label: (157, 192) pred: (158, 195) delta(pixel): 3
[2022-02-05 17:58:52] - [index:   8175] label: (139, 178) pred: (139, 179) delta(pixel): 1
[2022-02-05 17:58:52] - [index:   8176] label: (64, 106) pred: (62, 107) delta(pixel): 1
[2022-02-05 17:58:52] - [index:   8177] label: (83, 144) pred: (81, 147) delta(pixel): 4
[2022-02-05 17:58:52] - [index:   8178] label: (151, 182) pred: (151, 184) delta(pixel): 2
[2022-02-05 17:58:52] - [index:   8179] label: (96, 148) pred: (95, 150) delta(pixel): 2
[2022-02-05 17:58:52] - [index:   8180] label: (110, 139) pred: (110, 141) delta(pixel): 1
[2022-02-05 17:58:52] - [index:   8181] label: (139, 178) pred: (139, 179) delta(pixel): 1
[2022-02-05 17:58:52] - [index:   8182] label: (127, 157) pred: (127, 159) delta(pixel): 1
[2022-02-05 17:58:52] - [index:   8183] label: (142, 171) pred: (141, 173) delta(pixel): 1
[2022-02-05 17:58:52] - [index:   8184] label: (107, 138) pred: (106, 139) delta(pixel): 1
[2022-02-05 17:58:52] - [index:   8185] label: (112, 144) pred: (112, 146) delta(pixel): 2
[2022-02-05 17:58:52] - [index:   8186] label: (157, 202) pred: (157, 203) delta(pixel): 2
[2022-02-05 17:58:52] - [index:   8187] label: (93, 130) pred: (92, 133) delta(pixel): 3
[2022-02-05 17:58:52] - [index:   8188] label: (97, 139) pred: (97, 140) delta(pixel): 1
[2022-02-05 17:58:52] - [index:   8189] label: (120, 170) pred: (120, 172) delta(pixel): 2
[2022-02-05 17:58:52] - [index:   8190] label: (148, 186) pred: (148, 188) delta(pixel): 2
[2022-02-05 17:58:52] - [index:   8191] label: (130, 158) pred: (131, 160) delta(pixel): 2
[2022-02-05 17:58:52] - [index:   8192] label: (114, 160) pred: (115, 162) delta(pixel): 1
[2022-02-05 17:58:52] - [index:   8193] label: (103, 134) pred: (104, 135) delta(pixel): 2
[2022-02-05 17:58:52] - [index:   8194] label: (150, 191) pred: (150, 193) delta(pixel): 2
[2022-02-05 17:58:52] - [index:   8195] label: (178, 213) pred: (175, 209) delta(pixel): 7
[2022-02-05 17:58:52] - [index:   8196] label: (113, 154) pred: (113, 156) delta(pixel): 1
[2022-02-05 17:58:52] - [index:   8197] label: (137, 164) pred: (137, 166) delta(pixel): 1
[2022-02-05 17:58:52] - [index:   8198] label: (98, 142) pred: (98, 144) delta(pixel): 2
[2022-02-05 17:58:52] - [index:   8199] label: (90, 131) pred: (90, 132) delta(pixel): 1
[2022-02-05 17:58:52] - [index:   8200] label: (157, 197) pred: (157, 199) delta(pixel): 2
[2022-02-05 17:58:52] - [index:   8201] label: (136, 191) pred: (136, 193) delta(pixel): 2
[2022-02-05 17:58:52] - [index:   8202] label: (100, 151) pred: (99, 152) delta(pixel): 2
[2022-02-05 17:58:52] - [index:   8203] label: (111, 151) pred: (110, 153) delta(pixel): 2
[2022-02-05 17:58:52] - [index:   8204] label: (128, 156) pred: (129, 157) delta(pixel): 1
[2022-02-05 17:58:52] - [index:   8205] label: (152, 197) pred: (152, 198) delta(pixel): 1
[2022-02-05 17:58:52] - [index:   8206] label: (128, 157) pred: (129, 158) delta(pixel): 2
[2022-02-05 17:58:52] - [index:   8207] label: (125, 153) pred: (126, 154) delta(pixel): 1
[2022-02-05 17:58:52] - [index:   8208] label: (96, 133) pred: (96, 135) delta(pixel): 2
[2022-02-05 17:58:52] - [index:   8209] label: (106, 159) pred: (105, 161) delta(pixel): 2
[2022-02-05 17:58:52] - [index:   8210] label: (157, 192) pred: (158, 194) delta(pixel): 3
[2022-02-05 17:58:52] - [index:   8211] label: (86, 143) pred: (84, 146) delta(pixel): 4
[2022-02-05 17:58:52] - [index:   8212] label: (120, 168) pred: (120, 170) delta(pixel): 2
[2022-02-05 17:58:52] - [index:   8213] label: (91, 152) pred: (89, 154) delta(pixel): 3
[2022-02-05 17:58:52] - [index:   8214] label: (107, 141) pred: (106, 141) delta(pixel): 2
[2022-02-05 17:58:52] - [index:   8215] label: (145, 196) pred: (144, 197) delta(pixel): 2
[2022-02-05 17:58:52] - [index:   8216] label: (132, 162) pred: (132, 163) delta(pixel): 0
[2022-02-05 17:58:52] - [index:   8217] label: (124, 159) pred: (124, 161) delta(pixel): 1
[2022-02-05 17:58:52] - [index:   8218] label: (129, 187) pred: (130, 189) delta(pixel): 2
[2022-02-05 17:58:52] - [index:   8219] label: (121, 150) pred: (121, 151) delta(pixel): 1
[2022-02-05 17:58:52] - [index:   8220] label: (146, 191) pred: (146, 193) delta(pixel): 2
[2022-02-05 17:58:52] - [index:   8221] label: (131, 166) pred: (130, 166) delta(pixel): 1
[2022-02-05 17:58:52] - [index:   8222] label: (135, 169) pred: (135, 170) delta(pixel): 2
[2022-02-05 17:58:52] - [index:   8223] label: (165, 197) pred: (165, 200) delta(pixel): 2
[2022-02-05 17:58:52] - [index:   8224] label: (118, 152) pred: (118, 153) delta(pixel): 1
[2022-02-05 17:58:52] - [index:   8225] label: (107, 138) pred: (107, 139) delta(pixel): 1
[2022-02-05 17:58:52] - [index:   8226] label: (112, 144) pred: (112, 145) delta(pixel): 1
[2022-02-05 17:58:53] - [index:   8227] label: (105, 143) pred: (104, 145) delta(pixel): 3
[2022-02-05 17:58:53] - [index:   8228] label: (148, 197) pred: (147, 199) delta(pixel): 2
[2022-02-05 17:58:53] - [index:   8229] label: (108, 140) pred: (107, 141) delta(pixel): 1
[2022-02-05 17:58:53] - [index:   8230] label: (107, 150) pred: (107, 152) delta(pixel): 1
[2022-02-05 17:58:53] - [index:   8231] label: (87, 131) pred: (86, 132) delta(pixel): 1
[2022-02-05 17:58:53] - [index:   8232] label: (124, 157) pred: (124, 157) delta(pixel): 0
[2022-02-05 17:58:53] - [index:   8233] label: (147, 180) pred: (147, 181) delta(pixel): 1
[2022-02-05 17:58:53] - [index:   8234] label: (115, 145) pred: (115, 146) delta(pixel): 1
[2022-02-05 17:58:53] - [index:   8235] label: (139, 189) pred: (138, 191) delta(pixel): 3
[2022-02-05 17:58:53] - [index:   8236] label: (126, 176) pred: (126, 178) delta(pixel): 1
[2022-02-05 17:58:53] - [index:   8237] label: (93, 128) pred: (92, 129) delta(pixel): 1
[2022-02-05 17:58:53] - [index:   8238] label: (138, 167) pred: (138, 170) delta(pixel): 2
[2022-02-05 17:58:53] - [index:   8239] label: (87, 128) pred: (87, 130) delta(pixel): 2
[2022-02-05 17:58:53] - [index:   8240] label: (116, 144) pred: (116, 145) delta(pixel): 0
[2022-02-05 17:58:53] - [index:   8241] label: (92, 131) pred: (91, 132) delta(pixel): 1
[2022-02-05 17:58:53] - [index:   8242] label: (115, 145) pred: (114, 145) delta(pixel): 1
[2022-02-05 17:58:53] - [index:   8243] label: (133, 167) pred: (133, 168) delta(pixel): 1
[2022-02-05 17:58:53] - [index:   8244] label: (145, 174) pred: (145, 175) delta(pixel): 1
[2022-02-05 17:58:53] - [index:   8245] label: (96, 136) pred: (96, 138) delta(pixel): 2
[2022-02-05 17:58:53] - [index:   8246] label: (163, 205) pred: (163, 206) delta(pixel): 0
[2022-02-05 17:58:53] - [index:   8247] label: (112, 149) pred: (111, 151) delta(pixel): 2
[2022-02-05 17:58:53] - [index:   8248] label: (98, 132) pred: (98, 134) delta(pixel): 1
[2022-02-05 17:58:53] - [index:   8249] label: (141, 169) pred: (140, 170) delta(pixel): 2
[2022-02-05 17:58:53] - [index:   8250] label: (165, 198) pred: (165, 201) delta(pixel): 2
[2022-02-05 17:58:53] - [index:   8251] label: (123, 150) pred: (124, 151) delta(pixel): 1
[2022-02-05 17:58:53] - [index:   8252] label: (108, 144) pred: (108, 146) delta(pixel): 1
[2022-02-05 17:58:53] - [index:   8253] label: (151, 190) pred: (152, 192) delta(pixel): 3
[2022-02-05 17:58:53] - [index:   8254] label: (127, 154) pred: (128, 155) delta(pixel): 2
[2022-02-05 17:58:53] - [index:   8255] label: (127, 156) pred: (127, 157) delta(pixel): 0
[2022-02-05 17:58:53] - [index:   8256] label: (132, 180) pred: (132, 182) delta(pixel): 2
[2022-02-05 17:58:53] - [index:   8257] label: (121, 151) pred: (120, 152) delta(pixel): 1
[2022-02-05 17:58:53] - [index:   8258] label: (162, 196) pred: (163, 198) delta(pixel): 3
[2022-02-05 17:58:53] - [index:   8259] label: (139, 178) pred: (138, 180) delta(pixel): 1
[2022-02-05 17:58:53] - [index:   8260] label: (117, 164) pred: (117, 166) delta(pixel): 1
[2022-02-05 17:58:53] - [index:   8261] label: (91, 152) pred: (89, 154) delta(pixel): 4
[2022-02-05 17:58:53] - [index:   8262] label: (91, 137) pred: (90, 138) delta(pixel): 2
[2022-02-05 17:58:53] - [index:   8263] label: (130, 159) pred: (130, 160) delta(pixel): 0
[2022-02-05 17:58:53] - [index:   8264] label: (121, 151) pred: (120, 151) delta(pixel): 0
[2022-02-05 17:58:53] - [index:   8265] label: (129, 165) pred: (128, 166) delta(pixel): 1
[2022-02-05 17:58:53] - [index:   8266] label: (92, 141) pred: (90, 143) delta(pixel): 3
[2022-02-05 17:58:53] - [index:   8267] label: (154, 184) pred: (155, 186) delta(pixel): 2
[2022-02-05 17:58:53] - [index:   8268] label: (136, 165) pred: (136, 167) delta(pixel): 1
[2022-02-05 17:58:53] - [index:   8269] label: (116, 150) pred: (115, 151) delta(pixel): 1
[2022-02-05 17:58:53] - [index:   8270] label: (132, 161) pred: (132, 162) delta(pixel): 0
[2022-02-05 17:58:53] - [index:   8271] label: (129, 163) pred: (128, 163) delta(pixel): 1
[2022-02-05 17:58:53] - [index:   8272] label: (151, 184) pred: (152, 186) delta(pixel): 3
[2022-02-05 17:58:53] - [index:   8273] label: (157, 189) pred: (157, 191) delta(pixel): 2
[2022-02-05 17:58:53] - [index:   8274] label: (116, 144) pred: (115, 145) delta(pixel): 1
[2022-02-05 17:58:53] - [index:   8275] label: (137, 170) pred: (137, 172) delta(pixel): 1
[2022-02-05 17:58:53] - [index:   8276] label: (132, 178) pred: (131, 178) delta(pixel): 1
[2022-02-05 17:58:53] - [index:   8277] label: (58, 101) pred: (58, 103) delta(pixel): 2
[2022-02-05 17:58:53] - [index:   8278] label: (79, 116) pred: (79, 119) delta(pixel): 2
[2022-02-05 17:58:53] - [index:   8279] label: (158, 200) pred: (158, 202) delta(pixel): 1
[2022-02-05 17:58:53] - [index:   8280] label: (138, 167) pred: (138, 170) delta(pixel): 2
[2022-02-05 17:58:53] - [index:   8281] label: (112, 144) pred: (112, 145) delta(pixel): 0
[2022-02-05 17:58:53] - [index:   8282] label: (100, 167) pred: (99, 170) delta(pixel): 3
[2022-02-05 17:58:53] - [index:   8283] label: (121, 150) pred: (122, 151) delta(pixel): 2
[2022-02-05 17:58:53] - [index:   8284] label: (145, 183) pred: (145, 184) delta(pixel): 2
[2022-02-05 17:58:53] - [index:   8285] label: (72, 117) pred: (71, 119) delta(pixel): 3
[2022-02-05 17:58:53] - [index:   8286] label: (132, 178) pred: (131, 179) delta(pixel): 1
[2022-02-05 17:58:53] - [index:   8287] label: (101, 145) pred: (100, 147) delta(pixel): 2
[2022-02-05 17:58:53] - [index:   8288] label: (62, 108) pred: (61, 109) delta(pixel): 1
[2022-02-05 17:58:53] - [index:   8289] label: (71, 119) pred: (70, 121) delta(pixel): 3
[2022-02-05 17:58:53] - [index:   8290] label: (141, 173) pred: (141, 175) delta(pixel): 1
[2022-02-05 17:58:53] - [index:   8291] label: (90, 124) pred: (89, 126) delta(pixel): 2
[2022-02-05 17:58:53] - [index:   8292] label: (70, 122) pred: (68, 123) delta(pixel): 2
[2022-02-05 17:58:53] - [index:   8293] label: (120, 166) pred: (121, 168) delta(pixel): 2
[2022-02-05 17:58:53] - [index:   8294] label: (145, 174) pred: (145, 175) delta(pixel): 1
[2022-02-05 17:58:53] - [index:   8295] label: (103, 140) pred: (102, 142) delta(pixel): 2
[2022-02-05 17:58:53] - [index:   8296] label: (124, 158) pred: (124, 159) delta(pixel): 1
[2022-02-05 17:58:53] - [index:   8297] label: (82, 117) pred: (82, 118) delta(pixel): 1
[2022-02-05 17:58:53] - [index:   8298] label: (133, 189) pred: (132, 191) delta(pixel): 2
[2022-02-05 17:58:53] - [index:   8299] label: (135, 179) pred: (134, 181) delta(pixel): 2
[2022-02-05 17:58:53] - [index:   8300] label: (84, 121) pred: (83, 122) delta(pixel): 2
[2022-02-05 17:58:53] - [index:   8301] label: (120, 168) pred: (120, 170) delta(pixel): 2
[2022-02-05 17:58:53] - [index:   8302] label: (54, 95) pred: (57, 99) delta(pixel): 7
[2022-02-05 17:58:53] - [index:   8303] label: (109, 140) pred: (108, 141) delta(pixel): 1
[2022-02-05 17:58:53] - [index:   8304] label: (71, 114) pred: (69, 115) delta(pixel): 2
[2022-02-05 17:58:53] - [index:   8305] label: (149, 179) pred: (149, 181) delta(pixel): 2
[2022-02-05 17:58:53] - [index:   8306] label: (104, 153) pred: (104, 155) delta(pixel): 1
[2022-02-05 17:58:53] - [index:   8307] label: (112, 155) pred: (112, 157) delta(pixel): 1
[2022-02-05 17:58:53] - [index:   8308] label: (138, 186) pred: (138, 188) delta(pixel): 2
[2022-02-05 17:58:53] - [index:   8309] label: (130, 158) pred: (130, 158) delta(pixel): 0
[2022-02-05 17:58:53] - [index:   8310] label: (129, 163) pred: (128, 164) delta(pixel): 1
[2022-02-05 17:58:53] - [index:   8311] label: (142, 191) pred: (142, 193) delta(pixel): 2
[2022-02-05 17:58:53] - [index:   8312] label: (141, 174) pred: (141, 176) delta(pixel): 1
[2022-02-05 17:58:53] - [index:   8313] label: (126, 174) pred: (125, 176) delta(pixel): 2
[2022-02-05 17:58:53] - [index:   8314] label: (78, 118) pred: (78, 120) delta(pixel): 3
[2022-02-05 17:58:53] - [index:   8315] label: (109, 153) pred: (109, 155) delta(pixel): 1
[2022-02-05 17:58:53] - [index:   8316] label: (71, 119) pred: (70, 120) delta(pixel): 2
[2022-02-05 17:58:53] - [index:   8317] label: (162, 204) pred: (161, 205) delta(pixel): 1
[2022-02-05 17:58:53] - [index:   8318] label: (146, 180) pred: (146, 182) delta(pixel): 1
[2022-02-05 17:58:53] - [index:   8319] label: (126, 159) pred: (126, 160) delta(pixel): 1
[2022-02-05 17:58:53] - [index:   8320] label: (129, 163) pred: (128, 163) delta(pixel): 1
[2022-02-05 17:58:53] - [index:   8321] label: (74, 113) pred: (72, 114) delta(pixel): 2
[2022-02-05 17:58:53] - [index:   8322] label: (119, 172) pred: (119, 174) delta(pixel): 2
[2022-02-05 17:58:53] - [index:   8323] label: (133, 167) pred: (133, 169) delta(pixel): 1
[2022-02-05 17:58:53] - [index:   8324] label: (123, 166) pred: (123, 168) delta(pixel): 1
[2022-02-05 17:58:53] - [index:   8325] label: (136, 166) pred: (137, 167) delta(pixel): 1
[2022-02-05 17:58:53] - [index:   8326] label: (172, 210) pred: (171, 209) delta(pixel): 1
[2022-02-05 17:58:53] - [index:   8327] label: (104, 160) pred: (104, 163) delta(pixel): 2
[2022-02-05 17:58:53] - [index:   8328] label: (149, 179) pred: (149, 180) delta(pixel): 1
[2022-02-05 17:58:53] - [index:   8329] label: (77, 125) pred: (76, 126) delta(pixel): 2
[2022-02-05 17:58:53] - [index:   8330] label: (72, 117) pred: (70, 119) delta(pixel): 3
[2022-02-05 17:58:53] - [index:   8331] label: (119, 174) pred: (118, 177) delta(pixel): 3
[2022-02-05 17:58:53] - [index:   8332] label: (75, 122) pred: (74, 124) delta(pixel): 3
[2022-02-05 17:58:53] - [index:   8333] label: (162, 195) pred: (163, 197) delta(pixel): 3
[2022-02-05 17:58:53] - [index:   8334] label: (115, 151) pred: (115, 153) delta(pixel): 1
[2022-02-05 17:58:53] - [index:   8335] label: (99, 135) pred: (98, 136) delta(pixel): 1
[2022-02-05 17:58:53] - [index:   8336] label: (165, 200) pred: (165, 202) delta(pixel): 2
[2022-02-05 17:58:53] - [index:   8337] label: (104, 160) pred: (104, 162) delta(pixel): 2
[2022-02-05 17:58:53] - [index:   8338] label: (71, 109) pred: (70, 111) delta(pixel): 2
[2022-02-05 17:58:53] - [index:   8339] label: (76, 114) pred: (74, 115) delta(pixel): 2
[2022-02-05 17:58:53] - [index:   8340] label: (97, 139) pred: (97, 140) delta(pixel): 1
[2022-02-05 17:58:53] - [index:   8341] label: (89, 128) pred: (88, 129) delta(pixel): 1
[2022-02-05 17:58:53] - [index:   8342] label: (89, 137) pred: (89, 138) delta(pixel): 1
[2022-02-05 17:58:53] - [index:   8343] label: (124, 162) pred: (124, 163) delta(pixel): 1
[2022-02-05 17:58:53] - [index:   8344] label: (151, 190) pred: (151, 192) delta(pixel): 2
[2022-02-05 17:58:53] - [index:   8345] label: (163, 197) pred: (164, 200) delta(pixel): 4
[2022-02-05 17:58:53] - [index:   8346] label: (98, 132) pred: (97, 133) delta(pixel): 2
[2022-02-05 17:58:53] - [index:   8347] label: (129, 174) pred: (129, 175) delta(pixel): 1
[2022-02-05 17:58:53] - [index:   8348] label: (81, 135) pred: (79, 137) delta(pixel): 3
[2022-02-05 17:58:53] - [index:   8349] label: (109, 153) pred: (109, 154) delta(pixel): 1
[2022-02-05 17:58:53] - [index:   8350] label: (109, 143) pred: (109, 144) delta(pixel): 1
[2022-02-05 17:58:53] - [index:   8351] label: (105, 152) pred: (105, 154) delta(pixel): 1
[2022-02-05 17:58:53] - [index:   8352] label: (106, 159) pred: (105, 160) delta(pixel): 2
[2022-02-05 17:58:53] - [index:   8353] label: (85, 134) pred: (85, 136) delta(pixel): 2
[2022-02-05 17:58:53] - [index:   8354] label: (126, 176) pred: (125, 178) delta(pixel): 2
[2022-02-05 17:58:53] - [index:   8355] label: (103, 137) pred: (102, 139) delta(pixel): 2
[2022-02-05 17:58:53] - [index:   8356] label: (106, 136) pred: (106, 137) delta(pixel): 2
[2022-02-05 17:58:53] - [index:   8357] label: (163, 205) pred: (163, 206) delta(pixel): 0
[2022-02-05 17:58:53] - [index:   8358] label: (97, 135) pred: (96, 137) delta(pixel): 2
[2022-02-05 17:58:53] - [index:   8359] label: (60, 100) pred: (59, 101) delta(pixel): 2
[2022-02-05 17:58:53] - [index:   8360] label: (141, 173) pred: (140, 174) delta(pixel): 1
[2022-02-05 17:58:53] - [index:   8361] label: (141, 188) pred: (140, 190) delta(pixel): 2
[2022-02-05 17:58:53] - [index:   8362] label: (145, 183) pred: (145, 184) delta(pixel): 2
[2022-02-05 17:58:53] - [index:   8363] label: (127, 154) pred: (128, 155) delta(pixel): 2
[2022-02-05 17:58:53] - [index:   8364] label: (127, 155) pred: (127, 156) delta(pixel): 1
[2022-02-05 17:58:53] - [index:   8365] label: (107, 141) pred: (107, 142) delta(pixel): 2
[2022-02-05 17:58:53] - [index:   8366] label: (143, 189) pred: (143, 191) delta(pixel): 1
[2022-02-05 17:58:53] - [index:   8367] label: (73, 115) pred: (72, 116) delta(pixel): 1
[2022-02-05 17:58:53] - [index:   8368] label: (145, 183) pred: (145, 184) delta(pixel): 1
[2022-02-05 17:58:53] - [index:   8369] label: (154, 193) pred: (154, 195) delta(pixel): 1
[2022-02-05 17:58:53] - [index:   8370] label: (90, 126) pred: (90, 127) delta(pixel): 1
[2022-02-05 17:58:53] - [index:   8371] label: (95, 133) pred: (94, 135) delta(pixel): 2
[2022-02-05 17:58:53] - [index:   8372] label: (143, 186) pred: (142, 188) delta(pixel): 2
[2022-02-05 17:58:53] - [index:   8373] label: (123, 152) pred: (122, 153) delta(pixel): 0
[2022-02-05 17:58:53] - [index:   8374] label: (121, 151) pred: (120, 151) delta(pixel): 0
[2022-02-05 17:58:53] - [index:   8375] label: (121, 151) pred: (120, 152) delta(pixel): 1
[2022-02-05 17:58:53] - [index:   8376] label: (117, 147) pred: (118, 148) delta(pixel): 1
[2022-02-05 17:58:53] - [index:   8377] label: (114, 152) pred: (114, 154) delta(pixel): 2
[2022-02-05 17:58:53] - [index:   8378] label: (114, 143) pred: (114, 144) delta(pixel): 1
[2022-02-05 17:58:53] - [index:   8379] label: (126, 168) pred: (125, 170) delta(pixel): 2
[2022-02-05 17:58:53] - [index:   8380] label: (109, 147) pred: (108, 149) delta(pixel): 2
[2022-02-05 17:58:53] - [index:   8381] label: (126, 170) pred: (126, 171) delta(pixel): 1
[2022-02-05 17:58:53] - [index:   8382] label: (179, 214) pred: (176, 210) delta(pixel): 7
[2022-02-05 17:58:53] - [index:   8383] label: (132, 158) pred: (132, 159) delta(pixel): 1
[2022-02-05 17:58:53] - [index:   8384] label: (81, 135) pred: (79, 138) delta(pixel): 3
[2022-02-05 17:58:53] - [index:   8385] label: (141, 180) pred: (141, 182) delta(pixel): 2
[2022-02-05 17:58:53] - [index:   8386] label: (130, 156) pred: (130, 157) delta(pixel): 1
[2022-02-05 17:58:53] - [index:   8387] label: (126, 182) pred: (125, 184) delta(pixel): 3
[2022-02-05 17:58:53] - [index:   8388] label: (92, 131) pred: (91, 132) delta(pixel): 2
[2022-02-05 17:58:53] - [index:   8389] label: (63, 110) pred: (62, 111) delta(pixel): 2
[2022-02-05 17:58:53] - [index:   8390] label: (132, 158) pred: (132, 159) delta(pixel): 1
[2022-02-05 17:58:53] - [index:   8391] label: (118, 146) pred: (118, 148) delta(pixel): 2
[2022-02-05 17:58:53] - [index:   8392] label: (66, 111) pred: (64, 112) delta(pixel): 3
[2022-02-05 17:58:53] - [index:   8393] label: (65, 113) pred: (63, 115) delta(pixel): 3
[2022-02-05 17:58:53] - [index:   8394] label: (98, 170) pred: (98, 172) delta(pixel): 2
[2022-02-05 17:58:53] - [index:   8395] label: (153, 185) pred: (154, 187) delta(pixel): 2
[2022-02-05 17:58:53] - [index:   8396] label: (130, 157) pred: (130, 158) delta(pixel): 1
[2022-02-05 17:58:53] - [index:   8397] label: (142, 182) pred: (142, 184) delta(pixel): 2
[2022-02-05 17:58:53] - [index:   8398] label: (146, 185) pred: (146, 186) delta(pixel): 1
[2022-02-05 17:58:53] - [index:   8399] label: (116, 168) pred: (116, 170) delta(pixel): 2
[2022-02-05 17:58:53] - [index:   8400] label: (126, 174) pred: (125, 175) delta(pixel): 1
[2022-02-05 17:58:53] - [index:   8401] label: (162, 200) pred: (163, 202) delta(pixel): 1
[2022-02-05 17:58:53] - [index:   8402] label: (98, 135) pred: (97, 137) delta(pixel): 1
[2022-02-05 17:58:53] - [index:   8403] label: (87, 128) pred: (87, 130) delta(pixel): 2
[2022-02-05 17:58:53] - [index:   8404] label: (103, 134) pred: (104, 136) delta(pixel): 2
[2022-02-05 17:58:53] - [index:   8405] label: (121, 163) pred: (121, 165) delta(pixel): 1
[2022-02-05 17:58:53] - [index:   8406] label: (142, 191) pred: (141, 193) delta(pixel): 2
[2022-02-05 17:58:53] - [index:   8407] label: (83, 131) pred: (83, 133) delta(pixel): 2
[2022-02-05 17:58:53] - [index:   8408] label: (108, 137) pred: (108, 138) delta(pixel): 1
[2022-02-05 17:58:53] - [index:   8409] label: (117, 147) pred: (118, 148) delta(pixel): 1
[2022-02-05 17:58:53] - [index:   8410] label: (159, 197) pred: (160, 199) delta(pixel): 3
[2022-02-05 17:58:53] - [index:   8411] label: (142, 182) pred: (141, 183) delta(pixel): 2
[2022-02-05 17:58:54] - [index:   8412] label: (156, 190) pred: (157, 192) delta(pixel): 2
[2022-02-05 17:58:54] - [index:   8413] label: (107, 150) pred: (107, 152) delta(pixel): 1
[2022-02-05 17:58:54] - [index:   8414] label: (124, 161) pred: (124, 162) delta(pixel): 1
[2022-02-05 17:58:54] - [index:   8415] label: (110, 152) pred: (109, 154) delta(pixel): 2
[2022-02-05 17:58:54] - [index:   8416] label: (99, 138) pred: (98, 140) delta(pixel): 2
[2022-02-05 17:58:54] - [index:   8417] label: (136, 166) pred: (136, 168) delta(pixel): 2
[2022-02-05 17:58:54] - [index:   8418] label: (108, 137) pred: (107, 139) delta(pixel): 1
[2022-02-05 17:58:54] - [index:   8419] label: (114, 146) pred: (113, 147) delta(pixel): 1
[2022-02-05 17:58:54] - [index:   8420] label: (126, 176) pred: (125, 177) delta(pixel): 2
[2022-02-05 17:58:54] - [index:   8421] label: (136, 173) pred: (135, 174) delta(pixel): 1
[2022-02-05 17:58:54] - [index:   8422] label: (138, 169) pred: (139, 171) delta(pixel): 2
[2022-02-05 17:58:54] - [index:   8423] label: (89, 128) pred: (88, 130) delta(pixel): 1
[2022-02-05 17:58:54] - [index:   8424] label: (97, 135) pred: (97, 137) delta(pixel): 2
[2022-02-05 17:58:54] - [index:   8425] label: (141, 170) pred: (141, 171) delta(pixel): 1
[2022-02-05 17:58:54] - [index:   8426] label: (114, 175) pred: (113, 178) delta(pixel): 3
[2022-02-05 17:58:54] - [index:   8427] label: (121, 161) pred: (121, 163) delta(pixel): 1
[2022-02-05 17:58:54] - [index:   8428] label: (114, 153) pred: (114, 155) delta(pixel): 1
[2022-02-05 17:58:54] - [index:   8429] label: (167, 208) pred: (167, 207) delta(pixel): 0
[2022-02-05 17:58:54] - [index:   8430] label: (129, 172) pred: (129, 173) delta(pixel): 1
[2022-02-05 17:58:54] - [index:   8431] label: (118, 152) pred: (118, 154) delta(pixel): 1
[2022-02-05 17:58:54] - [index:   8432] label: (107, 157) pred: (107, 159) delta(pixel): 1
[2022-02-05 17:58:54] - [index:   8433] label: (85, 131) pred: (84, 132) delta(pixel): 2
[2022-02-05 17:58:54] - [index:   8434] label: (151, 180) pred: (151, 182) delta(pixel): 2
[2022-02-05 17:58:54] - [index:   8435] label: (121, 164) pred: (121, 166) delta(pixel): 2
[2022-02-05 17:58:54] - [index:   8436] label: (124, 159) pred: (124, 161) delta(pixel): 1
[2022-02-05 17:58:54] - [index:   8437] label: (161, 199) pred: (161, 201) delta(pixel): 2
[2022-02-05 17:58:54] - [index:   8438] label: (82, 125) pred: (81, 127) delta(pixel): 2
[2022-02-05 17:58:54] - [index:   8439] label: (156, 190) pred: (157, 192) delta(pixel): 2
[2022-02-05 17:58:54] - [index:   8440] label: (141, 174) pred: (141, 176) delta(pixel): 1
[2022-02-05 17:58:54] - [index:   8441] label: (164, 203) pred: (164, 205) delta(pixel): 1
[2022-02-05 17:58:54] - [index:   8442] label: (81, 135) pred: (79, 137) delta(pixel): 3
[2022-02-05 17:58:54] - [index:   8443] label: (153, 185) pred: (154, 187) delta(pixel): 3
[2022-02-05 17:58:54] - [index:   8444] label: (177, 213) pred: (174, 209) delta(pixel): 6
[2022-02-05 17:58:54] - [index:   8445] label: (133, 170) pred: (133, 172) delta(pixel): 1
[2022-02-05 17:58:54] - [index:   8446] label: (118, 151) pred: (118, 152) delta(pixel): 1
[2022-02-05 17:58:54] - [index:   8447] label: (141, 188) pred: (140, 190) delta(pixel): 3
[2022-02-05 17:58:54] - [index:   8448] label: (85, 131) pred: (84, 133) delta(pixel): 2
[2022-02-05 17:58:54] - [index:   8449] label: (121, 152) pred: (120, 152) delta(pixel): 1
[2022-02-05 17:58:54] - [index:   8450] label: (136, 175) pred: (135, 176) delta(pixel): 2
[2022-02-05 17:58:54] - [index:   8451] label: (133, 189) pred: (132, 191) delta(pixel): 3
[2022-02-05 17:58:54] - [index:   8452] label: (130, 158) pred: (131, 160) delta(pixel): 3
[2022-02-05 17:58:54] - [index:   8453] label: (113, 143) pred: (114, 145) delta(pixel): 2
[2022-02-05 17:58:54] - [index:   8454] label: (91, 124) pred: (90, 125) delta(pixel): 1
[2022-02-05 17:58:54] - [index:   8455] label: (133, 166) pred: (133, 167) delta(pixel): 1
[2022-02-05 17:58:54] - [index:   8456] label: (82, 121) pred: (82, 122) delta(pixel): 1
[2022-02-05 17:58:54] - [index:   8457] label: (127, 153) pred: (127, 155) delta(pixel): 1
[2022-02-05 17:58:54] - [index:   8458] label: (132, 160) pred: (132, 161) delta(pixel): 1
[2022-02-05 17:58:54] - [index:   8459] label: (166, 201) pred: (166, 202) delta(pixel): 1
[2022-02-05 17:58:54] - [index:   8460] label: (102, 140) pred: (101, 142) delta(pixel): 2
[2022-02-05 17:58:54] - [index:   8461] label: (142, 173) pred: (143, 174) delta(pixel): 1
[2022-02-05 17:58:54] - [index:   8462] label: (143, 181) pred: (143, 183) delta(pixel): 2
[2022-02-05 17:58:54] - [index:   8463] label: (91, 134) pred: (90, 135) delta(pixel): 1
[2022-02-05 17:58:54] - [index:   8464] label: (62, 101) pred: (63, 105) delta(pixel): 4
[2022-02-05 17:58:54] - [index:   8465] label: (105, 142) pred: (105, 144) delta(pixel): 2
[2022-02-05 17:58:54] - [index:   8466] label: (112, 144) pred: (113, 146) delta(pixel): 2
[2022-02-05 17:58:54] - [index:   8467] label: (121, 164) pred: (120, 166) delta(pixel): 1
[2022-02-05 17:58:54] - [index:   8468] label: (164, 201) pred: (165, 204) delta(pixel): 3
[2022-02-05 17:58:54] - [index:   8469] label: (131, 172) pred: (131, 173) delta(pixel): 1
[2022-02-05 17:58:54] - [index:   8470] label: (157, 192) pred: (158, 195) delta(pixel): 3
[2022-02-05 17:58:54] - [index:   8471] label: (148, 183) pred: (149, 185) delta(pixel): 1
[2022-02-05 17:58:54] - [index:   8472] label: (78, 136) pred: (76, 137) delta(pixel): 3
[2022-02-05 17:58:54] - [index:   8473] label: (102, 134) pred: (102, 136) delta(pixel): 2
[2022-02-05 17:58:54] - [index:   8474] label: (145, 188) pred: (145, 190) delta(pixel): 1
[2022-02-05 17:58:54] - [index:   8475] label: (138, 170) pred: (138, 170) delta(pixel): 0
[2022-02-05 17:58:54] - [index:   8476] label: (95, 133) pred: (95, 135) delta(pixel): 2
[2022-02-05 17:58:54] - [index:   8477] label: (137, 169) pred: (137, 171) delta(pixel): 2
[2022-02-05 17:58:54] - [index:   8478] label: (72, 111) pred: (71, 112) delta(pixel): 2
[2022-02-05 17:58:54] - [index:   8479] label: (110, 173) pred: (108, 174) delta(pixel): 2
[2022-02-05 17:58:54] - [index:   8480] label: (147, 180) pred: (147, 182) delta(pixel): 2
[2022-02-05 17:58:54] - [index:   8481] label: (104, 139) pred: (105, 142) delta(pixel): 2
[2022-02-05 17:58:54] - [index:   8482] label: (103, 137) pred: (102, 139) delta(pixel): 2
[2022-02-05 17:58:54] - [index:   8483] label: (128, 159) pred: (128, 159) delta(pixel): 0
[2022-02-05 17:58:54] - [index:   8484] label: (148, 197) pred: (147, 199) delta(pixel): 2
[2022-02-05 17:58:54] - [index:   8485] label: (96, 128) pred: (97, 130) delta(pixel): 2
[2022-02-05 17:58:54] - [index:   8486] label: (80, 118) pred: (80, 120) delta(pixel): 1
[2022-02-05 17:58:54] - [index:   8487] label: (168, 202) pred: (168, 204) delta(pixel): 2
[2022-02-05 17:58:54] - [index:   8488] label: (127, 152) pred: (128, 154) delta(pixel): 2
[2022-02-05 17:58:54] - [index:   8489] label: (144, 174) pred: (145, 175) delta(pixel): 2
[2022-02-05 17:58:54] - [index:   8490] label: (160, 192) pred: (161, 195) delta(pixel): 4
[2022-02-05 17:58:54] - [index:   8491] label: (129, 168) pred: (128, 169) delta(pixel): 1
[2022-02-05 17:58:54] - [index:   8492] label: (96, 136) pred: (95, 138) delta(pixel): 2
[2022-02-05 17:58:54] - [index:   8493] label: (79, 116) pred: (78, 118) delta(pixel): 2
[2022-02-05 17:58:54] - [index:   8494] label: (89, 128) pred: (88, 130) delta(pixel): 1
[2022-02-05 17:58:54] - [index:   8495] label: (109, 140) pred: (109, 141) delta(pixel): 1
[2022-02-05 17:58:54] - [index:   8496] label: (97, 153) pred: (96, 155) delta(pixel): 2
[2022-02-05 17:58:54] - [index:   8497] label: (141, 173) pred: (141, 174) delta(pixel): 1
[2022-02-05 17:58:54] - [index:   8498] label: (132, 161) pred: (132, 162) delta(pixel): 1
[2022-02-05 17:58:54] - [index:   8499] label: (127, 154) pred: (128, 156) delta(pixel): 2
[2022-02-05 17:58:54] - [index:   8500] label: (133, 167) pred: (133, 168) delta(pixel): 1
[2022-02-05 17:58:54] - [index:   8501] label: (129, 178) pred: (129, 180) delta(pixel): 2
[2022-02-05 17:58:54] - [index:   8502] label: (75, 115) pred: (73, 117) delta(pixel): 2
[2022-02-05 17:58:54] - [index:   8503] label: (151, 186) pred: (151, 188) delta(pixel): 2
[2022-02-05 17:58:54] - [index:   8504] label: (87, 131) pred: (87, 133) delta(pixel): 2
[2022-02-05 17:58:54] - [index:   8505] label: (123, 153) pred: (122, 154) delta(pixel): 1
[2022-02-05 17:58:54] - [index:   8506] label: (130, 159) pred: (130, 160) delta(pixel): 1
[2022-02-05 17:58:54] - [index:   8507] label: (109, 154) pred: (108, 155) delta(pixel): 1
[2022-02-05 17:58:54] - [index:   8508] label: (156, 191) pred: (156, 193) delta(pixel): 2
[2022-02-05 17:58:54] - [index:   8509] label: (83, 135) pred: (82, 137) delta(pixel): 3
[2022-02-05 17:58:54] - [index:   8510] label: (151, 190) pred: (151, 192) delta(pixel): 2
[2022-02-05 17:58:54] - [index:   8511] label: (137, 163) pred: (137, 164) delta(pixel): 1
[2022-02-05 17:58:54] - [index:   8512] label: (72, 117) pred: (71, 118) delta(pixel): 2
[2022-02-05 17:58:54] - [index:   8513] label: (70, 110) pred: (69, 112) delta(pixel): 3
[2022-02-05 17:58:54] - [index:   8514] label: (96, 133) pred: (96, 135) delta(pixel): 2
[2022-02-05 17:58:54] - [index:   8515] label: (97, 153) pred: (97, 155) delta(pixel): 2
[2022-02-05 17:58:54] - [index:   8516] label: (79, 116) pred: (79, 118) delta(pixel): 2
[2022-02-05 17:58:54] - [index:   8517] label: (115, 150) pred: (115, 152) delta(pixel): 2
[2022-02-05 17:58:54] - [index:   8518] label: (81, 135) pred: (80, 137) delta(pixel): 2
[2022-02-05 17:58:54] - [index:   8519] label: (123, 150) pred: (124, 152) delta(pixel): 2
[2022-02-05 17:58:54] - [index:   8520] label: (116, 150) pred: (115, 151) delta(pixel): 1
[2022-02-05 17:58:54] - [index:   8521] label: (166, 201) pred: (166, 203) delta(pixel): 2
[2022-02-05 17:58:54] - [index:   8522] label: (106, 136) pred: (105, 137) delta(pixel): 2
[2022-02-05 17:58:54] - [index:   8523] label: (123, 152) pred: (124, 153) delta(pixel): 2
[2022-02-05 17:58:54] - [index:   8524] label: (71, 119) pred: (70, 121) delta(pixel): 3
[2022-02-05 17:58:54] - [index:   8525] label: (90, 131) pred: (90, 133) delta(pixel): 2
[2022-02-05 17:58:54] - [index:   8526] label: (112, 155) pred: (113, 157) delta(pixel): 2
[2022-02-05 17:58:54] - [index:   8527] label: (126, 176) pred: (125, 178) delta(pixel): 2
[2022-02-05 17:58:54] - [index:   8528] label: (134, 162) pred: (134, 163) delta(pixel): 1
[2022-02-05 17:58:54] - [index:   8529] label: (133, 160) pred: (133, 161) delta(pixel): 0
[2022-02-05 17:58:54] - [index:   8530] label: (76, 132) pred: (74, 133) delta(pixel): 2
[2022-02-05 17:58:54] - [index:   8531] label: (85, 148) pred: (84, 149) delta(pixel): 2
[2022-02-05 17:58:54] - [index:   8532] label: (127, 153) pred: (128, 155) delta(pixel): 2
[2022-02-05 17:58:54] - [index:   8533] label: (131, 167) pred: (131, 167) delta(pixel): 0
[2022-02-05 17:58:54] - [index:   8534] label: (105, 142) pred: (104, 143) delta(pixel): 2
[2022-02-05 17:58:54] - [index:   8535] label: (102, 140) pred: (100, 141) delta(pixel): 2
[2022-02-05 17:58:54] - [index:   8536] label: (145, 174) pred: (145, 175) delta(pixel): 1
[2022-02-05 17:58:54] - [index:   8537] label: (101, 137) pred: (100, 138) delta(pixel): 1
[2022-02-05 17:58:54] - [index:   8538] label: (164, 196) pred: (164, 199) delta(pixel): 3
[2022-02-05 17:58:54] - [index:   8539] label: (98, 170) pred: (98, 172) delta(pixel): 2
[2022-02-05 17:58:54] - [index:   8540] label: (128, 155) pred: (128, 156) delta(pixel): 1
[2022-02-05 17:58:54] - [index:   8541] label: (126, 172) pred: (126, 174) delta(pixel): 2
[2022-02-05 17:58:54] - [index:   8542] label: (88, 138) pred: (87, 138) delta(pixel): 1
[2022-02-05 17:58:54] - [index:   8543] label: (61, 102) pred: (60, 104) delta(pixel): 2
[2022-02-05 17:58:54] - [index:   8544] label: (136, 191) pred: (135, 193) delta(pixel): 3
[2022-02-05 17:58:54] - [index:   8545] label: (166, 204) pred: (166, 205) delta(pixel): 0
[2022-02-05 17:58:54] - [index:   8546] label: (138, 175) pred: (137, 176) delta(pixel): 1
[2022-02-05 17:58:54] - [index:   8547] label: (109, 147) pred: (108, 148) delta(pixel): 2
[2022-02-05 17:58:54] - [index:   8548] label: (113, 154) pred: (113, 156) delta(pixel): 2
[2022-02-05 17:58:54] - [index:   8549] label: (81, 117) pred: (81, 118) delta(pixel): 1
[2022-02-05 17:58:54] - [index:   8550] label: (147, 189) pred: (147, 191) delta(pixel): 2
[2022-02-05 17:58:54] - [index:   8551] label: (148, 183) pred: (148, 185) delta(pixel): 1
[2022-02-05 17:58:54] - [index:   8552] label: (74, 111) pred: (73, 113) delta(pixel): 2
[2022-02-05 17:58:54] - [index:   8553] label: (71, 119) pred: (70, 121) delta(pixel): 3
[2022-02-05 17:58:54] - [index:   8554] label: (133, 170) pred: (133, 172) delta(pixel): 1
[2022-02-05 17:58:54] - [index:   8555] label: (76, 112) pred: (75, 113) delta(pixel): 2
[2022-02-05 17:58:54] - [index:   8556] label: (166, 201) pred: (166, 203) delta(pixel): 2
[2022-02-05 17:58:54] - [index:   8557] label: (145, 175) pred: (146, 177) delta(pixel): 1
[2022-02-05 17:58:54] - [index:   8558] label: (93, 140) pred: (92, 141) delta(pixel): 2
[2022-02-05 17:58:54] - [index:   8559] label: (138, 173) pred: (137, 174) delta(pixel): 1
[2022-02-05 17:58:54] - [index:   8560] label: (149, 185) pred: (150, 188) delta(pixel): 2
[2022-02-05 17:58:54] - [index:   8561] label: (100, 138) pred: (99, 139) delta(pixel): 2
[2022-02-05 17:58:54] - [index:   8562] label: (91, 137) pred: (90, 138) delta(pixel): 1
[2022-02-05 17:58:54] - [index:   8563] label: (151, 184) pred: (152, 186) delta(pixel): 3
[2022-02-05 17:58:54] - [index:   8564] label: (83, 135) pred: (83, 138) delta(pixel): 3
[2022-02-05 17:58:54] - [index:   8565] label: (103, 134) pred: (104, 136) delta(pixel): 2
[2022-02-05 17:58:54] - [index:   8566] label: (146, 185) pred: (145, 186) delta(pixel): 2
[2022-02-05 17:58:54] - [index:   8567] label: (114, 160) pred: (114, 162) delta(pixel): 1
[2022-02-05 17:58:54] - [index:   8568] label: (136, 173) pred: (135, 173) delta(pixel): 0
[2022-02-05 17:58:54] - [index:   8569] label: (163, 194) pred: (163, 196) delta(pixel): 2
[2022-02-05 17:58:54] - [index:   8570] label: (171, 209) pred: (170, 209) delta(pixel): 0
[2022-02-05 17:58:54] - [index:   8571] label: (136, 191) pred: (136, 193) delta(pixel): 2
[2022-02-05 17:58:54] - [index:   8572] label: (116, 144) pred: (115, 145) delta(pixel): 1
[2022-02-05 17:58:54] - [index:   8573] label: (163, 199) pred: (164, 201) delta(pixel): 3
[2022-02-05 17:58:54] - [index:   8574] label: (139, 178) pred: (138, 180) delta(pixel): 1
[2022-02-05 17:58:54] - [index:   8575] label: (131, 162) pred: (131, 164) delta(pixel): 2
[2022-02-05 17:58:54] - [index:   8576] label: (81, 132) pred: (80, 133) delta(pixel): 2
[2022-02-05 17:58:54] - [index:   8577] label: (105, 147) pred: (105, 149) delta(pixel): 2
[2022-02-05 17:58:54] - [index:   8578] label: (163, 205) pred: (163, 206) delta(pixel): 0
[2022-02-05 17:58:54] - [index:   8579] label: (117, 180) pred: (116, 182) delta(pixel): 2
[2022-02-05 17:58:54] - [index:   8580] label: (126, 160) pred: (126, 161) delta(pixel): 1
[2022-02-05 17:58:54] - [index:   8581] label: (85, 119) pred: (85, 121) delta(pixel): 2
[2022-02-05 17:58:54] - [index:   8582] label: (142, 176) pred: (141, 177) delta(pixel): 1
[2022-02-05 17:58:54] - [index:   8583] label: (157, 197) pred: (157, 199) delta(pixel): 2
[2022-02-05 17:58:54] - [index:   8584] label: (123, 172) pred: (123, 174) delta(pixel): 2
[2022-02-05 17:58:54] - [index:   8585] label: (126, 172) pred: (125, 174) delta(pixel): 2
[2022-02-05 17:58:54] - [index:   8586] label: (145, 188) pred: (145, 190) delta(pixel): 1
[2022-02-05 17:58:54] - [index:   8587] label: (141, 180) pred: (141, 182) delta(pixel): 1
[2022-02-05 17:58:54] - [index:   8588] label: (144, 192) pred: (144, 194) delta(pixel): 2
[2022-02-05 17:58:54] - [index:   8589] label: (166, 199) pred: (166, 201) delta(pixel): 2
[2022-02-05 17:58:54] - [index:   8590] label: (119, 156) pred: (119, 158) delta(pixel): 2
[2022-02-05 17:58:54] - [index:   8591] label: (172, 208) pred: (171, 209) delta(pixel): 1
[2022-02-05 17:58:54] - [index:   8592] label: (119, 172) pred: (119, 174) delta(pixel): 2
[2022-02-05 17:58:54] - [index:   8593] label: (126, 164) pred: (126, 165) delta(pixel): 1
[2022-02-05 17:58:54] - [index:   8594] label: (160, 191) pred: (161, 193) delta(pixel): 2
[2022-02-05 17:58:55] - [index:   8595] label: (151, 184) pred: (153, 186) delta(pixel): 3
[2022-02-05 17:58:55] - [index:   8596] label: (102, 156) pred: (101, 158) delta(pixel): 2
[2022-02-05 17:58:55] - [index:   8597] label: (115, 170) pred: (116, 172) delta(pixel): 2
[2022-02-05 17:58:55] - [index:   8598] label: (85, 128) pred: (84, 130) delta(pixel): 2
[2022-02-05 17:58:55] - [index:   8599] label: (117, 153) pred: (118, 155) delta(pixel): 2
[2022-02-05 17:58:55] - [index:   8600] label: (155, 188) pred: (156, 190) delta(pixel): 2
[2022-02-05 17:58:55] - [index:   8601] label: (142, 191) pred: (141, 193) delta(pixel): 2
[2022-02-05 17:58:55] - [index:   8602] label: (94, 156) pred: (92, 158) delta(pixel): 3
[2022-02-05 17:58:55] - [index:   8603] label: (92, 126) pred: (92, 127) delta(pixel): 2
[2022-02-05 17:58:55] - [index:   8604] label: (110, 147) pred: (110, 149) delta(pixel): 2
[2022-02-05 17:58:55] - [index:   8605] label: (90, 128) pred: (89, 129) delta(pixel): 2
[2022-02-05 17:58:55] - [index:   8606] label: (82, 121) pred: (81, 122) delta(pixel): 1
[2022-02-05 17:58:55] - [index:   8607] label: (144, 179) pred: (143, 180) delta(pixel): 1
[2022-02-05 17:58:55] - [index:   8608] label: (93, 136) pred: (92, 138) delta(pixel): 2
[2022-02-05 17:58:55] - [index:   8609] label: (94, 130) pred: (94, 132) delta(pixel): 2
[2022-02-05 17:58:55] - [index:   8610] label: (80, 118) pred: (80, 120) delta(pixel): 1
[2022-02-05 17:58:55] - [index:   8611] label: (77, 125) pred: (76, 127) delta(pixel): 3
[2022-02-05 17:58:55] - [index:   8612] label: (134, 163) pred: (135, 164) delta(pixel): 1
[2022-02-05 17:58:55] - [index:   8613] label: (129, 160) pred: (129, 160) delta(pixel): 0
[2022-02-05 17:58:55] - [index:   8614] label: (102, 140) pred: (101, 142) delta(pixel): 2
[2022-02-05 17:58:55] - [index:   8615] label: (127, 158) pred: (127, 159) delta(pixel): 0
[2022-02-05 17:58:55] - [index:   8616] label: (135, 170) pred: (135, 172) delta(pixel): 1
[2022-02-05 17:58:55] - [index:   8617] label: (144, 179) pred: (144, 180) delta(pixel): 1
[2022-02-05 17:58:55] - [index:   8618] label: (149, 179) pred: (149, 181) delta(pixel): 2
[2022-02-05 17:58:55] - [index:   8619] label: (72, 117) pred: (71, 118) delta(pixel): 2
[2022-02-05 17:58:55] - [index:   8620] label: (118, 161) pred: (117, 162) delta(pixel): 1
[2022-02-05 17:58:55] - [index:   8621] label: (83, 139) pred: (82, 140) delta(pixel): 2
[2022-02-05 17:58:55] - [index:   8622] label: (156, 191) pred: (156, 193) delta(pixel): 2
[2022-02-05 17:58:55] - [index:   8623] label: (76, 118) pred: (75, 119) delta(pixel): 3
[2022-02-05 17:58:55] - [index:   8624] label: (83, 144) pred: (82, 147) delta(pixel): 4
[2022-02-05 17:58:55] - [index:   8625] label: (142, 173) pred: (142, 175) delta(pixel): 2
[2022-02-05 17:58:55] - [index:   8626] label: (116, 156) pred: (115, 158) delta(pixel): 2
[2022-02-05 17:58:55] - [index:   8627] label: (88, 124) pred: (89, 127) delta(pixel): 3
[2022-02-05 17:58:55] - [index:   8628] label: (144, 192) pred: (143, 194) delta(pixel): 2
[2022-02-05 17:58:55] - [index:   8629] label: (126, 166) pred: (125, 166) delta(pixel): 1
[2022-02-05 17:58:55] - [index:   8630] label: (150, 180) pred: (150, 182) delta(pixel): 2
[2022-02-05 17:58:55] - [index:   8631] label: (76, 120) pred: (75, 121) delta(pixel): 2
[2022-02-05 17:58:55] - [index:   8632] label: (114, 160) pred: (114, 162) delta(pixel): 1
[2022-02-05 17:58:55] - [index:   8633] label: (165, 200) pred: (165, 202) delta(pixel): 3
[2022-02-05 17:58:55] - [index:   8634] label: (145, 175) pred: (146, 177) delta(pixel): 2
[2022-02-05 17:58:55] - [index:   8635] label: (131, 163) pred: (130, 163) delta(pixel): 1
[2022-02-05 17:58:55] - [index:   8636] label: (128, 161) pred: (129, 164) delta(pixel): 2
[2022-02-05 17:58:55] - [index:   8637] label: (121, 150) pred: (121, 151) delta(pixel): 1
[2022-02-05 17:58:55] - [index:   8638] label: (113, 148) pred: (112, 149) delta(pixel): 2
[2022-02-05 17:58:55] - [index:   8639] label: (140, 171) pred: (140, 173) delta(pixel): 1
[2022-02-05 17:58:55] - [index:   8640] label: (132, 183) pred: (132, 185) delta(pixel): 2
[2022-02-05 17:58:55] - [index:   8641] label: (131, 168) pred: (131, 169) delta(pixel): 1
[2022-02-05 17:58:55] - [index:   8642] label: (61, 105) pred: (60, 106) delta(pixel): 1
[2022-02-05 17:58:55] - [index:   8643] label: (119, 156) pred: (119, 158) delta(pixel): 2
[2022-02-05 17:58:55] - [index:   8644] label: (144, 172) pred: (145, 173) delta(pixel): 1
[2022-02-05 17:58:55] - [index:   8645] label: (137, 164) pred: (137, 166) delta(pixel): 1
[2022-02-05 17:58:55] - [index:   8646] label: (63, 110) pred: (62, 112) delta(pixel): 2
[2022-02-05 17:58:55] - [index:   8647] label: (121, 151) pred: (120, 152) delta(pixel): 1
[2022-02-05 17:58:55] - [index:   8648] label: (113, 148) pred: (112, 150) delta(pixel): 2
[2022-02-05 17:58:55] - [index:   8649] label: (136, 164) pred: (136, 165) delta(pixel): 1
[2022-02-05 17:58:55] - [index:   8650] label: (95, 128) pred: (95, 131) delta(pixel): 2
[2022-02-05 17:58:55] - [index:   8651] label: (121, 151) pred: (120, 152) delta(pixel): 1
[2022-02-05 17:58:55] - [index:   8652] label: (169, 208) pred: (169, 208) delta(pixel): 0
[2022-02-05 17:58:55] - [index:   8653] label: (158, 191) pred: (159, 194) delta(pixel): 4
[2022-02-05 17:58:55] - [index:   8654] label: (127, 153) pred: (127, 155) delta(pixel): 1
[2022-02-05 17:58:55] - [index:   8655] label: (123, 166) pred: (123, 168) delta(pixel): 1
[2022-02-05 17:58:55] - [index:   8656] label: (160, 203) pred: (160, 204) delta(pixel): 0
[2022-02-05 17:58:55] - [index:   8657] label: (91, 152) pred: (90, 154) delta(pixel): 3
[2022-02-05 17:58:55] - [index:   8658] label: (105, 147) pred: (105, 149) delta(pixel): 2
[2022-02-05 17:58:55] - [index:   8659] label: (133, 166) pred: (133, 167) delta(pixel): 1
[2022-02-05 17:58:55] - [index:   8660] label: (114, 146) pred: (115, 148) delta(pixel): 2
[2022-02-05 17:58:55] - [index:   8661] label: (125, 155) pred: (124, 155) delta(pixel): 0
[2022-02-05 17:58:55] - [index:   8662] label: (126, 174) pred: (125, 176) delta(pixel): 2
[2022-02-05 17:58:55] - [index:   8663] label: (117, 166) pred: (116, 168) delta(pixel): 2
[2022-02-05 17:58:55] - [index:   8664] label: (100, 167) pred: (99, 169) delta(pixel): 3
[2022-02-05 17:58:55] - [index:   8665] label: (132, 162) pred: (132, 163) delta(pixel): 0
[2022-02-05 17:58:55] - [index:   8666] label: (89, 137) pred: (89, 139) delta(pixel): 2
[2022-02-05 17:58:55] - [index:   8667] label: (83, 135) pred: (82, 138) delta(pixel): 3
[2022-02-05 17:58:55] - [index:   8668] label: (59, 98) pred: (58, 100) delta(pixel): 2
[2022-02-05 17:58:55] - [index:   8669] label: (141, 188) pred: (141, 189) delta(pixel): 1
[2022-02-05 17:58:55] - [index:   8670] label: (145, 175) pred: (146, 177) delta(pixel): 2
[2022-02-05 17:58:55] - [index:   8671] label: (108, 149) pred: (107, 150) delta(pixel): 1
[2022-02-05 17:58:55] - [index:   8672] label: (94, 130) pred: (94, 132) delta(pixel): 2
[2022-02-05 17:58:55] - [index:   8673] label: (96, 133) pred: (95, 134) delta(pixel): 2
[2022-02-05 17:58:55] - [index:   8674] label: (137, 165) pred: (138, 167) delta(pixel): 2
[2022-02-05 17:58:55] - [index:   8675] label: (153, 191) pred: (153, 193) delta(pixel): 1
[2022-02-05 17:58:55] - [index:   8676] label: (105, 143) pred: (104, 145) delta(pixel): 2
[2022-02-05 17:58:55] - [index:   8677] label: (75, 115) pred: (73, 117) delta(pixel): 2
[2022-02-05 17:58:55] - [index:   8678] label: (87, 131) pred: (86, 132) delta(pixel): 1
[2022-02-05 17:58:55] - [index:   8679] label: (88, 124) pred: (88, 126) delta(pixel): 2
[2022-02-05 17:58:55] - [index:   8680] label: (109, 139) pred: (110, 141) delta(pixel): 1
[2022-02-05 17:58:55] - [index:   8681] label: (166, 201) pred: (165, 203) delta(pixel): 3
[2022-02-05 17:58:55] - [index:   8682] label: (119, 149) pred: (119, 150) delta(pixel): 0
[2022-02-05 17:58:55] - [index:   8683] label: (68, 119) pred: (66, 120) delta(pixel): 3
[2022-02-05 17:58:55] - [index:   8684] label: (106, 142) pred: (105, 142) delta(pixel): 2
[2022-02-05 17:58:55] - [index:   8685] label: (123, 152) pred: (122, 152) delta(pixel): 1
[2022-02-05 17:58:55] - [index:   8686] label: (124, 159) pred: (124, 160) delta(pixel): 1
[2022-02-05 17:58:55] - [index:   8687] label: (96, 128) pred: (96, 130) delta(pixel): 1
[2022-02-05 17:58:55] - [index:   8688] label: (106, 151) pred: (105, 152) delta(pixel): 1
[2022-02-05 17:58:55] - [index:   8689] label: (135, 184) pred: (134, 186) delta(pixel): 2
[2022-02-05 17:58:55] - [index:   8690] label: (138, 175) pred: (137, 176) delta(pixel): 1
[2022-02-05 17:58:55] - [index:   8691] label: (146, 180) pred: (146, 182) delta(pixel): 2
[2022-02-05 17:58:55] - [index:   8692] label: (88, 142) pred: (86, 144) delta(pixel): 3
[2022-02-05 17:58:55] - [index:   8693] label: (131, 162) pred: (130, 162) delta(pixel): 1
[2022-02-05 17:58:55] - [index:   8694] label: (116, 144) pred: (117, 145) delta(pixel): 2
[2022-02-05 17:58:55] - [index:   8695] label: (113, 178) pred: (113, 181) delta(pixel): 2
[2022-02-05 17:58:55] - [index:   8696] label: (118, 146) pred: (118, 148) delta(pixel): 2
[2022-02-05 17:58:55] - [index:   8697] label: (117, 153) pred: (117, 155) delta(pixel): 2
[2022-02-05 17:58:55] - [index:   8698] label: (98, 130) pred: (99, 132) delta(pixel): 2
[2022-02-05 17:58:55] - [index:   8699] label: (79, 115) pred: (80, 117) delta(pixel): 3
[2022-02-05 17:58:55] - [index:   8700] label: (96, 148) pred: (95, 149) delta(pixel): 2
[2022-02-05 17:58:55] - [index:   8701] label: (118, 152) pred: (118, 153) delta(pixel): 1
[2022-02-05 17:58:55] - [index:   8702] label: (97, 139) pred: (97, 140) delta(pixel): 2
[2022-02-05 17:58:55] - [index:   8703] label: (109, 143) pred: (109, 145) delta(pixel): 1
[2022-02-05 17:58:55] - [index:   8704] label: (101, 134) pred: (100, 136) delta(pixel): 1
[2022-02-05 17:58:55] - [index:   8705] label: (106, 146) pred: (105, 148) delta(pixel): 2
[2022-02-05 17:58:55] - [index:   8706] label: (154, 184) pred: (154, 186) delta(pixel): 2
[2022-02-05 17:58:55] - [index:   8707] label: (98, 132) pred: (98, 134) delta(pixel): 1
[2022-02-05 17:58:55] - [index:   8708] label: (95, 140) pred: (94, 142) delta(pixel): 2
[2022-02-05 17:58:55] - [index:   8709] label: (62, 101) pred: (63, 104) delta(pixel): 3
[2022-02-05 17:58:55] - [index:   8710] label: (97, 135) pred: (96, 137) delta(pixel): 2
[2022-02-05 17:58:55] - [index:   8711] label: (103, 137) pred: (102, 138) delta(pixel): 2
[2022-02-05 17:58:55] - [index:   8712] label: (142, 182) pred: (142, 184) delta(pixel): 2
[2022-02-05 17:58:55] - [index:   8713] label: (157, 193) pred: (157, 195) delta(pixel): 2
[2022-02-05 17:58:55] - [index:   8714] label: (100, 132) pred: (100, 134) delta(pixel): 1
[2022-02-05 17:58:55] - [index:   8715] label: (80, 140) pred: (79, 141) delta(pixel): 2
[2022-02-05 17:58:55] - [index:   8716] label: (92, 126) pred: (92, 128) delta(pixel): 2
[2022-02-05 17:58:55] - [index:   8717] label: (63, 110) pred: (62, 112) delta(pixel): 2
[2022-02-05 17:58:55] - [index:   8718] label: (174, 211) pred: (172, 210) delta(pixel): 2
[2022-02-05 17:58:55] - [index:   8719] label: (158, 188) pred: (157, 190) delta(pixel): 2
[2022-02-05 17:58:55] - [index:   8720] label: (88, 153) pred: (87, 157) delta(pixel): 4
[2022-02-05 17:58:55] - [index:   8721] label: (109, 147) pred: (108, 149) delta(pixel): 2
[2022-02-05 17:58:55] - [index:   8722] label: (147, 187) pred: (147, 189) delta(pixel): 2
[2022-02-05 17:58:55] - [index:   8723] label: (104, 153) pred: (104, 155) delta(pixel): 2
[2022-02-05 17:58:55] - [index:   8724] label: (111, 151) pred: (110, 154) delta(pixel): 2
[2022-02-05 17:58:55] - [index:   8725] label: (109, 148) pred: (108, 150) delta(pixel): 2
[2022-02-05 17:58:55] - [index:   8726] label: (122, 155) pred: (121, 156) delta(pixel): 2
[2022-02-05 17:58:55] - [index:   8727] label: (147, 187) pred: (147, 189) delta(pixel): 1
[2022-02-05 17:58:55] - [index:   8728] label: (122, 154) pred: (122, 155) delta(pixel): 1
[2022-02-05 17:58:55] - [index:   8729] label: (69, 112) pred: (67, 113) delta(pixel): 2
[2022-02-05 17:58:55] - [index:   8730] label: (134, 172) pred: (133, 173) delta(pixel): 2
[2022-02-05 17:58:55] - [index:   8731] label: (108, 163) pred: (107, 164) delta(pixel): 2
[2022-02-05 17:58:55] - [index:   8732] label: (73, 122) pred: (71, 124) delta(pixel): 3
[2022-02-05 17:58:55] - [index:   8733] label: (99, 135) pred: (99, 137) delta(pixel): 1
[2022-02-05 17:58:55] - [index:   8734] label: (144, 177) pred: (144, 179) delta(pixel): 2
[2022-02-05 17:58:55] - [index:   8735] label: (131, 162) pred: (130, 162) delta(pixel): 0
[2022-02-05 17:58:55] - [index:   8736] label: (114, 146) pred: (114, 147) delta(pixel): 1
[2022-02-05 17:58:55] - [index:   8737] label: (125, 151) pred: (125, 152) delta(pixel): 1
[2022-02-05 17:58:55] - [index:   8738] label: (127, 154) pred: (128, 155) delta(pixel): 2
[2022-02-05 17:58:55] - [index:   8739] label: (154, 198) pred: (154, 199) delta(pixel): 1
[2022-02-05 17:58:55] - [index:   8740] label: (145, 183) pred: (145, 184) delta(pixel): 1
[2022-02-05 17:58:55] - [index:   8741] label: (90, 128) pred: (90, 129) delta(pixel): 1
[2022-02-05 17:58:55] - [index:   8742] label: (151, 193) pred: (150, 195) delta(pixel): 1
[2022-02-05 17:58:55] - [index:   8743] label: (114, 175) pred: (114, 177) delta(pixel): 2
[2022-02-05 17:58:55] - [index:   8744] label: (146, 180) pred: (146, 182) delta(pixel): 1
[2022-02-05 17:58:55] - [index:   8745] label: (142, 182) pred: (141, 184) delta(pixel): 2
[2022-02-05 17:58:55] - [index:   8746] label: (123, 168) pred: (123, 168) delta(pixel): 0
[2022-02-05 17:58:55] - [index:   8747] label: (100, 167) pred: (99, 169) delta(pixel): 3
[2022-02-05 17:58:55] - [index:   8748] label: (116, 144) pred: (115, 145) delta(pixel): 1
[2022-02-05 17:58:55] - [index:   8749] label: (175, 210) pred: (174, 209) delta(pixel): 1
[2022-02-05 17:58:55] - [index:   8750] label: (134, 164) pred: (135, 164) delta(pixel): 1
[2022-02-05 17:58:55] - [index:   8751] label: (123, 152) pred: (123, 153) delta(pixel): 1
[2022-02-05 17:58:55] - [index:   8752] label: (129, 184) pred: (129, 186) delta(pixel): 2
[2022-02-05 17:58:55] - [index:   8753] label: (140, 168) pred: (140, 169) delta(pixel): 1
[2022-02-05 17:58:55] - [index:   8754] label: (123, 151) pred: (123, 152) delta(pixel): 0
[2022-02-05 17:58:55] - [index:   8755] label: (118, 152) pred: (117, 153) delta(pixel): 0
[2022-02-05 17:58:55] - [index:   8756] label: (122, 156) pred: (122, 157) delta(pixel): 1
[2022-02-05 17:58:55] - [index:   8757] label: (153, 191) pred: (153, 193) delta(pixel): 1
[2022-02-05 17:58:55] - [index:   8758] label: (123, 150) pred: (123, 151) delta(pixel): 1
[2022-02-05 17:58:55] - [index:   8759] label: (65, 113) pred: (63, 114) delta(pixel): 2
[2022-02-05 17:58:55] - [index:   8760] label: (140, 168) pred: (141, 169) delta(pixel): 2
[2022-02-05 17:58:55] - [index:   8761] label: (127, 157) pred: (127, 158) delta(pixel): 0
[2022-02-05 17:58:55] - [index:   8762] label: (134, 172) pred: (134, 173) delta(pixel): 1
[2022-02-05 17:58:55] - [index:   8763] label: (150, 198) pred: (150, 199) delta(pixel): 0
[2022-02-05 17:58:55] - [index:   8764] label: (70, 110) pred: (68, 112) delta(pixel): 3
[2022-02-05 17:58:55] - [index:   8765] label: (102, 140) pred: (101, 142) delta(pixel): 2
[2022-02-05 17:58:55] - [index:   8766] label: (129, 181) pred: (129, 183) delta(pixel): 2
[2022-02-05 17:58:55] - [index:   8767] label: (133, 159) pred: (133, 160) delta(pixel): 0
[2022-02-05 17:58:55] - [index:   8768] label: (85, 134) pred: (84, 136) delta(pixel): 2
[2022-02-05 17:58:55] - [index:   8769] label: (147, 176) pred: (148, 178) delta(pixel): 3
[2022-02-05 17:58:55] - [index:   8770] label: (101, 145) pred: (100, 146) delta(pixel): 1
[2022-02-05 17:58:55] - [index:   8771] label: (129, 170) pred: (128, 171) delta(pixel): 1
[2022-02-05 17:58:55] - [index:   8772] label: (151, 190) pred: (151, 191) delta(pixel): 1
[2022-02-05 17:58:55] - [index:   8773] label: (121, 150) pred: (122, 152) delta(pixel): 2
[2022-02-05 17:58:55] - [index:   8774] label: (124, 163) pred: (124, 165) delta(pixel): 2
[2022-02-05 17:58:55] - [index:   8775] label: (133, 166) pred: (133, 166) delta(pixel): 0
[2022-02-05 17:58:55] - [index:   8776] label: (152, 189) pred: (152, 190) delta(pixel): 1
[2022-02-05 17:58:56] - [index:   8777] label: (169, 204) pred: (169, 206) delta(pixel): 1
[2022-02-05 17:58:56] - [index:   8778] label: (123, 150) pred: (123, 152) delta(pixel): 1
[2022-02-05 17:58:56] - [index:   8779] label: (81, 135) pred: (79, 137) delta(pixel): 2
[2022-02-05 17:58:56] - [index:   8780] label: (77, 128) pred: (75, 129) delta(pixel): 3
[2022-02-05 17:58:56] - [index:   8781] label: (69, 112) pred: (67, 114) delta(pixel): 3
[2022-02-05 17:58:56] - [index:   8782] label: (141, 169) pred: (141, 170) delta(pixel): 1
[2022-02-05 17:58:56] - [index:   8783] label: (153, 191) pred: (153, 193) delta(pixel): 1
[2022-02-05 17:58:56] - [index:   8784] label: (125, 151) pred: (125, 153) delta(pixel): 1
[2022-02-05 17:58:56] - [index:   8785] label: (139, 192) pred: (139, 195) delta(pixel): 2
[2022-02-05 17:58:56] - [index:   8786] label: (124, 162) pred: (124, 164) delta(pixel): 2
[2022-02-05 17:58:56] - [index:   8787] label: (147, 178) pred: (146, 180) delta(pixel): 1
[2022-02-05 17:58:56] - [index:   8788] label: (134, 163) pred: (135, 163) delta(pixel): 1
[2022-02-05 17:58:56] - [index:   8789] label: (124, 156) pred: (124, 157) delta(pixel): 1
[2022-02-05 17:58:56] - [index:   8790] label: (118, 150) pred: (118, 151) delta(pixel): 1
[2022-02-05 17:58:56] - [index:   8791] label: (171, 209) pred: (170, 209) delta(pixel): 0
[2022-02-05 17:58:56] - [index:   8792] label: (118, 146) pred: (118, 148) delta(pixel): 2
[2022-02-05 17:58:56] - [index:   8793] label: (89, 128) pred: (88, 129) delta(pixel): 1
[2022-02-05 17:58:56] - [index:   8794] label: (82, 119) pred: (82, 120) delta(pixel): 1
[2022-02-05 17:58:56] - [index:   8795] label: (147, 189) pred: (147, 191) delta(pixel): 1
[2022-02-05 17:58:56] - [index:   8796] label: (160, 192) pred: (161, 194) delta(pixel): 3
[2022-02-05 17:58:56] - [index:   8797] label: (120, 147) pred: (121, 149) delta(pixel): 2
[2022-02-05 17:58:56] - [index:   8798] label: (132, 163) pred: (132, 165) delta(pixel): 1
[2022-02-05 17:58:56] - [index:   8799] label: (65, 105) pred: (63, 106) delta(pixel): 2
[2022-02-05 17:58:56] - [index:   8800] label: (111, 151) pred: (110, 152) delta(pixel): 1
[2022-02-05 17:58:56] - [index:   8801] label: (154, 198) pred: (154, 199) delta(pixel): 1
[2022-02-05 17:58:56] - [index:   8802] label: (175, 212) pred: (175, 209) delta(pixel): 3
[2022-02-05 17:58:56] - [index:   8803] label: (107, 138) pred: (107, 140) delta(pixel): 2
[2022-02-05 17:58:56] - [index:   8804] label: (133, 165) pred: (132, 166) delta(pixel): 1
[2022-02-05 17:58:56] - [index:   8805] label: (175, 212) pred: (174, 209) delta(pixel): 4
[2022-02-05 17:58:56] - [index:   8806] label: (103, 155) pred: (103, 156) delta(pixel): 2
[2022-02-05 17:58:56] - [index:   8807] label: (112, 149) pred: (112, 152) delta(pixel): 2
[2022-02-05 17:58:56] - [index:   8808] label: (117, 154) pred: (116, 155) delta(pixel): 1
[2022-02-05 17:58:56] - [index:   8809] label: (117, 148) pred: (117, 149) delta(pixel): 1
[2022-02-05 17:58:56] - [index:   8810] label: (126, 176) pred: (125, 178) delta(pixel): 2
[2022-02-05 17:58:56] - [index:   8811] label: (120, 170) pred: (119, 172) delta(pixel): 2
[2022-02-05 17:58:56] - [index:   8812] label: (129, 184) pred: (130, 187) delta(pixel): 3
[2022-02-05 17:58:56] - [index:   8813] label: (145, 186) pred: (144, 187) delta(pixel): 1
[2022-02-05 17:58:56] - [index:   8814] label: (105, 147) pred: (105, 149) delta(pixel): 2
[2022-02-05 17:58:56] - [index:   8815] label: (157, 189) pred: (157, 191) delta(pixel): 2
[2022-02-05 17:58:56] - [index:   8816] label: (111, 167) pred: (111, 170) delta(pixel): 2
[2022-02-05 17:58:56] - [index:   8817] label: (99, 152) pred: (98, 154) delta(pixel): 2
[2022-02-05 17:58:56] - [index:   8818] label: (88, 153) pred: (87, 155) delta(pixel): 2
[2022-02-05 17:58:56] - [index:   8819] label: (138, 166) pred: (138, 167) delta(pixel): 0
[2022-02-05 17:58:56] - [index:   8820] label: (142, 176) pred: (142, 177) delta(pixel): 1
[2022-02-05 17:58:56] - [index:   8821] label: (112, 145) pred: (111, 146) delta(pixel): 1
[2022-02-05 17:58:56] - [index:   8822] label: (76, 114) pred: (74, 115) delta(pixel): 3
[2022-02-05 17:58:56] - [index:   8823] label: (122, 156) pred: (121, 157) delta(pixel): 1
[2022-02-05 17:58:56] - [index:   8824] label: (64, 106) pred: (62, 107) delta(pixel): 2
[2022-02-05 17:58:56] - [index:   8825] label: (163, 205) pred: (164, 206) delta(pixel): 0
[2022-02-05 17:58:56] - [index:   8826] label: (136, 167) pred: (136, 168) delta(pixel): 0
[2022-02-05 17:58:56] - [index:   8827] label: (105, 147) pred: (105, 149) delta(pixel): 2
[2022-02-05 17:58:56] - [index:   8828] label: (128, 157) pred: (129, 158) delta(pixel): 1
[2022-02-05 17:58:56] - [index:   8829] label: (120, 153) pred: (120, 154) delta(pixel): 1
[2022-02-05 17:58:56] - [index:   8830] label: (134, 175) pred: (133, 176) delta(pixel): 1
[2022-02-05 17:58:56] - [index:   8831] label: (75, 122) pred: (74, 124) delta(pixel): 3
[2022-02-05 17:58:56] - [index:   8832] label: (82, 117) pred: (82, 119) delta(pixel): 1
[2022-02-05 17:58:56] - [index:   8833] label: (143, 181) pred: (142, 183) delta(pixel): 2
[2022-02-05 17:58:56] - [index:   8834] label: (98, 135) pred: (97, 137) delta(pixel): 2
[2022-02-05 17:58:56] - [index:   8835] label: (151, 190) pred: (151, 191) delta(pixel): 1
[2022-02-05 17:58:56] - [index:   8836] label: (117, 180) pred: (117, 183) delta(pixel): 2
[2022-02-05 17:58:56] - [index:   8837] label: (113, 154) pred: (113, 156) delta(pixel): 1
[2022-02-05 17:58:56] - [index:   8838] label: (108, 137) pred: (108, 139) delta(pixel): 1
[2022-02-05 17:58:56] - [index:   8839] label: (100, 132) pred: (100, 133) delta(pixel): 1
[2022-02-05 17:58:56] - [index:   8840] label: (118, 161) pred: (117, 162) delta(pixel): 1
[2022-02-05 17:58:56] - [index:   8841] label: (135, 182) pred: (134, 184) delta(pixel): 2
[2022-02-05 17:58:56] - [index:   8842] label: (114, 152) pred: (113, 153) delta(pixel): 1
[2022-02-05 17:58:56] - [index:   8843] label: (130, 156) pred: (130, 157) delta(pixel): 1
[2022-02-05 17:58:56] - [index:   8844] label: (127, 157) pred: (127, 158) delta(pixel): 1
[2022-02-05 17:58:56] - [index:   8845] label: (119, 172) pred: (119, 175) delta(pixel): 2
[2022-02-05 17:58:56] - [index:   8846] label: (120, 155) pred: (119, 155) delta(pixel): 1
[2022-02-05 17:58:56] - [index:   8847] label: (119, 148) pred: (120, 150) delta(pixel): 2
[2022-02-05 17:58:56] - [index:   8848] label: (88, 138) pred: (87, 140) delta(pixel): 2
[2022-02-05 17:58:56] - [index:   8849] label: (94, 136) pred: (93, 138) delta(pixel): 2
[2022-02-05 17:58:56] - [index:   8850] label: (72, 111) pred: (71, 112) delta(pixel): 2
[2022-02-05 17:58:56] - [index:   8851] label: (123, 172) pred: (123, 174) delta(pixel): 1
[2022-02-05 17:58:56] - [index:   8852] label: (121, 164) pred: (121, 166) delta(pixel): 1
[2022-02-05 17:58:56] - [index:   8853] label: (98, 135) pred: (97, 137) delta(pixel): 2
[2022-02-05 17:58:56] - [index:   8854] label: (79, 115) pred: (79, 117) delta(pixel): 2
[2022-02-05 17:58:56] - [index:   8855] label: (94, 164) pred: (94, 166) delta(pixel): 2
[2022-02-05 17:58:56] - [index:   8856] label: (117, 154) pred: (116, 155) delta(pixel): 1
[2022-02-05 17:58:56] - [index:   8857] label: (101, 164) pred: (100, 166) delta(pixel): 2
[2022-02-05 17:58:56] - [index:   8858] label: (126, 166) pred: (126, 168) delta(pixel): 1
[2022-02-05 17:58:56] - [index:   8859] label: (70, 116) pred: (68, 118) delta(pixel): 3
[2022-02-05 17:58:56] - [index:   8860] label: (108, 176) pred: (108, 177) delta(pixel): 2
[2022-02-05 17:58:56] - [index:   8861] label: (142, 171) pred: (141, 173) delta(pixel): 1
[2022-02-05 17:58:56] - [index:   8862] label: (91, 128) pred: (91, 130) delta(pixel): 1
[2022-02-05 17:58:56] - [index:   8863] label: (88, 153) pred: (87, 155) delta(pixel): 2
[2022-02-05 17:58:56] - [index:   8864] label: (155, 189) pred: (155, 191) delta(pixel): 2
[2022-02-05 17:58:56] - [index:   8865] label: (152, 189) pred: (152, 190) delta(pixel): 1
[2022-02-05 17:58:56] - [index:   8866] label: (106, 159) pred: (105, 161) delta(pixel): 2
[2022-02-05 17:58:56] - [index:   8867] label: (97, 135) pred: (96, 137) delta(pixel): 2
[2022-02-05 17:58:56] - [index:   8868] label: (79, 132) pred: (77, 132) delta(pixel): 2
[2022-02-05 17:58:56] - [index:   8869] label: (111, 142) pred: (110, 144) delta(pixel): 1
[2022-02-05 17:58:56] - [index:   8870] label: (136, 165) pred: (137, 166) delta(pixel): 2
[2022-02-05 17:58:56] - [index:   8871] label: (122, 157) pred: (121, 158) delta(pixel): 2
[2022-02-05 17:58:56] - [index:   8872] label: (106, 136) pred: (105, 137) delta(pixel): 1
[2022-02-05 17:58:56] - [index:   8873] label: (80, 140) pred: (79, 141) delta(pixel): 2
[2022-02-05 17:58:56] - [index:   8874] label: (92, 131) pred: (91, 132) delta(pixel): 2
[2022-02-05 17:58:56] - [index:   8875] label: (123, 174) pred: (123, 176) delta(pixel): 2
[2022-02-05 17:58:56] - [index:   8876] label: (114, 147) pred: (113, 148) delta(pixel): 2
[2022-02-05 17:58:56] - [index:   8877] label: (149, 185) pred: (150, 188) delta(pixel): 2
[2022-02-05 17:58:56] - [index:   8878] label: (120, 147) pred: (121, 149) delta(pixel): 3
[2022-02-05 17:58:56] - [index:   8879] label: (125, 155) pred: (124, 155) delta(pixel): 1
[2022-02-05 17:58:56] - [index:   8880] label: (158, 200) pred: (158, 202) delta(pixel): 1
[2022-02-05 17:58:56] - [index:   8881] label: (145, 181) pred: (144, 183) delta(pixel): 2
[2022-02-05 17:58:56] - [index:   8882] label: (118, 177) pred: (118, 180) delta(pixel): 3
[2022-02-05 17:58:56] - [index:   8883] label: (158, 200) pred: (159, 202) delta(pixel): 1
[2022-02-05 17:58:56] - [index:   8884] label: (132, 157) pred: (132, 158) delta(pixel): 1
[2022-02-05 17:58:56] - [index:   8885] label: (132, 159) pred: (132, 160) delta(pixel): 0
[2022-02-05 17:58:56] - [index:   8886] label: (144, 192) pred: (144, 194) delta(pixel): 2
[2022-02-05 17:58:56] - [index:   8887] label: (91, 158) pred: (90, 161) delta(pixel): 3
[2022-02-05 17:58:56] - [index:   8888] label: (134, 172) pred: (133, 173) delta(pixel): 1
[2022-02-05 17:58:56] - [index:   8889] label: (88, 142) pred: (86, 144) delta(pixel): 2
[2022-02-05 17:58:56] - [index:   8890] label: (132, 183) pred: (132, 185) delta(pixel): 2
[2022-02-05 17:58:56] - [index:   8891] label: (167, 208) pred: (168, 207) delta(pixel): 0
[2022-02-05 17:58:56] - [index:   8892] label: (81, 135) pred: (80, 137) delta(pixel): 3
[2022-02-05 17:58:56] - [index:   8893] label: (93, 128) pred: (92, 129) delta(pixel): 2
[2022-02-05 17:58:56] - [index:   8894] label: (151, 190) pred: (151, 191) delta(pixel): 2
[2022-02-05 17:58:56] - [index:   8895] label: (110, 147) pred: (109, 148) delta(pixel): 2
[2022-02-05 17:58:56] - [index:   8896] label: (73, 115) pred: (72, 116) delta(pixel): 2
[2022-02-05 17:58:56] - [index:   8897] label: (176, 210) pred: (175, 208) delta(pixel): 4
[2022-02-05 17:58:56] - [index:   8898] label: (92, 131) pred: (91, 132) delta(pixel): 1
[2022-02-05 17:58:56] - [index:   8899] label: (179, 214) pred: (176, 210) delta(pixel): 7
[2022-02-05 17:58:56] - [index:   8900] label: (98, 170) pred: (98, 172) delta(pixel): 2
[2022-02-05 17:58:56] - [index:   8901] label: (117, 148) pred: (116, 149) delta(pixel): 1
[2022-02-05 17:58:56] - [index:   8902] label: (126, 185) pred: (125, 187) delta(pixel): 2
[2022-02-05 17:58:56] - [index:   8903] label: (116, 155) pred: (115, 156) delta(pixel): 1
[2022-02-05 17:58:56] - [index:   8904] label: (150, 191) pred: (149, 192) delta(pixel): 1
[2022-02-05 17:58:56] - [index:   8905] label: (172, 208) pred: (171, 209) delta(pixel): 1
[2022-02-05 17:58:56] - [index:   8906] label: (139, 192) pred: (139, 194) delta(pixel): 2
[2022-02-05 17:58:56] - [index:   8907] label: (122, 159) pred: (121, 160) delta(pixel): 1
[2022-02-05 17:58:56] - [index:   8908] label: (111, 142) pred: (111, 143) delta(pixel): 1
[2022-02-05 17:58:56] - [index:   8909] label: (107, 157) pred: (107, 159) delta(pixel): 1
[2022-02-05 17:58:56] - [index:   8910] label: (101, 145) pred: (99, 147) delta(pixel): 2
[2022-02-05 17:58:56] - [index:   8911] label: (170, 205) pred: (170, 207) delta(pixel): 2
[2022-02-05 17:58:56] - [index:   8912] label: (100, 135) pred: (99, 136) delta(pixel): 1
[2022-02-05 17:58:56] - [index:   8913] label: (94, 128) pred: (94, 130) delta(pixel): 2
[2022-02-05 17:58:56] - [index:   8914] label: (126, 168) pred: (125, 168) delta(pixel): 0
[2022-02-05 17:58:56] - [index:   8915] label: (114, 153) pred: (114, 155) delta(pixel): 1
[2022-02-05 17:58:56] - [index:   8916] label: (136, 165) pred: (136, 167) delta(pixel): 1
[2022-02-05 17:58:56] - [index:   8917] label: (154, 198) pred: (154, 199) delta(pixel): 1
[2022-02-05 17:58:56] - [index:   8918] label: (120, 147) pred: (121, 149) delta(pixel): 2
[2022-02-05 17:58:56] - [index:   8919] label: (138, 169) pred: (138, 169) delta(pixel): 0
[2022-02-05 17:58:56] - [index:   8920] label: (129, 167) pred: (128, 168) delta(pixel): 1
[2022-02-05 17:58:56] - [index:   8921] label: (118, 150) pred: (118, 151) delta(pixel): 0
[2022-02-05 17:58:56] - [index:   8922] label: (82, 117) pred: (82, 119) delta(pixel): 1
[2022-02-05 17:58:56] - [index:   8923] label: (121, 150) pred: (121, 151) delta(pixel): 1
[2022-02-05 17:58:56] - [index:   8924] label: (122, 183) pred: (122, 185) delta(pixel): 2
[2022-02-05 17:58:56] - [index:   8925] label: (108, 137) pred: (108, 138) delta(pixel): 1
[2022-02-05 17:58:56] - [index:   8926] label: (94, 130) pred: (93, 132) delta(pixel): 2
[2022-02-05 17:58:56] - [index:   8927] label: (120, 148) pred: (120, 149) delta(pixel): 1
[2022-02-05 17:58:56] - [index:   8928] label: (109, 139) pred: (110, 141) delta(pixel): 1
[2022-02-05 17:58:56] - [index:   8929] label: (75, 122) pred: (74, 124) delta(pixel): 3
[2022-02-05 17:58:56] - [index:   8930] label: (114, 153) pred: (114, 155) delta(pixel): 2
[2022-02-05 17:58:56] - [index:   8931] label: (135, 163) pred: (135, 164) delta(pixel): 0
[2022-02-05 17:58:56] - [index:   8932] label: (82, 125) pred: (81, 127) delta(pixel): 1
[2022-02-05 17:58:56] - [index:   8933] label: (83, 128) pred: (82, 130) delta(pixel): 3
[2022-02-05 17:58:56] - [index:   8934] label: (92, 145) pred: (91, 147) delta(pixel): 3
[2022-02-05 17:58:56] - [index:   8935] label: (141, 180) pred: (141, 182) delta(pixel): 2
[2022-02-05 17:58:56] - [index:   8936] label: (116, 155) pred: (116, 157) delta(pixel): 1
[2022-02-05 17:58:56] - [index:   8937] label: (179, 214) pred: (176, 210) delta(pixel): 7
[2022-02-05 17:58:56] - [index:   8938] label: (72, 111) pred: (71, 112) delta(pixel): 1
[2022-02-05 17:58:56] - [index:   8939] label: (79, 128) pred: (78, 129) delta(pixel): 2
[2022-02-05 17:58:56] - [index:   8940] label: (124, 156) pred: (124, 157) delta(pixel): 0
[2022-02-05 17:58:56] - [index:   8941] label: (170, 203) pred: (170, 205) delta(pixel): 2
[2022-02-05 17:58:56] - [index:   8942] label: (131, 162) pred: (130, 164) delta(pixel): 1
[2022-02-05 17:58:56] - [index:   8943] label: (156, 190) pred: (157, 193) delta(pixel): 3
[2022-02-05 17:58:56] - [index:   8944] label: (148, 197) pred: (147, 198) delta(pixel): 2
[2022-02-05 17:58:56] - [index:   8945] label: (117, 153) pred: (117, 154) delta(pixel): 1
[2022-02-05 17:58:56] - [index:   8946] label: (87, 131) pred: (86, 131) delta(pixel): 1
[2022-02-05 17:58:56] - [index:   8947] label: (76, 132) pred: (74, 135) delta(pixel): 4
[2022-02-05 17:58:56] - [index:   8948] label: (75, 125) pred: (74, 128) delta(pixel): 3
[2022-02-05 17:58:56] - [index:   8949] label: (117, 166) pred: (116, 168) delta(pixel): 2
[2022-02-05 17:58:56] - [index:   8950] label: (140, 176) pred: (139, 177) delta(pixel): 1
[2022-02-05 17:58:56] - [index:   8951] label: (101, 132) pred: (101, 134) delta(pixel): 1
[2022-02-05 17:58:56] - [index:   8952] label: (172, 206) pred: (171, 207) delta(pixel): 2
[2022-02-05 17:58:56] - [index:   8953] label: (83, 131) pred: (82, 133) delta(pixel): 2
[2022-02-05 17:58:56] - [index:   8954] label: (104, 148) pred: (104, 150) delta(pixel): 1
[2022-02-05 17:58:56] - [index:   8955] label: (144, 179) pred: (144, 181) delta(pixel): 2
[2022-02-05 17:58:56] - [index:   8956] label: (136, 175) pred: (135, 176) delta(pixel): 2
[2022-02-05 17:58:56] - [index:   8957] label: (147, 182) pred: (146, 183) delta(pixel): 1
[2022-02-05 17:58:56] - [index:   8958] label: (174, 211) pred: (172, 209) delta(pixel): 3
[2022-02-05 17:58:56] - [index:   8959] label: (124, 158) pred: (124, 159) delta(pixel): 1
[2022-02-05 17:58:56] - [index:   8960] label: (91, 126) pred: (91, 127) delta(pixel): 1
[2022-02-05 17:58:56] - [index:   8961] label: (106, 151) pred: (105, 152) delta(pixel): 2
[2022-02-05 17:58:56] - [index:   8962] label: (99, 141) pred: (99, 143) delta(pixel): 1
[2022-02-05 17:58:57] - [index:   8963] label: (155, 196) pred: (155, 198) delta(pixel): 1
[2022-02-05 17:58:57] - [index:   8964] label: (129, 164) pred: (128, 166) delta(pixel): 2
[2022-02-05 17:58:57] - [index:   8965] label: (152, 183) pred: (153, 185) delta(pixel): 3
[2022-02-05 17:58:57] - [index:   8966] label: (116, 155) pred: (116, 157) delta(pixel): 1
[2022-02-05 17:58:57] - [index:   8967] label: (136, 187) pred: (135, 189) delta(pixel): 2
[2022-02-05 17:58:57] - [index:   8968] label: (113, 144) pred: (112, 145) delta(pixel): 1
[2022-02-05 17:58:57] - [index:   8969] label: (117, 180) pred: (117, 182) delta(pixel): 1
[2022-02-05 17:58:57] - [index:   8970] label: (114, 142) pred: (114, 144) delta(pixel): 1
[2022-02-05 17:58:57] - [index:   8971] label: (112, 141) pred: (112, 142) delta(pixel): 1
[2022-02-05 17:58:57] - [index:   8972] label: (82, 119) pred: (82, 120) delta(pixel): 1
[2022-02-05 17:58:57] - [index:   8973] label: (94, 128) pred: (94, 130) delta(pixel): 1
[2022-02-05 17:58:57] - [index:   8974] label: (155, 196) pred: (155, 198) delta(pixel): 2
[2022-02-05 17:58:57] - [index:   8975] label: (105, 139) pred: (105, 141) delta(pixel): 2
[2022-02-05 17:58:57] - [index:   8976] label: (93, 128) pred: (92, 130) delta(pixel): 1
[2022-02-05 17:58:57] - [index:   8977] label: (174, 211) pred: (172, 209) delta(pixel): 3
[2022-02-05 17:58:57] - [index:   8978] label: (109, 139) pred: (110, 141) delta(pixel): 1
[2022-02-05 17:58:57] - [index:   8979] label: (130, 155) pred: (130, 157) delta(pixel): 1
[2022-02-05 17:58:57] - [index:   8980] label: (104, 160) pred: (104, 163) delta(pixel): 2
[2022-02-05 17:58:57] - [index:   8981] label: (73, 122) pred: (72, 124) delta(pixel): 3
[2022-02-05 17:58:57] - [index:   8982] label: (88, 147) pred: (87, 149) delta(pixel): 2
[2022-02-05 17:58:57] - [index:   8983] label: (166, 204) pred: (165, 206) delta(pixel): 1
[2022-02-05 17:58:57] - [index:   8984] label: (179, 214) pred: (176, 210) delta(pixel): 8
[2022-02-05 17:58:57] - [index:   8985] label: (144, 183) pred: (143, 185) delta(pixel): 2
[2022-02-05 17:58:57] - [index:   8986] label: (110, 160) pred: (110, 161) delta(pixel): 2
[2022-02-05 17:58:57] - [index:   8987] label: (146, 185) pred: (145, 186) delta(pixel): 1
[2022-02-05 17:58:57] - [index:   8988] label: (129, 174) pred: (129, 176) delta(pixel): 1
[2022-02-05 17:58:57] - [index:   8989] label: (132, 159) pred: (132, 161) delta(pixel): 1
[2022-02-05 17:58:57] - [index:   8990] label: (141, 174) pred: (141, 176) delta(pixel): 1
[2022-02-05 17:58:57] - [index:   8991] label: (99, 141) pred: (99, 143) delta(pixel): 2
[2022-02-05 17:58:57] - [index:   8992] label: (114, 153) pred: (113, 154) delta(pixel): 1
[2022-02-05 17:58:57] - [index:   8993] label: (148, 179) pred: (148, 181) delta(pixel): 2
[2022-02-05 17:58:57] - [index:   8994] label: (114, 162) pred: (114, 163) delta(pixel): 1
[2022-02-05 17:58:57] - [index:   8995] label: (151, 182) pred: (151, 184) delta(pixel): 2
[2022-02-05 17:58:57] - [index:   8996] label: (127, 155) pred: (127, 156) delta(pixel): 1
[2022-02-05 17:58:57] - [index:   8997] label: (64, 103) pred: (63, 105) delta(pixel): 2
[2022-02-05 17:58:57] - [index:   8998] label: (117, 162) pred: (117, 164) delta(pixel): 1
[2022-02-05 17:58:57] - [index:   8999] label: (131, 172) pred: (131, 173) delta(pixel): 1
[2022-02-05 17:58:57] - [index:   9000] label: (126, 168) pred: (126, 169) delta(pixel): 1
[2022-02-05 17:58:57] - [index:   9001] label: (120, 168) pred: (120, 170) delta(pixel): 1
[2022-02-05 17:58:57] - [index:   9002] label: (158, 191) pred: (159, 194) delta(pixel): 3
[2022-02-05 17:58:57] - [index:   9003] label: (109, 143) pred: (109, 144) delta(pixel): 1
[2022-02-05 17:58:57] - [index:   9004] label: (147, 182) pred: (146, 183) delta(pixel): 1
[2022-02-05 17:58:57] - [index:   9005] label: (143, 172) pred: (144, 174) delta(pixel): 2
[2022-02-05 17:58:57] - [index:   9006] label: (147, 180) pred: (147, 181) delta(pixel): 1
[2022-02-05 17:58:57] - [index:   9007] label: (119, 149) pred: (119, 150) delta(pixel): 1
[2022-02-05 17:58:57] - [index:   9008] label: (153, 191) pred: (153, 193) delta(pixel): 2
[2022-02-05 17:58:57] - [index:   9009] label: (150, 184) pred: (151, 187) delta(pixel): 3
[2022-02-05 17:58:57] - [index:   9010] label: (87, 128) pred: (87, 130) delta(pixel): 2
[2022-02-05 17:58:57] - [index:   9011] label: (138, 186) pred: (137, 188) delta(pixel): 2
[2022-02-05 17:58:57] - [index:   9012] label: (138, 173) pred: (136, 173) delta(pixel): 1
[2022-02-05 17:58:57] - [index:   9013] label: (88, 147) pred: (87, 148) delta(pixel): 2
[2022-02-05 17:58:57] - [index:   9014] label: (110, 147) pred: (109, 148) delta(pixel): 2
[2022-02-05 17:58:57] - [index:   9015] label: (104, 139) pred: (105, 142) delta(pixel): 3
[2022-02-05 17:58:57] - [index:   9016] label: (154, 187) pred: (154, 189) delta(pixel): 2
[2022-02-05 17:58:57] - [index:   9017] label: (95, 140) pred: (95, 142) delta(pixel): 2
[2022-02-05 17:58:57] - [index:   9018] label: (163, 197) pred: (164, 200) delta(pixel): 3
[2022-02-05 17:58:57] - [index:   9019] label: (163, 199) pred: (164, 201) delta(pixel): 2
[2022-02-05 17:58:57] - [index:   9020] label: (67, 106) pred: (65, 107) delta(pixel): 3
[2022-02-05 17:58:57] - [index:   9021] label: (117, 148) pred: (116, 148) delta(pixel): 1
[2022-02-05 17:58:57] - [index:   9022] label: (143, 179) pred: (142, 181) delta(pixel): 2
[2022-02-05 17:58:57] - [index:   9023] label: (156, 191) pred: (156, 193) delta(pixel): 2
[2022-02-05 17:58:57] - [index:   9024] label: (107, 150) pred: (107, 152) delta(pixel): 2
[2022-02-05 17:58:57] - [index:   9025] label: (118, 145) pred: (118, 147) delta(pixel): 2
[2022-02-05 17:58:57] - [index:   9026] label: (118, 152) pred: (117, 154) delta(pixel): 1
[2022-02-05 17:58:57] - [index:   9027] label: (158, 200) pred: (159, 201) delta(pixel): 1
[2022-02-05 17:58:57] - [index:   9028] label: (126, 185) pred: (125, 187) delta(pixel): 2
[2022-02-05 17:58:57] - [index:   9029] label: (62, 108) pred: (60, 108) delta(pixel): 1
[2022-02-05 17:58:57] - [index:   9030] label: (172, 208) pred: (171, 209) delta(pixel): 1
[2022-02-05 17:58:57] - [index:   9031] label: (163, 199) pred: (164, 201) delta(pixel): 3
[2022-02-05 17:58:57] - [index:   9032] label: (113, 149) pred: (112, 150) delta(pixel): 2
[2022-02-05 17:58:57] - [index:   9033] label: (91, 137) pred: (90, 138) delta(pixel): 1
[2022-02-05 17:58:57] - [index:   9034] label: (78, 136) pred: (77, 137) delta(pixel): 2
[2022-02-05 17:58:57] - [index:   9035] label: (92, 145) pred: (91, 147) delta(pixel): 2
[2022-02-05 17:58:57] - [index:   9036] label: (71, 119) pred: (70, 120) delta(pixel): 2
[2022-02-05 17:58:57] - [index:   9037] label: (66, 104) pred: (65, 105) delta(pixel): 2
[2022-02-05 17:58:57] - [index:   9038] label: (150, 187) pred: (151, 190) delta(pixel): 2
[2022-02-05 17:58:57] - [index:   9039] label: (170, 203) pred: (170, 205) delta(pixel): 2
[2022-02-05 17:58:57] - [index:   9040] label: (111, 167) pred: (111, 170) delta(pixel): 2
[2022-02-05 17:58:57] - [index:   9041] label: (82, 117) pred: (82, 119) delta(pixel): 1
[2022-02-05 17:58:57] - [index:   9042] label: (147, 187) pred: (147, 189) delta(pixel): 1
[2022-02-05 17:58:57] - [index:   9043] label: (109, 153) pred: (109, 155) delta(pixel): 2
[2022-02-05 17:58:57] - [index:   9044] label: (118, 152) pred: (118, 154) delta(pixel): 1
[2022-02-05 17:58:57] - [index:   9045] label: (103, 149) pred: (102, 151) delta(pixel): 2
[2022-02-05 17:58:57] - [index:   9046] label: (134, 164) pred: (134, 165) delta(pixel): 1
[2022-02-05 17:58:57] - [index:   9047] label: (91, 158) pred: (90, 161) delta(pixel): 4
[2022-02-05 17:58:57] - [index:   9048] label: (134, 163) pred: (134, 164) delta(pixel): 1
[2022-02-05 17:58:57] - [index:   9049] label: (78, 122) pred: (77, 124) delta(pixel): 2
[2022-02-05 17:58:57] - [index:   9050] label: (143, 181) pred: (142, 182) delta(pixel): 1
[2022-02-05 17:58:57] - [index:   9051] label: (81, 117) pred: (81, 118) delta(pixel): 1
[2022-02-05 17:58:57] - [index:   9052] label: (116, 144) pred: (115, 145) delta(pixel): 1
[2022-02-05 17:58:57] - [index:   9053] label: (151, 186) pred: (151, 188) delta(pixel): 1
[2022-02-05 17:58:57] - [index:   9054] label: (87, 131) pred: (86, 132) delta(pixel): 1
[2022-02-05 17:58:57] - [index:   9055] label: (126, 164) pred: (126, 166) delta(pixel): 2
[2022-02-05 17:58:57] - [index:   9056] label: (122, 158) pred: (121, 159) delta(pixel): 2
[2022-02-05 17:58:57] - [index:   9057] label: (147, 178) pred: (147, 180) delta(pixel): 2
[2022-02-05 17:58:57] - [index:   9058] label: (87, 131) pred: (86, 131) delta(pixel): 1
[2022-02-05 17:58:57] - [index:   9059] label: (129, 168) pred: (128, 170) delta(pixel): 2
[2022-02-05 17:58:57] - [index:   9060] label: (120, 154) pred: (120, 156) delta(pixel): 2
[2022-02-05 17:58:57] - [index:   9061] label: (72, 117) pred: (70, 119) delta(pixel): 3
[2022-02-05 17:58:57] - [index:   9062] label: (74, 117) pred: (73, 119) delta(pixel): 3
[2022-02-05 17:58:57] - [index:   9063] label: (91, 128) pred: (91, 130) delta(pixel): 1
[2022-02-05 17:58:57] - [index:   9064] label: (113, 143) pred: (114, 145) delta(pixel): 2
[2022-02-05 17:58:57] - [index:   9065] label: (140, 168) pred: (141, 169) delta(pixel): 2
[2022-02-05 17:58:57] - [index:   9066] label: (139, 178) pred: (138, 179) delta(pixel): 1
[2022-02-05 17:58:57] - [index:   9067] label: (83, 135) pred: (82, 137) delta(pixel): 3
[2022-02-05 17:58:57] - [index:   9068] label: (118, 150) pred: (119, 151) delta(pixel): 0
[2022-02-05 17:58:57] - [index:   9069] label: (143, 179) pred: (142, 181) delta(pixel): 1
[2022-02-05 17:58:57] - [index:   9070] label: (162, 195) pred: (163, 198) delta(pixel): 3
[2022-02-05 17:58:57] - [index:   9071] label: (132, 174) pred: (131, 175) delta(pixel): 2
[2022-02-05 17:58:57] - [index:   9072] label: (127, 157) pred: (127, 157) delta(pixel): 1
[2022-02-05 17:58:57] - [index:   9073] label: (126, 170) pred: (125, 171) delta(pixel): 2
[2022-02-05 17:58:57] - [index:   9074] label: (101, 145) pred: (100, 147) delta(pixel): 2
[2022-02-05 17:58:57] - [index:   9075] label: (90, 124) pred: (89, 125) delta(pixel): 1
[2022-02-05 17:58:57] - [index:   9076] label: (145, 174) pred: (145, 174) delta(pixel): 1
[2022-02-05 17:58:57] - [index:   9077] label: (138, 186) pred: (137, 188) delta(pixel): 2
[2022-02-05 17:58:57] - [index:   9078] label: (81, 117) pred: (80, 119) delta(pixel): 2
[2022-02-05 17:58:57] - [index:   9079] label: (107, 141) pred: (106, 141) delta(pixel): 1
[2022-02-05 17:58:57] - [index:   9080] label: (168, 202) pred: (168, 204) delta(pixel): 2
[2022-02-05 17:58:57] - [index:   9081] label: (94, 144) pred: (93, 146) delta(pixel): 2
[2022-02-05 17:58:57] - [index:   9082] label: (143, 181) pred: (143, 183) delta(pixel): 2
[2022-02-05 17:58:57] - [index:   9083] label: (145, 183) pred: (145, 185) delta(pixel): 2
[2022-02-05 17:58:57] - [index:   9084] label: (120, 166) pred: (121, 168) delta(pixel): 2
[2022-02-05 17:58:57] - [index:   9085] label: (157, 197) pred: (157, 198) delta(pixel): 1
[2022-02-05 17:58:57] - [index:   9086] label: (125, 152) pred: (125, 153) delta(pixel): 1
[2022-02-05 17:58:57] - [index:   9087] label: (79, 128) pred: (78, 131) delta(pixel): 3
[2022-02-05 17:58:57] - [index:   9088] label: (157, 192) pred: (158, 195) delta(pixel): 3
[2022-02-05 17:58:57] - [index:   9089] label: (113, 148) pred: (113, 150) delta(pixel): 2
[2022-02-05 17:58:57] - [index:   9090] label: (160, 192) pred: (161, 194) delta(pixel): 3
[2022-02-05 17:58:57] - [index:   9091] label: (134, 162) pred: (134, 163) delta(pixel): 1
[2022-02-05 17:58:57] - [index:   9092] label: (66, 107) pred: (64, 108) delta(pixel): 3
[2022-02-05 17:58:57] - [index:   9093] label: (155, 188) pred: (156, 191) delta(pixel): 3
[2022-02-05 17:58:57] - [index:   9094] label: (140, 169) pred: (139, 170) delta(pixel): 1
[2022-02-05 17:58:57] - [index:   9095] label: (74, 119) pred: (72, 121) delta(pixel): 2
[2022-02-05 17:58:57] - [index:   9096] label: (115, 145) pred: (114, 146) delta(pixel): 1
[2022-02-05 17:58:57] - [index:   9097] label: (98, 142) pred: (98, 143) delta(pixel): 1
[2022-02-05 17:58:57] - [index:   9098] label: (152, 197) pred: (152, 197) delta(pixel): 1
[2022-02-05 17:58:57] - [index:   9099] label: (54, 95) pred: (59, 101) delta(pixel): 10
[2022-02-05 17:58:57] - [index:   9100] label: (121, 148) pred: (122, 151) delta(pixel): 2
[2022-02-05 17:58:57] - [index:   9101] label: (139, 189) pred: (138, 192) delta(pixel): 3
[2022-02-05 17:58:57] - [index:   9102] label: (128, 158) pred: (129, 158) delta(pixel): 0
[2022-02-05 17:58:57] - [index:   9103] label: (96, 133) pred: (95, 134) delta(pixel): 2
[2022-02-05 17:58:57] - [index:   9104] label: (163, 205) pred: (163, 206) delta(pixel): 0
[2022-02-05 17:58:57] - [index:   9105] label: (153, 188) pred: (153, 190) delta(pixel): 2
[2022-02-05 17:58:57] - [index:   9106] label: (56, 97) pred: (57, 98) delta(pixel): 2
[2022-02-05 17:58:57] - [index:   9107] label: (107, 138) pred: (106, 139) delta(pixel): 2
[2022-02-05 17:58:57] - [index:   9108] label: (119, 156) pred: (119, 158) delta(pixel): 2
[2022-02-05 17:58:57] - [index:   9109] label: (71, 109) pred: (70, 111) delta(pixel): 2
[2022-02-05 17:58:57] - [index:   9110] label: (158, 191) pred: (158, 194) delta(pixel): 3
[2022-02-05 17:58:57] - [index:   9111] label: (84, 119) pred: (83, 121) delta(pixel): 2
[2022-02-05 17:58:57] - [index:   9112] label: (128, 158) pred: (129, 158) delta(pixel): 0
[2022-02-05 17:58:57] - [index:   9113] label: (95, 143) pred: (95, 145) delta(pixel): 2
[2022-02-05 17:58:57] - [index:   9114] label: (93, 140) pred: (92, 141) delta(pixel): 2
[2022-02-05 17:58:57] - [index:   9115] label: (149, 188) pred: (149, 191) delta(pixel): 2
[2022-02-05 17:58:57] - [index:   9116] label: (57, 99) pred: (57, 101) delta(pixel): 2
[2022-02-05 17:58:57] - [index:   9117] label: (108, 140) pred: (108, 142) delta(pixel): 1
[2022-02-05 17:58:57] - [index:   9118] label: (155, 189) pred: (155, 191) delta(pixel): 3
[2022-02-05 17:58:57] - [index:   9119] label: (143, 172) pred: (144, 174) delta(pixel): 1
[2022-02-05 17:58:57] - [index:   9120] label: (107, 138) pred: (107, 139) delta(pixel): 1
[2022-02-05 17:58:57] - [index:   9121] label: (108, 156) pred: (107, 157) delta(pixel): 2
[2022-02-05 17:58:57] - [index:   9122] label: (132, 180) pred: (132, 182) delta(pixel): 2
[2022-02-05 17:58:57] - [index:   9123] label: (175, 210) pred: (174, 209) delta(pixel): 1
[2022-02-05 17:58:57] - [index:   9124] label: (176, 210) pred: (175, 209) delta(pixel): 3
[2022-02-05 17:58:57] - [index:   9125] label: (116, 148) pred: (115, 149) delta(pixel): 1
[2022-02-05 17:58:57] - [index:   9126] label: (114, 146) pred: (114, 147) delta(pixel): 1
[2022-02-05 17:58:57] - [index:   9127] label: (143, 189) pred: (143, 191) delta(pixel): 2
[2022-02-05 17:58:57] - [index:   9128] label: (109, 148) pred: (108, 149) delta(pixel): 1
[2022-02-05 17:58:57] - [index:   9129] label: (129, 164) pred: (128, 165) delta(pixel): 1
[2022-02-05 17:58:57] - [index:   9130] label: (123, 168) pred: (123, 169) delta(pixel): 1
[2022-02-05 17:58:57] - [index:   9131] label: (81, 135) pred: (80, 138) delta(pixel): 3
[2022-02-05 17:58:57] - [index:   9132] label: (129, 172) pred: (129, 174) delta(pixel): 2
[2022-02-05 17:58:57] - [index:   9133] label: (132, 163) pred: (132, 164) delta(pixel): 1
[2022-02-05 17:58:57] - [index:   9134] label: (122, 158) pred: (121, 159) delta(pixel): 2
[2022-02-05 17:58:57] - [index:   9135] label: (98, 147) pred: (97, 148) delta(pixel): 1
[2022-02-05 17:58:57] - [index:   9136] label: (130, 160) pred: (130, 160) delta(pixel): 0
[2022-02-05 17:58:57] - [index:   9137] label: (111, 142) pred: (111, 143) delta(pixel): 2
[2022-02-05 17:58:57] - [index:   9138] label: (100, 151) pred: (99, 152) delta(pixel): 2
[2022-02-05 17:58:57] - [index:   9139] label: (98, 147) pred: (97, 148) delta(pixel): 2
[2022-02-05 17:58:57] - [index:   9140] label: (125, 156) pred: (124, 156) delta(pixel): 0
[2022-02-05 17:58:57] - [index:   9141] label: (127, 155) pred: (126, 157) delta(pixel): 1
[2022-02-05 17:58:57] - [index:   9142] label: (104, 143) pred: (103, 145) delta(pixel): 2
[2022-02-05 17:58:57] - [index:   9143] label: (127, 158) pred: (127, 159) delta(pixel): 0
[2022-02-05 17:58:57] - [index:   9144] label: (61, 105) pred: (58, 106) delta(pixel): 2
[2022-02-05 17:58:57] - [index:   9145] label: (128, 159) pred: (129, 159) delta(pixel): 0
[2022-02-05 17:58:57] - [index:   9146] label: (112, 141) pred: (113, 143) delta(pixel): 3
[2022-02-05 17:58:57] - [index:   9147] label: (151, 186) pred: (152, 189) delta(pixel): 3
[2022-02-05 17:58:58] - [index:   9148] label: (162, 202) pred: (162, 204) delta(pixel): 1
[2022-02-05 17:58:58] - [index:   9149] label: (98, 147) pred: (97, 149) delta(pixel): 2
[2022-02-05 17:58:58] - [index:   9150] label: (126, 166) pred: (125, 167) delta(pixel): 1
[2022-02-05 17:58:58] - [index:   9151] label: (91, 134) pred: (90, 135) delta(pixel): 1
[2022-02-05 17:58:58] - [index:   9152] label: (133, 170) pred: (133, 172) delta(pixel): 1
[2022-02-05 17:58:58] - [index:   9153] label: (136, 165) pred: (136, 166) delta(pixel): 1
[2022-02-05 17:58:58] - [index:   9154] label: (132, 180) pred: (132, 182) delta(pixel): 2
[2022-02-05 17:58:58] - [index:   9155] label: (85, 119) pred: (85, 121) delta(pixel): 2
[2022-02-05 17:58:58] - [index:   9156] label: (98, 147) pred: (97, 148) delta(pixel): 2
[2022-02-05 17:58:58] - [index:   9157] label: (107, 138) pred: (107, 139) delta(pixel): 1
[2022-02-05 17:58:58] - [index:   9158] label: (108, 140) pred: (108, 142) delta(pixel): 1
[2022-02-05 17:58:58] - [index:   9159] label: (122, 159) pred: (121, 161) delta(pixel): 2
[2022-02-05 17:58:58] - [index:   9160] label: (156, 191) pred: (156, 193) delta(pixel): 2
[2022-02-05 17:58:58] - [index:   9161] label: (98, 135) pred: (98, 137) delta(pixel): 2
[2022-02-05 17:58:58] - [index:   9162] label: (62, 104) pred: (61, 105) delta(pixel): 2
[2022-02-05 17:58:58] - [index:   9163] label: (146, 185) pred: (145, 186) delta(pixel): 2
[2022-02-05 17:58:58] - [index:   9164] label: (124, 157) pred: (124, 157) delta(pixel): 0
[2022-02-05 17:58:58] - [index:   9165] label: (156, 199) pred: (157, 200) delta(pixel): 1
[2022-02-05 17:58:58] - [index:   9166] label: (109, 143) pred: (109, 145) delta(pixel): 1
[2022-02-05 17:58:58] - [index:   9167] label: (158, 190) pred: (159, 193) delta(pixel): 3
[2022-02-05 17:58:58] - [index:   9168] label: (91, 158) pred: (90, 161) delta(pixel): 3
[2022-02-05 17:58:58] - [index:   9169] label: (87, 126) pred: (87, 128) delta(pixel): 2
[2022-02-05 17:58:58] - [index:   9170] label: (120, 153) pred: (120, 155) delta(pixel): 1
[2022-02-05 17:58:58] - [index:   9171] label: (169, 204) pred: (169, 206) delta(pixel): 1
[2022-02-05 17:58:58] - [index:   9172] label: (162, 196) pred: (163, 198) delta(pixel): 2
[2022-02-05 17:58:58] - [index:   9173] label: (121, 150) pred: (122, 152) delta(pixel): 2
[2022-02-05 17:58:58] - [index:   9174] label: (106, 167) pred: (106, 170) delta(pixel): 2
[2022-02-05 17:58:58] - [index:   9175] label: (108, 137) pred: (108, 138) delta(pixel): 1
[2022-02-05 17:58:58] - [index:   9176] label: (109, 147) pred: (109, 149) delta(pixel): 2
[2022-02-05 17:58:58] - [index:   9177] label: (126, 182) pred: (125, 184) delta(pixel): 2
[2022-02-05 17:58:58] - [index:   9178] label: (59, 103) pred: (59, 104) delta(pixel): 1
[2022-02-05 17:58:58] - [index:   9179] label: (176, 210) pred: (175, 209) delta(pixel): 3
[2022-02-05 17:58:58] - [index:   9180] label: (127, 155) pred: (127, 157) delta(pixel): 2
[2022-02-05 17:58:58] - [index:   9181] label: (116, 149) pred: (115, 150) delta(pixel): 1
[2022-02-05 17:58:58] - [index:   9182] label: (139, 173) pred: (139, 174) delta(pixel): 1
[2022-02-05 17:58:58] - [index:   9183] label: (88, 122) pred: (88, 123) delta(pixel): 1
[2022-02-05 17:58:58] - [index:   9184] label: (148, 186) pred: (148, 188) delta(pixel): 2
[2022-02-05 17:58:58] - [index:   9185] label: (81, 128) pred: (81, 130) delta(pixel): 3
[2022-02-05 17:58:58] - [index:   9186] label: (126, 185) pred: (125, 187) delta(pixel): 2
[2022-02-05 17:58:58] - [index:   9187] label: (133, 159) pred: (133, 161) delta(pixel): 2
[2022-02-05 17:58:58] - [index:   9188] label: (85, 128) pred: (84, 129) delta(pixel): 2
[2022-02-05 17:58:58] - [index:   9189] label: (144, 183) pred: (143, 185) delta(pixel): 2
[2022-02-05 17:58:58] - [index:   9190] label: (136, 165) pred: (136, 166) delta(pixel): 1
[2022-02-05 17:58:58] - [index:   9191] label: (101, 137) pred: (100, 139) delta(pixel): 2
[2022-02-05 17:58:58] - [index:   9192] label: (54, 95) pred: (57, 99) delta(pixel): 6
[2022-02-05 17:58:58] - [index:   9193] label: (132, 160) pred: (132, 161) delta(pixel): 0
[2022-02-05 17:58:58] - [index:   9194] label: (94, 133) pred: (93, 135) delta(pixel): 2
[2022-02-05 17:58:58] - [index:   9195] label: (141, 180) pred: (141, 182) delta(pixel): 1
[2022-02-05 17:58:58] - [index:   9196] label: (127, 157) pred: (127, 158) delta(pixel): 1
[2022-02-05 17:58:58] - [index:   9197] label: (98, 142) pred: (98, 143) delta(pixel): 1
[2022-02-05 17:58:58] - [index:   9198] label: (125, 155) pred: (124, 155) delta(pixel): 1
[2022-02-05 17:58:58] - [index:   9199] label: (97, 130) pred: (96, 132) delta(pixel): 2
[2022-02-05 17:58:58] - [index:   9200] label: (129, 187) pred: (130, 189) delta(pixel): 2
[2022-02-05 17:58:58] - [index:   9201] label: (79, 128) pred: (78, 129) delta(pixel): 2
[2022-02-05 17:58:58] - [index:   9202] label: (159, 193) pred: (160, 196) delta(pixel): 4
[2022-02-05 17:58:58] - [index:   9203] label: (104, 143) pred: (103, 144) delta(pixel): 2
[2022-02-05 17:58:58] - [index:   9204] label: (179, 214) pred: (176, 210) delta(pixel): 8
[2022-02-05 17:58:58] - [index:   9205] label: (111, 158) pred: (111, 160) delta(pixel): 1
[2022-02-05 17:58:58] - [index:   9206] label: (114, 162) pred: (114, 163) delta(pixel): 1
[2022-02-05 17:58:58] - [index:   9207] label: (98, 147) pred: (97, 149) delta(pixel): 2
[2022-02-05 17:58:58] - [index:   9208] label: (139, 189) pred: (138, 191) delta(pixel): 2
[2022-02-05 17:58:58] - [index:   9209] label: (145, 174) pred: (145, 175) delta(pixel): 1
[2022-02-05 17:58:58] - [index:   9210] label: (97, 133) pred: (97, 135) delta(pixel): 2
[2022-02-05 17:58:58] - [index:   9211] label: (136, 164) pred: (136, 165) delta(pixel): 1
[2022-02-05 17:58:58] - [index:   9212] label: (82, 121) pred: (82, 122) delta(pixel): 1
[2022-02-05 17:58:58] - [index:   9213] label: (145, 186) pred: (144, 187) delta(pixel): 1
[2022-02-05 17:58:58] - [index:   9214] label: (79, 132) pred: (77, 133) delta(pixel): 2
[2022-02-05 17:58:58] - [index:   9215] label: (146, 180) pred: (146, 181) delta(pixel): 1
[2022-02-05 17:58:58] - [index:   9216] label: (151, 182) pred: (151, 184) delta(pixel): 3
[2022-02-05 17:58:58] - [index:   9217] label: (76, 120) pred: (75, 121) delta(pixel): 2
[2022-02-05 17:58:58] - [index:   9218] label: (94, 133) pred: (93, 135) delta(pixel): 2
[2022-02-05 17:58:58] - [index:   9219] label: (79, 132) pred: (77, 134) delta(pixel): 3
[2022-02-05 17:58:58] - [index:   9220] label: (152, 197) pred: (152, 198) delta(pixel): 1
[2022-02-05 17:58:58] - [index:   9221] label: (168, 202) pred: (168, 204) delta(pixel): 2
[2022-02-05 17:58:58] - [index:   9222] label: (82, 123) pred: (81, 124) delta(pixel): 1
[2022-02-05 17:58:58] - [index:   9223] label: (157, 193) pred: (158, 195) delta(pixel): 3
[2022-02-05 17:58:58] - [index:   9224] label: (66, 111) pred: (64, 112) delta(pixel): 3
[2022-02-05 17:58:58] - [index:   9225] label: (83, 139) pred: (82, 141) delta(pixel): 3
[2022-02-05 17:58:58] - [index:   9226] label: (117, 148) pred: (116, 149) delta(pixel): 1
[2022-02-05 17:58:58] - [index:   9227] label: (114, 147) pred: (114, 148) delta(pixel): 2
[2022-02-05 17:58:58] - [index:   9228] label: (155, 201) pred: (155, 202) delta(pixel): 1
[2022-02-05 17:58:58] - [index:   9229] label: (135, 161) pred: (135, 162) delta(pixel): 1
[2022-02-05 17:58:58] - [index:   9230] label: (118, 161) pred: (117, 162) delta(pixel): 1
[2022-02-05 17:58:58] - [index:   9231] label: (140, 174) pred: (139, 175) delta(pixel): 0
[2022-02-05 17:58:58] - [index:   9232] label: (123, 152) pred: (124, 154) delta(pixel): 2
[2022-02-05 17:58:58] - [index:   9233] label: (136, 173) pred: (135, 173) delta(pixel): 0
[2022-02-05 17:58:58] - [index:   9234] label: (145, 181) pred: (144, 182) delta(pixel): 2
[2022-02-05 17:58:58] - [index:   9235] label: (102, 140) pred: (100, 142) delta(pixel): 3
[2022-02-05 17:58:58] - [index:   9236] label: (147, 178) pred: (147, 180) delta(pixel): 1
[2022-02-05 17:58:58] - [index:   9237] label: (148, 181) pred: (148, 183) delta(pixel): 1
[2022-02-05 17:58:58] - [index:   9238] label: (126, 165) pred: (126, 166) delta(pixel): 1
[2022-02-05 17:58:58] - [index:   9239] label: (150, 198) pred: (150, 199) delta(pixel): 1
[2022-02-05 17:58:58] - [index:   9240] label: (113, 178) pred: (113, 181) delta(pixel): 2
[2022-02-05 17:58:58] - [index:   9241] label: (150, 187) pred: (151, 189) delta(pixel): 2
[2022-02-05 17:58:58] - [index:   9242] label: (112, 141) pred: (112, 143) delta(pixel): 3
[2022-02-05 17:58:58] - [index:   9243] label: (136, 167) pred: (137, 169) delta(pixel): 2
[2022-02-05 17:58:58] - [index:   9244] label: (162, 195) pred: (163, 197) delta(pixel): 3
[2022-02-05 17:58:58] - [index:   9245] label: (126, 166) pred: (125, 167) delta(pixel): 1
[2022-02-05 17:58:58] - [index:   9246] label: (134, 172) pred: (133, 173) delta(pixel): 2
[2022-02-05 17:58:58] - [index:   9247] label: (143, 186) pred: (142, 188) delta(pixel): 2
[2022-02-05 17:58:58] - [index:   9248] label: (78, 118) pred: (78, 120) delta(pixel): 3
[2022-02-05 17:58:58] - [index:   9249] label: (150, 187) pred: (151, 190) delta(pixel): 2
[2022-02-05 17:58:58] - [index:   9250] label: (144, 183) pred: (143, 185) delta(pixel): 2
[2022-02-05 17:58:58] - [index:   9251] label: (94, 156) pred: (92, 158) delta(pixel): 3
[2022-02-05 17:58:58] - [index:   9252] label: (113, 148) pred: (112, 150) delta(pixel): 2
[2022-02-05 17:58:58] - [index:   9253] label: (134, 175) pred: (134, 177) delta(pixel): 2
[2022-02-05 17:58:58] - [index:   9254] label: (129, 178) pred: (129, 180) delta(pixel): 2
[2022-02-05 17:58:58] - [index:   9255] label: (134, 161) pred: (134, 162) delta(pixel): 2
[2022-02-05 17:58:58] - [index:   9256] label: (88, 122) pred: (89, 124) delta(pixel): 3
[2022-02-05 17:58:58] - [index:   9257] label: (106, 136) pred: (106, 138) delta(pixel): 2
[2022-02-05 17:58:58] - [index:   9258] label: (145, 181) pred: (144, 182) delta(pixel): 2
[2022-02-05 17:58:58] - [index:   9259] label: (153, 191) pred: (153, 193) delta(pixel): 2
[2022-02-05 17:58:58] - [index:   9260] label: (136, 173) pred: (135, 175) delta(pixel): 2
[2022-02-05 17:58:58] - [index:   9261] label: (110, 142) pred: (110, 144) delta(pixel): 1
[2022-02-05 17:58:58] - [index:   9262] label: (158, 196) pred: (158, 198) delta(pixel): 2
[2022-02-05 17:58:58] - [index:   9263] label: (146, 180) pred: (146, 182) delta(pixel): 2
[2022-02-05 17:58:58] - [index:   9264] label: (158, 188) pred: (157, 191) delta(pixel): 2
[2022-02-05 17:58:58] - [index:   9265] label: (89, 128) pred: (88, 130) delta(pixel): 1
[2022-02-05 17:58:58] - [index:   9266] label: (83, 131) pred: (82, 133) delta(pixel): 2
[2022-02-05 17:58:58] - [index:   9267] label: (104, 139) pred: (104, 142) delta(pixel): 2
[2022-02-05 17:58:58] - [index:   9268] label: (101, 145) pred: (99, 146) delta(pixel): 2
[2022-02-05 17:58:58] - [index:   9269] label: (76, 112) pred: (75, 113) delta(pixel): 2
[2022-02-05 17:58:58] - [index:   9270] label: (69, 108) pred: (67, 110) delta(pixel): 2
[2022-02-05 17:58:58] - [index:   9271] label: (129, 176) pred: (129, 178) delta(pixel): 1
[2022-02-05 17:58:58] - [index:   9272] label: (163, 194) pred: (163, 196) delta(pixel): 3
[2022-02-05 17:58:58] - [index:   9273] label: (107, 141) pred: (107, 142) delta(pixel): 2
[2022-02-05 17:58:58] - [index:   9274] label: (129, 172) pred: (128, 173) delta(pixel): 1
[2022-02-05 17:58:58] - [index:   9275] label: (123, 170) pred: (122, 171) delta(pixel): 1
[2022-02-05 17:58:58] - [index:   9276] label: (126, 164) pred: (126, 165) delta(pixel): 1
[2022-02-05 17:58:58] - [index:   9277] label: (124, 156) pred: (124, 157) delta(pixel): 1
[2022-02-05 17:58:58] - [index:   9278] label: (127, 158) pred: (127, 159) delta(pixel): 1
[2022-02-05 17:58:58] - [index:   9279] label: (137, 170) pred: (137, 171) delta(pixel): 1
[2022-02-05 17:58:58] - [index:   9280] label: (83, 131) pred: (82, 133) delta(pixel): 3
[2022-02-05 17:58:58] - [index:   9281] label: (118, 145) pred: (118, 147) delta(pixel): 2
[2022-02-05 17:58:58] - [index:   9282] label: (133, 165) pred: (132, 165) delta(pixel): 0
[2022-02-05 17:58:58] - [index:   9283] label: (73, 122) pred: (71, 123) delta(pixel): 2
[2022-02-05 17:58:58] - [index:   9284] label: (108, 140) pred: (107, 141) delta(pixel): 1
[2022-02-05 17:58:58] - [index:   9285] label: (100, 135) pred: (100, 136) delta(pixel): 1
[2022-02-05 17:58:58] - [index:   9286] label: (95, 128) pred: (95, 130) delta(pixel): 2
[2022-02-05 17:58:58] - [index:   9287] label: (155, 196) pred: (155, 198) delta(pixel): 1
[2022-02-05 17:58:58] - [index:   9288] label: (107, 141) pred: (107, 142) delta(pixel): 2
[2022-02-05 17:58:58] - [index:   9289] label: (127, 156) pred: (127, 157) delta(pixel): 0
[2022-02-05 17:58:58] - [index:   9290] label: (128, 154) pred: (129, 155) delta(pixel): 1
[2022-02-05 17:58:58] - [index:   9291] label: (128, 157) pred: (129, 157) delta(pixel): 1
[2022-02-05 17:58:58] - [index:   9292] label: (100, 138) pred: (99, 139) delta(pixel): 1
[2022-02-05 17:58:58] - [index:   9293] label: (119, 149) pred: (119, 150) delta(pixel): 0
[2022-02-05 17:58:58] - [index:   9294] label: (130, 161) pred: (130, 161) delta(pixel): 0
[2022-02-05 17:58:58] - [index:   9295] label: (155, 188) pred: (155, 190) delta(pixel): 2
[2022-02-05 17:58:58] - [index:   9296] label: (111, 167) pred: (111, 170) delta(pixel): 2
[2022-02-05 17:58:58] - [index:   9297] label: (104, 140) pred: (104, 142) delta(pixel): 2
[2022-02-05 17:58:58] - [index:   9298] label: (159, 197) pred: (160, 199) delta(pixel): 2
[2022-02-05 17:58:58] - [index:   9299] label: (94, 156) pred: (92, 158) delta(pixel): 3
[2022-02-05 17:58:58] - [index:   9300] label: (132, 163) pred: (132, 164) delta(pixel): 0
[2022-02-05 17:58:58] - [index:   9301] label: (98, 135) pred: (97, 137) delta(pixel): 2
[2022-02-05 17:58:58] - [index:   9302] label: (145, 181) pred: (144, 183) delta(pixel): 2
[2022-02-05 17:58:58] - [index:   9303] label: (123, 174) pred: (122, 176) delta(pixel): 2
[2022-02-05 17:58:58] - [index:   9304] label: (123, 170) pred: (122, 171) delta(pixel): 1
[2022-02-05 17:58:58] - [index:   9305] label: (149, 185) pred: (150, 186) delta(pixel): 1
[2022-02-05 17:58:58] - [index:   9306] label: (96, 128) pred: (98, 131) delta(pixel): 4
[2022-02-05 17:58:58] - [index:   9307] label: (69, 108) pred: (66, 109) delta(pixel): 3
[2022-02-05 17:58:58] - [index:   9308] label: (123, 151) pred: (123, 152) delta(pixel): 1
[2022-02-05 17:58:58] - [index:   9309] label: (158, 190) pred: (159, 193) delta(pixel): 2
[2022-02-05 17:58:58] - [index:   9310] label: (123, 152) pred: (123, 153) delta(pixel): 1
[2022-02-05 17:58:58] - [index:   9311] label: (123, 152) pred: (124, 154) delta(pixel): 2
[2022-02-05 17:58:58] - [index:   9312] label: (136, 164) pred: (136, 165) delta(pixel): 1
[2022-02-05 17:58:58] - [index:   9313] label: (101, 141) pred: (100, 142) delta(pixel): 2
[2022-02-05 17:58:58] - [index:   9314] label: (140, 170) pred: (140, 171) delta(pixel): 0
[2022-02-05 17:58:58] - [index:   9315] label: (113, 178) pred: (113, 181) delta(pixel): 2
[2022-02-05 17:58:58] - [index:   9316] label: (105, 152) pred: (105, 154) delta(pixel): 1
[2022-02-05 17:58:58] - [index:   9317] label: (77, 116) pred: (76, 118) delta(pixel): 3
[2022-02-05 17:58:58] - [index:   9318] label: (137, 181) pred: (137, 183) delta(pixel): 1
[2022-02-05 17:58:58] - [index:   9319] label: (67, 116) pred: (65, 117) delta(pixel): 3
[2022-02-05 17:58:58] - [index:   9320] label: (152, 183) pred: (153, 185) delta(pixel): 3
[2022-02-05 17:58:58] - [index:   9321] label: (130, 157) pred: (130, 159) delta(pixel): 1
[2022-02-05 17:58:58] - [index:   9322] label: (96, 128) pred: (96, 130) delta(pixel): 2
[2022-02-05 17:58:58] - [index:   9323] label: (123, 150) pred: (123, 152) delta(pixel): 1
[2022-02-05 17:58:58] - [index:   9324] label: (178, 213) pred: (175, 210) delta(pixel): 6
[2022-02-05 17:58:58] - [index:   9325] label: (126, 161) pred: (126, 162) delta(pixel): 0
[2022-02-05 17:58:58] - [index:   9326] label: (118, 145) pred: (119, 147) delta(pixel): 2
[2022-02-05 17:58:58] - [index:   9327] label: (135, 171) pred: (135, 173) delta(pixel): 2
[2022-02-05 17:58:58] - [index:   9328] label: (120, 147) pred: (121, 149) delta(pixel): 3
[2022-02-05 17:58:58] - [index:   9329] label: (143, 186) pred: (142, 188) delta(pixel): 2
[2022-02-05 17:58:58] - [index:   9330] label: (98, 170) pred: (98, 171) delta(pixel): 1
[2022-02-05 17:58:58] - [index:   9331] label: (119, 148) pred: (119, 149) delta(pixel): 1
[2022-02-05 17:58:58] - [index:   9332] label: (146, 180) pred: (145, 181) delta(pixel): 1
[2022-02-05 17:58:59] - [index:   9333] label: (98, 159) pred: (97, 162) delta(pixel): 3
[2022-02-05 17:58:59] - [index:   9334] label: (120, 155) pred: (119, 157) delta(pixel): 2
[2022-02-05 17:58:59] - [index:   9335] label: (60, 100) pred: (59, 102) delta(pixel): 2
[2022-02-05 17:58:59] - [index:   9336] label: (74, 111) pred: (73, 113) delta(pixel): 2
[2022-02-05 17:58:59] - [index:   9337] label: (84, 121) pred: (83, 122) delta(pixel): 2
[2022-02-05 17:58:59] - [index:   9338] label: (132, 174) pred: (131, 174) delta(pixel): 1
[2022-02-05 17:58:59] - [index:   9339] label: (118, 145) pred: (118, 147) delta(pixel): 2
[2022-02-05 17:58:59] - [index:   9340] label: (123, 166) pred: (123, 167) delta(pixel): 1
[2022-02-05 17:58:59] - [index:   9341] label: (100, 167) pred: (99, 169) delta(pixel): 3
[2022-02-05 17:58:59] - [index:   9342] label: (144, 177) pred: (144, 179) delta(pixel): 1
[2022-02-05 17:58:59] - [index:   9343] label: (95, 128) pred: (95, 129) delta(pixel): 1
[2022-02-05 17:58:59] - [index:   9344] label: (164, 196) pred: (164, 199) delta(pixel): 3
[2022-02-05 17:58:59] - [index:   9345] label: (98, 170) pred: (98, 171) delta(pixel): 2
[2022-02-05 17:58:59] - [index:   9346] label: (110, 173) pred: (109, 175) delta(pixel): 3
[2022-02-05 17:58:59] - [index:   9347] label: (90, 141) pred: (89, 143) delta(pixel): 2
[2022-02-05 17:58:59] - [index:   9348] label: (121, 164) pred: (120, 166) delta(pixel): 1
[2022-02-05 17:58:59] - [index:   9349] label: (129, 165) pred: (128, 166) delta(pixel): 1
[2022-02-05 17:58:59] - [index:   9350] label: (73, 115) pred: (71, 116) delta(pixel): 2
[2022-02-05 17:58:59] - [index:   9351] label: (93, 126) pred: (93, 127) delta(pixel): 2
[2022-02-05 17:58:59] - [index:   9352] label: (118, 159) pred: (117, 160) delta(pixel): 1
[2022-02-05 17:58:59] - [index:   9353] label: (83, 125) pred: (82, 127) delta(pixel): 2
[2022-02-05 17:58:59] - [index:   9354] label: (125, 153) pred: (125, 154) delta(pixel): 0
[2022-02-05 17:58:59] - [index:   9355] label: (61, 102) pred: (60, 103) delta(pixel): 2
[2022-02-05 17:58:59] - [index:   9356] label: (65, 105) pred: (63, 106) delta(pixel): 2
[2022-02-05 17:58:59] - [index:   9357] label: (116, 148) pred: (116, 149) delta(pixel): 1
[2022-02-05 17:58:59] - [index:   9358] label: (134, 175) pred: (133, 176) delta(pixel): 1
[2022-02-05 17:58:59] - [index:   9359] label: (139, 171) pred: (139, 173) delta(pixel): 1
[2022-02-05 17:58:59] - [index:   9360] label: (174, 209) pred: (172, 209) delta(pixel): 1
[2022-02-05 17:58:59] - [index:   9361] label: (75, 115) pred: (73, 117) delta(pixel): 3
[2022-02-05 17:58:59] - [index:   9362] label: (157, 197) pred: (158, 199) delta(pixel): 3
[2022-02-05 17:58:59] - [index:   9363] label: (139, 192) pred: (139, 194) delta(pixel): 2
[2022-02-05 17:58:59] - [index:   9364] label: (79, 115) pred: (80, 117) delta(pixel): 3
[2022-02-05 17:58:59] - [index:   9365] label: (78, 120) pred: (77, 122) delta(pixel): 3
[2022-02-05 17:58:59] - [index:   9366] label: (143, 175) pred: (144, 177) delta(pixel): 2
[2022-02-05 17:58:59] - [index:   9367] label: (85, 134) pred: (84, 136) delta(pixel): 2
[2022-02-05 17:58:59] - [index:   9368] label: (140, 178) pred: (140, 179) delta(pixel): 1
[2022-02-05 17:58:59] - [index:   9369] label: (137, 170) pred: (137, 171) delta(pixel): 1
[2022-02-05 17:58:59] - [index:   9370] label: (174, 211) pred: (172, 209) delta(pixel): 3
[2022-02-05 17:58:59] - [index:   9371] label: (123, 153) pred: (123, 155) delta(pixel): 2
[2022-02-05 17:58:59] - [index:   9372] label: (103, 137) pred: (102, 138) delta(pixel): 2
[2022-02-05 17:58:59] - [index:   9373] label: (66, 111) pred: (65, 112) delta(pixel): 3
[2022-02-05 17:58:59] - [index:   9374] label: (116, 144) pred: (115, 145) delta(pixel): 1
[2022-02-05 17:58:59] - [index:   9375] label: (108, 149) pred: (108, 151) delta(pixel): 2
[2022-02-05 17:58:59] - [index:   9376] label: (155, 185) pred: (155, 187) delta(pixel): 1
[2022-02-05 17:58:59] - [index:   9377] label: (116, 155) pred: (116, 157) delta(pixel): 1
[2022-02-05 17:58:59] - [index:   9378] label: (129, 184) pred: (129, 187) delta(pixel): 2
[2022-02-05 17:58:59] - [index:   9379] label: (141, 169) pred: (140, 170) delta(pixel): 2
[2022-02-05 17:58:59] - [index:   9380] label: (127, 155) pred: (127, 157) delta(pixel): 2
[2022-02-05 17:58:59] - [index:   9381] label: (121, 164) pred: (121, 166) delta(pixel): 2
[2022-02-05 17:58:59] - [index:   9382] label: (151, 190) pred: (151, 191) delta(pixel): 1
[2022-02-05 17:58:59] - [index:   9383] label: (154, 193) pred: (155, 195) delta(pixel): 2
[2022-02-05 17:58:59] - [index:   9384] label: (121, 160) pred: (121, 162) delta(pixel): 1
[2022-02-05 17:58:59] - [index:   9385] label: (130, 157) pred: (130, 158) delta(pixel): 1
[2022-02-05 17:58:59] - [index:   9386] label: (103, 144) pred: (102, 145) delta(pixel): 2
[2022-02-05 17:58:59] - [index:   9387] label: (165, 197) pred: (165, 200) delta(pixel): 3
[2022-02-05 17:58:59] - [index:   9388] label: (161, 199) pred: (161, 201) delta(pixel): 2
[2022-02-05 17:58:59] - [index:   9389] label: (142, 194) pred: (142, 195) delta(pixel): 1
[2022-02-05 17:58:59] - [index:   9390] label: (158, 194) pred: (160, 197) delta(pixel): 3
[2022-02-05 17:58:59] - [index:   9391] label: (123, 170) pred: (123, 172) delta(pixel): 1
[2022-02-05 17:58:59] - [index:   9392] label: (121, 148) pred: (122, 151) delta(pixel): 2
[2022-02-05 17:58:59] - [index:   9393] label: (93, 130) pred: (92, 132) delta(pixel): 2
[2022-02-05 17:58:59] - [index:   9394] label: (112, 155) pred: (113, 157) delta(pixel): 2
[2022-02-05 17:58:59] - [index:   9395] label: (85, 119) pred: (85, 121) delta(pixel): 2
[2022-02-05 17:58:59] - [index:   9396] label: (149, 195) pred: (149, 197) delta(pixel): 2
[2022-02-05 17:58:59] - [index:   9397] label: (144, 172) pred: (145, 174) delta(pixel): 1
[2022-02-05 17:58:59] - [index:   9398] label: (147, 194) pred: (146, 196) delta(pixel): 2
[2022-02-05 17:58:59] - [index:   9399] label: (101, 137) pred: (101, 139) delta(pixel): 2
[2022-02-05 17:58:59] - [index:   9400] label: (150, 180) pred: (150, 183) delta(pixel): 2
[2022-02-05 17:58:59] - [index:   9401] label: (98, 142) pred: (98, 144) delta(pixel): 1
[2022-02-05 17:58:59] - [index:   9402] label: (130, 158) pred: (131, 159) delta(pixel): 1
[2022-02-05 17:58:59] - [index:   9403] label: (130, 159) pred: (130, 159) delta(pixel): 0
[2022-02-05 17:58:59] - [index:   9404] label: (156, 195) pred: (157, 196) delta(pixel): 3
[2022-02-05 17:58:59] - [index:   9405] label: (98, 132) pred: (98, 134) delta(pixel): 1
[2022-02-05 17:58:59] - [index:   9406] label: (122, 154) pred: (122, 155) delta(pixel): 1
[2022-02-05 17:58:59] - [index:   9407] label: (134, 175) pred: (134, 177) delta(pixel): 1
[2022-02-05 17:58:59] - [index:   9408] label: (72, 117) pred: (71, 118) delta(pixel): 2
[2022-02-05 17:58:59] - [index:   9409] label: (97, 133) pred: (97, 134) delta(pixel): 2
[2022-02-05 17:58:59] - [index:   9410] label: (94, 136) pred: (93, 138) delta(pixel): 2
[2022-02-05 17:58:59] - [index:   9411] label: (135, 163) pred: (136, 164) delta(pixel): 1
[2022-02-05 17:58:59] - [index:   9412] label: (117, 153) pred: (117, 155) delta(pixel): 2
[2022-02-05 17:58:59] - [index:   9413] label: (107, 165) pred: (107, 167) delta(pixel): 2
[2022-02-05 17:58:59] - [index:   9414] label: (81, 117) pred: (80, 119) delta(pixel): 2
[2022-02-05 17:58:59] - [index:   9415] label: (125, 152) pred: (125, 154) delta(pixel): 1
[2022-02-05 17:58:59] - [index:   9416] label: (109, 143) pred: (108, 145) delta(pixel): 1
[2022-02-05 17:58:59] - [index:   9417] label: (153, 191) pred: (153, 193) delta(pixel): 1
[2022-02-05 17:58:59] - [index:   9418] label: (155, 192) pred: (155, 194) delta(pixel): 2
[2022-02-05 17:58:59] - [index:   9419] label: (103, 155) pred: (102, 156) delta(pixel): 2
[2022-02-05 17:58:59] - [index:   9420] label: (110, 152) pred: (109, 154) delta(pixel): 2
[2022-02-05 17:58:59] - [index:   9421] label: (163, 199) pred: (164, 201) delta(pixel): 2
[2022-02-05 17:58:59] - [index:   9422] label: (129, 187) pred: (130, 189) delta(pixel): 2
[2022-02-05 17:58:59] - [index:   9423] label: (148, 177) pred: (148, 179) delta(pixel): 2
[2022-02-05 17:58:59] - [index:   9424] label: (158, 194) pred: (160, 197) delta(pixel): 3
[2022-02-05 17:58:59] - [index:   9425] label: (162, 204) pred: (162, 205) delta(pixel): 0
[2022-02-05 17:58:59] - [index:   9426] label: (140, 174) pred: (139, 175) delta(pixel): 0
[2022-02-05 17:58:59] - [index:   9427] label: (136, 166) pred: (136, 168) delta(pixel): 1
[2022-02-05 17:58:59] - [index:   9428] label: (116, 157) pred: (115, 159) delta(pixel): 1
[2022-02-05 17:58:59] - [index:   9429] label: (163, 205) pred: (163, 206) delta(pixel): 0
[2022-02-05 17:58:59] - [index:   9430] label: (121, 161) pred: (121, 163) delta(pixel): 2
[2022-02-05 17:58:59] - [index:   9431] label: (157, 197) pred: (158, 199) delta(pixel): 2
[2022-02-05 17:58:59] - [index:   9432] label: (126, 166) pred: (125, 167) delta(pixel): 1
[2022-02-05 17:58:59] - [index:   9433] label: (87, 134) pred: (87, 136) delta(pixel): 2
[2022-02-05 17:58:59] - [index:   9434] label: (133, 186) pred: (131, 187) delta(pixel): 3
[2022-02-05 17:58:59] - [index:   9435] label: (133, 189) pred: (132, 191) delta(pixel): 3
[2022-02-05 17:58:59] - [index:   9436] label: (118, 159) pred: (117, 160) delta(pixel): 2
[2022-02-05 17:58:59] - [index:   9437] label: (104, 148) pred: (103, 150) delta(pixel): 2
[2022-02-05 17:58:59] - [index:   9438] label: (123, 174) pred: (123, 176) delta(pixel): 1
[2022-02-05 17:58:59] - [index:   9439] label: (64, 106) pred: (62, 107) delta(pixel): 2
[2022-02-05 17:58:59] - [index:   9440] label: (83, 128) pred: (82, 130) delta(pixel): 2
[2022-02-05 17:58:59] - [index:   9441] label: (98, 130) pred: (98, 132) delta(pixel): 1
[2022-02-05 17:58:59] - [index:   9442] label: (136, 166) pred: (137, 167) delta(pixel): 1
[2022-02-05 17:58:59] - [index:   9443] label: (141, 170) pred: (141, 171) delta(pixel): 1
[2022-02-05 17:58:59] - [index:   9444] label: (107, 138) pred: (107, 140) delta(pixel): 1
[2022-02-05 17:58:59] - [index:   9445] label: (59, 103) pred: (59, 104) delta(pixel): 1
[2022-02-05 17:58:59] - [index:   9446] label: (97, 153) pred: (97, 155) delta(pixel): 2
[2022-02-05 17:58:59] - [index:   9447] label: (119, 149) pred: (118, 150) delta(pixel): 1
[2022-02-05 17:58:59] - [index:   9448] label: (162, 196) pred: (163, 199) delta(pixel): 3
[2022-02-05 17:58:59] - [index:   9449] label: (178, 213) pred: (175, 209) delta(pixel): 7
[2022-02-05 17:58:59] - [index:   9450] label: (79, 125) pred: (78, 126) delta(pixel): 2
[2022-02-05 17:58:59] - [index:   9451] label: (110, 147) pred: (109, 147) delta(pixel): 2
[2022-02-05 17:58:59] - [index:   9452] label: (148, 192) pred: (148, 193) delta(pixel): 1
[2022-02-05 17:58:59] - [index:   9453] label: (131, 166) pred: (130, 166) delta(pixel): 1
[2022-02-05 17:58:59] - [index:   9454] label: (126, 182) pred: (125, 184) delta(pixel): 2
[2022-02-05 17:58:59] - [index:   9455] label: (128, 154) pred: (128, 155) delta(pixel): 1
[2022-02-05 17:58:59] - [index:   9456] label: (62, 101) pred: (63, 105) delta(pixel): 5
[2022-02-05 17:58:59] - [index:   9457] label: (131, 166) pred: (130, 166) delta(pixel): 1
[2022-02-05 17:58:59] - [index:   9458] label: (89, 137) pred: (89, 139) delta(pixel): 2
[2022-02-05 17:58:59] - [index:   9459] label: (148, 183) pred: (148, 185) delta(pixel): 1
[2022-02-05 17:58:59] - [index:   9460] label: (108, 156) pred: (107, 157) delta(pixel): 1
[2022-02-05 17:58:59] - [index:   9461] label: (169, 206) pred: (169, 207) delta(pixel): 0
[2022-02-05 17:58:59] - [index:   9462] label: (149, 188) pred: (149, 190) delta(pixel): 2
[2022-02-05 17:58:59] - [index:   9463] label: (145, 175) pred: (146, 177) delta(pixel): 2
[2022-02-05 17:58:59] - [index:   9464] label: (106, 142) pred: (105, 142) delta(pixel): 1
[2022-02-05 17:58:59] - [index:   9465] label: (157, 193) pred: (158, 195) delta(pixel): 2
[2022-02-05 17:58:59] - [index:   9466] label: (134, 162) pred: (134, 163) delta(pixel): 1
[2022-02-05 17:58:59] - [index:   9467] label: (142, 176) pred: (142, 177) delta(pixel): 1
[2022-02-05 17:58:59] - [index:   9468] label: (113, 144) pred: (112, 145) delta(pixel): 2
[2022-02-05 17:58:59] - [index:   9469] label: (136, 166) pred: (136, 168) delta(pixel): 1
[2022-02-05 17:58:59] - [index:   9470] label: (174, 209) pred: (172, 209) delta(pixel): 1
[2022-02-05 17:58:59] - [index:   9471] label: (78, 120) pred: (77, 122) delta(pixel): 2
[2022-02-05 17:58:59] - [index:   9472] label: (151, 181) pred: (152, 183) delta(pixel): 2
[2022-02-05 17:58:59] - [index:   9473] label: (129, 187) pred: (130, 189) delta(pixel): 2
[2022-02-05 17:58:59] - [index:   9474] label: (149, 182) pred: (150, 185) delta(pixel): 2
[2022-02-05 17:58:59] - [index:   9475] label: (88, 142) pred: (86, 144) delta(pixel): 3
[2022-02-05 17:58:59] - [index:   9476] label: (165, 207) pred: (165, 207) delta(pixel): 1
[2022-02-05 17:58:59] - [index:   9477] label: (78, 122) pred: (77, 124) delta(pixel): 2
[2022-02-05 17:58:59] - [index:   9478] label: (112, 145) pred: (112, 147) delta(pixel): 3
[2022-02-05 17:58:59] - [index:   9479] label: (177, 213) pred: (175, 209) delta(pixel): 5
[2022-02-05 17:58:59] - [index:   9480] label: (132, 162) pred: (132, 164) delta(pixel): 1
[2022-02-05 17:58:59] - [index:   9481] label: (72, 125) pred: (71, 127) delta(pixel): 3
[2022-02-05 17:58:59] - [index:   9482] label: (145, 178) pred: (146, 180) delta(pixel): 2
[2022-02-05 17:58:59] - [index:   9483] label: (165, 198) pred: (165, 201) delta(pixel): 3
[2022-02-05 17:58:59] - [index:   9484] label: (132, 183) pred: (132, 185) delta(pixel): 2
[2022-02-05 17:58:59] - [index:   9485] label: (60, 100) pred: (59, 102) delta(pixel): 2
[2022-02-05 17:58:59] - [index:   9486] label: (157, 202) pred: (157, 204) delta(pixel): 2
[2022-02-05 17:58:59] - [index:   9487] label: (85, 126) pred: (84, 128) delta(pixel): 3
[2022-02-05 17:58:59] - [index:   9488] label: (135, 162) pred: (135, 163) delta(pixel): 1
[2022-02-05 17:58:59] - [index:   9489] label: (118, 151) pred: (118, 152) delta(pixel): 1
[2022-02-05 17:58:59] - [index:   9490] label: (150, 198) pred: (150, 200) delta(pixel): 1
[2022-02-05 17:58:59] - [index:   9491] label: (140, 171) pred: (140, 172) delta(pixel): 1
[2022-02-05 17:58:59] - [index:   9492] label: (65, 109) pred: (63, 110) delta(pixel): 2
[2022-02-05 17:58:59] - [index:   9493] label: (107, 145) pred: (107, 146) delta(pixel): 1
[2022-02-05 17:58:59] - [index:   9494] label: (79, 125) pred: (79, 126) delta(pixel): 1
[2022-02-05 17:58:59] - [index:   9495] label: (143, 175) pred: (143, 177) delta(pixel): 2
[2022-02-05 17:58:59] - [index:   9496] label: (127, 155) pred: (127, 157) delta(pixel): 2
[2022-02-05 17:58:59] - [index:   9497] label: (123, 166) pred: (123, 166) delta(pixel): 1
[2022-02-05 17:58:59] - [index:   9498] label: (148, 179) pred: (148, 181) delta(pixel): 2
[2022-02-05 17:58:59] - [index:   9499] label: (85, 123) pred: (84, 125) delta(pixel): 2
[2022-02-05 17:58:59] - [index:   9500] label: (114, 175) pred: (114, 178) delta(pixel): 3
[2022-02-05 17:58:59] - [index:   9501] label: (103, 134) pred: (104, 135) delta(pixel): 1
[2022-02-05 17:58:59] - [index:   9502] label: (90, 128) pred: (89, 129) delta(pixel): 2
[2022-02-05 17:58:59] - [index:   9503] label: (109, 154) pred: (108, 156) delta(pixel): 2
[2022-02-05 17:58:59] - [index:   9504] label: (139, 178) pred: (138, 179) delta(pixel): 1
[2022-02-05 17:58:59] - [index:   9505] label: (107, 145) pred: (107, 147) delta(pixel): 1
[2022-02-05 17:58:59] - [index:   9506] label: (79, 128) pred: (78, 130) delta(pixel): 2
[2022-02-05 17:58:59] - [index:   9507] label: (73, 122) pred: (71, 124) delta(pixel): 3
[2022-02-05 17:58:59] - [index:   9508] label: (103, 162) pred: (102, 165) delta(pixel): 2
[2022-02-05 17:58:59] - [index:   9509] label: (139, 171) pred: (139, 173) delta(pixel): 1
[2022-02-05 17:58:59] - [index:   9510] label: (170, 203) pred: (170, 205) delta(pixel): 2
[2022-02-05 17:58:59] - [index:   9511] label: (106, 146) pred: (105, 148) delta(pixel): 1
[2022-02-05 17:58:59] - [index:   9512] label: (110, 161) pred: (109, 163) delta(pixel): 2
[2022-02-05 17:58:59] - [index:   9513] label: (98, 170) pred: (98, 172) delta(pixel): 2
[2022-02-05 17:59:00] - [index:   9514] label: (147, 187) pred: (147, 189) delta(pixel): 2
[2022-02-05 17:59:00] - [index:   9515] label: (168, 202) pred: (168, 204) delta(pixel): 2
[2022-02-05 17:59:00] - [index:   9516] label: (123, 172) pred: (123, 174) delta(pixel): 2
[2022-02-05 17:59:00] - [index:   9517] label: (63, 110) pred: (62, 111) delta(pixel): 2
[2022-02-05 17:59:00] - [index:   9518] label: (99, 138) pred: (98, 140) delta(pixel): 1
[2022-02-05 17:59:00] - [index:   9519] label: (93, 150) pred: (91, 153) delta(pixel): 4
[2022-02-05 17:59:00] - [index:   9520] label: (123, 150) pred: (123, 151) delta(pixel): 1
[2022-02-05 17:59:00] - [index:   9521] label: (155, 201) pred: (155, 202) delta(pixel): 1
[2022-02-05 17:59:00] - [index:   9522] label: (120, 148) pred: (120, 149) delta(pixel): 1
[2022-02-05 17:59:00] - [index:   9523] label: (72, 111) pred: (71, 112) delta(pixel): 2
[2022-02-05 17:59:00] - [index:   9524] label: (112, 144) pred: (113, 146) delta(pixel): 2
[2022-02-05 17:59:00] - [index:   9525] label: (128, 157) pred: (129, 158) delta(pixel): 1
[2022-02-05 17:59:00] - [index:   9526] label: (99, 141) pred: (99, 143) delta(pixel): 1
[2022-02-05 17:59:00] - [index:   9527] label: (147, 189) pred: (148, 192) delta(pixel): 2
[2022-02-05 17:59:00] - [index:   9528] label: (107, 138) pred: (107, 139) delta(pixel): 1
[2022-02-05 17:59:00] - [index:   9529] label: (125, 152) pred: (125, 153) delta(pixel): 0
[2022-02-05 17:59:00] - [index:   9530] label: (99, 135) pred: (99, 137) delta(pixel): 1
[2022-02-05 17:59:00] - [index:   9531] label: (142, 184) pred: (141, 185) delta(pixel): 1
[2022-02-05 17:59:00] - [index:   9532] label: (102, 134) pred: (101, 136) delta(pixel): 2
[2022-02-05 17:59:00] - [index:   9533] label: (146, 176) pred: (147, 179) delta(pixel): 2
[2022-02-05 17:59:00] - [index:   9534] label: (88, 142) pred: (86, 143) delta(pixel): 2
[2022-02-05 17:59:00] - [index:   9535] label: (110, 142) pred: (110, 144) delta(pixel): 1
[2022-02-05 17:59:00] - [index:   9536] label: (128, 154) pred: (129, 155) delta(pixel): 1
[2022-02-05 17:59:00] - [index:   9537] label: (143, 171) pred: (143, 173) delta(pixel): 2
[2022-02-05 17:59:00] - [index:   9538] label: (117, 164) pred: (117, 166) delta(pixel): 1
[2022-02-05 17:59:00] - [index:   9539] label: (129, 176) pred: (128, 177) delta(pixel): 2
[2022-02-05 17:59:00] - [index:   9540] label: (112, 155) pred: (113, 158) delta(pixel): 2
[2022-02-05 17:59:00] - [index:   9541] label: (137, 165) pred: (138, 166) delta(pixel): 1
[2022-02-05 17:59:00] - [index:   9542] label: (82, 117) pred: (82, 118) delta(pixel): 1
[2022-02-05 17:59:00] - [index:   9543] label: (125, 154) pred: (124, 154) delta(pixel): 0
[2022-02-05 17:59:00] - [index:   9544] label: (92, 126) pred: (92, 128) delta(pixel): 2
[2022-02-05 17:59:00] - [index:   9545] label: (99, 132) pred: (99, 133) delta(pixel): 1
[2022-02-05 17:59:00] - [index:   9546] label: (178, 213) pred: (176, 210) delta(pixel): 5
[2022-02-05 17:59:00] - [index:   9547] label: (177, 213) pred: (175, 209) delta(pixel): 5
[2022-02-05 17:59:00] - [index:   9548] label: (110, 142) pred: (109, 144) delta(pixel): 2
[2022-02-05 17:59:00] - [index:   9549] label: (99, 146) pred: (98, 147) delta(pixel): 1
[2022-02-05 17:59:00] - [index:   9550] label: (140, 171) pred: (140, 173) delta(pixel): 1
[2022-02-05 17:59:00] - [index:   9551] label: (129, 167) pred: (128, 168) delta(pixel): 1
[2022-02-05 17:59:00] - [index:   9552] label: (142, 184) pred: (142, 186) delta(pixel): 2
[2022-02-05 17:59:00] - [index:   9553] label: (128, 155) pred: (129, 156) delta(pixel): 1
[2022-02-05 17:59:00] - [index:   9554] label: (158, 188) pred: (157, 191) delta(pixel): 3
[2022-02-05 17:59:00] - [index:   9555] label: (170, 203) pred: (170, 205) delta(pixel): 2
[2022-02-05 17:59:00] - [index:   9556] label: (112, 149) pred: (112, 152) delta(pixel): 2
[2022-02-05 17:59:00] - [index:   9557] label: (103, 162) pred: (102, 164) delta(pixel): 2
[2022-02-05 17:59:00] - [index:   9558] label: (110, 173) pred: (109, 174) delta(pixel): 2
[2022-02-05 17:59:00] - [index:   9559] label: (123, 170) pred: (123, 171) delta(pixel): 1
[2022-02-05 17:59:00] - [index:   9560] label: (133, 189) pred: (132, 190) delta(pixel): 2
[2022-02-05 17:59:00] - [index:   9561] label: (142, 182) pred: (141, 184) delta(pixel): 2
[2022-02-05 17:59:00] - [index:   9562] label: (143, 174) pred: (143, 176) delta(pixel): 2
[2022-02-05 17:59:00] - [index:   9563] label: (96, 130) pred: (95, 132) delta(pixel): 1
[2022-02-05 17:59:00] - [index:   9564] label: (174, 209) pred: (172, 209) delta(pixel): 1
[2022-02-05 17:59:00] - [index:   9565] label: (125, 151) pred: (125, 152) delta(pixel): 1
[2022-02-05 17:59:00] - [index:   9566] label: (135, 167) pred: (135, 169) delta(pixel): 1
[2022-02-05 17:59:00] - [index:   9567] label: (155, 185) pred: (155, 187) delta(pixel): 1
[2022-02-05 17:59:00] - [index:   9568] label: (163, 197) pred: (164, 199) delta(pixel): 2
[2022-02-05 17:59:00] - [index:   9569] label: (164, 196) pred: (165, 198) delta(pixel): 3
[2022-02-05 17:59:00] - [index:   9570] label: (97, 135) pred: (96, 137) delta(pixel): 2
[2022-02-05 17:59:00] - [index:   9571] label: (123, 174) pred: (123, 176) delta(pixel): 1
[2022-02-05 17:59:00] - [index:   9572] label: (116, 144) pred: (116, 146) delta(pixel): 1
[2022-02-05 17:59:00] - [index:   9573] label: (138, 176) pred: (137, 177) delta(pixel): 1
[2022-02-05 17:59:00] - [index:   9574] label: (116, 168) pred: (116, 170) delta(pixel): 2
[2022-02-05 17:59:00] - [index:   9575] label: (95, 133) pred: (94, 135) delta(pixel): 2
[2022-02-05 17:59:00] - [index:   9576] label: (94, 128) pred: (93, 130) delta(pixel): 2
[2022-02-05 17:59:00] - [index:   9577] label: (168, 202) pred: (168, 204) delta(pixel): 2
[2022-02-05 17:59:00] - [index:   9578] label: (145, 186) pred: (144, 187) delta(pixel): 2
[2022-02-05 17:59:00] - [index:   9579] label: (103, 140) pred: (102, 142) delta(pixel): 2
[2022-02-05 17:59:00] - [index:   9580] label: (92, 131) pred: (91, 132) delta(pixel): 2
[2022-02-05 17:59:00] - [index:   9581] label: (139, 165) pred: (139, 166) delta(pixel): 1
[2022-02-05 17:59:00] - [index:   9582] label: (128, 158) pred: (129, 159) delta(pixel): 1
[2022-02-05 17:59:00] - [index:   9583] label: (100, 132) pred: (100, 134) delta(pixel): 1
[2022-02-05 17:59:00] - [index:   9584] label: (87, 128) pred: (87, 131) delta(pixel): 2
[2022-02-05 17:59:00] - [index:   9585] label: (102, 156) pred: (101, 158) delta(pixel): 2
[2022-02-05 17:59:00] - [index:   9586] label: (172, 210) pred: (172, 210) delta(pixel): 1
[2022-02-05 17:59:00] - [index:   9587] label: (159, 198) pred: (160, 200) delta(pixel): 2
[2022-02-05 17:59:00] - [index:   9588] label: (153, 183) pred: (154, 185) delta(pixel): 3
[2022-02-05 17:59:00] - [index:   9589] label: (136, 165) pred: (137, 166) delta(pixel): 1
[2022-02-05 17:59:00] - [index:   9590] label: (151, 180) pred: (151, 182) delta(pixel): 2
[2022-02-05 17:59:00] - [index:   9591] label: (132, 183) pred: (132, 185) delta(pixel): 2
[2022-02-05 17:59:00] - [index:   9592] label: (104, 139) pred: (104, 141) delta(pixel): 2
[2022-02-05 17:59:00] - [index:   9593] label: (124, 165) pred: (124, 166) delta(pixel): 1
[2022-02-05 17:59:00] - [index:   9594] label: (141, 170) pred: (141, 171) delta(pixel): 1
[2022-02-05 17:59:00] - [index:   9595] label: (103, 173) pred: (103, 175) delta(pixel): 2
[2022-02-05 17:59:00] - [index:   9596] label: (119, 157) pred: (118, 157) delta(pixel): 1
[2022-02-05 17:59:00] - [index:   9597] label: (94, 156) pred: (93, 160) delta(pixel): 3
[2022-02-05 17:59:00] - [index:   9598] label: (169, 204) pred: (169, 206) delta(pixel): 1
[2022-02-05 17:59:00] - [index:   9599] label: (99, 138) pred: (98, 139) delta(pixel): 1
[2022-02-05 17:59:00] - [index:   9600] label: (172, 206) pred: (171, 208) delta(pixel): 2
[2022-02-05 17:59:00] - [index:   9601] label: (150, 180) pred: (150, 183) delta(pixel): 2
[2022-02-05 17:59:00] - [index:   9602] label: (126, 172) pred: (125, 173) delta(pixel): 2
[2022-02-05 17:59:00] - [index:   9603] label: (166, 199) pred: (166, 202) delta(pixel): 2
[2022-02-05 17:59:00] - [index:   9604] label: (145, 174) pred: (145, 175) delta(pixel): 1
[2022-02-05 17:59:00] - [index:   9605] label: (119, 158) pred: (118, 160) delta(pixel): 2
[2022-02-05 17:59:00] - [index:   9606] label: (162, 204) pred: (162, 205) delta(pixel): 0
[2022-02-05 17:59:00] - [index:   9607] label: (90, 131) pred: (91, 132) delta(pixel): 1
[2022-02-05 17:59:00] - [index:   9608] label: (94, 133) pred: (93, 135) delta(pixel): 2
[2022-02-05 17:59:00] - [index:   9609] label: (103, 155) pred: (102, 156) delta(pixel): 2
[2022-02-05 17:59:00] - [index:   9610] label: (139, 178) pred: (139, 180) delta(pixel): 1
[2022-02-05 17:59:00] - [index:   9611] label: (130, 156) pred: (130, 157) delta(pixel): 1
[2022-02-05 17:59:00] - [index:   9612] label: (137, 164) pred: (137, 166) delta(pixel): 1
[2022-02-05 17:59:00] - [index:   9613] label: (88, 124) pred: (89, 126) delta(pixel): 3
[2022-02-05 17:59:00] - [index:   9614] label: (160, 201) pred: (160, 203) delta(pixel): 1
[2022-02-05 17:59:00] - [index:   9615] label: (126, 161) pred: (126, 161) delta(pixel): 0
[2022-02-05 17:59:00] - [index:   9616] label: (110, 160) pred: (110, 161) delta(pixel): 2
[2022-02-05 17:59:00] - [index:   9617] label: (141, 188) pred: (140, 189) delta(pixel): 2
[2022-02-05 17:59:00] - [index:   9618] label: (155, 188) pred: (156, 190) delta(pixel): 2
[2022-02-05 17:59:00] - [index:   9619] label: (143, 186) pred: (142, 188) delta(pixel): 2
[2022-02-05 17:59:00] - [index:   9620] label: (101, 141) pred: (100, 143) delta(pixel): 2
[2022-02-05 17:59:00] - [index:   9621] label: (129, 168) pred: (128, 169) delta(pixel): 1
[2022-02-05 17:59:00] - [index:   9622] label: (130, 157) pred: (130, 158) delta(pixel): 0
[2022-02-05 17:59:00] - [index:   9623] label: (161, 199) pred: (161, 201) delta(pixel): 2
[2022-02-05 17:59:00] - [index:   9624] label: (77, 128) pred: (75, 130) delta(pixel): 3
[2022-02-05 17:59:00] - [index:   9625] label: (132, 161) pred: (132, 162) delta(pixel): 1
[2022-02-05 17:59:00] - [index:   9626] label: (153, 195) pred: (152, 196) delta(pixel): 1
[2022-02-05 17:59:00] - [index:   9627] label: (124, 161) pred: (124, 162) delta(pixel): 1
[2022-02-05 17:59:00] - [index:   9628] label: (112, 149) pred: (112, 151) delta(pixel): 2
[2022-02-05 17:59:00] - [index:   9629] label: (148, 183) pred: (149, 185) delta(pixel): 1
[2022-02-05 17:59:00] - [index:   9630] label: (133, 170) pred: (133, 171) delta(pixel): 1
[2022-02-05 17:59:00] - [index:   9631] label: (110, 142) pred: (110, 144) delta(pixel): 1
[2022-02-05 17:59:00] - [index:   9632] label: (156, 187) pred: (156, 189) delta(pixel): 2
[2022-02-05 17:59:00] - [index:   9633] label: (115, 145) pred: (115, 146) delta(pixel): 1
[2022-02-05 17:59:00] - [index:   9634] label: (151, 182) pred: (151, 184) delta(pixel): 2
[2022-02-05 17:59:00] - [index:   9635] label: (130, 157) pred: (130, 158) delta(pixel): 1
[2022-02-05 17:59:00] - [index:   9636] label: (88, 122) pred: (89, 124) delta(pixel): 3
[2022-02-05 17:59:00] - [index:   9637] label: (130, 157) pred: (131, 159) delta(pixel): 2
[2022-02-05 17:59:00] - [index:   9638] label: (65, 109) pred: (63, 110) delta(pixel): 2
[2022-02-05 17:59:00] - [index:   9639] label: (123, 174) pred: (123, 177) delta(pixel): 2
[2022-02-05 17:59:00] - [index:   9640] label: (126, 172) pred: (125, 174) delta(pixel): 2
[2022-02-05 17:59:00] - [index:   9641] label: (141, 188) pred: (140, 190) delta(pixel): 3
[2022-02-05 17:59:00] - [index:   9642] label: (66, 111) pred: (65, 112) delta(pixel): 2
[2022-02-05 17:59:00] - [index:   9643] label: (119, 158) pred: (118, 159) delta(pixel): 1
[2022-02-05 17:59:00] - [index:   9644] label: (149, 181) pred: (149, 183) delta(pixel): 1
[2022-02-05 17:59:00] - [index:   9645] label: (79, 115) pred: (79, 116) delta(pixel): 1
[2022-02-05 17:59:00] - [index:   9646] label: (166, 204) pred: (165, 205) delta(pixel): 0
[2022-02-05 17:59:00] - [index:   9647] label: (84, 121) pred: (83, 123) delta(pixel): 2
[2022-02-05 17:59:00] - [index:   9648] label: (120, 154) pred: (120, 156) delta(pixel): 1
[2022-02-05 17:59:00] - [index:   9649] label: (97, 161) pred: (96, 164) delta(pixel): 3
[2022-02-05 17:59:00] - [index:   9650] label: (98, 170) pred: (97, 172) delta(pixel): 2
[2022-02-05 17:59:00] - [index:   9651] label: (146, 175) pred: (147, 177) delta(pixel): 2
[2022-02-05 17:59:00] - [index:   9652] label: (110, 139) pred: (110, 141) delta(pixel): 1
[2022-02-05 17:59:00] - [index:   9653] label: (163, 199) pred: (164, 201) delta(pixel): 2
[2022-02-05 17:59:00] - [index:   9654] label: (105, 152) pred: (105, 154) delta(pixel): 1
[2022-02-05 17:59:00] - [index:   9655] label: (93, 130) pred: (93, 132) delta(pixel): 1
[2022-02-05 17:59:00] - [index:   9656] label: (92, 133) pred: (91, 135) delta(pixel): 2
[2022-02-05 17:59:00] - [index:   9657] label: (124, 162) pred: (123, 163) delta(pixel): 1
[2022-02-05 17:59:00] - [index:   9658] label: (138, 176) pred: (138, 177) delta(pixel): 0
[2022-02-05 17:59:00] - [index:   9659] label: (94, 133) pred: (93, 135) delta(pixel): 3
[2022-02-05 17:59:00] - [index:   9660] label: (100, 167) pred: (99, 170) delta(pixel): 4
[2022-02-05 17:59:00] - [index:   9661] label: (105, 142) pred: (104, 143) delta(pixel): 2
[2022-02-05 17:59:00] - [index:   9662] label: (153, 188) pred: (154, 190) delta(pixel): 2
[2022-02-05 17:59:00] - [index:   9663] label: (87, 123) pred: (86, 125) delta(pixel): 2
[2022-02-05 17:59:00] - [index:   9664] label: (151, 190) pred: (151, 190) delta(pixel): 0
[2022-02-05 17:59:00] - [index:   9665] label: (65, 105) pred: (63, 105) delta(pixel): 2
[2022-02-05 17:59:00] - [index:   9666] label: (111, 151) pred: (110, 153) delta(pixel): 2
[2022-02-05 17:59:00] - [index:   9667] label: (172, 206) pred: (170, 207) delta(pixel): 2
[2022-02-05 17:59:01] - [index:   9668] label: (137, 170) pred: (137, 171) delta(pixel): 1
[2022-02-05 17:59:01] - [index:   9669] label: (125, 151) pred: (125, 152) delta(pixel): 1
[2022-02-05 17:59:01] - [index:   9670] label: (109, 143) pred: (108, 145) delta(pixel): 2
[2022-02-05 17:59:01] - [index:   9671] label: (172, 208) pred: (171, 209) delta(pixel): 1
[2022-02-05 17:59:01] - [index:   9672] label: (139, 171) pred: (138, 173) delta(pixel): 2
[2022-02-05 17:59:01] - [index:   9673] label: (156, 187) pred: (156, 190) delta(pixel): 2
[2022-02-05 17:59:01] - [index:   9674] label: (166, 199) pred: (166, 202) delta(pixel): 3
[2022-02-05 17:59:01] - [index:   9675] label: (98, 147) pred: (97, 148) delta(pixel): 1
[2022-02-05 17:59:01] - [index:   9676] label: (125, 152) pred: (125, 153) delta(pixel): 0
[2022-02-05 17:59:01] - [index:   9677] label: (141, 169) pred: (141, 170) delta(pixel): 1
[2022-02-05 17:59:01] - [index:   9678] label: (103, 173) pred: (103, 175) delta(pixel): 2
[2022-02-05 17:59:01] - [index:   9679] label: (105, 147) pred: (104, 149) delta(pixel): 2
[2022-02-05 17:59:01] - [index:   9680] label: (61, 105) pred: (60, 106) delta(pixel): 1
[2022-02-05 17:59:01] - [index:   9681] label: (77, 125) pred: (76, 128) delta(pixel): 3
[2022-02-05 17:59:01] - [index:   9682] label: (152, 192) pred: (151, 194) delta(pixel): 2
[2022-02-05 17:59:01] - [index:   9683] label: (129, 172) pred: (129, 173) delta(pixel): 1
[2022-02-05 17:59:01] - [index:   9684] label: (80, 123) pred: (79, 123) delta(pixel): 1
[2022-02-05 17:59:01] - [index:   9685] label: (121, 160) pred: (121, 162) delta(pixel): 2
[2022-02-05 17:59:01] - [index:   9686] label: (140, 185) pred: (140, 187) delta(pixel): 2
[2022-02-05 17:59:01] - [index:   9687] label: (98, 147) pred: (97, 149) delta(pixel): 2
[2022-02-05 17:59:01] - [index:   9688] label: (79, 115) pred: (79, 116) delta(pixel): 2
[2022-02-05 17:59:01] - [index:   9689] label: (80, 123) pred: (79, 124) delta(pixel): 1
[2022-02-05 17:59:01] - [index:   9690] label: (98, 130) pred: (99, 132) delta(pixel): 1
[2022-02-05 17:59:01] - [index:   9691] label: (70, 116) pred: (68, 118) delta(pixel): 3
[2022-02-05 17:59:01] - [index:   9692] label: (125, 153) pred: (125, 154) delta(pixel): 0
[2022-02-05 17:59:01] - [index:   9693] label: (117, 147) pred: (117, 148) delta(pixel): 1
[2022-02-05 17:59:01] - [index:   9694] label: (127, 158) pred: (127, 159) delta(pixel): 1
[2022-02-05 17:59:01] - [index:   9695] label: (137, 163) pred: (136, 164) delta(pixel): 1
[2022-02-05 17:59:01] - [index:   9696] label: (129, 161) pred: (128, 161) delta(pixel): 0
[2022-02-05 17:59:01] - [index:   9697] label: (138, 167) pred: (138, 169) delta(pixel): 1
[2022-02-05 17:59:01] - [index:   9698] label: (90, 126) pred: (89, 127) delta(pixel): 1
[2022-02-05 17:59:01] - [index:   9699] label: (119, 172) pred: (119, 174) delta(pixel): 2
[2022-02-05 17:59:01] - [index:   9700] label: (58, 101) pred: (58, 102) delta(pixel): 1
[2022-02-05 17:59:01] - [index:   9701] label: (80, 123) pred: (79, 123) delta(pixel): 1
[2022-02-05 17:59:01] - [index:   9702] label: (148, 197) pred: (147, 199) delta(pixel): 2
[2022-02-05 17:59:01] - [index:   9703] label: (146, 180) pred: (146, 182) delta(pixel): 1
[2022-02-05 17:59:01] - [index:   9704] label: (113, 178) pred: (113, 180) delta(pixel): 1
[2022-02-05 17:59:01] - [index:   9705] label: (85, 126) pred: (84, 127) delta(pixel): 2
[2022-02-05 17:59:01] - [index:   9706] label: (116, 148) pred: (115, 149) delta(pixel): 1
[2022-02-05 17:59:01] - [index:   9707] label: (121, 163) pred: (121, 164) delta(pixel): 1
[2022-02-05 17:59:01] - [index:   9708] label: (113, 148) pred: (112, 149) delta(pixel): 2
[2022-02-05 17:59:01] - [index:   9709] label: (138, 186) pred: (138, 188) delta(pixel): 2
[2022-02-05 17:59:01] - [index:   9710] label: (170, 205) pred: (170, 207) delta(pixel): 1
[2022-02-05 17:59:01] - [index:   9711] label: (134, 165) pred: (134, 167) delta(pixel): 1
[2022-02-05 17:59:01] - [index:   9712] label: (82, 117) pred: (82, 118) delta(pixel): 1
[2022-02-05 17:59:01] - [index:   9713] label: (71, 114) pred: (69, 115) delta(pixel): 2
[2022-02-05 17:59:01] - [index:   9714] label: (135, 161) pred: (135, 162) delta(pixel): 1
[2022-02-05 17:59:01] - [index:   9715] label: (130, 156) pred: (130, 157) delta(pixel): 1
[2022-02-05 17:59:01] - [index:   9716] label: (130, 155) pred: (130, 157) delta(pixel): 2
[2022-02-05 17:59:01] - [index:   9717] label: (76, 114) pred: (74, 115) delta(pixel): 2
[2022-02-05 17:59:01] - [index:   9718] label: (133, 166) pred: (133, 167) delta(pixel): 1
[2022-02-05 17:59:01] - [index:   9719] label: (101, 134) pred: (101, 136) delta(pixel): 1
[2022-02-05 17:59:01] - [index:   9720] label: (127, 156) pred: (127, 158) delta(pixel): 1
[2022-02-05 17:59:01] - [index:   9721] label: (161, 199) pred: (161, 201) delta(pixel): 2
[2022-02-05 17:59:01] - [index:   9722] label: (116, 149) pred: (116, 150) delta(pixel): 1
[2022-02-05 17:59:01] - [index:   9723] label: (170, 203) pred: (170, 205) delta(pixel): 2
[2022-02-05 17:59:01] - [index:   9724] label: (144, 172) pred: (144, 173) delta(pixel): 1
[2022-02-05 17:59:01] - [index:   9725] label: (128, 155) pred: (129, 156) delta(pixel): 1
[2022-02-05 17:59:01] - [index:   9726] label: (98, 130) pred: (98, 132) delta(pixel): 2
[2022-02-05 17:59:01] - [index:   9727] label: (92, 131) pred: (91, 132) delta(pixel): 1
[2022-02-05 17:59:01] - [index:   9728] label: (62, 108) pred: (61, 108) delta(pixel): 2
[2022-02-05 17:59:01] - [index:   9729] label: (135, 162) pred: (136, 164) delta(pixel): 2
[2022-02-05 17:59:01] - [index:   9730] label: (81, 132) pred: (80, 133) delta(pixel): 2
[2022-02-05 17:59:01] - [index:   9731] label: (113, 143) pred: (113, 145) delta(pixel): 2
[2022-02-05 17:59:01] - [index:   9732] label: (131, 166) pred: (130, 166) delta(pixel): 1
[2022-02-05 17:59:01] - [index:   9733] label: (170, 205) pred: (170, 207) delta(pixel): 2
[2022-02-05 17:59:01] - [index:   9734] label: (98, 135) pred: (97, 137) delta(pixel): 2
[2022-02-05 17:59:01] - [index:   9735] label: (132, 157) pred: (132, 158) delta(pixel): 1
[2022-02-05 17:59:01] - [index:   9736] label: (104, 143) pred: (104, 145) delta(pixel): 2
[2022-02-05 17:59:01] - [index:   9737] label: (129, 176) pred: (129, 178) delta(pixel): 2
[2022-02-05 17:59:01] - [index:   9738] label: (135, 161) pred: (135, 162) delta(pixel): 0
[2022-02-05 17:59:01] - [index:   9739] label: (85, 126) pred: (85, 127) delta(pixel): 2
[2022-02-05 17:59:01] - [index:   9740] label: (135, 170) pred: (135, 172) delta(pixel): 2
[2022-02-05 17:59:01] - [index:   9741] label: (157, 189) pred: (157, 192) delta(pixel): 3
[2022-02-05 17:59:01] - [index:   9742] label: (112, 145) pred: (113, 147) delta(pixel): 3
[2022-02-05 17:59:01] - [index:   9743] label: (128, 159) pred: (129, 160) delta(pixel): 2
[2022-02-05 17:59:01] - [index:   9744] label: (57, 99) pred: (57, 101) delta(pixel): 2
[2022-02-05 17:59:01] - [index:   9745] label: (115, 150) pred: (115, 152) delta(pixel): 2
[2022-02-05 17:59:01] - [index:   9746] label: (126, 161) pred: (126, 163) delta(pixel): 1
[2022-02-05 17:59:01] - [index:   9747] label: (143, 172) pred: (143, 174) delta(pixel): 1
[2022-02-05 17:59:01] - [index:   9748] label: (126, 174) pred: (125, 175) delta(pixel): 2
[2022-02-05 17:59:01] - [index:   9749] label: (121, 148) pred: (122, 150) delta(pixel): 2
[2022-02-05 17:59:01] - [index:   9750] label: (93, 128) pred: (92, 129) delta(pixel): 2
[2022-02-05 17:59:01] - [index:   9751] label: (141, 188) pred: (140, 190) delta(pixel): 3
[2022-02-05 17:59:01] - [index:   9752] label: (132, 174) pred: (131, 175) delta(pixel): 1
[2022-02-05 17:59:01] - [index:   9753] label: (120, 155) pred: (120, 157) delta(pixel): 2
[2022-02-05 17:59:01] - [index:   9754] label: (99, 141) pred: (99, 143) delta(pixel): 1
[2022-02-05 17:59:01] - [index:   9755] label: (138, 183) pred: (137, 186) delta(pixel): 2
[2022-02-05 17:59:01] - [index:   9756] label: (133, 170) pred: (133, 172) delta(pixel): 1
[2022-02-05 17:59:01] - [index:   9757] label: (142, 176) pred: (142, 177) delta(pixel): 1
[2022-02-05 17:59:01] - [index:   9758] label: (148, 181) pred: (148, 183) delta(pixel): 2
[2022-02-05 17:59:01] - [index:   9759] label: (114, 152) pred: (114, 154) delta(pixel): 2
[2022-02-05 17:59:01] - [index:   9760] label: (125, 152) pred: (125, 153) delta(pixel): 0
[2022-02-05 17:59:01] - [index:   9761] label: (100, 135) pred: (100, 136) delta(pixel): 1
[2022-02-05 17:59:01] - [index:   9762] label: (129, 170) pred: (128, 171) delta(pixel): 1
[2022-02-05 17:59:01] - [index:   9763] label: (123, 174) pred: (123, 176) delta(pixel): 2
[2022-02-05 17:59:01] - [index:   9764] label: (97, 139) pred: (97, 140) delta(pixel): 1
[2022-02-05 17:59:01] - [index:   9765] label: (139, 168) pred: (139, 168) delta(pixel): 0
[2022-02-05 17:59:01] - [index:   9766] label: (137, 171) pred: (136, 172) delta(pixel): 1
[2022-02-05 17:59:01] - [index:   9767] label: (157, 202) pred: (158, 203) delta(pixel): 0
[2022-02-05 17:59:01] - [index:   9768] label: (106, 159) pred: (106, 161) delta(pixel): 2
[2022-02-05 17:59:01] - [index:   9769] label: (160, 192) pred: (161, 195) delta(pixel): 4
[2022-02-05 17:59:01] - [index:   9770] label: (77, 128) pred: (75, 130) delta(pixel): 3
[2022-02-05 17:59:01] - [index:   9771] label: (98, 130) pred: (98, 132) delta(pixel): 1
[2022-02-05 17:59:01] - [index:   9772] label: (101, 145) pred: (99, 147) delta(pixel): 2
[2022-02-05 17:59:01] - [index:   9773] label: (114, 143) pred: (114, 145) delta(pixel): 2
[2022-02-05 17:59:01] - [index:   9774] label: (138, 170) pred: (138, 171) delta(pixel): 1
[2022-02-05 17:59:01] - [index:   9775] label: (123, 153) pred: (123, 155) delta(pixel): 1
[2022-02-05 17:59:01] - [index:   9776] label: (88, 138) pred: (87, 140) delta(pixel): 2
[2022-02-05 17:59:01] - [index:   9777] label: (137, 181) pred: (136, 182) delta(pixel): 2
[2022-02-05 17:59:01] - [index:   9778] label: (135, 179) pred: (134, 181) delta(pixel): 2
[2022-02-05 17:59:01] - [index:   9779] label: (168, 200) pred: (168, 202) delta(pixel): 2
[2022-02-05 17:59:01] - [index:   9780] label: (114, 162) pred: (114, 164) delta(pixel): 1
[2022-02-05 17:59:01] - [index:   9781] label: (154, 193) pred: (155, 195) delta(pixel): 2
[2022-02-05 17:59:01] - [index:   9782] label: (104, 139) pred: (104, 141) delta(pixel): 2
[2022-02-05 17:59:01] - [index:   9783] label: (151, 181) pred: (152, 183) delta(pixel): 2
[2022-02-05 17:59:01] - [index:   9784] label: (132, 163) pred: (132, 164) delta(pixel): 0
[2022-02-05 17:59:01] - [index:   9785] label: (115, 170) pred: (116, 171) delta(pixel): 1
[2022-02-05 17:59:01] - [index:   9786] label: (103, 149) pred: (103, 150) delta(pixel): 1
[2022-02-05 17:59:01] - [index:   9787] label: (163, 197) pred: (164, 200) delta(pixel): 3
[2022-02-05 17:59:01] - [index:   9788] label: (93, 136) pred: (92, 138) delta(pixel): 2
[2022-02-05 17:59:01] - [index:   9789] label: (80, 120) pred: (80, 121) delta(pixel): 1
[2022-02-05 17:59:01] - [index:   9790] label: (121, 150) pred: (122, 152) delta(pixel): 3
[2022-02-05 17:59:01] - [index:   9791] label: (151, 181) pred: (152, 184) delta(pixel): 3
[2022-02-05 17:59:01] - [index:   9792] label: (104, 136) pred: (105, 138) delta(pixel): 3
[2022-02-05 17:59:01] - [index:   9793] label: (94, 156) pred: (92, 158) delta(pixel): 2
[2022-02-05 17:59:01] - [index:   9794] label: (134, 177) pred: (133, 177) delta(pixel): 0
[2022-02-05 17:59:01] - [index:   9795] label: (151, 182) pred: (152, 183) delta(pixel): 2
[2022-02-05 17:59:01] - [index:   9796] label: (130, 159) pred: (131, 161) delta(pixel): 2
[2022-02-05 17:59:01] - [index:   9797] label: (66, 111) pred: (64, 112) delta(pixel): 2
[2022-02-05 17:59:01] - [index:   9798] label: (143, 174) pred: (144, 175) delta(pixel): 2
[2022-02-05 17:59:01] - [index:   9799] label: (97, 139) pred: (97, 140) delta(pixel): 2
[2022-02-05 17:59:01] - [index:   9800] label: (146, 180) pred: (145, 182) delta(pixel): 2
[2022-02-05 17:59:01] - [index:   9801] label: (163, 194) pred: (163, 196) delta(pixel): 2
[2022-02-05 17:59:01] - [index:   9802] label: (95, 149) pred: (94, 151) delta(pixel): 2
[2022-02-05 17:59:01] - [index:   9803] label: (112, 145) pred: (112, 147) delta(pixel): 2
[2022-02-05 17:59:01] - [index:   9804] label: (147, 176) pred: (147, 178) delta(pixel): 1
[2022-02-05 17:59:01] - [index:   9805] label: (108, 156) pred: (107, 157) delta(pixel): 2
[2022-02-05 17:59:01] - [index:   9806] label: (68, 119) pred: (66, 120) delta(pixel): 3
[2022-02-05 17:59:01] - [index:   9807] label: (135, 179) pred: (134, 181) delta(pixel): 2
[2022-02-05 17:59:01] - [index:   9808] label: (127, 155) pred: (128, 156) delta(pixel): 2
[2022-02-05 17:59:01] - [index:   9809] label: (115, 145) pred: (115, 146) delta(pixel): 1
[2022-02-05 17:59:01] - [index:   9810] label: (132, 174) pred: (131, 175) delta(pixel): 1
[2022-02-05 17:59:01] - [index:   9811] label: (109, 143) pred: (109, 145) delta(pixel): 1
[2022-02-05 17:59:01] - [index:   9812] label: (100, 135) pred: (99, 136) delta(pixel): 1
[2022-02-05 17:59:01] - [index:   9813] label: (164, 196) pred: (164, 198) delta(pixel): 2
[2022-02-05 17:59:01] - [index:   9814] label: (138, 183) pred: (138, 186) delta(pixel): 2
[2022-02-05 17:59:01] - [index:   9815] label: (171, 207) pred: (170, 208) delta(pixel): 1
[2022-02-05 17:59:01] - [index:   9816] label: (100, 132) pred: (100, 133) delta(pixel): 1
[2022-02-05 17:59:01] - [index:   9817] label: (85, 123) pred: (84, 125) delta(pixel): 2
[2022-02-05 17:59:01] - [index:   9818] label: (145, 196) pred: (144, 196) delta(pixel): 2
[2022-02-05 17:59:01] - [index:   9819] label: (156, 191) pred: (156, 193) delta(pixel): 2
[2022-02-05 17:59:01] - [index:   9820] label: (132, 159) pred: (132, 160) delta(pixel): 1
[2022-02-05 17:59:01] - [index:   9821] label: (145, 188) pred: (145, 190) delta(pixel): 1
[2022-02-05 17:59:01] - [index:   9822] label: (120, 170) pred: (120, 172) delta(pixel): 2
[2022-02-05 17:59:01] - [index:   9823] label: (67, 116) pred: (65, 118) delta(pixel): 3
[2022-02-05 17:59:01] - [index:   9824] label: (68, 114) pred: (66, 114) delta(pixel): 2
[2022-02-05 17:59:01] - [index:   9825] label: (121, 160) pred: (121, 160) delta(pixel): 0
[2022-02-05 17:59:01] - [index:   9826] label: (79, 132) pred: (78, 134) delta(pixel): 2
[2022-02-05 17:59:01] - [index:   9827] label: (147, 180) pred: (147, 181) delta(pixel): 1
[2022-02-05 17:59:01] - [index:   9828] label: (126, 166) pred: (125, 168) delta(pixel): 1
[2022-02-05 17:59:01] - [index:   9829] label: (95, 149) pred: (93, 150) delta(pixel): 2
[2022-02-05 17:59:01] - [index:   9830] label: (133, 189) pred: (132, 191) delta(pixel): 2
[2022-02-05 17:59:01] - [index:   9831] label: (121, 164) pred: (121, 166) delta(pixel): 1
[2022-02-05 17:59:01] - [index:   9832] label: (175, 210) pred: (174, 209) delta(pixel): 2
[2022-02-05 17:59:01] - [index:   9833] label: (152, 192) pred: (151, 193) delta(pixel): 1
[2022-02-05 17:59:01] - [index:   9834] label: (125, 152) pred: (125, 153) delta(pixel): 0
[2022-02-05 17:59:01] - [index:   9835] label: (159, 197) pred: (160, 199) delta(pixel): 2
[2022-02-05 17:59:01] - [index:   9836] label: (114, 153) pred: (114, 154) delta(pixel): 1
[2022-02-05 17:59:01] - [index:   9837] label: (96, 155) pred: (94, 156) delta(pixel): 2
[2022-02-05 17:59:01] - [index:   9838] label: (87, 126) pred: (87, 128) delta(pixel): 2
[2022-02-05 17:59:01] - [index:   9839] label: (166, 204) pred: (165, 206) delta(pixel): 2
[2022-02-05 17:59:01] - [index:   9840] label: (125, 154) pred: (124, 154) delta(pixel): 0
[2022-02-05 17:59:01] - [index:   9841] label: (120, 168) pred: (120, 170) delta(pixel): 2
[2022-02-05 17:59:01] - [index:   9842] label: (103, 149) pred: (103, 150) delta(pixel): 1
[2022-02-05 17:59:02] - [index:   9843] label: (121, 148) pred: (122, 150) delta(pixel): 2
[2022-02-05 17:59:02] - [index:   9844] label: (86, 143) pred: (84, 145) delta(pixel): 3
[2022-02-05 17:59:02] - [index:   9845] label: (166, 199) pred: (165, 202) delta(pixel): 3
[2022-02-05 17:59:02] - [index:   9846] label: (140, 183) pred: (139, 184) delta(pixel): 2
[2022-02-05 17:59:02] - [index:   9847] label: (87, 126) pred: (87, 127) delta(pixel): 1
[2022-02-05 17:59:02] - [index:   9848] label: (151, 182) pred: (151, 184) delta(pixel): 3
[2022-02-05 17:59:02] - [index:   9849] label: (95, 133) pred: (95, 135) delta(pixel): 2
[2022-02-05 17:59:02] - [index:   9850] label: (117, 148) pred: (117, 149) delta(pixel): 1
[2022-02-05 17:59:02] - [index:   9851] label: (131, 163) pred: (130, 164) delta(pixel): 1
[2022-02-05 17:59:02] - [index:   9852] label: (164, 203) pred: (164, 205) delta(pixel): 1
[2022-02-05 17:59:02] - [index:   9853] label: (77, 116) pred: (76, 117) delta(pixel): 3
[2022-02-05 17:59:02] - [index:   9854] label: (117, 153) pred: (117, 154) delta(pixel): 1
[2022-02-05 17:59:02] - [index:   9855] label: (88, 126) pred: (88, 128) delta(pixel): 2
[2022-02-05 17:59:02] - [index:   9856] label: (101, 132) pred: (100, 133) delta(pixel): 1
[2022-02-05 17:59:02] - [index:   9857] label: (151, 184) pred: (153, 185) delta(pixel): 3
[2022-02-05 17:59:02] - [index:   9858] label: (71, 114) pred: (69, 115) delta(pixel): 2
[2022-02-05 17:59:02] - [index:   9859] label: (72, 111) pred: (71, 112) delta(pixel): 2
[2022-02-05 17:59:02] - [index:   9860] label: (120, 153) pred: (120, 154) delta(pixel): 1
[2022-02-05 17:59:02] - [index:   9861] label: (132, 175) pred: (131, 177) delta(pixel): 2
[2022-02-05 17:59:02] - [index:   9862] label: (99, 138) pred: (99, 139) delta(pixel): 1
[2022-02-05 17:59:02] - [index:   9863] label: (135, 161) pred: (136, 163) delta(pixel): 2
[2022-02-05 17:59:02] - [index:   9864] label: (129, 178) pred: (129, 180) delta(pixel): 2
[2022-02-05 17:59:02] - [index:   9865] label: (72, 111) pred: (71, 112) delta(pixel): 2
[2022-02-05 17:59:02] - [index:   9866] label: (121, 150) pred: (121, 151) delta(pixel): 1
[2022-02-05 17:59:02] - [index:   9867] label: (160, 203) pred: (160, 204) delta(pixel): 1
[2022-02-05 17:59:02] - [index:   9868] label: (136, 175) pred: (135, 175) delta(pixel): 1
[2022-02-05 17:59:02] - [index:   9869] label: (110, 160) pred: (110, 161) delta(pixel): 2
[2022-02-05 17:59:02] - [index:   9870] label: (127, 152) pred: (128, 154) delta(pixel): 2
[2022-02-05 17:59:02] - [index:   9871] label: (163, 194) pred: (164, 197) delta(pixel): 3
[2022-02-05 17:59:02] - [index:   9872] label: (141, 169) pred: (140, 169) delta(pixel): 1
[2022-02-05 17:59:02] - [index:   9873] label: (134, 177) pred: (134, 178) delta(pixel): 1
[2022-02-05 17:59:02] - [index:   9874] label: (164, 203) pred: (164, 205) delta(pixel): 1
[2022-02-05 17:59:02] - [index:   9875] label: (140, 174) pred: (139, 175) delta(pixel): 1
[2022-02-05 17:59:02] - [index:   9876] label: (95, 140) pred: (95, 142) delta(pixel): 2
[2022-02-05 17:59:02] - [index:   9877] label: (100, 151) pred: (99, 152) delta(pixel): 2
[2022-02-05 17:59:02] - [index:   9878] label: (91, 134) pred: (90, 135) delta(pixel): 1
[2022-02-05 17:59:02] - [index:   9879] label: (104, 143) pred: (103, 146) delta(pixel): 2
[2022-02-05 17:59:02] - [index:   9880] label: (90, 131) pred: (90, 132) delta(pixel): 1
[2022-02-05 17:59:02] - [index:   9881] label: (120, 154) pred: (120, 156) delta(pixel): 2
[2022-02-05 17:59:02] - [index:   9882] label: (126, 164) pred: (126, 165) delta(pixel): 1
[2022-02-05 17:59:02] - [index:   9883] label: (106, 159) pred: (106, 160) delta(pixel): 1
[2022-02-05 17:59:02] - [index:   9884] label: (128, 159) pred: (129, 160) delta(pixel): 2
[2022-02-05 17:59:02] - [index:   9885] label: (106, 146) pred: (106, 147) delta(pixel): 1
[2022-02-05 17:59:02] - [index:   9886] label: (111, 167) pred: (111, 170) delta(pixel): 2
[2022-02-05 17:59:02] - [index:   9887] label: (98, 130) pred: (98, 132) delta(pixel): 2
[2022-02-05 17:59:02] - [index:   9888] label: (142, 173) pred: (142, 174) delta(pixel): 1
[2022-02-05 17:59:02] - [index:   9889] label: (119, 149) pred: (119, 150) delta(pixel): 1
[2022-02-05 17:59:02] - [index:   9890] label: (123, 166) pred: (122, 166) delta(pixel): 1
[2022-02-05 17:59:02] - [index:   9891] label: (76, 118) pred: (75, 119) delta(pixel): 3
[2022-02-05 17:59:02] - [index:   9892] label: (130, 161) pred: (131, 163) delta(pixel): 2
[2022-02-05 17:59:02] - [index:   9893] label: (137, 177) pred: (136, 178) delta(pixel): 1
[2022-02-05 17:59:02] - [index:   9894] label: (141, 180) pred: (141, 181) delta(pixel): 1
[2022-02-05 17:59:02] - [index:   9895] label: (110, 147) pred: (110, 149) delta(pixel): 2
[2022-02-05 17:59:02] - [index:   9896] label: (147, 184) pred: (147, 186) delta(pixel): 1
[2022-02-05 17:59:02] - [index:   9897] label: (149, 185) pred: (149, 187) delta(pixel): 1
[2022-02-05 17:59:02] - [index:   9898] label: (127, 158) pred: (127, 159) delta(pixel): 1
[2022-02-05 17:59:02] - [index:   9899] label: (145, 183) pred: (145, 184) delta(pixel): 1
[2022-02-05 17:59:02] - [index:   9900] label: (102, 140) pred: (101, 142) delta(pixel): 2
[2022-02-05 17:59:02] - [index:   9901] label: (175, 212) pred: (174, 208) delta(pixel): 4
[2022-02-05 17:59:02] - [index:   9902] label: (62, 104) pred: (61, 105) delta(pixel): 2
[2022-02-05 17:59:02] - [index:   9903] label: (121, 164) pred: (120, 166) delta(pixel): 1
[2022-02-05 17:59:02] - [index:   9904] label: (158, 194) pred: (160, 197) delta(pixel): 3
[2022-02-05 17:59:02] - [index:   9905] label: (117, 162) pred: (117, 163) delta(pixel): 1
[2022-02-05 17:59:02] - [index:   9906] label: (74, 119) pred: (72, 121) delta(pixel): 3
[2022-02-05 17:59:02] - [index:   9907] label: (128, 155) pred: (129, 157) delta(pixel): 1
[2022-02-05 17:59:02] - [index:   9908] label: (136, 191) pred: (135, 193) delta(pixel): 2
[2022-02-05 17:59:02] - [index:   9909] label: (164, 201) pred: (165, 203) delta(pixel): 2
[2022-02-05 17:59:02] - [index:   9910] label: (110, 152) pred: (110, 154) delta(pixel): 2
[2022-02-05 17:59:02] - [index:   9911] label: (153, 195) pred: (152, 196) delta(pixel): 1
[2022-02-05 17:59:02] - [index:   9912] label: (131, 170) pred: (131, 171) delta(pixel): 1
[2022-02-05 17:59:02] - [index:   9913] label: (132, 178) pred: (131, 179) delta(pixel): 1
[2022-02-05 17:59:02] - [index:   9914] label: (137, 181) pred: (137, 183) delta(pixel): 2
[2022-02-05 17:59:02] - [index:   9915] label: (126, 161) pred: (126, 162) delta(pixel): 1
[2022-02-05 17:59:02] - [index:   9916] label: (85, 123) pred: (85, 125) delta(pixel): 2
[2022-02-05 17:59:02] - [index:   9917] label: (129, 161) pred: (129, 163) delta(pixel): 2
[2022-02-05 17:59:02] - [index:   9918] label: (59, 98) pred: (59, 100) delta(pixel): 2
[2022-02-05 17:59:02] - [index:   9919] label: (98, 132) pred: (97, 134) delta(pixel): 2
[2022-02-05 17:59:02] - [index:   9920] label: (87, 131) pred: (87, 133) delta(pixel): 2
[2022-02-05 17:59:02] - [index:   9921] label: (143, 171) pred: (143, 172) delta(pixel): 1
[2022-02-05 17:59:02] - [index:   9922] label: (157, 197) pred: (157, 198) delta(pixel): 1
[2022-02-05 17:59:02] - [index:   9923] label: (108, 144) pred: (108, 146) delta(pixel): 1
[2022-02-05 17:59:02] - [index:   9924] label: (99, 132) pred: (99, 134) delta(pixel): 1
[2022-02-05 17:59:02] - [index:   9925] label: (100, 132) pred: (100, 133) delta(pixel): 1
[2022-02-05 17:59:02] - [index:   9926] label: (85, 119) pred: (85, 121) delta(pixel): 2
[2022-02-05 17:59:02] - [index:   9927] label: (137, 164) pred: (137, 166) delta(pixel): 1
[2022-02-05 17:59:02] - [index:   9928] label: (104, 148) pred: (103, 150) delta(pixel): 2
[2022-02-05 17:59:02] - [index:   9929] label: (116, 157) pred: (116, 159) delta(pixel): 2
[2022-02-05 17:59:02] - [index:   9930] label: (84, 121) pred: (83, 122) delta(pixel): 1
[2022-02-05 17:59:02] - [index:   9931] label: (152, 186) pred: (152, 187) delta(pixel): 2
[2022-02-05 17:59:02] - [index:   9932] label: (135, 169) pred: (135, 170) delta(pixel): 1
[2022-02-05 17:59:02] - [index:   9933] label: (116, 150) pred: (115, 151) delta(pixel): 1
[2022-02-05 17:59:02] - [index:   9934] label: (145, 186) pred: (144, 187) delta(pixel): 2
[2022-02-05 17:59:02] - [index:   9935] label: (116, 157) pred: (116, 159) delta(pixel): 1
[2022-02-05 17:59:02] - [index:   9936] label: (175, 212) pred: (175, 209) delta(pixel): 3
[2022-02-05 17:59:02] - [index:   9937] label: (93, 140) pred: (92, 141) delta(pixel): 1
[2022-02-05 17:59:02] - [index:   9938] label: (108, 137) pred: (107, 138) delta(pixel): 1
[2022-02-05 17:59:02] - [index:   9939] label: (117, 154) pred: (116, 155) delta(pixel): 1
[2022-02-05 17:59:02] - [index:   9940] label: (159, 193) pred: (160, 196) delta(pixel): 4
[2022-02-05 17:59:02] - [index:   9941] label: (132, 158) pred: (132, 159) delta(pixel): 1
[2022-02-05 17:59:02] - [index:   9942] label: (136, 165) pred: (136, 166) delta(pixel): 1
[2022-02-05 17:59:02] - [index:   9943] label: (129, 165) pred: (128, 166) delta(pixel): 1
[2022-02-05 17:59:02] - [index:   9944] label: (85, 123) pred: (84, 125) delta(pixel): 2
[2022-02-05 17:59:02] - [index:   9945] label: (143, 181) pred: (142, 182) delta(pixel): 2
[2022-02-05 17:59:02] - [index:   9946] label: (78, 114) pred: (77, 117) delta(pixel): 3
[2022-02-05 17:59:02] - [index:   9947] label: (140, 171) pred: (140, 173) delta(pixel): 1
[2022-02-05 17:59:02] - [index:   9948] label: (116, 150) pred: (115, 150) delta(pixel): 1
[2022-02-05 17:59:02] - [index:   9949] label: (84, 123) pred: (82, 125) delta(pixel): 2
[2022-02-05 17:59:02] - [index:   9950] label: (132, 159) pred: (132, 161) delta(pixel): 1
[2022-02-05 17:59:02] - [index:   9951] label: (66, 104) pred: (65, 105) delta(pixel): 2
[2022-02-05 17:59:02] - [index:   9952] label: (66, 107) pred: (64, 108) delta(pixel): 2
[2022-02-05 17:59:02] - [index:   9953] label: (141, 188) pred: (140, 190) delta(pixel): 2
[2022-02-05 17:59:02] - [index:   9954] label: (96, 148) pred: (96, 149) delta(pixel): 2
[2022-02-05 17:59:02] - [index:   9955] label: (94, 156) pred: (92, 158) delta(pixel): 3
[2022-02-05 17:59:02] - [index:   9956] label: (116, 155) pred: (116, 157) delta(pixel): 1
[2022-02-05 17:59:02] - [index:   9957] label: (127, 158) pred: (126, 159) delta(pixel): 1
[2022-02-05 17:59:02] - [index:   9958] label: (105, 147) pred: (105, 149) delta(pixel): 2
[2022-02-05 17:59:02] - [index:   9959] label: (73, 109) pred: (72, 111) delta(pixel): 2
[2022-02-05 17:59:02] - [index:   9960] label: (128, 158) pred: (129, 159) delta(pixel): 1
[2022-02-05 17:59:02] - [index:   9961] label: (111, 146) pred: (110, 148) delta(pixel): 2
[2022-02-05 17:59:02] - [index:   9962] label: (87, 121) pred: (87, 124) delta(pixel): 3
[2022-02-05 17:59:02] - [index:   9963] label: (128, 161) pred: (129, 163) delta(pixel): 1
[2022-02-05 17:59:02] - [index:   9964] label: (120, 152) pred: (120, 154) delta(pixel): 1
[2022-02-05 17:59:02] - [index:   9965] label: (160, 192) pred: (161, 195) delta(pixel): 3
[2022-02-05 17:59:02] - [index:   9966] label: (153, 195) pred: (152, 196) delta(pixel): 1
[2022-02-05 17:59:02] - [index:   9967] label: (132, 163) pred: (132, 165) delta(pixel): 1
[2022-02-05 17:59:02] - [index:   9968] label: (73, 122) pred: (72, 124) delta(pixel): 3
[2022-02-05 17:59:02] - [index:   9969] label: (135, 167) pred: (135, 168) delta(pixel): 1
[2022-02-05 17:59:02] - [index:   9970] label: (150, 187) pred: (151, 190) delta(pixel): 3
[2022-02-05 17:59:02] - [index:   9971] label: (137, 164) pred: (137, 166) delta(pixel): 2
[2022-02-05 17:59:02] - [index:   9972] label: (85, 126) pred: (84, 128) delta(pixel): 2
[2022-02-05 17:59:02] - [index:   9973] label: (121, 163) pred: (121, 164) delta(pixel): 1
[2022-02-05 17:59:02] - [index:   9974] label: (134, 177) pred: (134, 178) delta(pixel): 1
[2022-02-05 17:59:02] - [index:   9975] label: (90, 128) pred: (90, 129) delta(pixel): 1
[2022-02-05 17:59:02] - [index:   9976] label: (121, 164) pred: (120, 165) delta(pixel): 1
[2022-02-05 17:59:02] - [index:   9977] label: (147, 194) pred: (146, 195) delta(pixel): 1
[2022-02-05 17:59:02] - [index:   9978] label: (83, 125) pred: (82, 127) delta(pixel): 2
[2022-02-05 17:59:02] - [index:   9979] label: (103, 162) pred: (103, 165) delta(pixel): 2
[2022-02-05 17:59:02] - [index:   9980] label: (172, 208) pred: (171, 209) delta(pixel): 1
[2022-02-05 17:59:02] - [index:   9981] label: (136, 175) pred: (135, 176) delta(pixel): 2
[2022-02-05 17:59:02] - [index:   9982] label: (116, 149) pred: (115, 150) delta(pixel): 1
[2022-02-05 17:59:02] - [index:   9983] label: (149, 188) pred: (149, 191) delta(pixel): 2
[2022-02-05 17:59:02] - [index:   9984] label: (69, 112) pred: (67, 113) delta(pixel): 2
[2022-02-05 17:59:02] - [index:   9985] label: (99, 138) pred: (98, 140) delta(pixel): 2
[2022-02-05 17:59:02] - [index:   9986] label: (139, 165) pred: (139, 167) delta(pixel): 1
[2022-02-05 17:59:02] - [index:   9987] label: (126, 179) pred: (125, 180) delta(pixel): 2
[2022-02-05 17:59:02] - [index:   9988] label: (110, 142) pred: (110, 144) delta(pixel): 1
[2022-02-05 17:59:02] - [index:   9989] label: (126, 168) pred: (125, 168) delta(pixel): 0
[2022-02-05 17:59:02] - [index:   9990] label: (115, 159) pred: (115, 160) delta(pixel): 1
[2022-02-05 17:59:02] - [index:   9991] label: (129, 168) pred: (128, 169) delta(pixel): 1
[2022-02-05 17:59:02] - [index:   9992] label: (126, 161) pred: (126, 162) delta(pixel): 1
[2022-02-05 17:59:02] - [index:   9993] label: (137, 181) pred: (137, 183) delta(pixel): 2
[2022-02-05 17:59:02] - [index:   9994] label: (90, 141) pred: (89, 143) delta(pixel): 2
[2022-02-05 17:59:02] - [index:   9995] label: (76, 132) pred: (74, 134) delta(pixel): 4
[2022-02-05 17:59:02] - [index:   9996] label: (118, 145) pred: (118, 147) delta(pixel): 1
[2022-02-05 17:59:02] - [index:   9997] label: (116, 156) pred: (115, 157) delta(pixel): 1
[2022-02-05 17:59:02] - [index:   9998] label: (69, 112) pred: (67, 113) delta(pixel): 2
[2022-02-05 17:59:02] - [index:   9999] label: (137, 179) pred: (137, 180) delta(pixel): 1
[2022-02-05 17:59:02] - [index:  10000] label: (109, 148) pred: (108, 150) delta(pixel): 2
average: 1.70, p75: 2, p90: 3, p95: 3, p99: 4

Process finished with exit code 0
